 SppConsole

 Timestamp is 4990929e (Mon Feb 09 22:31:26 2009)

 Preferred load address is 00400000

 Start         Length     Name                   Class
 0001:00000000 0001b4ccH .text                   CODE
 0001:0001b4d0 000009a5H .text$x                 CODE
 0001:0001be80 00000556H .text$yc                CODE
 0001:0001c3e0 000000dfH .text$yd                CODE
 0002:00000000 000008c0H .idata$5                DATA
 0002:000008c0 0000bff0H .rdata                  DATA
 0002:0000c8b0 00000053H .rdata$debug            DATA
 0002:0000c904 00000044H .rdata$r                DATA
 0002:0000c950 00000120H .rdata$sxdata           DATA
 0002:0000ca70 00000004H .rtc$IAA                DATA
 0002:0000ca74 00000004H .rtc$IMZ                DATA
 0002:0000ca78 00000004H .rtc$IZZ                DATA
 0002:0000ca7c 00000004H .rtc$TAA                DATA
 0002:0000ca80 00000004H .rtc$TMZ                DATA
 0002:0000ca84 00000004H .rtc$TZZ                DATA
 0002:0000ca88 00000c38H .xdata$x                DATA
 0002:0000d6c0 00000004H ATL$__a                 DATA
 0002:0000d6c4 00000004H ATL$__z                 DATA
 0002:0000d6c8 000000f0H .idata$2                DATA
 0002:0000d7b8 00000014H .idata$3                DATA
 0002:0000d7cc 000008c0H .idata$4                DATA
 0002:0000e08c 00000e6aH .idata$6                DATA
 0002:0000eef6 00000000H .edata                  DATA
 0003:00000000 00000004H .CRT$XCA                DATA
 0003:00000004 00000004H .CRT$XCAA               DATA
 0003:00000008 0000000cH .CRT$XCC                DATA
 0003:00000014 00000074H .CRT$XCL                DATA
 0003:00000088 00000008H .CRT$XCU                DATA
 0003:00000090 00000004H .CRT$XCZ                DATA
 0003:00000094 00000004H .CRT$XIA                DATA
 0003:00000098 00000004H .CRT$XIZ                DATA
 0003:000000a0 00000fc0H .data                   DATA
 0003:00001060 000002ccH .bss                    DATA
 0004:00000000 00000550H .rsrc$01                DATA
 0004:00000550 00002908H .rsrc$02                DATA

  Address         Publics by Value              Rva+Base     Lib:Object

 0000:00000000       __except_list              00000000     <absolute>
 0000:00000048       ___safe_se_handler_count   00000048     <absolute>
 0000:00009876       __fltused                  00009876     <absolute>
 0000:00009876       __ldused                   00009876     <absolute>
 0000:00000000       ___ImageBase               00400000     <linker-defined>
 0001:00000000       ??0CAboutDlg@@QAE@PAVCWnd@@@Z 00401000 f   AboutDlg.obj
 0001:00000070       ?DoDataExchange@CAboutDlg@@MAEXPAVCDataExchange@@@Z 00401070 f   AboutDlg.obj
 0001:00000090       ?GetThisMessageMap@CAboutDlg@@KGPBUAFX_MSGMAP@@XZ 00401090 f   AboutDlg.obj
 0001:000000a0       ?GetMessageMap@CAboutDlg@@MBEPBUAFX_MSGMAP@@XZ 004010a0 f   AboutDlg.obj
 0001:000000b0       ?OnInitDialog@CAboutDlg@@MAEHXZ 004010b0 f   AboutDlg.obj
 0001:000001e0       ??_ECAboutDlg@@UAEPAXI@Z   004011e0 f i AboutDlg.obj
 0001:000001e0       ??_GCAboutDlg@@UAEPAXI@Z   004011e0 f i AboutDlg.obj
 0001:00000210       ??1CAboutDlg@@UAE@XZ       00401210 f i AboutDlg.obj
 0001:00000260       ??1CStaticLink@@UAE@XZ     00401260 f i AboutDlg.obj
 0001:000002c0       ?_AtlGetThreadACPThunk@ATL@@YGIXZ 004012c0 f i AboutDlg.obj
 0001:00000340       ?InterlockedExchangePointer@@YGPAXPAPAXPAX@Z 00401340 f i AboutDlg.obj
 0001:00000360       ?_AtlGetThreadACPFake@ATL@@YGIXZ 00401360 f i AboutDlg.obj
 0001:000003f0       ?_AtlGetThreadACPReal@ATL@@YGIXZ 004013f0 f i AboutDlg.obj
 0001:00000400       ?isSpk@@YA_NI@Z            00401400 f   AudioInput.obj
 0001:00000430       ?GetLineControlByID@@YAIPAUHMIXEROBJ__@@KPAUtagMIXERCONTROLA@@@Z 00401430 f   AudioInput.obj
 0001:00000480       ?Mute@@YAIPAUHMIXER__@@I_N@Z 00401480 f   AudioInput.obj
 0001:00000550       ?GetMuteValue@@YA_NPAUHMIXER__@@IPA_N@Z 00401550 f   AudioInput.obj
 0001:00000620       ?GetSelSrcLineID@@YAJPAUHMIXER__@@I@Z 00401620 f   AudioInput.obj
 0001:00000810       ?SetControlDetailList@@YAIPAUHMIXER__@@PAUtMIXERCONTROLDETAILS_BOOLEAN@@KI@Z 00401810 f   AudioInput.obj
 0001:00000860       ?SetControlDetailList@@YAIPAUHMIXER__@@PAUtMIXERCONTROLDETAILS_UNSIGNED@@KI@Z 00401860 f   AudioInput.obj
 0001:000008b0       ?GetLineControlList@@YAIPAUHMIXEROBJ__@@KPAUtagMIXERCONTROLA@@PAH@Z 004018b0 f   AudioInput.obj
 0001:00000970       ?GetControlDetailList@@YAIPAUHMIXER__@@PAUtagMIXERCONTROLDETAILS_LISTTEXTA@@KI@Z 00401970 f   AudioInput.obj
 0001:000009c0       ?GetControlDetailList@@YAIPAUHMIXER__@@PAUtMIXERCONTROLDETAILS_BOOLEAN@@KI@Z 004019c0 f   AudioInput.obj
 0001:00000a10       ?GetVolumeValue@@YA_NPAUHMIXER__@@IPAJ@Z 00401a10 f   AudioInput.obj
 0001:00000b40       ?SetVolumeValue@@YAHPAUHMIXER__@@IJ@Z 00401b40 f   AudioInput.obj
 0001:00000c50       ??0CAudioInput@@QAE@PAUHWND__@@@Z 00401c50 f   AudioInput.obj
 0001:00000d80       ??1CAudioInput@@UAE@XZ     00401d80 f   AudioInput.obj
 0001:00000e40       ?GetCountMixerDevice@CAudioInput@@QAEHXZ 00401e40 f   AudioInput.obj
 0001:00000e60       ?GetMixerDeviceName@CAudioInput@@QAEPBDH@Z 00401e60 f   AudioInput.obj
 0001:00000ea0       ?GetMixerDeviceInputLineName@CAudioInput@@QAEPBDHH@Z 00401ea0 f   AudioInput.obj
 0001:00000ef0       ?GetMixerDevice@CAudioInput@@QAEPAVCMixerDevice@1@H@Z 00401ef0 f   AudioInput.obj
 0001:00000f30       ?Restore@CAudioInput@@QAEXXZ 00401f30 f   AudioInput.obj
 0001:00000f90       ?GetPreferredMixerDeviceIndex@CAudioInput@@QAEHXZ 00401f90 f   AudioInput.obj
 0001:00001090       ?GetMixerDeviceIndex@CAudioInput@@QAEHPAD@Z 00402090 f   AudioInput.obj
 0001:00001100       ?GetMixerDeviceID@CAudioInput@@QAEHPAD@Z 00402100 f   AudioInput.obj
 0001:00001180       ?SetCurrentMixerDevice@CAudioInput@@QAE_NH@Z 00402180 f   AudioInput.obj
 0001:000011d0       ?GetCurrentMixerDevice@CAudioInput@@QAEHXZ 004021d0 f   AudioInput.obj
 0001:000011f0       ??0CMixerDevice@CAudioInput@@QAE@XZ 004021f0 f   AudioInput.obj
 0001:00001270       ??1CMixerDevice@CAudioInput@@UAE@XZ 00402270 f   AudioInput.obj
 0001:000013d0       ??0CMixerDevice@CAudioInput@@QAE@HPAUHWND__@@@Z 004023d0 f   AudioInput.obj
 0001:00001510       ?AdjustInputVolume@CMixerDevice@CAudioInput@@QAEXK@Z 00402510 f   AudioInput.obj
 0001:000015d0       ?CreateInputLineArray@CMixerDevice@CAudioInput@@IAEHXZ 004025d0 f   AudioInput.obj
 0001:00001940       ?CreatePhysicalDevArray@CMixerDevice@CAudioInput@@QAEHXZ 00402940 f   AudioInput.obj
 0001:00001c80       ?GetInputLineIndex@CMixerDevice@CAudioInput@@QAE_NIPAI@Z 00402c80 f   AudioInput.obj
 0001:00001cf0       ?GetInputLineName@CMixerDevice@CAudioInput@@QAEPBDH@Z 00402cf0 f   AudioInput.obj
 0001:00001d30       ?GetInputLineVolumeValue@CMixerDevice@CAudioInput@@QAEHH@Z 00402d30 f   AudioInput.obj
 0001:00001d70       ?GetInputLineSrcID@CMixerDevice@CAudioInput@@QAE_NPAII@Z 00402d70 f   AudioInput.obj
 0001:00001dd0       ?GetName@CMixerDevice@CAudioInput@@QAEPBDXZ 00402dd0 f   AudioInput.obj
 0001:00001df0       ?GetSelectedInputLine@CMixerDevice@CAudioInput@@QAE_NPAI@Z 00402df0 f   AudioInput.obj
 0001:00002080       ?MuteOutputLine@CMixerDevice@CAudioInput@@QAE_NK_N0@Z 00403080 f   AudioInput.obj
 0001:00002160       ?MuteSelectedInputLine@CMixerDevice@CAudioInput@@QAE_NI_N0@Z 00403160 f   AudioInput.obj
 0001:000021c0       ?RestoreSelectedInputLine@CMixerDevice@CAudioInput@@QAEXI@Z 004031c0 f   AudioInput.obj
 0001:00002220       ?Restore@CMixerDevice@CAudioInput@@QAEHXZ 00403220 f   AudioInput.obj
 0001:000022b0       ?SelectInputLine@CMixerDevice@CAudioInput@@QAEXI@Z 004032b0 f   AudioInput.obj
 0001:00002590       ?SetSelectedInputLine@CMixerDevice@CAudioInput@@QAE_NI@Z 00403590 f   AudioInput.obj
 0001:00002610       ?SetSpeakers@CMixerDevice@CAudioInput@@QAEH_N0@Z 00403610 f   AudioInput.obj
 0001:000026b0       ??0CInputLine@CMixerDevice@CAudioInput@@QAE@XZ 004036b0 f   AudioInput.obj
 0001:000026f0       ??1CInputLine@CMixerDevice@CAudioInput@@UAE@XZ 004036f0 f   AudioInput.obj
 0001:00002760       ??0CInputLine@CMixerDevice@CAudioInput@@QAE@PAUHMIXER__@@KPBDKJ@Z 00403760 f   AudioInput.obj
 0001:000028f0       ?GetVolumeValue@CInputLine@CMixerDevice@CAudioInput@@QAEHXZ 004038f0 f   AudioInput.obj
 0001:000029e0       ?CreateArrayMuteCtrl@CInputLine@CMixerDevice@CAudioInput@@IAEPAV?$CArray@UsMuteLine@CInputLine@CMixerDevice@CAudioInput@@U1234@@@KPBD@Z 004039e0 f   AudioInput.obj
 0001:00002e20       ?GetName@CInputLine@CMixerDevice@CAudioInput@@QAEPBDXZ 00403e20 f   AudioInput.obj
 0001:00002e40       ?GetSrcID@CInputLine@CMixerDevice@CAudioInput@@QAEKXZ 00403e40 f   AudioInput.obj
 0001:00002e60       ?isInitSelected@CInputLine@CMixerDevice@CAudioInput@@QAE_NXZ 00403e60 f   AudioInput.obj
 0001:00002e80       ?RestoreMute@CInputLine@CMixerDevice@CAudioInput@@QAEXXZ 00403e80 f   AudioInput.obj
 0001:00002ef0       ?RestoreVolume@CInputLine@CMixerDevice@CAudioInput@@QAEHXZ 00403ef0 f   AudioInput.obj
 0001:00002fd0       ?SetDefaultVolume@CInputLine@CMixerDevice@CAudioInput@@QAEXXZ 00403fd0 f   AudioInput.obj
 0001:000030d0       ?SetMute@CInputLine@CMixerDevice@CAudioInput@@QAE_N_N0@Z 004040d0 f   AudioInput.obj
 0001:000031a0       ?SetName@CInputLine@CMixerDevice@CAudioInput@@QAEXPBD@Z 004041a0 f   AudioInput.obj
 0001:000031c0       ?SetSrcType@CInputLine@CMixerDevice@CAudioInput@@QAEXK@Z 004041c0 f   AudioInput.obj
 0001:000031e0       ?StoreDefaultVolume@CInputLine@CMixerDevice@CAudioInput@@QAEHXZ 004041e0 f   AudioInput.obj
 0001:000032e0       ??0CPhysicalDevice@CMixerDevice@CAudioInput@@QAE@XZ 004042e0 f   AudioInput.obj
 0001:00003320       ??0CPhysicalDevice@CMixerDevice@CAudioInput@@QAE@PAUHMIXER__@@KK_NKH@Z 00404320 f   AudioInput.obj
 0001:00003370       ??1CPhysicalDevice@CMixerDevice@CAudioInput@@UAE@XZ 00404370 f   AudioInput.obj
 0001:00003390       ?restore@CPhysicalDevice@CMixerDevice@CAudioInput@@QAEXXZ 00404390 f   AudioInput.obj
 0001:000033f0       ?SetMute@CPhysicalDevice@CMixerDevice@CAudioInput@@QAEX_N@Z 004043f0 f   AudioInput.obj
 0001:00003420       ?SetVolume@CPhysicalDevice@CMixerDevice@CAudioInput@@QAEXH@Z 00404420 f   AudioInput.obj
 0001:00003450       ?isValid@CMixerDevice@CAudioInput@@QAE_NXZ 00404450 f   AudioInput.obj
 0001:00003470       ?GetID@CMixerDevice@CAudioInput@@QAEHXZ 00404470 f   AudioInput.obj
 0001:00003490       ??_ECAudioInput@@UAEPAXI@Z 00404490 f i AudioInput.obj
 0001:00003490       ??_GCAudioInput@@UAEPAXI@Z 00404490 f i AudioInput.obj
 0001:000034c0       ??_ECMixerDevice@CAudioInput@@UAEPAXI@Z 004044c0 f i AudioInput.obj
 0001:000034c0       ??_GCMixerDevice@CAudioInput@@UAEPAXI@Z 004044c0 f i AudioInput.obj
 0001:000034f0       ??_ECInputLine@CMixerDevice@CAudioInput@@UAEPAXI@Z 004044f0 f i AudioInput.obj
 0001:000034f0       ??_GCInputLine@CMixerDevice@CAudioInput@@UAEPAXI@Z 004044f0 f i AudioInput.obj
 0001:00003520       ??_ECPhysicalDevice@CMixerDevice@CAudioInput@@UAEPAXI@Z 00404520 f i AudioInput.obj
 0001:00003520       ??_GCPhysicalDevice@CMixerDevice@CAudioInput@@UAEPAXI@Z 00404520 f i AudioInput.obj
 0001:00003550       ??0?$CArray@PAVCInputLine@CMixerDevice@CAudioInput@@PAV123@@@QAE@XZ 00404550 f i AudioInput.obj
 0001:000035a0       ?GetSize@?$CArray@PAVCInputLine@CMixerDevice@CAudioInput@@PAV123@@@QBEHXZ 004045a0 f i AudioInput.obj
 0001:000035c0       ?RemoveAll@?$CArray@PAVCInputLine@CMixerDevice@CAudioInput@@PAV123@@@QAEXXZ 004045c0 f i AudioInput.obj
 0001:000035e0       ?GetAt@?$CArray@PAVCInputLine@CMixerDevice@CAudioInput@@PAV123@@@QAEAAPAVCInputLine@CMixerDevice@CAudioInput@@H@Z 004045e0 f i AudioInput.obj
 0001:00003640       ?Add@?$CArray@PAVCInputLine@CMixerDevice@CAudioInput@@PAV123@@@QAEHPAVCInputLine@CMixerDevice@CAudioInput@@@Z 00404640 f i AudioInput.obj
 0001:00003670       ?RemoveAt@?$CArray@PAVCInputLine@CMixerDevice@CAudioInput@@PAV123@@@QAEXHH@Z 00404670 f i AudioInput.obj
 0001:00003780       ??1?$CArray@PAVCInputLine@CMixerDevice@CAudioInput@@PAV123@@@UAE@XZ 00404780 f i AudioInput.obj
 0001:00003820       ?Serialize@?$CArray@PAVCInputLine@CMixerDevice@CAudioInput@@PAV123@@@UAEXAAVCArchive@@@Z 00404820 f i AudioInput.obj
 0001:000038a0       ?Dump@?$CArray@PAVCInputLine@CMixerDevice@CAudioInput@@PAV123@@@UBEXAAVCDumpContext@@@Z 004048a0 f i AudioInput.obj
 0001:00003920       ?AssertValid@?$CArray@PAVCInputLine@CMixerDevice@CAudioInput@@PAV123@@@UBEXXZ 00404920 f i AudioInput.obj
 0001:00003a10       ??0?$CArray@PAVCPhysicalDevice@CMixerDevice@CAudioInput@@PAV123@@@QAE@XZ 00404a10 f i AudioInput.obj
 0001:00003a60       ?GetSize@?$CArray@PAVCPhysicalDevice@CMixerDevice@CAudioInput@@PAV123@@@QBEHXZ 00404a60 f i AudioInput.obj
 0001:00003a80       ?RemoveAll@?$CArray@PAVCPhysicalDevice@CMixerDevice@CAudioInput@@PAV123@@@QAEXXZ 00404a80 f i AudioInput.obj
 0001:00003aa0       ?GetAt@?$CArray@PAVCPhysicalDevice@CMixerDevice@CAudioInput@@PAV123@@@QAEAAPAVCPhysicalDevice@CMixerDevice@CAudioInput@@H@Z 00404aa0 f i AudioInput.obj
 0001:00003b00       ?Add@?$CArray@PAVCPhysicalDevice@CMixerDevice@CAudioInput@@PAV123@@@QAEHPAVCPhysicalDevice@CMixerDevice@CAudioInput@@@Z 00404b00 f i AudioInput.obj
 0001:00003b30       ?RemoveAt@?$CArray@PAVCPhysicalDevice@CMixerDevice@CAudioInput@@PAV123@@@QAEXHH@Z 00404b30 f i AudioInput.obj
 0001:00003c40       ??1?$CArray@PAVCPhysicalDevice@CMixerDevice@CAudioInput@@PAV123@@@UAE@XZ 00404c40 f i AudioInput.obj
 0001:00003ce0       ?Serialize@?$CArray@PAVCPhysicalDevice@CMixerDevice@CAudioInput@@PAV123@@@UAEXAAVCArchive@@@Z 00404ce0 f i AudioInput.obj
 0001:00003d60       ?Dump@?$CArray@PAVCPhysicalDevice@CMixerDevice@CAudioInput@@PAV123@@@UBEXAAVCDumpContext@@@Z 00404d60 f i AudioInput.obj
 0001:00003de0       ?AssertValid@?$CArray@PAVCPhysicalDevice@CMixerDevice@CAudioInput@@PAV123@@@UBEXXZ 00404de0 f i AudioInput.obj
 0001:00003ed0       ??0?$CArray@PAVCMixerDevice@CAudioInput@@PAV12@@@QAE@XZ 00404ed0 f i AudioInput.obj
 0001:00003f20       ?GetSize@?$CArray@PAVCMixerDevice@CAudioInput@@PAV12@@@QBEHXZ 00404f20 f i AudioInput.obj
 0001:00003f40       ?RemoveAll@?$CArray@PAVCMixerDevice@CAudioInput@@PAV12@@@QAEXXZ 00404f40 f i AudioInput.obj
 0001:00003f60       ?GetAt@?$CArray@PAVCMixerDevice@CAudioInput@@PAV12@@@QAEAAPAVCMixerDevice@CAudioInput@@H@Z 00404f60 f i AudioInput.obj
 0001:00003fc0       ?Add@?$CArray@PAVCMixerDevice@CAudioInput@@PAV12@@@QAEHPAVCMixerDevice@CAudioInput@@@Z 00404fc0 f i AudioInput.obj
 0001:00003ff0       ?RemoveAt@?$CArray@PAVCMixerDevice@CAudioInput@@PAV12@@@QAEXHH@Z 00404ff0 f i AudioInput.obj
 0001:00004100       ??1?$CArray@PAVCMixerDevice@CAudioInput@@PAV12@@@UAE@XZ 00405100 f i AudioInput.obj
 0001:000041a0       ?Serialize@?$CArray@PAVCMixerDevice@CAudioInput@@PAV12@@@UAEXAAVCArchive@@@Z 004051a0 f i AudioInput.obj
 0001:00004220       ?Dump@?$CArray@PAVCMixerDevice@CAudioInput@@PAV12@@@UBEXAAVCDumpContext@@@Z 00405220 f i AudioInput.obj
 0001:000042a0       ?AssertValid@?$CArray@PAVCMixerDevice@CAudioInput@@PAV12@@@UBEXXZ 004052a0 f i AudioInput.obj
 0001:00004390       ??0?$CArray@UsMuteLine@CInputLine@CMixerDevice@CAudioInput@@U1234@@@QAE@XZ 00405390 f i AudioInput.obj
 0001:000043e0       ?GetSize@?$CArray@UsMuteLine@CInputLine@CMixerDevice@CAudioInput@@U1234@@@QBEHXZ 004053e0 f i AudioInput.obj
 0001:00004400       ?GetCount@?$CArray@UsMuteLine@CInputLine@CMixerDevice@CAudioInput@@U1234@@@QBEHXZ 00405400 f i AudioInput.obj
 0001:00004420       ?RemoveAll@?$CArray@UsMuteLine@CInputLine@CMixerDevice@CAudioInput@@U1234@@@QAEXXZ 00405420 f i AudioInput.obj
 0001:00004440       ?GetAt@?$CArray@UsMuteLine@CInputLine@CMixerDevice@CAudioInput@@U1234@@@QAEAAUsMuteLine@CInputLine@CMixerDevice@CAudioInput@@H@Z 00405440 f i AudioInput.obj
 0001:000044a0       ?SetAt@?$CArray@UsMuteLine@CInputLine@CMixerDevice@CAudioInput@@U1234@@@QAEXHUsMuteLine@CInputLine@CMixerDevice@CAudioInput@@@Z 004054a0 f i AudioInput.obj
 0001:00004510       ?Add@?$CArray@UsMuteLine@CInputLine@CMixerDevice@CAudioInput@@U1234@@@QAEHUsMuteLine@CInputLine@CMixerDevice@CAudioInput@@@Z 00405510 f i AudioInput.obj
 0001:00004550       ?Serialize@?$CArray@UsMuteLine@CInputLine@CMixerDevice@CAudioInput@@U1234@@@UAEXAAVCArchive@@@Z 00405550 f i AudioInput.obj
 0001:000045d0       ?Dump@?$CArray@UsMuteLine@CInputLine@CMixerDevice@CAudioInput@@U1234@@@UBEXAAVCDumpContext@@@Z 004055d0 f i AudioInput.obj
 0001:00004650       ?AssertValid@?$CArray@UsMuteLine@CInputLine@CMixerDevice@CAudioInput@@U1234@@@UBEXXZ 00405650 f i AudioInput.obj
 0001:00004740       ??_E?$CArray@PAVCInputLine@CMixerDevice@CAudioInput@@PAV123@@@UAEPAXI@Z 00405740 f i AudioInput.obj
 0001:00004740       ??_G?$CArray@PAVCInputLine@CMixerDevice@CAudioInput@@PAV123@@@UAEPAXI@Z 00405740 f i AudioInput.obj
 0001:00004770       ??_G?$CArray@PAVCPhysicalDevice@CMixerDevice@CAudioInput@@PAV123@@@UAEPAXI@Z 00405770 f i AudioInput.obj
 0001:00004770       ??_E?$CArray@PAVCPhysicalDevice@CMixerDevice@CAudioInput@@PAV123@@@UAEPAXI@Z 00405770 f i AudioInput.obj
 0001:000047a0       ??_E?$CArray@PAVCMixerDevice@CAudioInput@@PAV12@@@UAEPAXI@Z 004057a0 f i AudioInput.obj
 0001:000047a0       ??_G?$CArray@PAVCMixerDevice@CAudioInput@@PAV12@@@UAEPAXI@Z 004057a0 f i AudioInput.obj
 0001:000047d0       ??_E?$CArray@UsMuteLine@CInputLine@CMixerDevice@CAudioInput@@U1234@@@UAEPAXI@Z 004057d0 f i AudioInput.obj
 0001:000047d0       ??_G?$CArray@UsMuteLine@CInputLine@CMixerDevice@CAudioInput@@U1234@@@UAEPAXI@Z 004057d0 f i AudioInput.obj
 0001:00004800       ??1?$CArray@UsMuteLine@CInputLine@CMixerDevice@CAudioInput@@U1234@@@UAE@XZ 00405800 f i AudioInput.obj
 0001:000048a0       ?SetSize@?$CArray@PAVCInputLine@CMixerDevice@CAudioInput@@PAV123@@@QAEXHH@Z 004058a0 f i AudioInput.obj
 0001:00004cb0       ??2@YAPAXIPAX@Z            00405cb0 f i AudioInput.obj
 0001:00004cc0       ?SetAtGrow@?$CArray@PAVCInputLine@CMixerDevice@CAudioInput@@PAV123@@@QAEXHPAVCInputLine@CMixerDevice@CAudioInput@@@Z 00405cc0 f i AudioInput.obj
 0001:00004d30       ??$SerializeElements@PAVCInputLine@CMixerDevice@CAudioInput@@@@YGXAAVCArchive@@PAPAVCInputLine@CMixerDevice@CAudioInput@@H@Z 00405d30 f i AudioInput.obj
 0001:00004e30       ??$DumpElements@PAVCInputLine@CMixerDevice@CAudioInput@@@@YGXAAVCDumpContext@@PBQAVCInputLine@CMixerDevice@CAudioInput@@H@Z 00405e30 f i AudioInput.obj
 0001:00004e70       ?SetSize@?$CArray@PAVCPhysicalDevice@CMixerDevice@CAudioInput@@PAV123@@@QAEXHH@Z 00405e70 f i AudioInput.obj
 0001:00005280       ?SetAtGrow@?$CArray@PAVCPhysicalDevice@CMixerDevice@CAudioInput@@PAV123@@@QAEXHPAVCPhysicalDevice@CMixerDevice@CAudioInput@@@Z 00406280 f i AudioInput.obj
 0001:000052f0       ??$SerializeElements@PAVCPhysicalDevice@CMixerDevice@CAudioInput@@@@YGXAAVCArchive@@PAPAVCPhysicalDevice@CMixerDevice@CAudioInput@@H@Z 004062f0 f i AudioInput.obj
 0001:000053f0       ??$DumpElements@PAVCPhysicalDevice@CMixerDevice@CAudioInput@@@@YGXAAVCDumpContext@@PBQAVCPhysicalDevice@CMixerDevice@CAudioInput@@H@Z 004063f0 f i AudioInput.obj
 0001:00005430       ?SetSize@?$CArray@PAVCMixerDevice@CAudioInput@@PAV12@@@QAEXHH@Z 00406430 f i AudioInput.obj
 0001:00005840       ?SetAtGrow@?$CArray@PAVCMixerDevice@CAudioInput@@PAV12@@@QAEXHPAVCMixerDevice@CAudioInput@@@Z 00406840 f i AudioInput.obj
 0001:000058b0       ??$SerializeElements@PAVCMixerDevice@CAudioInput@@@@YGXAAVCArchive@@PAPAVCMixerDevice@CAudioInput@@H@Z 004068b0 f i AudioInput.obj
 0001:000059b0       ??$DumpElements@PAVCMixerDevice@CAudioInput@@@@YGXAAVCDumpContext@@PBQAVCMixerDevice@CAudioInput@@H@Z 004069b0 f i AudioInput.obj
 0001:000059f0       ?SetSize@?$CArray@UsMuteLine@CInputLine@CMixerDevice@CAudioInput@@U1234@@@QAEXHH@Z 004069f0 f i AudioInput.obj
 0001:00005e00       ?SetAtGrow@?$CArray@UsMuteLine@CInputLine@CMixerDevice@CAudioInput@@U1234@@@QAEXHUsMuteLine@CInputLine@CMixerDevice@CAudioInput@@@Z 00406e00 f i AudioInput.obj
 0001:00005e80       ??$SerializeElements@UsMuteLine@CInputLine@CMixerDevice@CAudioInput@@@@YGXAAVCArchive@@PAUsMuteLine@CInputLine@CMixerDevice@CAudioInput@@H@Z 00406e80 f i AudioInput.obj
 0001:00005f80       ??$DumpElements@UsMuteLine@CInputLine@CMixerDevice@CAudioInput@@@@YGXAAVCDumpContext@@PBUsMuteLine@CInputLine@CMixerDevice@CAudioInput@@H@Z 00406f80 f i AudioInput.obj
 0001:00005fc0       ??0CDefVolumeDlg@@QAE@PAVCWnd@@@Z 00406fc0 f   DefVolumeDlg.obj
 0001:000060e0       ?DoDataExchange@CDefVolumeDlg@@MAEXPAVCDataExchange@@@Z 004070e0 f   DefVolumeDlg.obj
 0001:000061c0       ?GetThisMessageMap@CDefVolumeDlg@@KGPBUAFX_MSGMAP@@XZ 004071c0 f   DefVolumeDlg.obj
 0001:000061d0       ?GetMessageMap@CDefVolumeDlg@@MBEPBUAFX_MSGMAP@@XZ 004071d0 f   DefVolumeDlg.obj
 0001:000061e0       ?OnHScroll@CDefVolumeDlg@@IAEXIIPAVCScrollBar@@@Z 004071e0 f   DefVolumeDlg.obj
 0001:00006330       ?OnInitDialog@CDefVolumeDlg@@MAEHXZ 00407330 f   DefVolumeDlg.obj
 0001:000064e0       ?ChangeEdt@CDefVolumeDlg@@IAEHHPAVCEdit@@PAVCSliderCtrl@@@Z 004074e0 f   DefVolumeDlg.obj
 0001:00006640       ?OnChangeEdtMic@CDefVolumeDlg@@IAEXXZ 00407640 f   DefVolumeDlg.obj
 0001:00006680       ?OnChangeEdtLin@CDefVolumeDlg@@IAEXXZ 00407680 f   DefVolumeDlg.obj
 0001:000066c0       ?OnChangeEdtAux@CDefVolumeDlg@@IAEXXZ 004076c0 f   DefVolumeDlg.obj
 0001:00006700       ?OnChangeEdtAnl@CDefVolumeDlg@@IAEXXZ 00407700 f   DefVolumeDlg.obj
 0001:00006740       ?GetDefaultVolumeValues@CDefVolumeDlg@@IAEXXZ 00407740 f   DefVolumeDlg.obj
 0001:000067b0       ?OnOK@CDefVolumeDlg@@MAEXXZ 004077b0 f   DefVolumeDlg.obj
 0001:00006820       ??_ECDefVolumeDlg@@UAEPAXI@Z 00407820 f i DefVolumeDlg.obj
 0001:00006820       ??_GCDefVolumeDlg@@UAEPAXI@Z 00407820 f i DefVolumeDlg.obj
 0001:00006850       ??1CDefVolumeDlg@@UAE@XZ   00407850 f i DefVolumeDlg.obj
 0001:00006920       ??0CDynamicLED@@QAE@XZ     00407920 f   DynamicLED.obj
 0001:00006a00       ??1CDynamicLED@@UAE@XZ     00407a00 f   DynamicLED.obj
 0001:00006ad0       ?GetThisMessageMap@CDynamicLED@@KGPBUAFX_MSGMAP@@XZ 00407ad0 f   DynamicLED.obj
 0001:00006ae0       ?GetMessageMap@CDynamicLED@@MBEPBUAFX_MSGMAP@@XZ 00407ae0 f   DynamicLED.obj
 0001:00006af0       ?InitLed@CDynamicLED@@QAEXPAVCWnd@@II@Z 00407af0 f   DynamicLED.obj
 0001:00006bb0       ?OnPaint@CDynamicLED@@IAEXXZ 00407bb0 f   DynamicLED.obj
 0001:00006c30       ?OnTimer@CDynamicLED@@IAEXI@Z 00407c30 f   DynamicLED.obj
 0001:00006ce0       ?Switch@CDynamicLED@@AAEXH@Z 00407ce0 f   DynamicLED.obj
 0001:00006db0       ?SwitchOn@CDynamicLED@@QAEXXZ 00407db0 f   DynamicLED.obj
 0001:00006dd0       ?SwitchOff@CDynamicLED@@QAEXXZ 00407dd0 f   DynamicLED.obj
 0001:00006df0       ?Blink@CDynamicLED@@QAEXH@Z 00407df0 f   DynamicLED.obj
 0001:00006e70       ?SetLedBright@CDynamicLED@@AAEHHH@Z 00407e70 f   DynamicLED.obj
 0001:00006f70       ?SetPenBrush@CDynamicLED@@AAEXXZ 00407f70 f   DynamicLED.obj
 0001:00007140       ?DrawRoundLed@CDynamicLED@@AAEXVCRect@@@Z 00408140 f   DynamicLED.obj
 0001:00007340       ?DrawSquareLed@CDynamicLED@@AAEXVCRect@@@Z 00408340 f   DynamicLED.obj
 0001:00007480       ??_ECDynamicLED@@UAEPAXI@Z 00408480 f i DynamicLED.obj
 0001:00007480       ??_GCDynamicLED@@UAEPAXI@Z 00408480 f i DynamicLED.obj
 0001:000074b0       ??0CLogAudioHdrs@@QAE@XZ   004084b0 f   LogAudioHdrs.obj
 0001:00007500       ??1CLogAudioHdrs@@UAE@XZ   00408500 f   LogAudioHdrs.obj
 0001:00007520       ?UpdateControls@CLogAudioHdrs@@MAEXXZ 00408520 f   LogAudioHdrs.obj
 0001:00007600       ?PostMessageStop@CLogAudioHdrs@@MAEXXZ 00408600 f   LogAudioHdrs.obj
 0001:00007630       ?PostMessageStart@CLogAudioHdrs@@MAEXXZ 00408630 f   LogAudioHdrs.obj
 0001:00007660       ?PostMessageCancel@CLogAudioHdrs@@MAEXXZ 00408660 f   LogAudioHdrs.obj
 0001:00007690       ?SppLoggerStop@CLogAudioHdrs@@MAEHXZ 00408690 f   LogAudioHdrs.obj
 0001:000076a0       ?SppLoggerStart@CLogAudioHdrs@@MAEHPAD@Z 004086a0 f   LogAudioHdrs.obj
 0001:000076c0       ?SppLoggerStat@CLogAudioHdrs@@MAEHPAH@Z 004086c0 f   LogAudioHdrs.obj
 0001:000076e0       ??_GCLogAudioHdrs@@UAEPAXI@Z 004086e0 f i LogAudioHdrs.obj
 0001:000076e0       ??_ECLogAudioHdrs@@UAEPAXI@Z 004086e0 f i LogAudioHdrs.obj
 0001:00007710       ??0CLogFmsConn@@QAE@XZ     00408710 f   LogFmsConn.obj
 0001:00007770       ??1CLogFmsConn@@UAE@XZ     00408770 f   LogFmsConn.obj
 0001:00007790       ?UpdateControls@CLogFmsConn@@MAEXXZ 00408790 f   LogFmsConn.obj
 0001:00007870       ?PostMessageStop@CLogFmsConn@@MAEXXZ 00408870 f   LogFmsConn.obj
 0001:000078a0       ?PostMessageStart@CLogFmsConn@@MAEXXZ 004088a0 f   LogFmsConn.obj
 0001:000078d0       ?PostMessageCancel@CLogFmsConn@@MAEXXZ 004088d0 f   LogFmsConn.obj
 0001:00007900       ?SppLoggerStop@CLogFmsConn@@MAEHXZ 00408900 f   LogFmsConn.obj
 0001:00007920       ?SppLoggerStart@CLogFmsConn@@MAEHPAD@Z 00408920 f   LogFmsConn.obj
 0001:00007940       ??_ECLogFmsConn@@UAEPAXI@Z 00408940 f i LogFmsConn.obj
 0001:00007940       ??_GCLogFmsConn@@UAEPAXI@Z 00408940 f i LogFmsConn.obj
 0001:00007970       ??0CLogPulse@@QAE@XZ       00408970 f   LogPulses.obj
 0001:000079c0       ??1CLogPulse@@UAE@XZ       004089c0 f   LogPulses.obj
 0001:000079e0       ?UpdateControls@CLogPulse@@MAEXXZ 004089e0 f   LogPulses.obj
 0001:00007ac0       ?PostMessageStop@CLogPulse@@MAEXXZ 00408ac0 f   LogPulses.obj
 0001:00007af0       ?PostMessageStart@CLogPulse@@MAEXXZ 00408af0 f   LogPulses.obj
 0001:00007b20       ?PostMessageCancel@CLogPulse@@MAEXXZ 00408b20 f   LogPulses.obj
 0001:00007b50       ?SppLoggerStop@CLogPulse@@MAEHXZ 00408b50 f   LogPulses.obj
 0001:00007b60       ?SppLoggerStart@CLogPulse@@MAEHPAD@Z 00408b60 f   LogPulses.obj
 0001:00007b80       ?SppLoggerStat@CLogPulse@@MAEHPAH@Z 00408b80 f   LogPulses.obj
 0001:00007ba0       ??_GCLogPulse@@UAEPAXI@Z   00408ba0 f i LogPulses.obj
 0001:00007ba0       ??_ECLogPulse@@UAEPAXI@Z   00408ba0 f i LogPulses.obj
 0001:00007bd0       ??0CLogRawPulse@@QAE@XZ    00408bd0 f   LogRawPulse.obj
 0001:00007c30       ??1CLogRawPulse@@UAE@XZ    00408c30 f   LogRawPulse.obj
 0001:00007c50       ?UpdateControls@CLogRawPulse@@MAEXXZ 00408c50 f   LogRawPulse.obj
 0001:00007d30       ?PostMessageStop@CLogRawPulse@@MAEXXZ 00408d30 f   LogRawPulse.obj
 0001:00007d60       ?PostMessageStart@CLogRawPulse@@MAEXXZ 00408d60 f   LogRawPulse.obj
 0001:00007d90       ?PostMessageCancel@CLogRawPulse@@MAEXXZ 00408d90 f   LogRawPulse.obj
 0001:00007dc0       ?SppLoggerStop@CLogRawPulse@@MAEHXZ 00408dc0 f   LogRawPulse.obj
 0001:00007dd0       ?SppLoggerStart@CLogRawPulse@@MAEHPAD@Z 00408dd0 f   LogRawPulse.obj
 0001:00007df0       ?SppLoggerStat@CLogRawPulse@@MAEHPAH@Z 00408df0 f   LogRawPulse.obj
 0001:00007e10       ??_ECLogRawPulse@@UAEPAXI@Z 00408e10 f i LogRawPulse.obj
 0001:00007e10       ??_GCLogRawPulse@@UAEPAXI@Z 00408e10 f i LogRawPulse.obj
 0001:00007e40       ?_GetBaseClass@CScanInputs@@KGPAUCRuntimeClass@@XZ 00408e40 f   ScanInputs.obj
 0001:00007e50       ?GetThisClass@CScanInputs@@SGPAUCRuntimeClass@@XZ 00408e50 f   ScanInputs.obj
 0001:00007e60       ?GetRuntimeClass@CScanInputs@@UBEPAUCRuntimeClass@@XZ 00408e60 f   ScanInputs.obj
 0001:00007e70       ??0CScanInputs@@QAE@PAVCWnd@@@Z 00408e70 f   ScanInputs.obj
 0001:00007fd0       ??1CScanInputs@@UAE@XZ     00408fd0 f   ScanInputs.obj
 0001:00008030       ?DoDataExchange@CScanInputs@@MAEXPAVCDataExchange@@@Z 00409030 f   ScanInputs.obj
 0001:00008060       ?GetThisMessageMap@CScanInputs@@KGPBUAFX_MSGMAP@@XZ 00409060 f   ScanInputs.obj
 0001:00008070       ?GetMessageMap@CScanInputs@@MBEPBUAFX_MSGMAP@@XZ 00409070 f   ScanInputs.obj
 0001:00008080       ?OnBnClickedCancel@CScanInputs@@QAEXXZ 00409080 f   ScanInputs.obj
 0001:00008120       ?OnBnClickedScan@CScanInputs@@QAEXXZ 00409120 f   ScanInputs.obj
 0001:00008280       ?OnBnClickedSaveLog@CScanInputs@@QAEXXZ 00409280 f   ScanInputs.obj
 0001:00008290       ?LogAudioLevel@CScanInputs@@IAEXHHH@Z 00409290 f   ScanInputs.obj
 0001:00008430       ?ScanModulationTypes@CScanInputs@@IAEHXZ 00409430 f   ScanInputs.obj
 0001:00008540       ?LogModulation@CScanInputs@@IAEXHH@Z 00409540 f   ScanInputs.obj
 0001:00008680       ?OnShowWindow@CScanInputs@@QAEXHI@Z 00409680 f   ScanInputs.obj
 0001:00008710       ??_GCScanInputs@@UAEPAXI@Z 00409710 f i ScanInputs.obj
 0001:00008710       ??_ECScanInputs@@UAEPAXI@Z 00409710 f i ScanInputs.obj
 0001:00008740       ??HATL@@YA?AV?$CStringT@DV?$StrTraitMFC_DLL@DV?$ChTraitsCRT@D@ATL@@@@@0@ABV10@0@Z 00409740 f i ScanInputs.obj
 0001:000087f0       ?GetThisMessageMap@CSppConsoleApp@@KGPBUAFX_MSGMAP@@XZ 004097f0 f   SppConsole.obj
 0001:00008800       ?GetMessageMap@CSppConsoleApp@@MBEPBUAFX_MSGMAP@@XZ 00409800 f   SppConsole.obj
 0001:00008810       ??0CSppConsoleApp@@QAE@XZ  00409810 f   SppConsole.obj
 0001:00008840       ?InitInstance@CSppConsoleApp@@UAEHXZ 00409840 f   SppConsole.obj
 0001:00008900       ?doStartIconified@CSppConsoleApp@@IAE_NXZ 00409900 f   SppConsole.obj
 0001:00008960       ?OnAbout@CSppConsoleApp@@QAEXXZ 00409960 f   SppConsole.obj
 0001:000089d0       ??_GCSppConsoleApp@@UAEPAXI@Z 004099d0 f i SppConsole.obj
 0001:000089d0       ??_ECSppConsoleApp@@UAEPAXI@Z 004099d0 f i SppConsole.obj
 0001:00008a00       ??1CSppConsoleApp@@UAE@XZ  00409a00 f i SppConsole.obj
 0001:00008a20       ??1CSppConsoleDlg@@UAE@XZ  00409a20 f i SppConsole.obj
 0001:00008ab0       ??0CSppConsoleDlg@@QAE@PAVCWnd@@@Z 00409ab0 f   SppConsoleDlg.obj
 0001:00008c50       ?DoDataExchange@CSppConsoleDlg@@MAEXPAVCDataExchange@@@Z 00409c50 f   SppConsoleDlg.obj
 0001:00008dc0       ?GetThisMessageMap@CSppConsoleDlg@@KGPBUAFX_MSGMAP@@XZ 00409dc0 f   SppConsoleDlg.obj
 0001:00008dd0       ?GetMessageMap@CSppConsoleDlg@@MBEPBUAFX_MSGMAP@@XZ 00409dd0 f   SppConsoleDlg.obj
 0001:00008de0       ?GetDllVersion@@YAKPBD@Z   00409de0 f   SppConsoleDlg.obj
 0001:00008e70       ?ThreeBeeps@@YAXXZ         00409e70 f   SppConsoleDlg.obj
 0001:00008ed0       ?OneBeep@@YAXXZ            00409ed0 f   SppConsoleDlg.obj
 0001:00008f00       ?OnInitDialog@CSppConsoleDlg@@MAEHXZ 00409f00 f   SppConsoleDlg.obj
 0001:000093d0       ?OnDestroy@CSppConsoleDlg@@IAEXXZ 0040a3d0 f   SppConsoleDlg.obj
 0001:00009500       ?OnPaint@CSppConsoleDlg@@IAEXXZ 0040a500 f   SppConsoleDlg.obj
 0001:00009640       ?OnQueryDragIcon@CSppConsoleDlg@@IAEPAUHICON__@@XZ 0040a640 f   SppConsoleDlg.obj
 0001:00009660       ?SomethingChanged@CSppConsoleDlg@@QAEXXZ 0040a660 f   SppConsoleDlg.obj
 0001:000096a0       ?OnSelchangeModType@CSppConsoleDlg@@IAEXXZ 0040a6a0 f   SppConsoleDlg.obj
 0001:000097f0       ?GetModeTypeCtrl@CSppConsoleDlg@@QAEPAVCWnd@@XZ 0040a7f0 f   SppConsoleDlg.obj
 0001:00009810       ?OnShiftAuto@CSppConsoleDlg@@IAEXXZ 0040a810 f   SppConsoleDlg.obj
 0001:000098b0       ?GetShiftAutoCtrl@CSppConsoleDlg@@QAEPAVCWnd@@XZ 0040a8b0 f   SppConsoleDlg.obj
 0001:000098d0       ?OnShiftPos@CSppConsoleDlg@@IAEXXZ 0040a8d0 f   SppConsoleDlg.obj
 0001:000098f0       ?GetShiftPosCtrl@CSppConsoleDlg@@QAEPAVCWnd@@XZ 0040a8f0 f   SppConsoleDlg.obj
 0001:00009910       ?OnShiftNeg@CSppConsoleDlg@@IAEXXZ 0040a910 f   SppConsoleDlg.obj
 0001:00009930       ?OnHide@CSppConsoleDlg@@IAEXXZ 0040a930 f   SppConsoleDlg.obj
 0001:00009960       ?OnShow@CSppConsoleDlg@@IAEXXZ 0040a960 f   SppConsoleDlg.obj
 0001:00009990       ?PopulateModulation@CSppConsoleDlg@@IAEHXZ 0040a990 f   SppConsoleDlg.obj
 0001:00009b90       ?ShowShiftRB@CSppConsoleDlg@@IAEX_N@Z 0040ab90 f   SppConsoleDlg.obj
 0001:00009c40       ?TaskBarAddIcon@CSppConsoleDlg@@IAEHIPAUHICON__@@PAD@Z 0040ac40 f   SppConsoleDlg.obj
 0001:00009e20       ?TaskBarDelIcon@CSppConsoleDlg@@IAEHI@Z 0040ae20 f   SppConsoleDlg.obj
 0001:00009e80       ?TaskBarIconBaloon@CSppConsoleDlg@@IAEHIPBD0@Z 0040ae80 f   SppConsoleDlg.obj
 0001:00009fa0       ?TaskBarIconToolTip@CSppConsoleDlg@@IAEHIPBD@Z 0040afa0 f   SppConsoleDlg.obj
 0001:0000a030       ?StartIconified@CSppConsoleDlg@@QAEX_N@Z 0040b030 f   SppConsoleDlg.obj
 0001:0000a050       ?OnStatusAreaMessage@CSppConsoleDlg@@IAEJIJ@Z 0040b050 f   SppConsoleDlg.obj
 0001:0000a0b0       ?OnMixerLineChange@CSppConsoleDlg@@AAEJIJ@Z 0040b0b0 f   SppConsoleDlg.obj
 0001:0000a0c0       ?OnMixerControlChange@CSppConsoleDlg@@AAEJIJ@Z 0040b0c0 f   SppConsoleDlg.obj
 0001:0000a140       ?ShowTrayIconMenu@CSppConsoleDlg@@IAEXI@Z 0040b140 f   SppConsoleDlg.obj
 0001:0000a2a0       ?OnWindowPosChanging@CSppConsoleDlg@@IAEXPAUtagWINDOWPOS@@@Z 0040b2a0 f   SppConsoleDlg.obj
 0001:0000a2e0       ?OnInterSppConsole@CSppConsoleDlg@@IAEJIJ@Z 0040b2e0 f   SppConsoleDlg.obj
 0001:0000a310       ?OnInterSppApps@CSppConsoleDlg@@IAEJIJ@Z 0040b310 f   SppConsoleDlg.obj
 0001:0000a770       ?OnOK@CSppConsoleDlg@@MAEXXZ 0040b770 f   SppConsoleDlg.obj
 0001:0000a7d0       ?OnCancel@CSppConsoleDlg@@MAEXXZ 0040b7d0 f   SppConsoleDlg.obj
 0001:0000a7f0       ?isDllActive@CSppConsoleDlg@@IAE_NXZ 0040b7f0 f   SppConsoleDlg.obj
 0001:0000a840       ?GetStatusString@CSppConsoleDlg@@QAE?AV?$CStringT@DV?$StrTraitMFC_DLL@DV?$ChTraitsCRT@D@ATL@@@@@ATL@@XZ 0040b840 f   SppConsoleDlg.obj
 0001:0000ab40       ?OnToolTipNotify@CSppConsoleDlg@@IAEHIPAUtagNMHDR@@PAJ@Z 0040bb40 f   SppConsoleDlg.obj
 0001:0000abb0       ?GetFmsStatusString@CSppConsoleDlg@@IAEHAAV?$CStringT@DV?$StrTraitMFC_DLL@DV?$ChTraitsCRT@D@ATL@@@@@ATL@@@Z 0040bbb0 f   SppConsoleDlg.obj
 0001:0000ae20       ?PopulateAudioSource@CSppConsoleDlg@@IAEXXZ 0040be20 f   SppConsoleDlg.obj
 0001:0000af10       ?GetMixerDeviceCtrl@CSppConsoleDlg@@QAEPAVCWnd@@XZ 0040bf10 f   SppConsoleDlg.obj
 0001:0000af30       ?PopulateInputLines@CSppConsoleDlg@@IAEXXZ 0040bf30 f   SppConsoleDlg.obj
 0001:0000b010       ?GetAudioLinesCtrl@CSppConsoleDlg@@QAEPAVCWnd@@XZ 0040c010 f   SppConsoleDlg.obj
 0001:0000b030       ?OnSelchangeMixerdevice@CSppConsoleDlg@@IAEXXZ 0040c030 f   SppConsoleDlg.obj
 0001:0000b110       ?OnSelchangeAudioSrc@CSppConsoleDlg@@IAEXXZ 0040c110 f   SppConsoleDlg.obj
 0001:0000b1e0       ?OnEnableAudio@CSppConsoleDlg@@IAEXXZ 0040c1e0 f   SppConsoleDlg.obj
 0001:0000b260       ?EnableAudio@CSppConsoleDlg@@IAEXH@Z 0040c260 f   SppConsoleDlg.obj
 0001:0000b3c0       ?GetCurrentMixerDevice@CSppConsoleDlg@@IAEHXZ 0040c3c0 f   SppConsoleDlg.obj
 0001:0000b450       ?GetCurrentInputLine@CSppConsoleDlg@@IAEHXZ 0040c450 f   SppConsoleDlg.obj
 0001:0000b490       ?GetSavedCurrentInputLine@CSppConsoleDlg@@IAE_NPAI@Z 0040c490 f   SppConsoleDlg.obj
 0001:0000b500       ?GetCurrentInputLineFromSystem@CSppConsoleDlg@@IAE_NPAI@Z 0040c500 f   SppConsoleDlg.obj
 0001:0000b560       ?SetCurrentMixerDevice@CSppConsoleDlg@@IAEXI@Z 0040c560 f   SppConsoleDlg.obj
 0001:0000b5b0       ?SetCurrentInputLine@CSppConsoleDlg@@IAEXH@Z 0040c5b0 f   SppConsoleDlg.obj
 0001:0000b630       ?GetCheckAudioCtrl@CSppConsoleDlg@@QAEPAVCWnd@@XZ 0040c630 f   SppConsoleDlg.obj
 0001:0000b650       ?CheckAudioCB@CSppConsoleDlg@@IAEXXZ 0040c650 f   SppConsoleDlg.obj
 0001:0000b680       ?OnSetCursor@CSppConsoleDlg@@IAEHPAVCWnd@@II@Z 0040c680 f   SppConsoleDlg.obj
 0001:0000b710       ?HearTx@CSppConsoleDlg@@IAEX_N@Z 0040c710 f   SppConsoleDlg.obj
 0001:0000b7e0       ?OnSelSrc@CSppConsoleDlg@@IAEXXZ 0040c7e0 f   SppConsoleDlg.obj
 0001:0000b970       ?OnAudioDst@CSppConsoleDlg@@IAEXXZ 0040c970 f   SppConsoleDlg.obj
 0001:0000bb00       ?OnAudioVol@CSppConsoleDlg@@IAEXXZ 0040cb00 f   SppConsoleDlg.obj
 0001:0000bb90       ?OnAudioPrint@CSppConsoleDlg@@IAEXXZ 0040cb90 f   SppConsoleDlg.obj
 0001:0000bcb0       ?PpJoyExShowCtrl@CSppConsoleDlg@@IAEXXZ 0040ccb0 f   SppConsoleDlg.obj
 0001:0000bcf0       ?OnPpjoyex@CSppConsoleDlg@@IAEXXZ 0040ccf0 f   SppConsoleDlg.obj
 0001:0000bdf0       ?UpdateFilterMenu@CSppConsoleDlg@@IAEXXZ 0040cdf0 f   SppConsoleDlg.obj
 0001:0000c100       ?OnFilterSelect@CSppConsoleDlg@@IAEXI@Z 0040d100 f   SppConsoleDlg.obj
 0001:0000c280       ?OnHideMsg@CSppConsoleDlg@@AAEJIJ@Z 0040d280 f   SppConsoleDlg.obj
 0001:0000c2a0       ?LocateDialogWindow@CSppConsoleDlg@@IAEHXZ 0040d2a0 f   SppConsoleDlg.obj
 0001:0000c320       ?StoreLocationDialogWindow@CSppConsoleDlg@@IAEHXZ 0040d320 f   SppConsoleDlg.obj
 0001:0000c350       ?OnTimer@CSppConsoleDlg@@QAEXI@Z 0040d350 f   SppConsoleDlg.obj
 0001:0000c460       ?InitJoyPosBars@CSppConsoleDlg@@IAEXXZ 0040d460 f   SppConsoleDlg.obj
 0001:0000c4f0       ?SetJoyPosBars@CSppConsoleDlg@@IAEXPAH@Z 0040d4f0 f   SppConsoleDlg.obj
 0001:0000c5e0       ?OnWaveRec@CSppConsoleDlg@@IAEXXZ 0040d5e0 f   SppConsoleDlg.obj
 0001:0000c6c0       ?OnWaveRecStart@CSppConsoleDlg@@AAEJIJ@Z 0040d6c0 f   SppConsoleDlg.obj
 0001:0000c720       ?OnWaveRecStop@CSppConsoleDlg@@AAEJIJ@Z 0040d720 f   SppConsoleDlg.obj
 0001:0000c780       ?OnWaveRecCancel@CSppConsoleDlg@@AAEJIJ@Z 0040d780 f   SppConsoleDlg.obj
 0001:0000c7b0       ?OnAdvancedJitter@CSppConsoleDlg@@QAEXXZ 0040d7b0 f   SppConsoleDlg.obj
 0001:0000c7d0       ?InitJitterStatus@CSppConsoleDlg@@IAEXXZ 0040d7d0 f   SppConsoleDlg.obj
 0001:0000c830       ?UpdateJitterStatus@CSppConsoleDlg@@IAEXHH@Z 0040d830 f   SppConsoleDlg.obj
 0001:0000ca40       ?UpdateFmsMenuItem@CSppConsoleDlg@@IAEXH@Z 0040da40 f   SppConsoleDlg.obj
 0001:0000cb60       ?OnRunFms@CSppConsoleDlg@@QAEXXZ 0040db60 f   SppConsoleDlg.obj
 0001:0000cc80       ?OnSysCommand@CSppConsoleDlg@@QAEXIJ@Z 0040dc80 f   SppConsoleDlg.obj
 0001:0000ccb0       ?OnLogAudioHdrs@CSppConsoleDlg@@QAEXXZ 0040dcb0 f   SppConsoleDlg.obj
 0001:0000cd90       ?OnLogAudioHdrsCancel@CSppConsoleDlg@@AAEJIJ@Z 0040dd90 f   SppConsoleDlg.obj
 0001:0000cdc0       ?OnLogPulse@CSppConsoleDlg@@QAEXXZ 0040ddc0 f   SppConsoleDlg.obj
 0001:0000cf00       ?OnLogPulseCancel@CSppConsoleDlg@@AAEJIJ@Z 0040df00 f   SppConsoleDlg.obj
 0001:0000cf30       ?OnLogFmsConn@CSppConsoleDlg@@QAEXXZ 0040df30 f   SppConsoleDlg.obj
 0001:0000d050       ?OnFmsConnStart@CSppConsoleDlg@@AAEJIJ@Z 0040e050 f   SppConsoleDlg.obj
 0001:0000d300       ?OnFmsConnStop@CSppConsoleDlg@@AAEJIJ@Z 0040e300 f   SppConsoleDlg.obj
 0001:0000d450       ?OnFmsConnCancel@CSppConsoleDlg@@AAEJIJ@Z 0040e450 f   SppConsoleDlg.obj
 0001:0000d480       ?OnLogRawPulse@CSppConsoleDlg@@QAEXXZ 0040e480 f   SppConsoleDlg.obj
 0001:0000d5a0       ?OnRawPulseCancel@CSppConsoleDlg@@AAEJIJ@Z 0040e5a0 f   SppConsoleDlg.obj
 0001:0000d5d0       ?OnBnClickedScandlg@CSppConsoleDlg@@QAEXXZ 0040e5d0 f   SppConsoleDlg.obj
 0001:0000d6a0       ?GetAudioLevel@CSppConsoleDlg@@QAEHXZ 0040e6a0 f   SppConsoleDlg.obj
 0001:0000d6d0       ?GetNumJoystickPos@CSppConsoleDlg@@QAEHXZ 0040e6d0 f   SppConsoleDlg.obj
 0001:0000d710       ??_GCSppConsoleDlg@@UAEPAXI@Z 0040e710 f i SppConsoleDlg.obj
 0001:0000d710       ??_ECSppConsoleDlg@@UAEPAXI@Z 0040e710 f i SppConsoleDlg.obj
 0001:0000d740       ??_GCFilterIf@@QAEPAXI@Z   0040e740 f i SppConsoleDlg.obj
 0001:0000d770       ?GetWindowInfo@CWnd@@QBEHPAUtagWINDOWINFO@@@Z 0040e770 f i SppConsoleDlg.obj
 0001:0000d7b0       ?_GetBaseClass@CStaticLink@@KGPAUCRuntimeClass@@XZ 0040e7b0 f   StatLink.obj
 0001:0000d7c0       ?GetThisClass@CStaticLink@@SGPAUCRuntimeClass@@XZ 0040e7c0 f   StatLink.obj
 0001:0000d7d0       ?GetRuntimeClass@CStaticLink@@UBEPAUCRuntimeClass@@XZ 0040e7d0 f   StatLink.obj
 0001:0000d7e0       ?GetThisMessageMap@CStaticLink@@KGPBUAFX_MSGMAP@@XZ 0040e7e0 f   StatLink.obj
 0001:0000d7f0       ?GetMessageMap@CStaticLink@@MBEPBUAFX_MSGMAP@@XZ 0040e7f0 f   StatLink.obj
 0001:0000d800       ??0CStaticLink@@QAE@XZ     0040e800 f   StatLink.obj
 0001:0000d890       ?CtlColor@CStaticLink@@QAEPAUHBRUSH__@@PAVCDC@@I@Z 0040e890 f   StatLink.obj
 0001:0000d9b0       ?OnClicked@CStaticLink@@QAEXXZ 0040e9b0 f   StatLink.obj
 0001:0000da60       ?SetDefaultCursor@CStaticLink@@QAEXXZ 0040ea60 f   StatLink.obj
 0001:0000db40       ?OnSetCursor@CStaticLink@@QAEHPAVCWnd@@II@Z 0040eb40 f   StatLink.obj
 0001:0000db70       ?SetLink@CStaticLink@@QAE?AV?$CStringT@DV?$StrTraitMFC_DLL@DV?$ChTraitsCRT@D@ATL@@@@@ATL@@V23@@Z 0040eb70 f   StatLink.obj
 0001:0000dc60       ??_GCStaticLink@@UAEPAXI@Z 0040ec60 f i StatLink.obj
 0001:0000dc60       ??_ECStaticLink@@UAEPAXI@Z 0040ec60 f i StatLink.obj
 0001:0000dc90       ??0CTraceFileAndLineInfo@ATL@@QAE@PBDH@Z 0040ec90 f i StatLink.obj
 0001:0000dcc0       ??RCTraceFileAndLineInfo@ATL@@QBAXPBDZZ 0040ecc0 f i StatLink.obj
 0001:0000dd10       ?TraceV@CTrace@ATL@@QBAXPBDHKI0PAD@Z 0040ed10 f i StatLink.obj
 0001:0000dd40       ??BCTraceCategory@ATL@@QBEKXZ 0040ed40 f i StatLink.obj
 0001:0000dd50       ?GetEnvironmentVariableWThunk@ATL@@YGKPBGPAGK@Z 0040ed50 f i StdAfx.obj
 0001:0000dd90       ?_AtlInstallStringThunk@ATL@@YAXPAPAXPAX1@Z 0040ed90 f i StdAfx.obj
 0001:0000ddf0       ?GetEnvironmentVariableWFake@ATL@@YGKPBGPAGK@Z 0040edf0 f i StdAfx.obj
 0001:0000dfd0       ?_AtlGetConversionACP@ATL@@YGIXZ 0040efd0 f i StdAfx.obj
 0001:0000dfe0       ?CompareStringWThunk@ATL@@YGHKKPBGH0H@Z 0040efe0 f i StdAfx.obj
 0001:0000e020       ?CompareStringWFake@ATL@@YGHKKPBGH0H@Z 0040f020 f i StdAfx.obj
 0001:0000e200       ?_AtlVerifyStackAvailable@_ATL_SAFE_ALLOCA_IMPL@ATL@@YA_NK@Z 0040f200 f i StdAfx.obj
 0001:0000e2a0       ?AtlW2AHelper@@YGPADPADPBGHI@Z 0040f2a0 f i StdAfx.obj
 0001:0000e370       ?AtlThrow@ATL@@YGXJ@Z      0040f370 f i StdAfx.obj
 0001:0000e3d0       ??RCTraceFileAndLineInfo@ATL@@QBAXKIPBDZZ 0040f3d0 f i StdAfx.obj
 0001:0000e410       ?GetStringTypeExWThunk@ATL@@YGHKKPBGHPAG@Z 0040f410 f i StdAfx.obj
 0001:0000e450       ?GetStringTypeExWFake@ATL@@YGHKKPBGHPAG@Z 0040f450 f i StdAfx.obj
 0001:0000e560       ?lstrcmpiWThunk@ATL@@YGHPBG0@Z 0040f560 f i StdAfx.obj
 0001:0000e590       ?lstrcmpiWFake@ATL@@YGHPBG0@Z 0040f590 f i StdAfx.obj
 0001:0000e670       ?CharLowerWThunk@ATL@@YGPAGPAG@Z 0040f670 f i StdAfx.obj
 0001:0000e6a0       ?CharLowerWFake@ATL@@YGPAGPAG@Z 0040f6a0 f i StdAfx.obj
 0001:0000e790       ?AtlA2WHelper@@YGPAGPAGPBDHI@Z 0040f790 f i StdAfx.obj
 0001:0000e860       ?CharUpperWThunk@ATL@@YGPAGPAG@Z 0040f860 f i StdAfx.obj
 0001:0000e890       ?CharUpperWFake@ATL@@YGPAGPAG@Z 0040f890 f i StdAfx.obj
 0001:0000e980       ??_Estringdispid@CComTypeInfoHolder@ATL@@QAEPAXI@Z 0040f980 f i StdAfx.obj
 0001:0000e9f0       ??1stringdispid@CComTypeInfoHolder@ATL@@QAE@XZ 0040f9f0 f i StdAfx.obj
 0001:0000ea10       ??1CComBSTR@ATL@@QAE@XZ    0040fa10 f i StdAfx.obj
 0001:0000ea30       ??0?$CAtlSafeAllocBufferManager@VCCRTAllocator@ATL@@@_ATL_SAFE_ALLOCA_IMPL@ATL@@QAE@XZ 0040fa30 f i StdAfx.obj
 0001:0000ea50       ?Allocate@?$CAtlSafeAllocBufferManager@VCCRTAllocator@ATL@@@_ATL_SAFE_ALLOCA_IMPL@ATL@@QAEPAXK@Z 0040fa50 f i StdAfx.obj
 0001:0000eaa0       ?Allocate@CCRTAllocator@ATL@@SAPAXI@Z 0040faa0 f i StdAfx.obj
 0001:0000eac0       ??1?$CAtlSafeAllocBufferManager@VCCRTAllocator@ATL@@@_ATL_SAFE_ALLOCA_IMPL@ATL@@QAE@XZ 0040fac0 f i StdAfx.obj
 0001:0000eb00       ?Free@CCRTAllocator@ATL@@SAXPAX@Z 0040fb00 f i StdAfx.obj
 0001:0000eb20       ??0?$CTempBuffer@D$0IA@VCCRTAllocator@ATL@@@ATL@@QAE@XZ 0040fb20 f i StdAfx.obj
 0001:0000eb40       ??1?$CTempBuffer@D$0IA@VCCRTAllocator@ATL@@@ATL@@QAE@XZ 0040fb40 f i StdAfx.obj
 0001:0000eb60       ??B?$CTempBuffer@D$0IA@VCCRTAllocator@ATL@@@ATL@@QBEPADXZ 0040fb60 f i StdAfx.obj
 0001:0000eb70       ?Allocate@?$CTempBuffer@D$0IA@VCCRTAllocator@ATL@@@ATL@@QAEPADI@Z 0040fb70 f i StdAfx.obj
 0001:0000eb90       ??0?$CW2AEX@$0IA@@ATL@@QAE@PBG@Z 0040fb90 f i StdAfx.obj
 0001:0000ebc0       ??1?$CW2AEX@$0IA@@ATL@@QAE@XZ 0040fbc0 f i StdAfx.obj
 0001:0000ebf0       ??B?$CW2AEX@$0IA@@ATL@@QBEPADXZ 0040fbf0 f i StdAfx.obj
 0001:0000ec00       ?AllocateBytes@?$CTempBuffer@D$0IA@VCCRTAllocator@ATL@@@ATL@@QAEPADI@Z 0040fc00 f i StdAfx.obj
 0001:0000ec60       ?FreeHeap@?$CTempBuffer@D$0IA@VCCRTAllocator@ATL@@@ATL@@AAEXXZ 0040fc60 f i StdAfx.obj
 0001:0000ec80       ?Init@?$CW2AEX@$0IA@@ATL@@AAEXPBGI@Z 0040fc80 f i StdAfx.obj
 0001:0000ed10       ?AtlThrowLastWin32@ATL@@YGXXZ 0040fd10 f i StdAfx.obj
 0001:0000ed60       ?GetData@CAtlSafeAllocBufferNode@?$CAtlSafeAllocBufferManager@VCCRTAllocator@ATL@@@_ATL_SAFE_ALLOCA_IMPL@ATL@@QAEPAXXZ 0040fd60 f i StdAfx.obj
 0001:0000ed80       ?AllocateHeap@?$CTempBuffer@D$0IA@VCCRTAllocator@ATL@@@ATL@@AAEXI@Z 0040fd80 f i StdAfx.obj
 0001:0000edc0       ??0CAtlWinModule@ATL@@QAE@XZ 0040fdc0 f i StdAfx.obj
 0001:0000ee00       ??0_ATL_WIN_MODULE70@ATL@@QAE@XZ 0040fe00 f i StdAfx.obj
 0001:0000ee30       ??0CComCriticalSection@ATL@@QAE@XZ 0040fe30 f i StdAfx.obj
 0001:0000ee50       ??0?$CSimpleArray@GV?$CSimpleArrayEqualHelper@G@ATL@@@ATL@@QAE@XZ 0040fe50 f i StdAfx.obj
 0001:0000ee80       ??1CAtlWinModule@ATL@@QAE@XZ 0040fe80 f i StdAfx.obj
 0001:0000eed0       ?Term@CAtlWinModule@ATL@@QAEXXZ 0040fed0 f i StdAfx.obj
 0001:0000eef0       ?GetModuleInstance@CAtlBaseModule@ATL@@QAEPAUHINSTANCE__@@XZ 0040fef0 f i StdAfx.obj
 0001:0000ef10       ??1_ATL_WIN_MODULE70@ATL@@QAE@XZ 0040ff10 f i StdAfx.obj
 0001:0000ef30       ?AtlWinModuleTerm@ATL@@YGJPAU_ATL_WIN_MODULE70@1@PAUHINSTANCE__@@@Z 0040ff30 f i StdAfx.obj
 0001:0000efd0       ?Term@CComCriticalSection@ATL@@QAEJXZ 0040ffd0 f i StdAfx.obj
 0001:0000eff0       ??1?$CSimpleArray@GV?$CSimpleArrayEqualHelper@G@ATL@@@ATL@@QAE@XZ 0040fff0 f i StdAfx.obj
 0001:0000f010       ?GetSize@?$CSimpleArray@GV?$CSimpleArrayEqualHelper@G@ATL@@@ATL@@QBEHXZ 00410010 f i StdAfx.obj
 0001:0000f030       ?RemoveAll@?$CSimpleArray@GV?$CSimpleArrayEqualHelper@G@ATL@@@ATL@@QAEXXZ 00410030 f i StdAfx.obj
 0001:0000f090       ??A?$CSimpleArray@GV?$CSimpleArrayEqualHelper@G@ATL@@@ATL@@QAEAAGH@Z 00410090 f i StdAfx.obj
 0001:0000f100       ?_AtlRaiseException@ATL@@YAXKK@Z 00410100 f i StdAfx.obj
 0001:0000f120       ?_GetBaseClass@CWaveRec@@KGPAUCRuntimeClass@@XZ 00410120 f   WaveRec.obj
 0001:0000f130       ?GetThisClass@CWaveRec@@SGPAUCRuntimeClass@@XZ 00410130 f   WaveRec.obj
 0001:0000f140       ?GetRuntimeClass@CWaveRec@@UBEPAUCRuntimeClass@@XZ 00410140 f   WaveRec.obj
 0001:0000f150       ??0CWaveRec@@QAE@PAVCWnd@@@Z 00410150 f   WaveRec.obj
 0001:0000f220       ??1CWaveRec@@UAE@XZ        00410220 f   WaveRec.obj
 0001:0000f280       ?DoDataExchange@CWaveRec@@MAEXPAVCDataExchange@@@Z 00410280 f   WaveRec.obj
 0001:0000f2c0       ?GetThisMessageMap@CWaveRec@@KGPBUAFX_MSGMAP@@XZ 004102c0 f   WaveRec.obj
 0001:0000f2d0       ?GetMessageMap@CWaveRec@@MBEPBUAFX_MSGMAP@@XZ 004102d0 f   WaveRec.obj
 0001:0000f2e0       ?OnBnClickedRecStop@CWaveRec@@QAEXXZ 004102e0 f   WaveRec.obj
 0001:0000f400       ?OnBnClickedRecStart@CWaveRec@@QAEXXZ 00410400 f   WaveRec.obj
 0001:0000f500       ?UpdateControls@CWaveRec@@MAEXXZ 00410500 f   WaveRec.obj
 0001:0000f650       ?OnInitDialog@CWaveRec@@UAEHXZ 00410650 f   WaveRec.obj
 0001:0000f700       ?PostMessageStop@CWaveRec@@MAEXXZ 00410700 f   WaveRec.obj
 0001:0000f730       ?PostMessageStart@CWaveRec@@MAEXXZ 00410730 f   WaveRec.obj
 0001:0000f760       ?PostMessageCancel@CWaveRec@@MAEXXZ 00410760 f   WaveRec.obj
 0001:0000f790       ?PostMessagePlay@CWaveRec@@MAEXXZ 00410790 f   WaveRec.obj
 0001:0000f7c0       ?OnBnClickedCancel@CWaveRec@@QAEXXZ 004107c0 f   WaveRec.obj
 0001:0000f840       ?RenameWaveFile@CWaveRec@@IAEXXZ 00410840 f   WaveRec.obj
 0001:0000f990       ?GetWaveFileName@CWaveRec@@IAE_NXZ 00410990 f   WaveRec.obj
 0001:0000faa0       ?OnTimer@CWaveRec@@QAEXI@Z 00410aa0 f   WaveRec.obj
 0001:0000fb70       ?OnBnClickedRecPlay@CWaveRec@@QAEXXZ 00410b70 f   WaveRec.obj
 0001:0000fcf0       ?SppLoggerStop@CWaveRec@@MAEHXZ 00410cf0 f   WaveRec.obj
 0001:0000fd00       ?SppLoggerPlay@CWaveRec@@MAEHPAD@Z 00410d00 f   WaveRec.obj
 0001:0000fd20       ?SppLoggerStart@CWaveRec@@MAEHPAD@Z 00410d20 f   WaveRec.obj
 0001:0000fd40       ?SppLoggerStat@CWaveRec@@MAEHPAH@Z 00410d40 f   WaveRec.obj
 0001:0000fd60       ?OnNcDestroy@CWaveRec@@QAEXXZ 00410d60 f   WaveRec.obj
 0001:0000fda0       ??_GCWaveRec@@UAEPAXI@Z    00410da0 f i WaveRec.obj
 0001:0000fda0       ??_ECWaveRec@@UAEPAXI@Z    00410da0 f i WaveRec.obj
 0001:0000fdd0       __tcsncpy                  00410dd0 f i WaveRec.obj
 0001:0000fdf0       _SppMessageBoxWithErrorCode 00410df0 f   smartpropoplus:SmartPropoPlus.obj
 0001:0000fe80       _SetLocationDialogWindow   00410e80 f   smartpropoplus:SmartPropoPlus.obj
 0001:0000fea0       _GetLocationDialogWindow   00410ea0 f   smartpropoplus:SmartPropoPlus.obj
 0001:0000fec0       _SetSelectedFilter         00410ec0 f   smartpropoplus:SmartPropoPlus.obj
 0001:0000fee0       _SetActiveMode             00410ee0 f   smartpropoplus:SmartPropoPlus.obj
 0001:0000ff00       _SetShiftAutoDetect        00410f00 f   smartpropoplus:SmartPropoPlus.obj
 0001:0000ff20       _SetPositiveShift          00410f20 f   smartpropoplus:SmartPropoPlus.obj
 0001:0000ff40       _GetModulation             00410f40 f   smartpropoplus:SmartPropoPlus.obj
 0001:0000ff60       _GetDebugLevel             00410f60 f   smartpropoplus:SmartPropoPlus.obj
 0001:0000ff70       _ModeDisplayFromInternalName 00410f70 f   smartpropoplus:SmartPropoPlus.obj
 0001:00010020       _isBaseRegistryExist       00411020 f   smartpropoplus:SmartPropoPlus.obj
 0001:00010070       _GetDefaultVolumeValue     00411070 f   smartpropoplus:SmartPropoPlus.obj
 0001:00010100       _SetDefaultVolumeValue     00411100 f   smartpropoplus:SmartPropoPlus.obj
 0001:00010120       _GetCurrentAudioState      00411120 f   smartpropoplus:SmartPropoPlus.obj
 0001:00010140       _SetCurrentAudioState      00411140 f   smartpropoplus:SmartPropoPlus.obj
 0001:00010160       _GetCurrentPpjoyState      00411160 f   smartpropoplus:SmartPropoPlus.obj
 0001:00010170       _SetCurrentPpjoyState      00411170 f   smartpropoplus:SmartPropoPlus.obj
 0001:00010190       _GetCurrentMixerDevice     00411190 f   smartpropoplus:SmartPropoPlus.obj
 0001:000101c0       _GetCurrentInputLine       004111c0 f   smartpropoplus:SmartPropoPlus.obj
 0001:000101e0       _GetWaveInParams           004111e0 f   smartpropoplus:SmartPropoPlus.obj
 0001:00010200       _SetCurrentMixerDevice     00411200 f   smartpropoplus:SmartPropoPlus.obj
 0001:00010220       _SetCurrentInputLine       00411220 f   smartpropoplus:SmartPropoPlus.obj
 0001:00010240       _GetAntiJitterState        00411240 f   smartpropoplus:SmartPropoPlus.obj
 0001:00010250       _SetAntiJitterState        00411250 f   smartpropoplus:SmartPropoPlus.obj
 0001:00010270       _GetSppConsoleFullPath     00411270 f   smartpropoplus:SmartPropoPlus.obj
 0001:00010290       _GetFmsFullPath            00411290 f   smartpropoplus:SmartPropoPlus.obj
 0001:000103a0       _GetDefaultVolumeValueFromRegistry 004113a0 f   smartpropoplus:SppRegistry.obj
 0001:00010470       _SetDefaultVolumeValueToRegistry 00411470 f   smartpropoplus:SppRegistry.obj
 0001:00010540       _GetCurrentAudioStateFromRegistry 00411540 f   smartpropoplus:SppRegistry.obj
 0001:000105d0       _GetCurrentPpjoyStateFromRegistry 004115d0 f   smartpropoplus:SppRegistry.obj
 0001:00010660       _CreateEmptyBaseRegistry   00411660 f   smartpropoplus:SppRegistry.obj
 0001:000106c0       _CreateEmptyAudioRegistry  004116c0 f   smartpropoplus:SppRegistry.obj
 0001:00010710       _CreateDefaultSppRegistry  00411710 f   smartpropoplus:SppRegistry.obj
 0001:000107b0       _CreateDefaultModRegistry  004117b0 f   smartpropoplus:SppRegistry.obj
 0001:000108e0       _SetCurrentAudioStateToRegistry 004118e0 f   smartpropoplus:SppRegistry.obj
 0001:00010960       _SetCurrentPpjoyStateToRegistry 00411960 f   smartpropoplus:SppRegistry.obj
 0001:000109e0       _GetCurrentMixerDeviceFromRegistry 004119e0 f   smartpropoplus:SppRegistry.obj
 0001:00010ab0       _GetCurrentInputLineFromRegistry 00411ab0 f   smartpropoplus:SppRegistry.obj
 0001:00010b40       _GetWaveInParamsFromRegistry 00411b40 f   smartpropoplus:SppRegistry.obj
 0001:00010c70       _SetCurrentMixerDeviceToRegistry 00411c70 f   smartpropoplus:SppRegistry.obj
 0001:00010cf0       _SetCurrentInputLineToRegistry 00411cf0 f   smartpropoplus:SppRegistry.obj
 0001:00010d70       _SetActiveModeToRegistry   00411d70 f   smartpropoplus:SppRegistry.obj
 0001:00010ec0       _SetShiftAutoDetectToRegistry 00411ec0 f   smartpropoplus:SppRegistry.obj
 0001:00010f30       _SetPositiveShiftToRegistry 00411f30 f   smartpropoplus:SppRegistry.obj
 0001:00010fa0       _isDebugEntryExist         00411fa0 f   smartpropoplus:SppRegistry.obj
 0001:00011030       _GetDebugLevelFromRegistry 00412030 f   smartpropoplus:SppRegistry.obj
 0001:00011130       _GetModulationFromRegistry 00412130 f   smartpropoplus:SppRegistry.obj
 0001:000114c0       _isSppRegistryExist        004124c0 f   smartpropoplus:SppRegistry.obj
 0001:00011510       _isModRegistryUpdate       00412510 f   smartpropoplus:SppRegistry.obj
 0001:000116e0       _UpdateModRegistry         004126e0 f   smartpropoplus:SppRegistry.obj
 0001:000118f0       _isAudioRegistryExist      004128f0 f   smartpropoplus:SppRegistry.obj
 0001:00011940       _SetSelectedFilterNameToRegistry 00412940 f   smartpropoplus:SppRegistry.obj
 0001:000119c0       _GetSelectedFilterNameFromRegistry 004129c0 f   smartpropoplus:SppRegistry.obj
 0001:00011a90       _GetLocationDialogWindowFromRegistry 00412a90 f   smartpropoplus:SppRegistry.obj
 0001:00011b30       _SetLocationDialogWindowToRegistry 00412b30 f   smartpropoplus:SppRegistry.obj
 0001:00011bb0       _GetAntiJitterStateFromRegistry 00412bb0 f   smartpropoplus:SppRegistry.obj
 0001:00011c40       _SetAntiJitterStateToRegistry 00412c40 f   smartpropoplus:SppRegistry.obj
 0001:00011cb0       _GetSppConsoleFullPathFromRegistry 00412cb0 f   smartpropoplus:SppRegistry.obj
 0001:00011e50       _GetFmsFullPathFromRegistry 00412e50 f   smartpropoplus:SppRegistry.obj
 0001:00011ef2       _mixerGetLineControlsA@12  00412ef2 f   winmm:WINMM.dll
 0001:00011ef8       _mixerSetControlDetails@12 00412ef8 f   winmm:WINMM.dll
 0001:00011efe       _mixerGetControlDetailsA@12 00412efe f   winmm:WINMM.dll
 0001:00011f04       _mixerGetLineInfoA@12      00412f04 f   winmm:WINMM.dll
 0001:00011f0a       _waveInGetNumDevs@0        00412f0a f   winmm:WINMM.dll
 0001:00011f10       _mixerGetNumDevs@0         00412f10 f   winmm:WINMM.dll
 0001:00011f16       _waveInClose@4             00412f16 f   winmm:WINMM.dll
 0001:00011f1c       _mixerGetID@12             00412f1c f   winmm:WINMM.dll
 0001:00011f22       _waveInOpen@24             00412f22 f   winmm:WINMM.dll
 0001:00011f28       _mixerGetDevCapsA@12       00412f28 f   winmm:WINMM.dll
 0001:00011f2e       _mixerOpen@20              00412f2e f   winmm:WINMM.dll
 0001:00011f34       _SppAudioHdrLoggerStop@0   00412f34 f   Wave2Joystick:Wave2Joystick.dll
 0001:00011f3a       _SppAudioHdrLoggerStart@4  00412f3a f   Wave2Joystick:Wave2Joystick.dll
 0001:00011f40       _SppAudioHdrLoggerGetStat@4 00412f40 f   Wave2Joystick:Wave2Joystick.dll
 0001:00011f46       _SppPulseLoggerStop@0      00412f46 f   Wave2Joystick:Wave2Joystick.dll
 0001:00011f4c       _SppPulseLoggerStart@4     00412f4c f   Wave2Joystick:Wave2Joystick.dll
 0001:00011f52       _SppPulseLoggerGetStat@4   00412f52 f   Wave2Joystick:Wave2Joystick.dll
 0001:00011f58       _SppRawPulseLoggerStop@0   00412f58 f   Wave2Joystick:Wave2Joystick.dll
 0001:00011f5e       _SppRawPulseLoggerStart@4  00412f5e f   Wave2Joystick:Wave2Joystick.dll
 0001:00011f64       _SppRawPulseLoggerGetStat@4 00412f64 f   Wave2Joystick:Wave2Joystick.dll
 0001:00011f6a       _SppStart@0                00412f6a f   Wave2Joystick:Wave2Joystick.dll
 0001:00011f70       _SetFilterInterface@4      00412f70 f   Wave2Joystick:Wave2Joystick.dll
 0001:00011f76       _SppSetActiveAudioDevice@4 00412f76 f   Wave2Joystick:Wave2Joystick.dll
 0001:00011f7c       _GetWave2JoystickObject@0  00412f7c f   Wave2Joystick:Wave2Joystick.dll
 0001:00011f82       _SppSetModulation@4        00412f82 f   Wave2Joystick:Wave2Joystick.dll
 0001:00011f88       _SppSetShift@4             00412f88 f   Wave2Joystick:Wave2Joystick.dll
 0001:00011f8e       _SppStop@0                 00412f8e f   Wave2Joystick:Wave2Joystick.dll
 0001:00011f94       _StopInterfaces@0          00412f94 f   Wave2Joystick:Wave2Joystick.dll
 0001:00011f9a       _StopPPJoyInterface@4      00412f9a f   Wave2Joystick:Wave2Joystick.dll
 0001:00011fa0       _StartPPJoyInterface@4     00412fa0 f   Wave2Joystick:Wave2Joystick.dll
 0001:00011fa6       _SppGetFilteredPos@4       00412fa6 f   Wave2Joystick:Wave2Joystick.dll
 0001:00011fac       _SppGetAudioLevel@4        00412fac f   Wave2Joystick:Wave2Joystick.dll
 0001:00011fb2       _TestPPJoyInterface@4      00412fb2 f   Wave2Joystick:Wave2Joystick.dll
 0001:00011fb8       _SppSetAntiJitter@4        00412fb8 f   Wave2Joystick:Wave2Joystick.dll
 0001:00011fbe       _SppWaveLoggerGetStat@4    00412fbe f   Wave2Joystick:Wave2Joystick.dll
 0001:00011fc4       _SppWaveLoggerStop@0       00412fc4 f   Wave2Joystick:Wave2Joystick.dll
 0001:00011fca       _SppWaveLoggerPlay@4       00412fca f   Wave2Joystick:Wave2Joystick.dll
 0001:00011fd0       _SppWaveLoggerStart@4      00412fd0 f   Wave2Joystick:Wave2Joystick.dll
 0001:00011fe0       ??0CFilterIf@@QAE@XZ       00412fe0 f   FilterIf:FilterIf.obj
 0001:00012020       ??1CFilterIf@@QAE@XZ       00413020 f   FilterIf:FilterIf.obj
 0001:00012040       ?Init@CFilterIf@@QAE_NXZ   00413040 f   FilterIf:FilterIf.obj
 0001:00012130       ?GetNumberOfFilters@CFilterIf@@QAEHXZ 00413130 f   FilterIf:FilterIf.obj
 0001:00012150       ?GetIndexOfSelected@CFilterIf@@QAEHXZ 00413150 f   FilterIf:FilterIf.obj
 0001:00012260       ?GetFilterName@CFilterIf@@QAEPADH@Z 00413260 f   FilterIf:FilterIf.obj
 0001:000122d0       ?SetSelected@CFilterIf@@QAEHH@Z 004132d0 f   FilterIf:FilterIf.obj
 0001:00012350       ?Run@CFilterIf@@IAEPAXPAXHH@Z 00413350 f   FilterIf:FilterIf.obj
 0001:000123c0       ?Filter@CFilterIf@@QAEPAHPAH0HH@Z 004133c0 f   FilterIf:FilterIf.obj
 0001:00012460       __tcscmp                   00413460 f i FilterIf:FilterIf.obj
 0001:00012488       ?GetThisMessageMap@CDialog@@KGPBUAFX_MSGMAP@@XZ 00413488 f   mfc71d:MFC71D.DLL
 0001:0001248e       ?PreInitDialog@CDialog@@MAEXXZ 0041348e f   mfc71d:MFC71D.DLL
 0001:00012494       ?OnCancel@CDialog@@MAEXXZ  00413494 f   mfc71d:MFC71D.DLL
 0001:0001249a       ?OnOK@CDialog@@MAEXXZ      0041349a f   mfc71d:MFC71D.DLL
 0001:000124a0       ?OnSetFont@CDialog@@UAEXPAVCFont@@@Z 004134a0 f   mfc71d:MFC71D.DLL
 0001:000124a6       ?DoModal@CDialog@@UAEHXZ   004134a6 f   mfc71d:MFC71D.DLL
 0001:000124ac       ?CreateIndirect@CDialog@@UAEHPBUDLGTEMPLATE@@PAVCWnd@@PAX@Z 004134ac f   mfc71d:MFC71D.DLL
 0001:000124b2       ?CreateIndirect@CDialog@@UAEHPAXPAVCWnd@@@Z 004134b2 f   mfc71d:MFC71D.DLL
 0001:000124b8       ?Create@CDialog@@UAEHPBDPAVCWnd@@@Z 004134b8 f   mfc71d:MFC71D.DLL
 0001:000124be       ?Create@CDialog@@UAEHIPAVCWnd@@@Z 004134be f   mfc71d:MFC71D.DLL
 0001:000124c4       ?SetOccDialogInfo@CDialog@@MAEHPAU_AFX_OCC_DIALOG_INFO@@@Z 004134c4 f   mfc71d:MFC71D.DLL
 0001:000124ca       ?CreateControlSite@CWnd@@MAEHPAVCOleControlContainer@@PAPAVCOleControlSite@@IABU_GUID@@@Z 004134ca f   mfc71d:MFC71D.DLL
 0001:000124d0       ?CreateControlContainer@CWnd@@MAEHPAPAVCOleControlContainer@@@Z 004134d0 f   mfc71d:MFC71D.DLL
 0001:000124d6       ?IsFrameWnd@CWnd@@UBEHXZ   004134d6 f   mfc71d:MFC71D.DLL
 0001:000124dc       ?CheckAutoCenter@CDialog@@UAEHXZ 004134dc f   mfc71d:MFC71D.DLL
 0001:000124e2       ?OnChildNotify@CWnd@@MAEHIIJPAJ@Z 004134e2 f   mfc71d:MFC71D.DLL
 0001:000124e8       ?PostNcDestroy@CWnd@@MAEXXZ 004134e8 f   mfc71d:MFC71D.DLL
 0001:000124ee       ?DefWindowProcA@CWnd@@MAEJIIJ@Z 004134ee f   mfc71d:MFC71D.DLL
 0001:000124f4       ?OnWndMsg@CWnd@@MAEHIIJPAJ@Z 004134f4 f   mfc71d:MFC71D.DLL
 0001:000124fa       ?WindowProc@CWnd@@MAEJIIJ@Z 004134fa f   mfc71d:MFC71D.DLL
 0001:00012500       ?OnAmbientProperty@CWnd@@UAEHPAVCOleControlSite@@JPAUtagVARIANT@@@Z 00413500 f   mfc71d:MFC71D.DLL
 0001:00012506       ?PreTranslateMessage@CDialog@@UAEHPAUtagMSG@@@Z 00413506 f   mfc71d:MFC71D.DLL
 0001:0001250c       ?EndModalState@CWnd@@UAEXXZ 0041350c f   mfc71d:MFC71D.DLL
 0001:00012512       ?BeginModalState@CWnd@@UAEXXZ 00413512 f   mfc71d:MFC71D.DLL
 0001:00012518       ?GetSuperWndProcAddr@CWnd@@MAEPAP6GJPAUHWND__@@IIJ@ZXZ 00413518 f   mfc71d:MFC71D.DLL
 0001:0001251e       ?OnNotify@CWnd@@MAEHIJPAJ@Z 0041351e f   mfc71d:MFC71D.DLL
 0001:00012524       ?OnCommand@CWnd@@MAEHIJ@Z  00413524 f   mfc71d:MFC71D.DLL
 0001:0001252a       ?CreateAccessibleProxy@CWnd@@UAEJIJPAJ@Z 0041352a f   mfc71d:MFC71D.DLL
 0001:00012530       ?SetProxy@CWnd@@UAEJPAUIAccessibleProxy@@@Z 00413530 f   mfc71d:MFC71D.DLL
 0001:00012540       ?accDoDefaultAction@CWnd@@UAEJUtagVARIANT@@@Z 00413540 f   mfc71d:MFC71D.DLL
 0001:00012546       ?accHitTest@CWnd@@UAEJJJPAUtagVARIANT@@@Z 00413546 f   mfc71d:MFC71D.DLL
 0001:0001254c       ?accNavigate@CWnd@@UAEJJUtagVARIANT@@PAU2@@Z 0041354c f   mfc71d:MFC71D.DLL
 0001:00012552       ?accLocation@CWnd@@UAEJPAJ000UtagVARIANT@@@Z 00413552 f   mfc71d:MFC71D.DLL
 0001:00012558       ?accSelect@CWnd@@UAEJJUtagVARIANT@@@Z 00413558 f   mfc71d:MFC71D.DLL
 0001:00012560       ?get_accSelection@CWnd@@UAEJPAUtagVARIANT@@@Z 00413560 f   mfc71d:MFC71D.DLL
 0001:00012566       ?get_accFocus@CWnd@@UAEJPAUtagVARIANT@@@Z 00413566 f   mfc71d:MFC71D.DLL
 0001:00012570       ?get_accState@CWnd@@UAEJUtagVARIANT@@PAU2@@Z 00413570 f   mfc71d:MFC71D.DLL
 0001:00012576       ?get_accRole@CWnd@@UAEJUtagVARIANT@@PAU2@@Z 00413576 f   mfc71d:MFC71D.DLL
 0001:00012580       ?get_accChild@CWnd@@UAEJUtagVARIANT@@PAPAUIDispatch@@@Z 00413580 f   mfc71d:MFC71D.DLL
 0001:00012586       ?get_accChildCount@CWnd@@UAEJPAJ@Z 00413586 f   mfc71d:MFC71D.DLL
 0001:0001258c       ?get_accParent@CWnd@@UAEJPAPAUIDispatch@@@Z 0041358c f   mfc71d:MFC71D.DLL
 0001:00012592       ?EnsureStdObj@CWnd@@UAEJXZ 00413592 f   mfc71d:MFC71D.DLL
 0001:00012598       ?EndModalLoop@CWnd@@UAEXH@Z 00413598 f   mfc71d:MFC71D.DLL
 0001:0001259e       ?ContinueModal@CWnd@@UAEHXZ 0041359e f   mfc71d:MFC71D.DLL
 0001:000125a4       ?WinHelpInternal@CWnd@@UAEXKI@Z 004135a4 f   mfc71d:MFC71D.DLL
 0001:000125aa       ?HtmlHelpA@CWnd@@UAEXKI@Z  004135aa f   mfc71d:MFC71D.DLL
 0001:000125b0       ?WinHelpA@CWnd@@UAEXKI@Z   004135b0 f   mfc71d:MFC71D.DLL
 0001:000125b6       ?GetScrollBarCtrl@CWnd@@UBEPAVCScrollBar@@H@Z 004135b6 f   mfc71d:MFC71D.DLL
 0001:000125bc       ?OnToolHitTest@CWnd@@UBEHVCPoint@@PAUtagTOOLINFOA@@@Z 004135bc f   mfc71d:MFC71D.DLL
 0001:000125c2       ?CalcWindowRect@CWnd@@UAEXPAUtagRECT@@I@Z 004135c2 f   mfc71d:MFC71D.DLL
 0001:000125c8       ?PreCreateWindow@CWnd@@UAEHAAUtagCREATESTRUCTA@@@Z 004135c8 f   mfc71d:MFC71D.DLL
 0001:000125ce       ?DestroyWindow@CWnd@@UAEHXZ 004135ce f   mfc71d:MFC71D.DLL
 0001:000125d4       ?CreateEx@CWnd@@UAEHKPBD0KHHHHPAUHWND__@@PAUHMENU__@@PAX@Z 004135d4 f   mfc71d:MFC71D.DLL
 0001:000125da       ?CreateEx@CWnd@@UAEHKPBD0KABUtagRECT@@PAV1@IPAX@Z 004135da f   mfc71d:MFC71D.DLL
 0001:000125e0       ?Create@CWnd@@UAEHPBD0KABUtagRECT@@PAV1@IPAUCCreateContext@@@Z 004135e0 f   mfc71d:MFC71D.DLL
 0001:000125e6       ?PreSubclassWindow@CWnd@@UAEXXZ 004135e6 f   mfc71d:MFC71D.DLL
 0001:000125ec       ?GetConnectionHook@CCmdTarget@@MAEPAUIConnectionPoint@@ABU_GUID@@@Z 004135ec f   mfc71d:MFC71D.DLL
 0001:000125f2       ?GetExtraConnectionPoints@CCmdTarget@@MAEHPAVCPtrArray@@@Z 004135f2 f   mfc71d:MFC71D.DLL
 0001:000125f8       ?GetInterfaceHook@CCmdTarget@@UAEPAUIUnknown@@PBX@Z 004135f8 f   mfc71d:MFC71D.DLL
 0001:000125fe       ?OnCreateAggregates@CCmdTarget@@UAEHXZ 004135fe f   mfc71d:MFC71D.DLL
 0001:00012604       ?GetEventSinkMap@CCmdTarget@@MBEPBUAFX_EVENTSINKMAP@@XZ 00413604 f   mfc71d:MFC71D.DLL
 0001:0001260a       ?GetInterfaceMap@CWnd@@MBEPBUAFX_INTERFACEMAP@@XZ 0041360a f   mfc71d:MFC71D.DLL
 0001:00012610       ?GetConnectionMap@CCmdTarget@@MBEPBUAFX_CONNECTIONMAP@@XZ 00413610 f   mfc71d:MFC71D.DLL
 0001:00012616       ?GetDispatchMap@CCmdTarget@@MBEPBUAFX_DISPMAP@@XZ 00413616 f   mfc71d:MFC71D.DLL
 0001:0001261c       ?GetCommandMap@CCmdTarget@@MBEPBUAFX_OLECMDMAP@@XZ 0041361c f   mfc71d:MFC71D.DLL
 0001:00012622       ?GetTypeLib@CCmdTarget@@UAEJKPAPAUITypeLib@@@Z 00413622 f   mfc71d:MFC71D.DLL
 0001:00012628       ?GetTypeLibCache@CCmdTarget@@UAEPAVCTypeLibCache@@XZ 00413628 f   mfc71d:MFC71D.DLL
 0001:0001262e       ?GetTypeInfoCount@CCmdTarget@@UAEIXZ 0041362e f   mfc71d:MFC71D.DLL
 0001:00012634       ?GetDispatchIID@CCmdTarget@@UAEHPAU_GUID@@@Z 00413634 f   mfc71d:MFC71D.DLL
 0001:0001263a       ?IsInvokeAllowed@CCmdTarget@@UAEHJ@Z 0041363a f   mfc71d:MFC71D.DLL
 0001:00012640       ?OnFinalRelease@CWnd@@UAEXXZ 00413640 f   mfc71d:MFC71D.DLL
 0001:00012646       ?OnCmdMsg@CDialog@@UAEHIHPAXPAUAFX_CMDHANDLERINFO@@@Z 00413646 f   mfc71d:MFC71D.DLL
 0001:0001264c       ?Dump@CDialog@@UBEXAAVCDumpContext@@@Z 0041364c f   mfc71d:MFC71D.DLL
 0001:00012652       ?AssertValid@CDialog@@UBEXXZ 00413652 f   mfc71d:MFC71D.DLL
 0001:00012658       ?Serialize@CObject@@UAEXAAVCArchive@@@Z 00413658 f   mfc71d:MFC71D.DLL
 0001:0001265e       ?GetRuntimeClass@CDialog@@UBEPAUCRuntimeClass@@XZ 0041365e f   mfc71d:MFC71D.DLL
 0001:00012664       ??1CDialog@@UAE@XZ         00413664 f   mfc71d:MFC71D.DLL
 0001:0001266a       ??0CDialog@@QAE@IPAVCWnd@@@Z 0041366a f   mfc71d:MFC71D.DLL
 0001:00012670       ??3CObject@@SGXPAX@Z       00413670 f   mfc71d:MFC71D.DLL
 0001:00012676       ??1CStatic@@UAE@XZ         00413676 f   mfc71d:MFC71D.DLL
 0001:0001267c       ??1?$CStringT@DV?$StrTraitMFC_DLL@DV?$ChTraitsCRT@D@ATL@@@@@ATL@@QAE@XZ 0041367c f   mfc71d:MFC71D.DLL
 0001:00012682       ??1CFont@@UAE@XZ           00413682 f   mfc71d:MFC71D.DLL
 0001:00012688       ?DoDataExchange@CWnd@@MAEXPAVCDataExchange@@@Z 00413688 f   mfc71d:MFC71D.DLL
 0001:0001268e       ?OnInitDialog@CDialog@@UAEHXZ 0041368e f   mfc71d:MFC71D.DLL
 0001:00012694       ??B?$CSimpleStringT@D$00@ATL@@QBEPBDXZ 00413694 f   mfc71d:MFC71D.DLL
 0001:0001269a       ?Format@?$CStringT@DV?$StrTraitMFC_DLL@DV?$ChTraitsCRT@D@ATL@@@@@ATL@@QAAXPBDZZ 0041369a f   mfc71d:MFC71D.DLL
 0001:000126a0       ?GetDlgItem@CWnd@@QBEPAV1@H@Z 004136a0 f   mfc71d:MFC71D.DLL
 0001:000126a6       ??0?$CStringT@DV?$StrTraitMFC_DLL@DV?$ChTraitsCRT@D@ATL@@@@@ATL@@QAE@XZ 004136a6 f   mfc71d:MFC71D.DLL
 0001:000126ac       ??0?$CStringT@DV?$StrTraitMFC_DLL@DV?$ChTraitsCRT@D@ATL@@@@@ATL@@QAE@PBD@Z 004136ac f   mfc71d:MFC71D.DLL
 0001:000126b2       ?SetWindowTextA@CWnd@@QAEXPBD@Z 004136b2 f   mfc71d:MFC71D.DLL
 0001:000126b8       ?SubclassDlgItem@CWnd@@QAEHIPAV1@@Z 004136b8 f   mfc71d:MFC71D.DLL
 0001:000126be       ??3@YAXPAXPBDH@Z           004136be f   mfc71d:MFC71D.DLL
 0001:000126c4       ??2@YAPAXIPBDH@Z           004136c4 f   mfc71d:MFC71D.DLL
 0001:000126ca       ??3@YAXPAX@Z               004136ca f   mfc71d:MFC71D.DLL
 0001:000126d0       ??3CObject@@SGXPAXPBDH@Z   004136d0 f   mfc71d:MFC71D.DLL
 0001:000126d6       ??2CObject@@SGPAXIPBDH@Z   004136d6 f   mfc71d:MFC71D.DLL
 0001:000126dc       ?GetRuntimeClass@CObject@@UBEPAUCRuntimeClass@@XZ 004136dc f   mfc71d:MFC71D.DLL
 0001:000126e2       ??0CObject@@IAE@XZ         004136e2 f   mfc71d:MFC71D.DLL
 0001:000126e8       ?AfxThrowInvalidArgException@@YGXXZ 004136e8 f   mfc71d:MFC71D.DLL
 0001:000126ee       ?AfxAssertFailedLine@@YGHPBDH@Z 004136ee f   mfc71d:MFC71D.DLL
 0001:000126f4       ?AfxAssertValidObject@@YGXPBVCObject@@PBDH@Z 004136f4 f   mfc71d:MFC71D.DLL
 0001:000126fa       ??1CObject@@UAE@XZ         004136fa f   mfc71d:MFC71D.DLL
 0001:00012700       ??_V@YAXPAX@Z              00413700 f   mfc71d:MFC71D.DLL
 0001:00012706       ?ReadCount@CArchive@@QAEKXZ 00413706 f   mfc71d:MFC71D.DLL
 0001:0001270c       ?WriteCount@CArchive@@QAEXK@Z 0041370c f   mfc71d:MFC71D.DLL
 0001:00012712       ?IsStoring@CArchive@@QBEHXZ 00413712 f   mfc71d:MFC71D.DLL
 0001:00012718       ?GetDepth@CDumpContext@@QBEHXZ 00413718 f   mfc71d:MFC71D.DLL
 0001:0001271e       ??6CDumpContext@@QAEAAV0@H@Z 0041371e f   mfc71d:MFC71D.DLL
 0001:00012724       ??6CDumpContext@@QAEAAV0@PBD@Z 00413724 f   mfc71d:MFC71D.DLL
 0001:0001272a       ?Dump@CObject@@UBEXAAVCDumpContext@@@Z 0041372a f   mfc71d:MFC71D.DLL
 0001:00012730       ?AfxIsValidAddress@@YGHPBXIH@Z 00413730 f   mfc71d:MFC71D.DLL
 0001:00012736       ?AssertValid@CObject@@UBEXXZ 00413736 f   mfc71d:MFC71D.DLL
 0001:0001273c       ??_U@YAPAXI@Z              0041373c f   mfc71d:MFC71D.DLL
 0001:00012742       ??_U@YAPAXIPBDH@Z          00413742 f   mfc71d:MFC71D.DLL
 0001:00012748       ?Read@CArchive@@QAEIPAXI@Z 00413748 f   mfc71d:MFC71D.DLL
 0001:0001274e       ?Write@CArchive@@QAEXPBXI@Z 0041374e f   mfc71d:MFC71D.DLL
 0001:00012754       ??1CEdit@@UAE@XZ           00413754 f   mfc71d:MFC71D.DLL
 0001:0001275a       ??1CSliderCtrl@@UAE@XZ     0041375a f   mfc71d:MFC71D.DLL
 0001:00012760       ??0CEdit@@QAE@XZ           00413760 f   mfc71d:MFC71D.DLL
 0001:00012766       ??0CSliderCtrl@@QAE@XZ     00413766 f   mfc71d:MFC71D.DLL
 0001:0001276c       ?DDX_Control@@YGXPAVCDataExchange@@HAAVCWnd@@@Z 0041376c f   mfc71d:MFC71D.DLL
 0001:00012772       ?OnHScroll@CWnd@@IAEXIIPAVCScrollBar@@@Z 00413772 f   mfc71d:MFC71D.DLL
 0001:00012778       ?GetDlgCtrlID@CWnd@@QBEHXZ 00413778 f   mfc71d:MFC71D.DLL
 0001:0001277e       ?SetTicFreq@CSliderCtrl@@QAEXH@Z 0041377e f   mfc71d:MFC71D.DLL
 0001:00012784       ?SetPos@CSliderCtrl@@QAEXH@Z 00413784 f   mfc71d:MFC71D.DLL
 0001:0001278a       ?SetLimitText@CEdit@@QAEXI@Z 0041378a f   mfc71d:MFC71D.DLL
 0001:00012790       ?SetSel@CEdit@@QAEXHHH@Z   00413790 f   mfc71d:MFC71D.DLL
 0001:00012796       ?GetLength@?$CSimpleStringT@D$00@ATL@@QBEHXZ 00413796 f   mfc71d:MFC71D.DLL
 0001:0001279c       ?GetWindowTextA@CWnd@@QBEXAAV?$CStringT@DV?$StrTraitMFC_DLL@DV?$ChTraitsCRT@D@ATL@@@@@ATL@@@Z 0041379c f   mfc71d:MFC71D.DLL
 0001:000127a2       ?GetThisMessageMap@CWnd@@KGPBUAFX_MSGMAP@@XZ 004137a2 f   mfc71d:MFC71D.DLL
 0001:000127a8       ?DrawItem@CStatic@@UAEXPAUtagDRAWITEMSTRUCT@@@Z 004137a8 f   mfc71d:MFC71D.DLL
 0001:000127ae       ?Create@CStatic@@UAEHPBDKABUtagRECT@@PAVCWnd@@I@Z 004137ae f   mfc71d:MFC71D.DLL
 0001:000127b4       ?SetOccDialogInfo@CWnd@@MAEHPAU_AFX_OCC_DIALOG_INFO@@@Z 004137b4 f   mfc71d:MFC71D.DLL
 0001:000127ba       ?CheckAutoCenter@CWnd@@UAEHXZ 004137ba f   mfc71d:MFC71D.DLL
 0001:000127c0       ?OnChildNotify@CStatic@@MAEHIIJPAJ@Z 004137c0 f   mfc71d:MFC71D.DLL
 0001:000127c6       ?PreTranslateMessage@CWnd@@UAEHPAUtagMSG@@@Z 004137c6 f   mfc71d:MFC71D.DLL
 0001:000127cc       ?OnCmdMsg@CCmdTarget@@UAEHIHPAXPAUAFX_CMDHANDLERINFO@@@Z 004137cc f   mfc71d:MFC71D.DLL
 0001:000127d2       ?Dump@CWnd@@UBEXAAVCDumpContext@@@Z 004137d2 f   mfc71d:MFC71D.DLL
 0001:000127d8       ?AssertValid@CWnd@@UBEXXZ  004137d8 f   mfc71d:MFC71D.DLL
 0001:000127de       ?GetRuntimeClass@CStatic@@UBEPAUCRuntimeClass@@XZ 004137de f   mfc71d:MFC71D.DLL
 0001:000127e4       ??1CBrush@@UAE@XZ          004137e4 f   mfc71d:MFC71D.DLL
 0001:000127ea       ??1CPen@@UAE@XZ            004137ea f   mfc71d:MFC71D.DLL
 0001:000127f0       ??0CBrush@@QAE@XZ          004137f0 f   mfc71d:MFC71D.DLL
 0001:000127f6       ??0CPen@@QAE@XZ            004137f6 f   mfc71d:MFC71D.DLL
 0001:000127fc       ??0CStatic@@QAE@XZ         004137fc f   mfc71d:MFC71D.DLL
 0001:00012802       ??0CClientDC@@QAE@PAVCWnd@@@Z 00413802 f   mfc71d:MFC71D.DLL
 0001:00012808       ??1CPaintDC@@UAE@XZ        00413808 f   mfc71d:MFC71D.DLL
 0001:0001280e       ??0CPaintDC@@QAE@PAVCWnd@@@Z 0041380e f   mfc71d:MFC71D.DLL
 0001:00012814       ?OnTimer@CWnd@@IAEXI@Z     00413814 f   mfc71d:MFC71D.DLL
 0001:0001281a       ?GetClientRect@CWnd@@QBEXPAUtagRECT@@@Z 0041381a f   mfc71d:MFC71D.DLL
 0001:00012820       ?KillTimer@CWnd@@QAEHI@Z   00413820 f   mfc71d:MFC71D.DLL
 0001:00012826       ?SetTimer@CWnd@@QAEIIIP6GXPAUHWND__@@IIK@Z@Z 00413826 f   mfc71d:MFC71D.DLL
 0001:0001282c       ?SelectObject@CDC@@QAEPAVCBrush@@PAV2@@Z 0041382c f   mfc71d:MFC71D.DLL
 0001:00012832       ?SelectObject@CDC@@QAEPAVCPen@@PAV2@@Z 00413832 f   mfc71d:MFC71D.DLL
 0001:00012838       ?CreateSolidBrush@CBrush@@QAEHK@Z 00413838 f   mfc71d:MFC71D.DLL
 0001:0001283e       ?CreatePen@CPen@@QAEHHHK@Z 0041383e f   mfc71d:MFC71D.DLL
 0001:00012844       ?DeleteObject@CGdiObject@@QAEHXZ 00413844 f   mfc71d:MFC71D.DLL
 0001:0001284a       ?Ellipse@CDC@@QAEHHHHH@Z   0041384a f   mfc71d:MFC71D.DLL
 0001:00012850       ?Arc@CDC@@QAEHPBUtagRECT@@UtagPOINT@@1@Z 00413850 f   mfc71d:MFC71D.DLL
 0001:00012856       ?MoveTo@CDC@@QAE?AVCPoint@@UtagPOINT@@@Z 00413856 f   mfc71d:MFC71D.DLL
 0001:0001285c       ?Ellipse@CDC@@QAEHPBUtagRECT@@@Z 0041385c f   mfc71d:MFC71D.DLL
 0001:00012862       ?LineTo@CDC@@QAEHHH@Z      00413862 f   mfc71d:MFC71D.DLL
 0001:00012868       ?MoveTo@CDC@@QAE?AVCPoint@@HH@Z 00413868 f   mfc71d:MFC71D.DLL
 0001:0001286e       ?FillRect@CDC@@QAEXPBUtagRECT@@PAVCBrush@@@Z 0041386e f   mfc71d:MFC71D.DLL
 0001:00012874       ?EnableWindow@CWnd@@QAEHH@Z 00413874 f   mfc71d:MFC71D.DLL
 0001:0001287a       ?PostMessageA@CWnd@@QAEHIIJ@Z 0041387a f   mfc71d:MFC71D.DLL
 0001:00012880       ?GetParent@CWnd@@QBEPAV1@XZ 00413880 f   mfc71d:MFC71D.DLL
 0001:00012886       ?GetThisClass@CDialog@@SGPAUCRuntimeClass@@XZ 00413886 f   mfc71d:MFC71D.DLL
 0001:0001288c       ?GetCheck@CButton@@QBEHXZ  0041388c f   mfc71d:MFC71D.DLL
 0001:00012892       ?GetCurSel@CListBox@@QBEHXZ 00413892 f   mfc71d:MFC71D.DLL
 0001:00012898       ?GetCurSel@CComboBox@@QBEHXZ 00413898 f   mfc71d:MFC71D.DLL
 0001:0001289e       ?SetCheck@CButton@@QAEXH@Z 0041389e f   mfc71d:MFC71D.DLL
 0001:000128a4       ?SetCurSel@CListBox@@QAEHH@Z 004138a4 f   mfc71d:MFC71D.DLL
 0001:000128aa       ?SetCurSel@CComboBox@@QAEHH@Z 004138aa f   mfc71d:MFC71D.DLL
 0001:000128b0       ?GetCount@CListBox@@QBEHXZ 004138b0 f   mfc71d:MFC71D.DLL
 0001:000128b6       ?GetCount@CComboBox@@QBEHXZ 004138b6 f   mfc71d:MFC71D.DLL
 0001:000128bc       ?AfxGetApp@@YGPAVCWinApp@@XZ 004138bc f   mfc71d:MFC71D.DLL
 0001:000128c2       ?RedrawWindow@CWnd@@QAEHPBUtagRECT@@PAVCRgn@@I@Z 004138c2 f   mfc71d:MFC71D.DLL
 0001:000128c8       ?LineScroll@CEdit@@QAEXHH@Z 004138c8 f   mfc71d:MFC71D.DLL
 0001:000128ce       ?GetLineCount@CEdit@@QBEHXZ 004138ce f   mfc71d:MFC71D.DLL
 0001:000128d4       ?GetText@CListBox@@QBEXHAAV?$CStringT@DV?$StrTraitMFC_DLL@DV?$ChTraitsCRT@D@ATL@@@@@ATL@@@Z 004138d4 f   mfc71d:MFC71D.DLL
 0001:000128da       ??4?$CStringT@DV?$StrTraitMFC_DLL@DV?$ChTraitsCRT@D@ATL@@@@@ATL@@QAEAAV01@PBD@Z 004138da f   mfc71d:MFC71D.DLL
 0001:000128e0       ?MoveWindow@CWnd@@QAEXPBUtagRECT@@H@Z 004138e0 f   mfc71d:MFC71D.DLL
 0001:000128e6       ?GetWindowRect@CWnd@@QBEXPAUtagRECT@@@Z 004138e6 f   mfc71d:MFC71D.DLL
 0001:000128ec       ?OnShowWindow@CWnd@@IAEXHI@Z 004138ec f   mfc71d:MFC71D.DLL
 0001:000128f2       ??0?$CStringT@DV?$StrTraitMFC_DLL@DV?$ChTraitsCRT@D@ATL@@@@@ATL@@QAE@ABV01@@Z 004138f2 f   mfc71d:MFC71D.DLL
 0001:000128f8       ?Concatenate@?$CSimpleStringT@D$00@ATL@@KAXAAV12@PBDH1H@Z 004138f8 f   mfc71d:MFC71D.DLL
 0001:000128fe       ??0?$CStringT@DV?$StrTraitMFC_DLL@DV?$ChTraitsCRT@D@ATL@@@@@ATL@@QAE@PAUIAtlStringMgr@1@@Z 004138fe f   mfc71d:MFC71D.DLL
 0001:00012904       ?GetManager@?$CSimpleStringT@D$00@ATL@@QBEPAUIAtlStringMgr@2@XZ 00413904 f   mfc71d:MFC71D.DLL
 0001:0001290a       ?OnHelp@CWinApp@@IAEXXZ    0041390a f   mfc71d:MFC71D.DLL
 0001:00012910       ?GetThisMessageMap@CWinApp@@KGPBUAFX_MSGMAP@@XZ 00413910 f   mfc71d:MFC71D.DLL
 0001:00012916       ?LoadSysPolicies@CWinApp@@UAEHXZ 00413916 f   mfc71d:MFC71D.DLL
 0001:0001291c       ?LoadAppLangResourceDLL@CWinApp@@UAEPAUHINSTANCE__@@XZ 0041391c f   mfc71d:MFC71D.DLL
 0001:00012922       ?WinHelpInternal@CWinApp@@UAEXKI@Z 00413922 f   mfc71d:MFC71D.DLL
 0001:00012928       ?HtmlHelpA@CWinApp@@UAEXKI@Z 00413928 f   mfc71d:MFC71D.DLL
 0001:0001292e       ?WinHelpA@CWinApp@@UAEXKI@Z 0041392e f   mfc71d:MFC71D.DLL
 0001:00012934       ?OnDDECommand@CWinApp@@UAEHPAD@Z 00413934 f   mfc71d:MFC71D.DLL
 0001:0001293a       ?DoWaitCursor@CWinApp@@UAEXH@Z 0041393a f   mfc71d:MFC71D.DLL
 0001:00012940       ?DoMessageBox@CWinApp@@UAEHPBDII@Z 00413940 f   mfc71d:MFC71D.DLL
 0001:00012946       ?SaveAllModified@CWinApp@@UAEHXZ 00413946 f   mfc71d:MFC71D.DLL
 0001:0001294c       ?InitApplication@CWinApp@@UAEHXZ 0041394c f   mfc71d:MFC71D.DLL
 0001:00012952       ?AddToRecentFileList@CWinApp@@UAEXPBD@Z 00413952 f   mfc71d:MFC71D.DLL
 0001:00012958       ?OpenDocumentFile@CWinApp@@UAEPAVCDocument@@PBD@Z 00413958 f   mfc71d:MFC71D.DLL
 0001:0001295e       ?Unregister@CWinApp@@UAEHXZ 0041395e f   mfc71d:MFC71D.DLL
 0001:00012964       ?Register@CWinApp@@UAEHXZ  00413964 f   mfc71d:MFC71D.DLL
 0001:0001296a       ?InitLibId@CWinApp@@UAEXXZ 0041396a f   mfc71d:MFC71D.DLL
 0001:00012970       ?Delete@CWinThread@@UAEXXZ 00413970 f   mfc71d:MFC71D.DLL
 0001:00012976       ?GetMainWnd@CWinThread@@UAEPAVCWnd@@XZ 00413976 f   mfc71d:MFC71D.DLL
 0001:0001297c       ?ProcessMessageFilter@CWinThread@@UAEHHPAUtagMSG@@@Z 0041397c f   mfc71d:MFC71D.DLL
 0001:00012982       ?ProcessWndProcException@CWinApp@@UAEJPAVCException@@PBUtagMSG@@@Z 00413982 f   mfc71d:MFC71D.DLL
 0001:00012988       ?ExitInstance@CWinApp@@UAEHXZ 00413988 f   mfc71d:MFC71D.DLL
 0001:0001298e       ?IsIdleMessage@CWinThread@@UAEHPAUtagMSG@@@Z 0041398e f   mfc71d:MFC71D.DLL
 0001:00012994       ?OnIdle@CWinApp@@UAEHJ@Z   00413994 f   mfc71d:MFC71D.DLL
 0001:0001299a       ?PumpMessage@CWinThread@@UAEHXZ 0041399a f   mfc71d:MFC71D.DLL
 0001:000129a0       ?PreTranslateMessage@CWinThread@@UAEHPAUtagMSG@@@Z 004139a0 f   mfc71d:MFC71D.DLL
 0001:000129a6       ?Run@CWinApp@@UAEHXZ       004139a6 f   mfc71d:MFC71D.DLL
 0001:000129ac       ?GetInterfaceMap@CCmdTarget@@MBEPBUAFX_INTERFACEMAP@@XZ 004139ac f   mfc71d:MFC71D.DLL
 0001:000129b2       ?OnFinalRelease@CCmdTarget@@UAEXXZ 004139b2 f   mfc71d:MFC71D.DLL
 0001:000129b8       ?Dump@CWinApp@@UBEXAAVCDumpContext@@@Z 004139b8 f   mfc71d:MFC71D.DLL
 0001:000129be       ?AssertValid@CWinApp@@UBEXXZ 004139be f   mfc71d:MFC71D.DLL
 0001:000129c4       ?GetRuntimeClass@CWinApp@@UBEPAUCRuntimeClass@@XZ 004139c4 f   mfc71d:MFC71D.DLL
 0001:000129ca       ??0CWinApp@@QAE@PBD@Z      004139ca f   mfc71d:MFC71D.DLL
 0001:000129d0       ??1CWinApp@@UAE@XZ         004139d0 f   mfc71d:MFC71D.DLL
 0001:000129d6       ??1CProgressCtrl@@UAE@XZ   004139d6 f   mfc71d:MFC71D.DLL
 0001:000129dc       ?LoadIconA@CWinApp@@QBEPAUHICON__@@I@Z 004139dc f   mfc71d:MFC71D.DLL
 0001:000129e2       ??0CProgressCtrl@@QAE@XZ   004139e2 f   mfc71d:MFC71D.DLL
 0001:000129e8       ?DDX_Check@@YGXPAVCDataExchange@@HAAH@Z 004139e8 f   mfc71d:MFC71D.DLL
 0001:000129ee       ?SendMessageA@CWnd@@QAEJIIJ@Z 004139ee f   mfc71d:MFC71D.DLL
 0001:000129f4       ?SetBkColor@CProgressCtrl@@QAEKK@Z 004139f4 f   mfc71d:MFC71D.DLL
 0001:000129fa       ?SetRange@CProgressCtrl@@QAEXFF@Z 004139fa f   mfc71d:MFC71D.DLL
 0001:00012a00       ?LoadMenuA@CMenu@@QAEHI@Z  00413a00 f   mfc71d:MFC71D.DLL
 0001:00012a06       ??0CMenu@@QAE@XZ           00413a06 f   mfc71d:MFC71D.DLL
 0001:00012a0c       ?ModifyStyleEx@CWnd@@QAEHKKI@Z 00413a0c f   mfc71d:MFC71D.DLL
 0001:00012a12       ?EnableToolTips@CWnd@@QAEHH@Z 00413a12 f   mfc71d:MFC71D.DLL
 0001:00012a18       ?SetIcon@CWnd@@QAEPAUHICON__@@PAU2@H@Z 00413a18 f   mfc71d:MFC71D.DLL
 0001:00012a1e       ?OnDestroy@CWnd@@IAEXXZ    00413a1e f   mfc71d:MFC71D.DLL
 0001:00012a24       ?OnPaint@CDialog@@IAEXXZ   00413a24 f   mfc71d:MFC71D.DLL
 0001:00012a2a       ?DrawIcon@CDC@@QAEHHHPAUHICON__@@@Z 00413a2a f   mfc71d:MFC71D.DLL
 0001:00012a30       ?GetSafeHdc@CDC@@QBEPAUHDC__@@XZ 00413a30 f   mfc71d:MFC71D.DLL
[...]
   300 0001:00017276   301 0001:00017293   302 0001:000172a2   303 0001:000172a4
   304 0001:00017304   308 0001:00017310   310 0001:00017324   312 0001:0001732b
   313 0001:00017344   315 0001:0001734e   317 0001:00017372   319 0001:00017387
   320 0001:000173bc   321 0001:000173c5   322 0001:000173cf   323 0001:000173d1
   326 0001:000173e3   328 0001:000173fe   329 0001:00017434   330 0001:0001743d
   331 0001:00017447   332 0001:00017449   335 0001:0001745b   336 0001:00017485
   338 0001:00017489   339 0001:0001748f   340 0001:000174a9   341 0001:000174ab
   343 0001:000174b8   347 0001:000174d0   349 0001:000174e4   350 0001:000174eb
   351 0001:000174f5   352 0001:0001750f   354 0001:00017519   356 0001:0001753d
   358 0001:00017552   359 0001:00017587   360 0001:00017590   361 0001:0001759a
   362 0001:0001759c   365 0001:000175ae   367 0001:000175c9   368 0001:000175ff
   369 0001:00017608   370 0001:00017612   371 0001:00017614   374 0001:00017626
   375 0001:00017650   377 0001:00017656   378 0001:0001765c   379 0001:00017676
   380 0001:00017678   383 0001:00017685   386 0001:000176a0   387 0001:000176b0
   390 0001:000176dd   391 0001:000176fc   392 0001:00017700   394 0001:00017713
   395 0001:0001773b   398 0001:0001773f   399 0001:00017742   402 0001:00017760
   403 0001:00017766   404 0001:0001776c   405 0001:00017776   406 0001:0001779e
   409 0001:000177b0   410 0001:000177b4   411 0001:000177ba   412 0001:000177c2
   415 0001:000177d0   416 0001:000177d6   418 0001:000177fd   419 0001:00017803
   420 0001:0001782f   421 0001:0001783a   423 0001:00017861   425 0001:0001786b
   426 0001:00017880   427 0001:00017899   428 0001:000178aa   429 0001:000178bc
   430 0001:000178cf   431 0001:000178e2   432 0001:000178f5   434 0001:00017906
   435 0001:0001790b   438 0001:00017920   439 0001:00017926   440 0001:0001794d
   441 0001:00017953   443 0001:00017958   444 0001:0001795e   446 0001:0001798a
   447 0001:0001799b   448 0001:000179ad   449 0001:000179b3   451 0001:000179b8
   452 0001:000179cd   453 0001:000179ea   454 0001:000179f9   455 0001:00017a0b
   456 0001:00017a17   460 0001:00017a2f   461 0001:00017a3c   463 0001:00017a3e
   464 0001:00017a4b   466 0001:00017a4d   469 0001:00017a5a   472 0001:00017a60
   473 0001:00017a66   475 0001:00017a8d   476 0001:00017a93   478 0001:00017abf
   479 0001:00017ac8   480 0001:00017ad7   481 0001:00017add   483 0001:00017ae2
   485 0001:00017af3   486 0001:00017afb   488 0001:00017b15   489 0001:00017b1b
   490 0001:00017b20   491 0001:00017b29   492 0001:00017b3b   494 0001:00017b3d
   495 0001:00017b43   497 0001:00017b48   498 0001:00017b5d   499 0001:00017b6b
   500 0001:00017b7a   503 0001:00017b97   504 0001:00017ba4   506 0001:00017ba6
   507 0001:00017bb3   509 0001:00017bb5   510 0001:00017bc2   512 0001:00017bc4
   515 0001:00017be9   522 0001:00017bf0   523 0001:00017bf6   525 0001:00017bfa
   526 0001:00017c27   527 0001:00017c30   529 0001:00017c39   530 0001:00017c46
   531 0001:00017c6d   533 0001:00017c81   534 0001:00017ca8   536 0001:00017cb2
   538 0001:00017cbf   539 0001:00017cd3   541 0001:00017cdd   542 0001:00017ce1
   547 0001:00017ce5   549 0001:00017d16   551 0001:00017d1a   553 0001:00017d1c
   555 0001:00017d3f   557 0001:00017d43   558 0001:00017d45   560 0001:00017d58
   563 0001:00017d5c   565 0001:00017d64   566 0001:00017d7a   571 0001:00017d7e
   572 0001:00017d80

Line numbers for C:\Program Files\Microsoft Visual Studio .NET 2003\Vc7\atlmfc\lib\atlsd.lib(f:\vs70builds\6030\vc\mfcatl\ship\atlmfc\include\atlbase.h) segment .text

   191 0001:00018f50   192 0001:00018f53   193 0001:00018f5c   194 0001:00018f60
   195 0001:00018f6d   197 0001:00018f80   198 0001:00018f86   199 0001:00018f8d
   200 0001:00018f96   201 0001:00018f9a   202 0001:00018fb3   203 0001:00018fb9
   204 0001:00018fdb   205 0001:00018fe1   206 0001:00018fed   207 0001:00018ff0
   745 0001:00019000   754 0001:00019004   756 0001:00019040   288 0001:00019050
   289 0001:00019068   293 0001:00019070   294 0001:0001907b   296 0001:00019081
   299 0001:0001908a   303 0001:000190a0   304 0001:000190a7   306 0001:000190b2
   308 0001:000190ba   328 0001:000190c0   329 0001:000190c7   330 0001:000190f3
   331 0001:000190fd   332 0001:00019104   312 0001:00019130   315 0001:00019139
   316 0001:00019165   317 0001:00019172   319 0001:00019178   321 0001:0001917d
   323 0001:00019184   324 0001:00019186  2620 0001:0001c320

Line numbers for C:\Program Files\Microsoft Visual Studio .NET 2003\Vc7\atlmfc\lib\atlsd.lib(f:\vs70builds\6030\vc\mfcatl\ship\atlmfc\include\atlcore.h) segment .text

   129 0001:00018eb0   130 0001:00018ed9   131 0001:00018ee0   133 0001:00018ee7
   136 0001:00018efa   138 0001:00018f0d   139 0001:00018f16   140 0001:00018f1d
   141 0001:00018f1f   143 0001:00018f2d   144 0001:00018f30   124 0001:00019110
   125 0001:00019117   126 0001:00019121   127 0001:00019123   119 0001:00019190
   120 0001:00019197   121 0001:000191a1   122 0001:000191a3

Line numbers for C:\Program Files\Microsoft Visual Studio .NET 2003\Vc7\atlmfc\lib\atlsd.lib(f:\vs70builds\6030\vc\mfcatl\ship\atlmfc\include\atlcomcli.h) segment .text

   248 0001:00018cd0   250 0001:00018cdf   126 0001:00018cf0   127 0001:00018cf7
   128 0001:00018cff   129 0001:00018d0f   142 0001:00018d20   143 0001:00018d27
   144 0001:00018d50   145 0001:00018d53   147 0001:00018d60   148 0001:00018d67
   149 0001:00018d90   150 0001:00018d95   248 0001:00018da0   250 0001:00018daf
   126 0001:00018dc0   127 0001:00018dc7   128 0001:00018dcf   129 0001:00018ddf
   142 0001:00018df0   143 0001:00018df7   144 0001:00018e20   145 0001:00018e23
   147 0001:00018e30   148 0001:00018e37   149 0001:00018e60   150 0001:00018e65
   107 0001:00018e70   109 0001:00018e77   110 0001:00018e80   107 0001:00018e90
   109 0001:00018e97   110 0001:00018ea0

Line numbers for C:\Program Files\Microsoft Visual Studio .NET 2003\Vc7\atlmfc\lib\atlsd.lib(f:\vs70builds\6030\devtools\common\win32sdk\include\guiddef.h) segment .text

   151 0001:00018c70   156 0001:00018c74   157 0001:00018cbd

Line numbers for C:\Program Files\Microsoft Visual Studio .NET 2003\Vc7\atlmfc\lib\atlsd.lib(f:\vs70builds\6030\vc\mfcatl\ship\atlmfc\src\atl\atls\atlfuncs.cpp) segment .text

    31 0001:00018c20    28 0001:00018c20    32 0001:00018c24    33 0001:00018c27
    34 0001:00018c2b    35 0001:00018c2e

Line numbers for C:\Program Files\Microsoft Visual Studio .NET 2003\Vc7\atlmfc\lib\atlsd.lib(f:\vs70builds\6030\vc\mfcatl\ship\atlmfc\include\atlbase.inl) segment .text

    27 0001:00017f10    28 0001:00017f16    29 0001:00017f1c    31 0001:00017f26
    32 0001:00017f2e    33 0001:00017f36    34 0001:00017f52    35 0001:00017f58
    36 0001:00017f7f    37 0001:00017f85    38 0001:00017fa7    39 0001:00017fc0
    42 0001:00017fd0    43 0001:00017fd6    44 0001:00017fdc    46 0001:00017fe6
    47 0001:00017fee    48 0001:00017ff6    49 0001:00018012    50 0001:00018018
    51 0001:0001803f    52 0001:00018045    53 0001:00018063    54 0001:0001807c
    62 0001:00018090    63 0001:00018096    66 0001:0001809c    67 0001:000180aa
    68 0001:000180c2    69 0001:000180cc    71 0001:000180d8    72 0001:000180da
    75 0001:000180e0    76 0001:000180e4    77 0001:00018108    78 0001:0001810e
    80 0001:00018115    81 0001:00018126    84 0001:0001812c    85 0001:00018149
    87 0001:0001814f    88 0001:0001815f    91 0001:00018168    92 0001:0001816b
    95 0001:00018180    96 0001:00018186    97 0001:000181aa    98 0001:000181b0
   100 0001:000181b7   101 0001:000181c0   102 0001:000181c7   105 0001:000181cd
   106 0001:000181db   107 0001:000181f3   109 0001:00018208   110 0001:0001820b
   116 0001:00018220   117 0001:00018226   118 0001:0001824a   119 0001:00018250
   120 0001:0001825a   121 0001:00018262   123 0001:0001826c   124 0001:00018272
   125 0001:0001827c   127 0001:00018285   129 0001:0001828c   131 0001:000182af
   133 0001:000182bb   134 0001:000182c3   136 0001:000182ea   138 0001:000182f7
   139 0001:00018308   140 0001:00018313   142 0001:00018319   143 0001:00018346
   144 0001:0001836b   146 0001:00018375   147 0001:0001837e   148 0001:0001839a
   149 0001:000183a2   150 0001:000183ab   151 0001:000183c7   154 0001:000183c9
   156 0001:000183ce   157 0001:000183dc   158 0001:000183e3   159 0001:000183e6
   162 0001:000183f0   163 0001:000183f6   164 0001:0001841d   165 0001:00018423
   167 0001:0001842a   168 0001:00018431   170 0001:00018456   171 0001:0001845e
   172 0001:00018474   173 0001:00018476   174 0001:00018479   177 0001:00018480
   178 0001:00018486   179 0001:000184ad   180 0001:000184b3   182 0001:000184ba
   183 0001:000184c1   185 0001:000184e6   186 0001:000184ee   187 0001:000184fc
   188 0001:000184fe   189 0001:00018501   192 0001:00018510   196 0001:00018516
   198 0001:00018523   200 0001:0001853b   201 0001:00018541   203 0001:0001854b
   204 0001:00018551   207 0001:00018556   210 0001:00018570   213 0001:0001857d
   214 0001:00018583   215 0001:00018596   216 0001:00018598   218 0001:000185ab
   220 0001:000185b1   222 0001:000185bb   223 0001:000185c1   224 0001:000185cb
   225 0001:000185cd   228 0001:000185d7   229 0001:000185e7   230 0001:000185ee
   231 0001:000185f3   232 0001:000185f8   233 0001:000185fa   240 0001:00018600
   241 0001:00018606   242 0001:0001862d   244 0001:00018654   245 0001:00018660
   248 0001:0001866a   249 0001:00018694   250 0001:0001869a   251 0001:000186a4
   252 0001:000186ad   254 0001:000186ba   255 0001:000186c6   256 0001:000186d2
   257 0001:000186da   259 0001:000186e1   261 0001:000186ee   262 0001:000186fc
   264 0001:0001871c   266 0001:00018725   267 0001:0001874c   268 0001:00018758
   269 0001:00018764   270 0001:0001876c   275 0001:00018770   276 0001:0001878c
   277 0001:0001879e   280 0001:000187a3   281 0001:000187ac   282 0001:000187b1
   283 0001:000187b6   286 0001:000187c0   287 0001:000187c3   288 0001:000187c8
   294 0001:000187d0   295 0001:000187d6   296 0001:000187dc   298 0001:000187e8
   299 0001:00018815   300 0001:00018821   302 0001:0001882d   303 0001:00018835
   304 0001:00018841   305 0001:00018852   307 0001:0001885e   308 0001:0001888b
   309 0001:000188b0   311 0001:000188ba   312 0001:000188c6   313 0001:000188cf
   316 0001:000188e0   317 0001:000188e6   318 0001:000188ec   320 0001:000188f3
   321 0001:000188fa   322 0001:0001890b   324 0001:00018917   325 0001:00018944
   326 0001:00018969   328 0001:0001897c   329 0001:00018985   331 0001:0001898b
   332 0001:00018994   333 0001:0001899b   335 0001:000189a1   337 0001:000189ac
   338 0001:000189b2   339 0001:000189be   340 0001:000189c0   341 0001:000189cc
   342 0001:000189d4   344 0001:000189d6   345 0001:000189dc   346 0001:000189e5
   348 0001:000189e7   349 0001:000189f8   352 0001:00018a00   353 0001:00018a06
   354 0001:00018a0c   357 0001:00018a16   358 0001:00018a1e   360 0001:00018a25
   362 0001:00018a2f   363 0001:00018a3d   365 0001:00018a43   366 0001:00018a70
   368 0001:00018a95   369 0001:00018a98   375 0001:00018aa0   376 0001:00018aa6
   377 0001:00018aac   379 0001:00018ab6   380 0001:00018abd   381 0001:00018ac4
   382 0001:00018ad7   383 0001:00018add   384 0001:00018ae4   386 0001:00018ae9
   387 0001:00018af1   388 0001:00018afa   389 0001:00018b0b   390 0001:00018b16
   392 0001:00018b1c   393 0001:00018b28   395 0001:00018b31   397 0001:00018b33
   398 0001:00018b45   399 0001:00018b72   401 0001:00018b97   402 0001:00018b9f
   403 0001:00018ba2   406 0001:00018bb0   407 0001:00018bb6   408 0001:00018bbc
   410 0001:00018bc8   411 0001:00018bd1   412 0001:00018bd8   414 0001:00018bde
   415 0001:00018bea   416 0001:00018bf3   417 0001:00018c05   418 0001:00018c0b
   419 0001:00018c0d   420 0001:00018c17

Line numbers for C:\Program Files\Microsoft Visual Studio .NET 2003\Vc7\atlmfc\lib\atlsd.lib(f:\vs70builds\6030\vc\mfcatl\ship\atlmfc\include\atlbase.h) segment .text

  2620 0001:0001c2e0

Line numbers for C:\Program Files\Microsoft Visual Studio .NET 2003\Vc7\atlmfc\lib\atlsd.lib(f:\vs70builds\6030\vc\mfcatl\ship\atlmfc\include\atltrace.h) segment .text

   196 0001:00016b50   197 0001:00016b60   198 0001:00016b73   199 0001:00016b89
    82 0001:00016ba0    84 0001:00016ba7    85 0001:00016bc0   131 0001:00016bd0

Line numbers for C:\Program Files\Microsoft Visual Studio .NET 2003\Vc7\atlmfc\lib\atlsd.lib(f:\vs70builds\6030\vc\mfcatl\ship\atlmfc\src\atl\atls\atltrace.cpp) segment .text

    22 0001:0001bf80    23 0001:0001bfa0    24 0001:0001bfc0    25 0001:0001bfe0
    26 0001:0001c000    27 0001:0001c020    28 0001:0001c040    29 0001:0001c060
    30 0001:0001c080    31 0001:0001c0a0    32 0001:0001c0c0    33 0001:0001c0e0
    34 0001:0001c100    35 0001:0001c120    36 0001:0001c140    37 0001:0001c160
    38 0001:0001c180    39 0001:0001c1a0    40 0001:0001c1c0    41 0001:0001c1e0
    42 0001:0001c200    43 0001:0001c220    44 0001:0001c240    47 0001:0001c260
    48 0001:0001c280    49 0001:0001c2a0    50 0001:0001c2c0

Line numbers for C:\Program Files\Microsoft Visual Studio .NET 2003\Vc7\atlmfc\lib\atlsd.lib(f:\vs70builds\6030\vc\mfcatl\ship\atlmfc\include\atlbase.h) segment .text

  2620 0001:0001bee0

Line numbers for C:\Program Files\Microsoft Visual Studio .NET 2003\Vc7\atlmfc\lib\atlsd.lib(f:\vs70builds\6030\vc\mfcatl\ship\atlmfc\include\atltypes.inl) segment .text

    22 0001:00015420    24 0001:00015430    26 0001:00015460    28 0001:00015480
    30 0001:000154a0    31 0001:000154a7    32 0001:000154b7    33 0001:000154c6
    35 0001:000154d0    37 0001:00015510    39 0001:00015550    41 0001:00015580
    43 0001:000155b0    45 0001:000155d0    47 0001:00015600    49 0001:00015630
    51 0001:00015660    53 0001:00015690    55 0001:000156c0    57 0001:00015700
    61 0001:00015740    63 0001:00015750    65 0001:00015780    67 0001:000157a0
    69 0001:000157c0    70 0001:000157c7    71 0001:000157d7    72 0001:000157e6
    74 0001:000157f0    76 0001:00015820    78 0001:00015850    80 0001:00015880
    82 0001:000158a0    84 0001:000158e0    86 0001:00015920    88 0001:00015950
    90 0001:00015980    92 0001:000159b0    94 0001:000159e0    96 0001:00015a10
    98 0001:00015a40   100 0001:00015a70   102 0001:00015aa0   104 0001:00015ad0
   106 0001:00015b10   110 0001:00015b50   112 0001:00015b60   114 0001:00015ba0
   116 0001:00015bc0   118 0001:00015be0   120 0001:00015c20   121 0001:00015c38
   123 0001:00015c60   125 0001:00015c80   127 0001:00015ca0   129 0001:00015ce0
   131 0001:00015cf0   133 0001:00015d10   135 0001:00015d20   137 0001:00015d40
   139 0001:00015d80   141 0001:00015da0   143 0001:00015dd0   145 0001:00015de0
   147 0001:00015df0   149 0001:00015e10   151 0001:00015e60   153 0001:00015e80
   155 0001:00015eb0   157 0001:00015ee0   159 0001:00015f00   161 0001:00015f20
   163 0001:00015f40   165 0001:00015f60   167 0001:00015f80   169 0001:00015fb0
   171 0001:00015fe0   173 0001:00016000   175 0001:00016020   177 0001:00016040
   179 0001:00016070   181 0001:000160a0   183 0001:000160d0   185 0001:00016100
   187 0001:00016120   189 0001:00016140   191 0001:00016160   193 0001:00016180
   195 0001:000161a0   197 0001:000161c0   199 0001:000161e0   201 0001:00016200
   203 0001:00016230   205 0001:00016260   207 0001:00016280   209 0001:000162a0
   211 0001:000162c0   213 0001:00016320   215 0001:00016380   217 0001:000163e0
   219 0001:00016440   221 0001:00016490   223 0001:000164e0   224 0001:00016503
   226 0001:00016530   227 0001:00016553   229 0001:00016580   232 0001:000165a0
   234 0001:000165a9   236 0001:000165b6   237 0001:000165be   238 0001:000165c9
   240 0001:000165d2   242 0001:000165e0   243 0001:000165e9   244 0001:000165f5
   246 0001:000165fe   249 0001:00016610   250 0001:00016617   251 0001:00016638
   252 0001:0001665c   255 0001:00016670   256 0001:00016677   257 0001:00016693
   258 0001:000166b1   261 0001:000166c0   262 0001:000166c7   263 0001:000166e8
   264 0001:0001670c   267 0001:00016720   268 0001:00016727   269 0001:00016743
   270 0001:00016761   273 0001:00016770   278 0001:00016777   279 0001:000167d9

Line numbers for C:\Program Files\Microsoft Visual Studio .NET 2003\Vc7\atlmfc\lib\atlsd.lib(f:\vs70builds\6030\vc\mfcatl\ship\atlmfc\include\atlbase.h) segment .text

  2620 0001:0001c3a0

Line numbers for C:\Program Files\Microsoft Visual Studio .NET 2003\Vc7\atlmfc\lib\atlsd.lib(f:\vs70builds\6030\vc\mfcatl\ship\atlmfc\src\atl\atls\atltracemodulemanager.h) segment .text

    44 0001:0001b1e0    45 0001:0001b20e

Line numbers for C:\Program Files\Microsoft Visual Studio .NET 2003\Vc7\atlmfc\lib\atlsd.lib(f:\vs70builds\6030\vc\mfcatl\ship\atlmfc\src\atl\atls\atltracemodulemanager.cpp) segment .text

    21 0001:0001adc0    22 0001:0001ade7    23 0001:0001adf0    24 0001:0001adfc
    27 0001:0001ae10    28 0001:0001ae2a    30 0001:0001ae44    32 0001:0001ae55
    34 0001:0001ae7e    36 0001:0001ae9c    37 0001:0001aea3    40 0001:0001af30
    41 0001:0001af32    43 0001:0001af48    45 0001:0001af4e    46 0001:0001af6c
    47 0001:0001af8e    48 0001:0001afae    49 0001:0001afbf    51 0001:0001afdd
    52 0001:0001afec    53 0001:0001aff9    54 0001:0001b005    59 0001:0001b020
    60 0001:0001b039    61 0001:0001b048    64 0001:0001b050    65 0001:0001b057
    66 0001:0001b06c    67 0001:0001b075    72 0001:0001b080    73 0001:0001b0aa
    76 0001:0001b0c0    78 0001:0001b0c9    82 0001:0001b0ea    91 0001:0001b0f0
    92 0001:0001b19d    94 0001:0001b1a9    95 0001:0001b1b3    98 0001:0001b1c0
    99 0001:0001b1c7   100 0001:0001b1d6

Line numbers for C:\Program Files\Microsoft Visual Studio .NET 2003\Vc7\atlmfc\lib\atlsd.lib(f:\vs70builds\6030\vc\mfcatl\ship\atlmfc\include\atlbase.h) segment .text

  2620 0001:0001bf60

Line numbers for C:\Program Files\Microsoft Visual Studio .NET 2003\Vc7\atlmfc\lib\atlsd.lib(f:\vs70builds\6030\vc\mfcatl\ship\atlmfc\include\atltrace.h) segment .text

    70 0001:000169b0    71 0001:000169ca    73 0001:000169df    76 0001:00016b30
    77 0001:00016b37    78 0001:00016b43

Line numbers for C:\Program Files\Microsoft Visual Studio .NET 2003\Vc7\atlmfc\lib\atlsd.lib(f:\vs70builds\6030\vc\mfcatl\ship\atlmfc\include\atlexcept.h) segment .text

    40 0001:00016990    41 0001:0001699f

Line numbers for C:\Program Files\Microsoft Visual Studio .NET 2003\Vc7\atlmfc\lib\atlsd.lib(f:\vs70builds\6030\vc\mfcatl\ship\atlmfc\include\atlsimpcoll.h) segment .text

    97 0001:00016860    97 0001:00016890   100 0001:00016a30   101 0001:00016a37
   102 0001:00016a3f   100 0001:00016a50   101 0001:00016a57   102 0001:00016a5f
   173 0001:00016a70   174 0001:00016a79   176 0001:00016a81   177 0001:00016a9e
   178 0001:00016aa0   179 0001:00016aae   181 0001:00016ab7   182 0001:00016ac1
   183 0001:00016acb   173 0001:00016ad0   174 0001:00016ad9   176 0001:00016ae1
   177 0001:00016afe   178 0001:00016b00   179 0001:00016b0e   181 0001:00016b17
   182 0001:00016b21   183 0001:00016b2b

Line numbers for C:\Program Files\Microsoft Visual Studio .NET 2003\Vc7\atlmfc\lib\atlsd.lib(f:\vs70builds\6030\vc\mfcatl\ship\atlmfc\src\atl\atls\allocate.h) segment .text

    42 0001:000167e0    43 0001:0001681b    46 0001:000169f0    47 0001:000169f7
    48 0001:00016a01

Line numbers for C:\Program Files\Microsoft Visual Studio .NET 2003\Vc7\atlmfc\lib\atlsd.lib(f:\vs70builds\6030\vc\mfcatl\ship\atlmfc\src\atl\atls\externs.cpp) segment .text

    26 0001:000168c0    30 0001:000168d3    32 0001:000168fe    34 0001:0001690d
    37 0001:00016936    39 0001:00016953    42 0001:0001697c    43 0001:0001697e
    23 0001:0001bf00    45 0001:0001bf20    52 0001:0001bf30
