 SppConsole

 Timestamp is 47c9ad24 (Sat Mar 01 21:23:16 2008)

 Preferred load address is 00400000

 Start         Length     Name                   Class
 0001:00000000 00008216H .text                   CODE
 0001:00008220 000003ecH .text$x                 CODE
 0001:00008610 0000003eH .text$yc                CODE
 0001:00008650 00000014H .text$yd                CODE
 0002:00000000 0000050cH .idata$5                DATA
 0002:00000510 000019f0H .rdata                  DATA
 0002:00001f00 0000006cH .rdata$sxdata           DATA
 0002:00001f6c 00000004H .rtc$IAA                DATA
 0002:00001f70 00000004H .rtc$IZZ                DATA
 0002:00001f74 00000004H .rtc$TAA                DATA
 0002:00001f78 00000004H .rtc$TZZ                DATA
 0002:00001f7c 00000590H .xdata$x                DATA
 0002:0000250c 00000000H ATL$__a                 DATA
 0002:0000250c 00000000H ATL$__z                 DATA
 0002:0000250c 000000a0H .idata$2                DATA
 0002:000025ac 00000014H .idata$3                DATA
 0002:000025c0 0000050cH .idata$4                DATA
 0002:00002acc 00000778H .idata$6                DATA
 0002:00003244 00000000H .edata                  DATA
 0003:00000000 00000004H .CRT$XCA                DATA
 0003:00000004 00000004H .CRT$XCAA               DATA
 0003:00000008 00000008H .CRT$XCL                DATA
 0003:00000010 00000004H .CRT$XCU                DATA
 0003:00000014 00000004H .CRT$XCZ                DATA
 0003:00000018 00000004H .CRT$XIA                DATA
 0003:0000001c 00000004H .CRT$XIZ                DATA
 0003:00000020 00000018H .data                   DATA
 0003:00000038 00000124H .bss                    DATA
 0004:00000000 00000418H .rsrc$01                DATA
 0004:00000420 00001c40H .rsrc$02                DATA

  Address         Publics by Value              Rva+Base     Lib:Object

 0000:00000000       __except_list              00000000     <absolute>
 0000:0000001b       ___safe_se_handler_count   0000001b     <absolute>
 0000:00009876       __fltused                  00009876     <absolute>
 0000:00009876       __ldused                   00009876     <absolute>
 0000:00000000       ___ImageBase               00400000     <linker-defined>
 0001:00000000       ?GetMessageMap@CAboutDlg@@MBEPBUAFX_MSGMAP@@XZ 00401000 f   AboutDlg.obj
 0001:00000010       ?OnInitDialog@CAboutDlg@@MAEHXZ 00401010 f   AboutDlg.obj
 0001:00000110       ?AssertValid@CObject@@UBEXXZ 00401110 f i AboutDlg.obj
 0001:00000120       ??1CFont@@UAE@XZ           00401120 f i AboutDlg.obj
 0001:00000120       ??1CGdiObject@@UAE@XZ      00401120 f i AboutDlg.obj
 0001:00000130       ??1CStaticLink@@UAE@XZ     00401130 f i AboutDlg.obj
 0001:00000190       ?DoDataExchange@CAboutDlg@@MAEXPAVCDataExchange@@@Z 00401190 f   AboutDlg.obj
 0001:00000190       ?Serialize@CObject@@UAEXAAVCArchive@@@Z 00401190 f   AboutDlg.obj
 0001:00000190       ?Dump@CObject@@UBEXAAVCDumpContext@@@Z 00401190 f   AboutDlg.obj
 0001:00000190       ?DoDataExchange@CWnd@@MAEXPAVCDataExchange@@@Z 00401190 f   AboutDlg.obj
 0001:000001a0       ??_ECGdiObject@@UAEPAXI@Z  004011a0 f i AboutDlg.obj
 0001:000001a0       ??_GCGdiObject@@UAEPAXI@Z  004011a0 f i AboutDlg.obj
 0001:000001a0       ??_GCFont@@UAEPAXI@Z       004011a0 f i StatLink.obj
 0001:000001a0       ??_ECFont@@UAEPAXI@Z       004011a0 f i StatLink.obj
 0001:000001c0       ??0CAboutDlg@@QAE@PAVCWnd@@@Z 004011c0 f   AboutDlg.obj
 0001:00000220       ?BeginModalState@CWnd@@UAEXXZ 00401220 f i AboutDlg.obj
 0001:00000230       ?EndModalState@CWnd@@UAEXXZ 00401230 f i AboutDlg.obj
 0001:00000240       ?Create@CDialog@@UAEHIPAVCWnd@@@Z 00401240 f i AboutDlg.obj
 0001:00000260       ??_GCAboutDlg@@UAEPAXI@Z   00401260 f i AboutDlg.obj
 0001:00000260       ??_ECAboutDlg@@UAEPAXI@Z   00401260 f i AboutDlg.obj
 0001:00000280       ??1CAboutDlg@@UAE@XZ       00401280 f i AboutDlg.obj
 0001:000002d0       ?Mute@@YAIPAUHMIXER__@@I_N@Z 004012d0 f   AudioInput.obj
 0001:00000380       ?GetMuteValue@@YA_NPAUHMIXER__@@IPA_N@Z 00401380 f   AudioInput.obj
 0001:00000440       ?SetControlDetailList@@YAIPAUHMIXER__@@PAUtMIXERCONTROLDETAILS_UNSIGNED@@KI@Z 00401440 f   AudioInput.obj
 0001:00000490       ?GetLineControlList@@YAIPAUHMIXEROBJ__@@KPAUtagMIXERCONTROLA@@PAH@Z 00401490 f   AudioInput.obj
 0001:00000520       ?GetControlDetailList@@YAIPAUHMIXER__@@PAUtMIXERCONTROLDETAILS_BOOLEAN@@KI@Z 00401520 f   AudioInput.obj
 0001:00000570       ?GetVolumeValue@@YA_NPAUHMIXER__@@IPAJ@Z 00401570 f   AudioInput.obj
 0001:00000680       ?SetVolumeValue@@YAHPAUHMIXER__@@IJ@Z 00401680 f   AudioInput.obj
 0001:00000770       ?GetCurrentMixerDevice@CAudioInput@@QAEHXZ 00401770 f   AudioInput.obj
 0001:00000780       ?GetSelectedInputLine@CMixerDevice@CAudioInput@@QAE_NPAI@Z 00401780 f   AudioInput.obj
 0001:000009b0       ?SelectInputLine@CMixerDevice@CAudioInput@@QAEXI@Z 004019b0 f   AudioInput.obj
 0001:00000c30       ?RestoreVolume@CInputLine@CMixerDevice@CAudioInput@@QAEHXZ 00401c30 f   AudioInput.obj
 0001:00000cc0       ?SetDefaultVolume@CInputLine@CMixerDevice@CAudioInput@@QAEXXZ 00401cc0 f   AudioInput.obj
 0001:00000d50       ?StoreDefaultVolume@CInputLine@CMixerDevice@CAudioInput@@QAEHXZ 00401d50 f   AudioInput.obj
 0001:00000e00       ?SetSize@?$CArray@PAVCInputLine@CMixerDevice@CAudioInput@@PAV123@@@QAEXHH@Z 00401e00 f i AudioInput.obj
 0001:00000e00       ?SetSize@?$CArray@PAVCMixerDevice@CAudioInput@@PAV12@@@QAEXHH@Z 00401e00 f i AudioInput.obj
 0001:00000e00       ?SetSize@?$CArray@PAVCPhysicalDevice@CMixerDevice@CAudioInput@@PAV123@@@QAEXHH@Z 00401e00 f i AudioInput.obj
 0001:00000f70       ?SetSize@?$CArray@UsMuteLine@CInputLine@CMixerDevice@CAudioInput@@U1234@@@QAEXHH@Z 00401f70 f i AudioInput.obj
 0001:000010f0       ?GetCountMixerDevice@CAudioInput@@QAEHXZ 004020f0 f   AudioInput.obj
 0001:00001100       ?GetMixerDeviceName@CAudioInput@@QAEPBDH@Z 00402100 f   AudioInput.obj
 0001:00001130       ?GetMixerDevice@CAudioInput@@QAEPAVCMixerDevice@1@H@Z 00402130 f   AudioInput.obj
 0001:00001160       ?GetMixerDeviceIndex@CAudioInput@@QAEHPAD@Z 00402160 f   AudioInput.obj
 0001:000011e0       ?SetCurrentMixerDevice@CAudioInput@@QAE_NH@Z 004021e0 f   AudioInput.obj
 0001:00001210       ?AdjustInputVolume@CMixerDevice@CAudioInput@@QAEXK@Z 00402210 f   AudioInput.obj
 0001:00001290       ?GetInputLineIndex@CMixerDevice@CAudioInput@@QAE_NIPAI@Z 00402290 f   AudioInput.obj
 0001:000012e0       ?GetInputLineName@CMixerDevice@CAudioInput@@QAEPBDH@Z 004022e0 f   AudioInput.obj
 0001:00001310       ?GetInputLineSrcID@CMixerDevice@CAudioInput@@QAE_NPAII@Z 00402310 f   AudioInput.obj
 0001:00001350       ?SetSpeakers@CMixerDevice@CAudioInput@@QAEH_N0@Z 00402350 f   AudioInput.obj
 0001:000013f0       ?RestoreMute@CInputLine@CMixerDevice@CAudioInput@@QAEXXZ 004023f0 f   AudioInput.obj
 0001:00001450       ?SetMute@CInputLine@CMixerDevice@CAudioInput@@QAE_N_N0@Z 00402450 f   AudioInput.obj
 0001:00001520       ??_GCPhysicalDevice@CMixerDevice@CAudioInput@@UAEPAXI@Z 00402520 f i AudioInput.obj
 0001:00001520       ??_ECPhysicalDevice@CMixerDevice@CAudioInput@@UAEPAXI@Z 00402520 f i AudioInput.obj
 0001:00001540       ??1?$CArray@PAVCInputLine@CMixerDevice@CAudioInput@@PAV123@@@UAE@XZ 00402540 f i AudioInput.obj
 0001:00001560       ??1?$CArray@PAVCPhysicalDevice@CMixerDevice@CAudioInput@@PAV123@@@UAE@XZ 00402560 f i AudioInput.obj
 0001:00001580       ??1?$CArray@PAVCMixerDevice@CAudioInput@@PAV12@@@UAE@XZ 00402580 f i AudioInput.obj
 0001:000015a0       ??_G?$CArray@PAVCInputLine@CMixerDevice@CAudioInput@@PAV123@@@UAEPAXI@Z 004025a0 f i AudioInput.obj
 0001:000015a0       ??_E?$CArray@PAVCInputLine@CMixerDevice@CAudioInput@@PAV123@@@UAEPAXI@Z 004025a0 f i AudioInput.obj
 0001:000015c0       ??_E?$CArray@PAVCPhysicalDevice@CMixerDevice@CAudioInput@@PAV123@@@UAEPAXI@Z 004025c0 f i AudioInput.obj
 0001:000015c0       ??_G?$CArray@PAVCPhysicalDevice@CMixerDevice@CAudioInput@@PAV123@@@UAEPAXI@Z 004025c0 f i AudioInput.obj
 0001:000015e0       ??_E?$CArray@PAVCMixerDevice@CAudioInput@@PAV12@@@UAEPAXI@Z 004025e0 f i AudioInput.obj
 0001:000015e0       ??_G?$CArray@PAVCMixerDevice@CAudioInput@@PAV12@@@UAEPAXI@Z 004025e0 f i AudioInput.obj
 0001:00001600       ??_E?$CArray@UsMuteLine@CInputLine@CMixerDevice@CAudioInput@@U1234@@@UAEPAXI@Z 00402600 f i AudioInput.obj
 0001:00001600       ??_G?$CArray@UsMuteLine@CInputLine@CMixerDevice@CAudioInput@@U1234@@@UAEPAXI@Z 00402600 f i AudioInput.obj
 0001:00001620       ??1?$CArray@UsMuteLine@CInputLine@CMixerDevice@CAudioInput@@U1234@@@UAE@XZ 00402620 f i AudioInput.obj
 0001:00001640       ??1CAudioInput@@UAE@XZ     00402640 f   AudioInput.obj
 0001:00001710       ?CreatePhysicalDevArray@CMixerDevice@CAudioInput@@QAEHXZ 00402710 f   AudioInput.obj
 0001:00001930       ?MuteOutputLine@CMixerDevice@CAudioInput@@QAE_NK_N0@Z 00402930 f   AudioInput.obj
 0001:000019d0       ?MuteSelectedInputLine@CMixerDevice@CAudioInput@@QAE_NI_N0@Z 004029d0 f   AudioInput.obj
 0001:00001a00       ?Restore@CMixerDevice@CAudioInput@@QAEHXZ 00402a00 f   AudioInput.obj
 0001:00001a70       ?SetSelectedInputLine@CMixerDevice@CAudioInput@@QAE_NI@Z 00402a70 f   AudioInput.obj
 0001:00001ad0       ?CreateArrayMuteCtrl@CInputLine@CMixerDevice@CAudioInput@@IAEPAV?$CArray@UsMuteLine@CInputLine@CMixerDevice@CAudioInput@@U1234@@@KPBD@Z 00402ad0 f   AudioInput.obj
 0001:00001e20       ?Serialize@?$CArray@PAVCPhysicalDevice@CMixerDevice@CAudioInput@@PAV123@@@UAEXAAVCArchive@@@Z 00402e20 f i AudioInput.obj
 0001:00001e20       ?Serialize@?$CArray@PAVCInputLine@CMixerDevice@CAudioInput@@PAV123@@@UAEXAAVCArchive@@@Z 00402e20 f i AudioInput.obj
 0001:00001e20       ?Serialize@?$CArray@PAVCMixerDevice@CAudioInput@@PAV12@@@UAEXAAVCArchive@@@Z 00402e20 f i AudioInput.obj
 0001:00001e80       ??$SerializeElements@PAVCPhysicalDevice@CMixerDevice@CAudioInput@@@@YGXAAVCArchive@@PAPAVCPhysicalDevice@CMixerDevice@CAudioInput@@H@Z 00402e80 f i AudioInput.obj
 0001:00001e80       ??$SerializeElements@PAVCMixerDevice@CAudioInput@@@@YGXAAVCArchive@@PAPAVCMixerDevice@CAudioInput@@H@Z 00402e80 f i AudioInput.obj
 0001:00001e80       ??$SerializeElements@PAVCInputLine@CMixerDevice@CAudioInput@@@@YGXAAVCArchive@@PAPAVCInputLine@CMixerDevice@CAudioInput@@H@Z 00402e80 f i AudioInput.obj
 0001:00001f10       ?Serialize@?$CArray@UsMuteLine@CInputLine@CMixerDevice@CAudioInput@@U1234@@@UAEXAAVCArchive@@@Z 00402f10 f i AudioInput.obj
 0001:00001f70       ??$SerializeElements@UsMuteLine@CInputLine@CMixerDevice@CAudioInput@@@@YGXAAVCArchive@@PAUsMuteLine@CInputLine@CMixerDevice@CAudioInput@@H@Z 00402f70 f i AudioInput.obj
 0001:00002000       ??_ECAudioInput@@UAEPAXI@Z 00403000 f i AudioInput.obj
 0001:00002000       ??_GCAudioInput@@UAEPAXI@Z 00403000 f i AudioInput.obj
 0001:00002020       ?Restore@CAudioInput@@QAEXXZ 00403020 f   AudioInput.obj
 0001:00002060       ??1CMixerDevice@CAudioInput@@UAE@XZ 00403060 f   AudioInput.obj
 0001:000021c0       ??_GCInputLine@CMixerDevice@CAudioInput@@UAEPAXI@Z 004031c0 f i AudioInput.obj
 0001:000021c0       ??_ECInputLine@CMixerDevice@CAudioInput@@UAEPAXI@Z 004031c0 f i AudioInput.obj
 0001:00002220       ??0CInputLine@CMixerDevice@CAudioInput@@QAE@PAUHMIXER__@@KPBDKJ@Z 00403220 f   AudioInput.obj
 0001:00002300       ??_GCMixerDevice@CAudioInput@@UAEPAXI@Z 00403300 f i AudioInput.obj
 0001:00002300       ??_ECMixerDevice@CAudioInput@@UAEPAXI@Z 00403300 f i AudioInput.obj
 0001:00002320       ?CreateInputLineArray@CMixerDevice@CAudioInput@@IAEHXZ 00403320 f   AudioInput.obj
 0001:000025b0       ??0CMixerDevice@CAudioInput@@QAE@H@Z 004035b0 f   AudioInput.obj
 0001:00002690       ??0CAudioInput@@QAE@XZ     00403690 f   AudioInput.obj
 0001:00002770       ?GetMessageMap@CDefVolumeDlg@@MBEPBUAFX_MSGMAP@@XZ 00403770 f   DefVolumeDlg.obj
 0001:00002780       ?OnHScroll@CDefVolumeDlg@@IAEXIIPAVCScrollBar@@@Z 00403780 f   DefVolumeDlg.obj
 0001:000028b0       ?OnOK@CDefVolumeDlg@@MAEXXZ 004038b0 f   DefVolumeDlg.obj
 0001:00002910       ??_ECEdit@@UAEPAXI@Z       00403910 f i DefVolumeDlg.obj
 0001:00002910       ??_GCEdit@@UAEPAXI@Z       00403910 f i DefVolumeDlg.obj
 0001:00002930       ??_GCSliderCtrl@@UAEPAXI@Z 00403930 f i DefVolumeDlg.obj
 0001:00002930       ??_ECSliderCtrl@@UAEPAXI@Z 00403930 f i DefVolumeDlg.obj
 0001:00002950       ??0CDefVolumeDlg@@QAE@PAVCWnd@@@Z 00403950 f   DefVolumeDlg.obj
 0001:00002a80       ??_GCDefVolumeDlg@@UAEPAXI@Z 00403a80 f i DefVolumeDlg.obj
 0001:00002a80       ??_ECDefVolumeDlg@@UAEPAXI@Z 00403a80 f i DefVolumeDlg.obj
 0001:00002aa0       ??1CDefVolumeDlg@@UAE@XZ   00403aa0 f i DefVolumeDlg.obj
 0001:00002b60       ?DoDataExchange@CDefVolumeDlg@@MAEXPAVCDataExchange@@@Z 00403b60 f   DefVolumeDlg.obj
 0001:00002c00       ?OnInitDialog@CDefVolumeDlg@@MAEHXZ 00403c00 f   DefVolumeDlg.obj
 0001:00002dd0       ?ChangeEdt@CDefVolumeDlg@@IAEHHPAVCEdit@@PAVCSliderCtrl@@@Z 00403dd0 f   DefVolumeDlg.obj
 0001:00002f20       ?OnChangeEdtMic@CDefVolumeDlg@@IAEXXZ 00403f20 f   DefVolumeDlg.obj
 0001:00002f50       ?OnChangeEdtLin@CDefVolumeDlg@@IAEXXZ 00403f50 f   DefVolumeDlg.obj
 0001:00002f80       ?OnChangeEdtAux@CDefVolumeDlg@@IAEXXZ 00403f80 f   DefVolumeDlg.obj
 0001:00002fb0       ?OnChangeEdtAnl@CDefVolumeDlg@@IAEXXZ 00403fb0 f   DefVolumeDlg.obj
 0001:00002fe0       ?GetMessageMap@CSppConsoleApp@@MBEPBUAFX_MSGMAP@@XZ 00403fe0 f   SppConsole.obj
 0001:00002ff0       ??0CSppConsoleApp@@QAE@XZ  00403ff0 f   SppConsole.obj
 0001:00003010       ??1CSppConsoleApp@@UAE@XZ  00404010 f i SppConsole.obj
 0001:00003020       ??1CSppConsoleDlg@@UAE@XZ  00404020 f i SppConsole.obj
 0001:00003070       ??_GCSppConsoleApp@@UAEPAXI@Z 00404070 f i SppConsole.obj
 0001:00003070       ??_ECSppConsoleApp@@UAEPAXI@Z 00404070 f i SppConsole.obj
 0001:00003090       ?InitInstance@CSppConsoleApp@@UAEHXZ 00404090 f   SppConsole.obj
 0001:00003170       ?OnAbout@CSppConsoleApp@@QAEXXZ 00404170 f   SppConsole.obj
 0001:000031f0       ?GetMessageMap@CSppConsoleDlg@@MBEPBUAFX_MSGMAP@@XZ 004041f0 f   SppConsoleDlg.obj
 0001:00003200       ?GetDllVersion@@YAKPBD@Z   00404200 f   SppConsoleDlg.obj
 0001:00003270       ?OnQueryDragIcon@CSppConsoleDlg@@IAEPAUHICON__@@XZ 00404270 f   SppConsoleDlg.obj
 0001:00003280       ?OnShiftPos@CSppConsoleDlg@@IAEXXZ 00404280 f   SppConsoleDlg.obj
 0001:00003290       ?OnShiftNeg@CSppConsoleDlg@@IAEXXZ 00404290 f   SppConsoleDlg.obj
 0001:000032a0       ?OnHide@CSppConsoleDlg@@IAEXXZ 004042a0 f   SppConsoleDlg.obj
 0001:000032c0       ?OnShow@CSppConsoleDlg@@IAEXXZ 004042c0 f   SppConsoleDlg.obj
 0001:000032e0       ?ShowShiftRB@CSppConsoleDlg@@IAEX_N@Z 004042e0 f   SppConsoleDlg.obj
 0001:00003380       ?TaskBarAddIcon@CSppConsoleDlg@@IAEHIPAUHICON__@@PAD@Z 00404380 f   SppConsoleDlg.obj
 0001:00003500       ?TaskBarIconBaloon@CSppConsoleDlg@@IAEHIPBD0@Z 00404500 f   SppConsoleDlg.obj
 0001:000035f0       ?TaskBarIconToolTip@CSppConsoleDlg@@IAEHIPBD@Z 004045f0 f   SppConsoleDlg.obj
 0001:00003650       ?StartIconified@CSppConsoleDlg@@QAEX_N@Z 00404650 f   SppConsoleDlg.obj
 0001:00003660       ?OnInterSppConsole@CSppConsoleDlg@@IAEJIJ@Z 00404660 f   SppConsoleDlg.obj
 0001:00003680       ?OnOK@CSppConsoleDlg@@MAEXXZ 00404680 f   SppConsoleDlg.obj
 0001:00003690       ?OnCancel@CSppConsoleDlg@@MAEXXZ 00404690 f   SppConsoleDlg.obj
 0001:000036a0       ?GetCurrentMixerDevice@CSppConsoleDlg@@IAEHXZ 004046a0 f   SppConsoleDlg.obj
 0001:000036c0       ?SetCurrentInputLine@CSppConsoleDlg@@IAEXH@Z 004046c0 f   SppConsoleDlg.obj
 0001:00003750       ?HearTx@CSppConsoleDlg@@IAEX_N@Z 00404750 f   SppConsoleDlg.obj
 0001:000037f0       ?OnAudioPrint@CSppConsoleDlg@@IAEXXZ 004047f0 f   SppConsoleDlg.obj
 0001:000038f0       ?OnHideMsg@CSppConsoleDlg@@AAEJIJ@Z 004048f0 f   SppConsoleDlg.obj
 0001:00003910       ??HATL@@YA?AV?$CStringT@DV?$StrTraitMFC_DLL@DV?$ChTraitsCRT@D@ATL@@@@@0@ABV10@0@Z 00404910 f i SppConsoleDlg.obj
 0001:000039b0       ??1CMenu@@UAE@XZ           004049b0 f i SppConsoleDlg.obj
 0001:000039c0       ??_GCStatic@@UAEPAXI@Z     004049c0 f i SppConsoleDlg.obj
 0001:000039c0       ??_ECStatic@@UAEPAXI@Z     004049c0 f i SppConsoleDlg.obj
 0001:000039e0       ??0CSppConsoleDlg@@QAE@PAVCWnd@@@Z 004049e0 f   SppConsoleDlg.obj
 0001:00003a90       ??_ECSppConsoleDlg@@UAEPAXI@Z 00404a90 f i SppConsoleDlg.obj
 0001:00003a90       ??_GCSppConsoleDlg@@UAEPAXI@Z 00404a90 f i SppConsoleDlg.obj
 0001:00003ab0       ?DoDataExchange@CSppConsoleDlg@@MAEXPAVCDataExchange@@@Z 00404ab0 f   SppConsoleDlg.obj
 0001:00003ae0       ?OnDestroy@CSppConsoleDlg@@IAEXXZ 00404ae0 f   SppConsoleDlg.obj
 0001:00003b40       ?OnPaint@CSppConsoleDlg@@IAEXXZ 00404b40 f   SppConsoleDlg.obj
 0001:00003bf0       ?OnSelchangeModType@CSppConsoleDlg@@IAEXXZ 00404bf0 f   SppConsoleDlg.obj
 0001:00003c80       ?OnShiftAuto@CSppConsoleDlg@@IAEXXZ 00404c80 f   SppConsoleDlg.obj
 0001:00003d20       ?PopulateModulation@CSppConsoleDlg@@IAEHXZ 00404d20 f   SppConsoleDlg.obj
 0001:00003e70       ?ShowTrayIconMenu@CSppConsoleDlg@@IAEXI@Z 00404e70 f   SppConsoleDlg.obj
 0001:00004000       ?OnWindowPosChanging@CSppConsoleDlg@@IAEXPAUtagWINDOWPOS@@@Z 00405000 f   SppConsoleDlg.obj
 0001:00004020       ?GetStatusString@CSppConsoleDlg@@QAE?AV?$CStringT@DV?$StrTraitMFC_DLL@DV?$ChTraitsCRT@D@ATL@@@@@ATL@@XZ 00405020 f   SppConsoleDlg.obj
 0001:000042e0       ?OnToolTipNotify@CSppConsoleDlg@@IAEHIPAUtagNMHDR@@PAJ@Z 004052e0 f   SppConsoleDlg.obj
 0001:00004330       ?OnSelchangeAudioSrc@CSppConsoleDlg@@IAEXXZ 00405330 f   SppConsoleDlg.obj
 0001:000043c0       ?GetCurrentInputLine@CSppConsoleDlg@@IAEHXZ 004053c0 f   SppConsoleDlg.obj
 0001:00004450       ?OnSetCursor@CSppConsoleDlg@@IAEHPAVCWnd@@II@Z 00405450 f   SppConsoleDlg.obj
 0001:000044a0       ?OnSelSrc@CSppConsoleDlg@@IAEXXZ 004054a0 f   SppConsoleDlg.obj
 0001:00004620       ?OnAudioDst@CSppConsoleDlg@@IAEXXZ 00405620 f   SppConsoleDlg.obj
 0001:000047a0       ?OnAudioVol@CSppConsoleDlg@@IAEXXZ 004057a0 f   SppConsoleDlg.obj
 0001:00004840       ?PpJoyExShowCtrl@CSppConsoleDlg@@IAEXXZ 00405840 f   SppConsoleDlg.obj
 0001:00004890       ?OnPpjoyex@CSppConsoleDlg@@IAEXXZ 00405890 f   SppConsoleDlg.obj
 0001:000049e0       ?UpdateFilterMenu@CSppConsoleDlg@@IAEXXZ 004059e0 f   SppConsoleDlg.obj
 0001:00004c30       ?OnFilterSelect@CSppConsoleDlg@@IAEXI@Z 00405c30 f   SppConsoleDlg.obj
 0001:00004d30       ??_GCMenu@@UAEPAXI@Z       00405d30 f i SppConsoleDlg.obj
 0001:00004d30       ??_ECMenu@@UAEPAXI@Z       00405d30 f i SppConsoleDlg.obj
 0001:00004d50       ?OnStatusAreaMessage@CSppConsoleDlg@@IAEJIJ@Z 00405d50 f   SppConsoleDlg.obj
 0001:00004da0       ?OnInterSppApps@CSppConsoleDlg@@IAEJIJ@Z 00405da0 f   SppConsoleDlg.obj
 0001:00005060       ?PopulateInputLines@CSppConsoleDlg@@IAEXXZ 00406060 f   SppConsoleDlg.obj
 0001:00005120       ?OnSelchangeMixerdevice@CSppConsoleDlg@@IAEXXZ 00406120 f   SppConsoleDlg.obj
 0001:00005180       ?EnableAudio@CSppConsoleDlg@@IAEXH@Z 00406180 f   SppConsoleDlg.obj
 0001:000052c0       ?PopulateAudioSource@CSppConsoleDlg@@IAEXXZ 004062c0 f   SppConsoleDlg.obj
 0001:000053c0       ?OnEnableAudio@CSppConsoleDlg@@IAEXXZ 004063c0 f   SppConsoleDlg.obj
 0001:000053f0       ?OnInitDialog@CSppConsoleDlg@@MAEHXZ 004063f0 f   SppConsoleDlg.obj
 0001:00005660       ?_GetBaseClass@CStaticLink@@KGPAUCRuntimeClass@@XZ 00406660 f   StatLink.obj
 0001:00005670       ?GetRuntimeClass@CStaticLink@@UBEPAUCRuntimeClass@@XZ 00406670 f   StatLink.obj
 0001:00005680       ?GetMessageMap@CStaticLink@@MBEPBUAFX_MSGMAP@@XZ 00406680 f   StatLink.obj
 0001:00005690       ?SetDefaultCursor@CStaticLink@@QAEXXZ 00406690 f   StatLink.obj
 0001:00005750       ?OnSetCursor@CStaticLink@@QAEHPAVCWnd@@II@Z 00406750 f   StatLink.obj
 0001:00005770       ?SetLink@CStaticLink@@QAE?AV?$CStringT@DV?$StrTraitMFC_DLL@DV?$ChTraitsCRT@D@ATL@@@@@ATL@@V23@@Z 00406770 f   StatLink.obj
 0001:00005820       ??0CStaticLink@@QAE@XZ     00406820 f   StatLink.obj
 0001:00005860       ?CtlColor@CStaticLink@@QAEPAUHBRUSH__@@PAVCDC@@I@Z 00406860 f   StatLink.obj
 0001:00005930       ?OnClicked@CStaticLink@@QAEXXZ 00406930 f   StatLink.obj
 0001:00005990       ??_ECStaticLink@@UAEPAXI@Z 00406990 f i StatLink.obj
 0001:00005990       ??_GCStaticLink@@UAEPAXI@Z 00406990 f i StatLink.obj
 0001:000059b0       _SppMessageBoxWithErrorCode 004069b0 f   smartpropoplus:SmartPropoPlus.obj
 0001:00005a20       _GetNumberOfFilters        00406a20 f   smartpropoplus:SmartPropoPlus.obj
 0001:00005a30       _SetSelectedFilterIndex    00406a30 f   smartpropoplus:SmartPropoPlus.obj
 0001:00005a80       _GetSelectedFilterIndex    00406a80 f   smartpropoplus:SmartPropoPlus.obj
 0001:00005ad0       _GetFilterNameByIndex      00406ad0 f   smartpropoplus:SmartPropoPlus.obj
 0001:00005ae0       _SetActiveMode             00406ae0 f   smartpropoplus:SmartPropoPlus.obj
 0001:00005b00       _SetShiftAutoDetect        00406b00 f   smartpropoplus:SmartPropoPlus.obj
 0001:00005b20       _SetPositiveShift          00406b20 f   smartpropoplus:SmartPropoPlus.obj
 0001:00005b40       _GetModulation             00406b40 f   smartpropoplus:SmartPropoPlus.obj
 0001:00005b50       _ModeDisplayFromInternalName 00406b50 f   smartpropoplus:SmartPropoPlus.obj
 0001:00005c20       _isFmsRegistryExist        00406c20 f   smartpropoplus:SmartPropoPlus.obj
 0001:00005c60       _GetDefaultVolumeValue     00406c60 f   smartpropoplus:SmartPropoPlus.obj
 0001:00005cd0       _SetDefaultVolumeValue     00406cd0 f   smartpropoplus:SmartPropoPlus.obj
 0001:00005ce0       _GetCurrentAudioState      00406ce0 f   smartpropoplus:SmartPropoPlus.obj
 0001:00005cf0       _SetCurrentAudioState      00406cf0 f   smartpropoplus:SmartPropoPlus.obj
 0001:00005d00       _GetCurrentPpjoyState      00406d00 f   smartpropoplus:SmartPropoPlus.obj
 0001:00005d10       _SetCurrentPpjoyState      00406d10 f   smartpropoplus:SmartPropoPlus.obj
 0001:00005d20       _GetCurrentMixerDevice     00406d20 f   smartpropoplus:SmartPropoPlus.obj
 0001:00005d30       _GetCurrentInputLine       00406d30 f   smartpropoplus:SmartPropoPlus.obj
 0001:00005d40       _SetCurrentMixerDevice     00406d40 f   smartpropoplus:SmartPropoPlus.obj
 0001:00005d50       _SetCurrentInputLine       00406d50 f   smartpropoplus:SmartPropoPlus.obj
 0001:00005d60       _OpenSharedDataStruct      00406d60 f   smartpropoplus:GlobalMemory.obj
 0001:00005e00       _GetModulationIndexFromGlobalMemory 00406e00 f   smartpropoplus:GlobalMemory.obj
 0001:00005ef0       _SetPositiveShiftToGlobalMemory 00406ef0 f   smartpropoplus:GlobalMemory.obj
 0001:00005f60       _GetModulationFromGlobalMemory 00406f60 f   smartpropoplus:GlobalMemory.obj
 0001:00006070       _GetNumberOfFiltersFromGlobalMemory 00407070 f   smartpropoplus:GlobalMemory.obj
 0001:000060e0       _SetSelectedFilterIndexToGlobalMemory 004070e0 f   smartpropoplus:GlobalMemory.obj
 0001:00006150       _GetSelectedFilterIndexFromGlobalMemory 00407150 f   smartpropoplus:GlobalMemory.obj
 0001:000061c0       _GetFilterNameByIndexFromGlobalMemory 004071c0 f   smartpropoplus:GlobalMemory.obj
 0001:00006250       _GetFilterIndexByNameFromGlobalMemory 00407250 f   smartpropoplus:GlobalMemory.obj
 0001:00006330       _SetActiveModeToGlobalMemory 00407330 f   smartpropoplus:GlobalMemory.obj
 0001:00006490       _SetShiftAutoDetectToGlobalMemory 00407490 f   smartpropoplus:GlobalMemory.obj
 0001:00006500       _GetDefaultVolumeValueFromRegistry 00407500 f   smartpropoplus:SppRegistry.obj
 0001:000065a0       _SetDefaultVolumeValueToRegistry 004075a0 f   smartpropoplus:SppRegistry.obj
 0001:00006640       _CreateEmptyFmsRegistry    00407640 f   smartpropoplus:SppRegistry.obj
 0001:00006690       _CreateDefaultModRegistry  00407690 f   smartpropoplus:SppRegistry.obj
 0001:000067a0       _isModRegistryUpdate       004077a0 f   smartpropoplus:SppRegistry.obj
 0001:000068d0       _UpdateModRegistry         004078d0 f   smartpropoplus:SppRegistry.obj
 0001:00006a20       _SetSelectedFilterNameToRegistry 00407a20 f   smartpropoplus:SppRegistry.obj
 0001:00006ac0       _CreateDefaultSppRegistry  00407ac0 f   smartpropoplus:SppRegistry.obj
 0001:00006b60       _SetCurrentAudioStateToRegistry 00407b60 f   smartpropoplus:SppRegistry.obj
 0001:00006c00       _SetCurrentPpjoyStateToRegistry 00407c00 f   smartpropoplus:SppRegistry.obj
 0001:00006ca0       _GetCurrentMixerDeviceFromRegistry 00407ca0 f   smartpropoplus:SppRegistry.obj
 0001:00006d70       _GetCurrentInputLineFromRegistry 00407d70 f   smartpropoplus:SppRegistry.obj
 0001:00006de0       _SetCurrentMixerDeviceToRegistry 00407de0 f   smartpropoplus:SppRegistry.obj
 0001:00006e90       _SetCurrentInputLineToRegistry 00407e90 f   smartpropoplus:SppRegistry.obj
 0001:00006f80       _SetActiveModeToRegistry   00407f80 f   smartpropoplus:SppRegistry.obj
 0001:000070f0       _SetShiftAutoDetectToRegistry 004080f0 f   smartpropoplus:SppRegistry.obj
 0001:00007180       _SetPositiveShiftToRegistry 00408180 f   smartpropoplus:SppRegistry.obj
 0001:00007210       _GetModulationFromRegistry 00408210 f   smartpropoplus:SppRegistry.obj
 0001:000074f0       _GetSelectedFilterNameFromRegistry 004084f0 f   smartpropoplus:SppRegistry.obj
 0001:000075c0       _GetCurrentAudioStateFromRegistry 004085c0 f   smartpropoplus:SppRegistry.obj
 0001:00007670       _GetCurrentPpjoyStateFromRegistry 00408670 f   smartpropoplus:SppRegistry.obj
 0001:0000771c       ?GetThisMessageMap@CDialog@@KGPBUAFX_MSGMAP@@XZ 0040871c f   mfc71:MFC71.DLL
 0001:00007722       ?OnInitDialog@CDialog@@UAEHXZ 00408722 f   mfc71:MFC71.DLL
 0001:00007728       ?GetDlgItem@CWnd@@QBEPAV1@H@Z 00408728 f   mfc71:MFC71.DLL
 0001:0000772e       ?SetWindowTextA@CWnd@@QAEXPBD@Z 0040872e f   mfc71:MFC71.DLL
 0001:00007734       ?SubclassDlgItem@CWnd@@QAEHIPAV1@@Z 00408734 f   mfc71:MFC71.DLL
 0001:0000773a       ?GetRuntimeClass@CGdiObject@@UBEPAUCRuntimeClass@@XZ 0040873a f   mfc71:MFC71.DLL
 0001:00007740       ?DeleteObject@CGdiObject@@QAEHXZ 00408740 f   mfc71:MFC71.DLL
 0001:00007746       ??1CStatic@@UAE@XZ         00408746 f   mfc71:MFC71.DLL
 0001:0000774c       ??3@YAXPAX@Z               0040874c f   mfc71:MFC71.DLL
 0001:00007752       ?PreInitDialog@CDialog@@MAEXXZ 00408752 f   mfc71:MFC71.DLL
 0001:00007758       ?OnCancel@CDialog@@MAEXXZ  00408758 f   mfc71:MFC71.DLL
 0001:0000775e       ?OnOK@CDialog@@MAEXXZ      0040875e f   mfc71:MFC71.DLL
 0001:00007764       ?OnSetFont@CDialog@@UAEXPAVCFont@@@Z 00408764 f   mfc71:MFC71.DLL
 0001:0000776a       ?DoModal@CDialog@@UAEHXZ   0040876a f   mfc71:MFC71.DLL
 0001:00007770       ?CreateIndirect@CDialog@@UAEHPBUDLGTEMPLATE@@PAVCWnd@@PAX@Z 00408770 f   mfc71:MFC71.DLL
 0001:00007776       ?CreateIndirect@CDialog@@UAEHPAXPAVCWnd@@@Z 00408776 f   mfc71:MFC71.DLL
 0001:0000777c       ?Create@CDialog@@UAEHPBDPAVCWnd@@@Z 0040877c f   mfc71:MFC71.DLL
 0001:00007782       ?SetOccDialogInfo@CDialog@@MAEHPAU_AFX_OCC_DIALOG_INFO@@@Z 00408782 f   mfc71:MFC71.DLL
 0001:00007788       ?CreateControlSite@CWnd@@MAEHPAVCOleControlContainer@@PAPAVCOleControlSite@@IABU_GUID@@@Z 00408788 f   mfc71:MFC71.DLL
 0001:0000778e       ?CreateControlContainer@CWnd@@MAEHPAPAVCOleControlContainer@@@Z 0040878e f   mfc71:MFC71.DLL
 0001:00007794       ?IsFrameWnd@CWnd@@UBEHXZ   00408794 f   mfc71:MFC71.DLL
 0001:0000779a       ?CheckAutoCenter@CDialog@@UAEHXZ 0040879a f   mfc71:MFC71.DLL
 0001:000077a0       ?OnChildNotify@CWnd@@MAEHIIJPAJ@Z 004087a0 f   mfc71:MFC71.DLL
 0001:000077a6       ?PostNcDestroy@CWnd@@MAEXXZ 004087a6 f   mfc71:MFC71.DLL
 0001:000077ac       ?DefWindowProcA@CWnd@@MAEJIIJ@Z 004087ac f   mfc71:MFC71.DLL
 0001:000077b2       ?OnWndMsg@CWnd@@MAEHIIJPAJ@Z 004087b2 f   mfc71:MFC71.DLL
 0001:000077b8       ?WindowProc@CWnd@@MAEJIIJ@Z 004087b8 f   mfc71:MFC71.DLL
 0001:000077be       ?OnAmbientProperty@CWnd@@UAEHPAVCOleControlSite@@JPAUtagVARIANT@@@Z 004087be f   mfc71:MFC71.DLL
 0001:000077c4       ?PreTranslateMessage@CDialog@@UAEHPAUtagMSG@@@Z 004087c4 f   mfc71:MFC71.DLL
 0001:000077ca       ?GetSuperWndProcAddr@CWnd@@MAEPAP6GJPAUHWND__@@IIJ@ZXZ 004087ca f   mfc71:MFC71.DLL
 0001:000077d0       ?OnNotify@CWnd@@MAEHIJPAJ@Z 004087d0 f   mfc71:MFC71.DLL
 0001:000077d6       ?OnCommand@CWnd@@MAEHIJ@Z  004087d6 f   mfc71:MFC71.DLL
 0001:000077dc       ?CreateAccessibleProxy@CWnd@@UAEJIJPAJ@Z 004087dc f   mfc71:MFC71.DLL
 0001:000077e2       ?SetProxy@CWnd@@UAEJPAUIAccessibleProxy@@@Z 004087e2 f   mfc71:MFC71.DLL
 0001:000077f0       ?accDoDefaultAction@CWnd@@UAEJUtagVARIANT@@@Z 004087f0 f   mfc71:MFC71.DLL
 0001:000077f6       ?accHitTest@CWnd@@UAEJJJPAUtagVARIANT@@@Z 004087f6 f   mfc71:MFC71.DLL
 0001:000077fc       ?accNavigate@CWnd@@UAEJJUtagVARIANT@@PAU2@@Z 004087fc f   mfc71:MFC71.DLL
 0001:00007802       ?accLocation@CWnd@@UAEJPAJ000UtagVARIANT@@@Z 00408802 f   mfc71:MFC71.DLL
 0001:00007808       ?accSelect@CWnd@@UAEJJUtagVARIANT@@@Z 00408808 f   mfc71:MFC71.DLL
 0001:00007810       ?get_accSelection@CWnd@@UAEJPAUtagVARIANT@@@Z 00408810 f   mfc71:MFC71.DLL
 0001:00007816       ?get_accFocus@CWnd@@UAEJPAUtagVARIANT@@@Z 00408816 f   mfc71:MFC71.DLL
 0001:00007820       ?get_accState@CWnd@@UAEJUtagVARIANT@@PAU2@@Z 00408820 f   mfc71:MFC71.DLL
 0001:00007826       ?get_accRole@CWnd@@UAEJUtagVARIANT@@PAU2@@Z 00408826 f   mfc71:MFC71.DLL
 0001:00007830       ?get_accChild@CWnd@@UAEJUtagVARIANT@@PAPAUIDispatch@@@Z 00408830 f   mfc71:MFC71.DLL
 0001:00007836       ?get_accChildCount@CWnd@@UAEJPAJ@Z 00408836 f   mfc71:MFC71.DLL
 0001:0000783c       ?get_accParent@CWnd@@UAEJPAPAUIDispatch@@@Z 0040883c f   mfc71:MFC71.DLL
 0001:00007842       ?EnsureStdObj@CWnd@@UAEJXZ 00408842 f   mfc71:MFC71.DLL
 0001:00007848       ?EndModalLoop@CWnd@@UAEXH@Z 00408848 f   mfc71:MFC71.DLL
 0001:0000784e       ?ContinueModal@CWnd@@UAEHXZ 0040884e f   mfc71:MFC71.DLL
 0001:00007854       ?WinHelpInternal@CWnd@@UAEXKI@Z 00408854 f   mfc71:MFC71.DLL
 0001:0000785a       ?HtmlHelpA@CWnd@@UAEXKI@Z  0040885a f   mfc71:MFC71.DLL
 0001:00007860       ?WinHelpA@CWnd@@UAEXKI@Z   00408860 f   mfc71:MFC71.DLL
 0001:00007866       ?GetScrollBarCtrl@CWnd@@UBEPAVCScrollBar@@H@Z 00408866 f   mfc71:MFC71.DLL
 0001:0000786c       ?OnToolHitTest@CWnd@@UBEHVCPoint@@PAUtagTOOLINFOA@@@Z 0040886c f   mfc71:MFC71.DLL
 0001:00007872       ?CalcWindowRect@CWnd@@UAEXPAUtagRECT@@I@Z 00408872 f   mfc71:MFC71.DLL
 0001:00007878       ?PreCreateWindow@CWnd@@UAEHAAUtagCREATESTRUCTA@@@Z 00408878 f   mfc71:MFC71.DLL
 0001:0000787e       ?DestroyWindow@CWnd@@UAEHXZ 0040887e f   mfc71:MFC71.DLL
 0001:00007884       ?CreateEx@CWnd@@UAEHKPBD0KHHHHPAUHWND__@@PAUHMENU__@@PAX@Z 00408884 f   mfc71:MFC71.DLL
 0001:0000788a       ?CreateEx@CWnd@@UAEHKPBD0KABUtagRECT@@PAV1@IPAX@Z 0040888a f   mfc71:MFC71.DLL
 0001:00007890       ?Create@CWnd@@UAEHPBD0KABUtagRECT@@PAV1@IPAUCCreateContext@@@Z 00408890 f   mfc71:MFC71.DLL
 0001:00007896       ?PreSubclassWindow@CWnd@@UAEXXZ 00408896 f   mfc71:MFC71.DLL
 0001:0000789c       ?GetConnectionHook@CCmdTarget@@MAEPAUIConnectionPoint@@ABU_GUID@@@Z 0040889c f   mfc71:MFC71.DLL
 0001:000078a2       ?GetExtraConnectionPoints@CCmdTarget@@MAEHPAVCPtrArray@@@Z 004088a2 f   mfc71:MFC71.DLL
 0001:000078a8       ?GetInterfaceHook@CCmdTarget@@UAEPAUIUnknown@@PBX@Z 004088a8 f   mfc71:MFC71.DLL
 0001:000078ae       ?OnCreateAggregates@CCmdTarget@@UAEHXZ 004088ae f   mfc71:MFC71.DLL
 0001:000078b4       ?GetEventSinkMap@CCmdTarget@@MBEPBUAFX_EVENTSINKMAP@@XZ 004088b4 f   mfc71:MFC71.DLL
 0001:000078ba       ?GetInterfaceMap@CWnd@@MBEPBUAFX_INTERFACEMAP@@XZ 004088ba f   mfc71:MFC71.DLL
 0001:000078c0       ?GetConnectionMap@CCmdTarget@@MBEPBUAFX_CONNECTIONMAP@@XZ 004088c0 f   mfc71:MFC71.DLL
 0001:000078c6       ?GetDispatchMap@CCmdTarget@@MBEPBUAFX_DISPMAP@@XZ 004088c6 f   mfc71:MFC71.DLL
 0001:000078cc       ?GetCommandMap@CCmdTarget@@MBEPBUAFX_OLECMDMAP@@XZ 004088cc f   mfc71:MFC71.DLL
 0001:000078d2       ?GetTypeLib@CCmdTarget@@UAEJKPAPAUITypeLib@@@Z 004088d2 f   mfc71:MFC71.DLL
 0001:000078d8       ?GetTypeLibCache@CCmdTarget@@UAEPAVCTypeLibCache@@XZ 004088d8 f   mfc71:MFC71.DLL
 0001:000078de       ?GetTypeInfoCount@CCmdTarget@@UAEIXZ 004088de f   mfc71:MFC71.DLL
 0001:000078e4       ?GetDispatchIID@CCmdTarget@@UAEHPAU_GUID@@@Z 004088e4 f   mfc71:MFC71.DLL
 0001:000078ea       ?IsInvokeAllowed@CCmdTarget@@UAEHJ@Z 004088ea f   mfc71:MFC71.DLL
 0001:000078f0       ?OnFinalRelease@CWnd@@UAEXXZ 004088f0 f   mfc71:MFC71.DLL
 0001:000078f6       ?OnCmdMsg@CDialog@@UAEHIHPAXPAUAFX_CMDHANDLERINFO@@@Z 004088f6 f   mfc71:MFC71.DLL
 0001:000078fc       ?GetRuntimeClass@CDialog@@UBEPAUCRuntimeClass@@XZ 004088fc f   mfc71:MFC71.DLL
 0001:00007902       ??1CDialog@@UAE@XZ         00408902 f   mfc71:MFC71.DLL
 0001:00007908       ??0CDialog@@QAE@IPAVCWnd@@@Z 00408908 f   mfc71:MFC71.DLL
 0001:0000790e       ?AfxThrowInvalidArgException@@YGXXZ 0040890e f   mfc71:MFC71.DLL
 0001:00007914       ??_U@YAPAXI@Z              00408914 f   mfc71:MFC71.DLL
 0001:0000791a       ??_V@YAXPAX@Z              0040891a f   mfc71:MFC71.DLL
 0001:00007920       ??2@YAPAXI@Z               00408920 f   mfc71:MFC71.DLL
 0001:00007926       ?GetRuntimeClass@CObject@@UBEPAUCRuntimeClass@@XZ 00408926 f   mfc71:MFC71.DLL
 0001:0000792c       ?ReadCount@CArchive@@QAEKXZ 0040892c f   mfc71:MFC71.DLL
 0001:00007932       ?WriteCount@CArchive@@QAEXK@Z 00408932 f   mfc71:MFC71.DLL
 0001:00007938       ?Read@CArchive@@QAEIPAXI@Z 00408938 f   mfc71:MFC71.DLL
 0001:0000793e       ?Write@CArchive@@QAEXPBXI@Z 0040893e f   mfc71:MFC71.DLL
 0001:00007944       ?OnHScroll@CWnd@@IAEXIIPAVCScrollBar@@@Z 00408944 f   mfc71:MFC71.DLL
 0001:0000794a       ?GetDlgCtrlID@CWnd@@QBEHXZ 0040894a f   mfc71:MFC71.DLL
 0001:00007950       ?Create@CEdit@@UAEHKABUtagRECT@@PAVCWnd@@I@Z 00408950 f   mfc71:MFC71.DLL
 0001:00007956       ?SetOccDialogInfo@CWnd@@MAEHPAU_AFX_OCC_DIALOG_INFO@@@Z 00408956 f   mfc71:MFC71.DLL
 0001:0000795c       ?CheckAutoCenter@CWnd@@UAEHXZ 0040895c f   mfc71:MFC71.DLL
 0001:00007962       ?PreTranslateMessage@CWnd@@UAEHPAUtagMSG@@@Z 00408962 f   mfc71:MFC71.DLL
 0001:00007968       ?GetMessageMap@CWnd@@MBEPBUAFX_MSGMAP@@XZ 00408968 f   mfc71:MFC71.DLL
 0001:0000796e       ?OnCmdMsg@CCmdTarget@@UAEHIHPAXPAUAFX_CMDHANDLERINFO@@@Z 0040896e f   mfc71:MFC71.DLL
 0001:00007974       ?GetRuntimeClass@CEdit@@UBEPAUCRuntimeClass@@XZ 00408974 f   mfc71:MFC71.DLL
 0001:0000797a       ??0CWnd@@QAE@XZ            0040897a f   mfc71:MFC71.DLL
 0001:00007980       ??1CEdit@@UAE@XZ           00408980 f   mfc71:MFC71.DLL
 0001:00007986       ?CreateEx@CSliderCtrl@@UAEHKKABUtagRECT@@PAVCWnd@@I@Z 00408986 f   mfc71:MFC71.DLL
 0001:0000798c       ?Create@CSliderCtrl@@UAEHKABUtagRECT@@PAVCWnd@@I@Z 0040898c f   mfc71:MFC71.DLL
 0001:00007992       ?GetRuntimeClass@CSliderCtrl@@UBEPAUCRuntimeClass@@XZ 00408992 f   mfc71:MFC71.DLL
 0001:00007998       ??1CSliderCtrl@@UAE@XZ     00408998 f   mfc71:MFC71.DLL
 0001:0000799e       ?DDX_Control@@YGXPAVCDataExchange@@HAAVCWnd@@@Z 0040899e f   mfc71:MFC71.DLL
 0001:000079a4       ?GetWindowTextA@CWnd@@QBEXAAV?$CStringT@DV?$StrTraitMFC_DLL@DV?$ChTraitsCRT@D@ATL@@@@@ATL@@@Z 004089a4 f   mfc71:MFC71.DLL
 0001:000079aa       ?OnHelp@CWinApp@@IAEXXZ    004089aa f   mfc71:MFC71.DLL
 0001:000079b0       ?GetThisMessageMap@CWinApp@@KGPBUAFX_MSGMAP@@XZ 004089b0 f   mfc71:MFC71.DLL
 0001:000079b6       ?LoadSysPolicies@CWinApp@@UAEHXZ 004089b6 f   mfc71:MFC71.DLL
 0001:000079bc       ?LoadAppLangResourceDLL@CWinApp@@UAEPAUHINSTANCE__@@XZ 004089bc f   mfc71:MFC71.DLL
 0001:000079c2       ?WinHelpInternal@CWinApp@@UAEXKI@Z 004089c2 f   mfc71:MFC71.DLL
 0001:000079c8       ?HtmlHelpA@CWinApp@@UAEXKI@Z 004089c8 f   mfc71:MFC71.DLL
 0001:000079ce       ?WinHelpA@CWinApp@@UAEXKI@Z 004089ce f   mfc71:MFC71.DLL
 0001:000079d4       ?OnDDECommand@CWinApp@@UAEHPAD@Z 004089d4 f   mfc71:MFC71.DLL
 0001:000079da       ?DoWaitCursor@CWinApp@@UAEXH@Z 004089da f   mfc71:MFC71.DLL
 0001:000079e0       ?DoMessageBox@CWinApp@@UAEHPBDII@Z 004089e0 f   mfc71:MFC71.DLL
 0001:000079e6       ?SaveAllModified@CWinApp@@UAEHXZ 004089e6 f   mfc71:MFC71.DLL
 0001:000079ec       ?InitApplication@CWinApp@@UAEHXZ 004089ec f   mfc71:MFC71.DLL
 0001:000079f2       ?AddToRecentFileList@CWinApp@@UAEXPBD@Z 004089f2 f   mfc71:MFC71.DLL
 0001:000079f8       ?OpenDocumentFile@CWinApp@@UAEPAVCDocument@@PBD@Z 004089f8 f   mfc71:MFC71.DLL
 0001:000079fe       ?Unregister@CWinApp@@UAEHXZ 004089fe f   mfc71:MFC71.DLL
 0001:00007a04       ?Register@CWinApp@@UAEHXZ  00408a04 f   mfc71:MFC71.DLL
 0001:00007a0a       ?InitLibId@CWinApp@@UAEXXZ 00408a0a f   mfc71:MFC71.DLL
 0001:00007a10       ?Delete@CWinThread@@UAEXXZ 00408a10 f   mfc71:MFC71.DLL
 0001:00007a16       ?GetMainWnd@CWinThread@@UAEPAVCWnd@@XZ 00408a16 f   mfc71:MFC71.DLL
 0001:00007a1c       ?ProcessMessageFilter@CWinThread@@UAEHHPAUtagMSG@@@Z 00408a1c f   mfc71:MFC71.DLL
 0001:00007a22       ?ProcessWndProcException@CWinApp@@UAEJPAVCException@@PBUtagMSG@@@Z 00408a22 f   mfc71:MFC71.DLL
 0001:00007a28       ?ExitInstance@CWinApp@@UAEHXZ 00408a28 f   mfc71:MFC71.DLL
 0001:00007a2e       ?IsIdleMessage@CWinThread@@UAEHPAUtagMSG@@@Z 00408a2e f   mfc71:MFC71.DLL
 0001:00007a34       ?OnIdle@CWinApp@@UAEHJ@Z   00408a34 f   mfc71:MFC71.DLL
 0001:00007a3a       ?PumpMessage@CWinThread@@UAEHXZ 00408a3a f   mfc71:MFC71.DLL
 0001:00007a40       ?PreTranslateMessage@CWinThread@@UAEHPAUtagMSG@@@Z 00408a40 f   mfc71:MFC71.DLL
 0001:00007a46       ?Run@CWinApp@@UAEHXZ       00408a46 f   mfc71:MFC71.DLL
 0001:00007a4c       ?GetInterfaceMap@CCmdTarget@@MBEPBUAFX_INTERFACEMAP@@XZ 00408a4c f   mfc71:MFC71.DLL
 0001:00007a52       ?OnFinalRelease@CCmdTarget@@UAEXXZ 00408a52 f   mfc71:MFC71.DLL
 0001:00007a58       ?GetRuntimeClass@CWinApp@@UBEPAUCRuntimeClass@@XZ 00408a58 f   mfc71:MFC71.DLL
 0001:00007a5e       ??0CWinApp@@QAE@PBD@Z      00408a5e f   mfc71:MFC71.DLL
 0001:00007a64       ??1CWinApp@@UAE@XZ         00408a64 f   mfc71:MFC71.DLL
 0001:00007a6a       ?ShowWindow@CWnd@@QAEHH@Z  00408a6a f   mfc71:MFC71.DLL
 0001:00007a70       ?SetDlgItemTextA@CWnd@@QAEXHPBD@Z 00408a70 f   mfc71:MFC71.DLL
 0001:00007a76       ?MessageBoxA@CWnd@@QAEHPBD0I@Z 00408a76 f   mfc71:MFC71.DLL
 0001:00007a7c       ?AfxGetModuleState@@YGPAVAFX_MODULE_STATE@@XZ 00408a7c f   mfc71:MFC71.DLL
 0001:00007a82       ?MeasureItem@CMenu@@UAEXPAUtagMEASUREITEMSTRUCT@@@Z 00408a82 f   mfc71:MFC71.DLL
 0001:00007a88       ?DrawItem@CMenu@@UAEXPAUtagDRAWITEMSTRUCT@@@Z 00408a88 f   mfc71:MFC71.DLL
 0001:00007a8e       ?GetRuntimeClass@CMenu@@UBEPAUCRuntimeClass@@XZ 00408a8e f   mfc71:MFC71.DLL
 0001:00007a94       ?DestroyMenu@CMenu@@QAEHXZ 00408a94 f   mfc71:MFC71.DLL
 0001:00007a9a       ?Attach@CMenu@@QAEHPAUHMENU__@@@Z 00408a9a f   mfc71:MFC71.DLL
 0001:00007aa0       ?FromHandle@CMenu@@SGPAV1@PAUHMENU__@@@Z 00408aa0 f   mfc71:MFC71.DLL
 0001:00007aa6       ?AfxFindResourceHandle@@YGPAUHINSTANCE__@@PBD0@Z 00408aa6 f   mfc71:MFC71.DLL
 0001:00007aac       ?Default@CWnd@@IAEJXZ      00408aac f   mfc71:MFC71.DLL
 0001:00007ab2       ?DrawItem@CStatic@@UAEXPAUtagDRAWITEMSTRUCT@@@Z 00408ab2 f   mfc71:MFC71.DLL
 0001:00007ab8       ?Create@CStatic@@UAEHPBDKABUtagRECT@@PAVCWnd@@I@Z 00408ab8 f   mfc71:MFC71.DLL
 0001:00007abe       ?OnChildNotify@CStatic@@MAEHIIJPAJ@Z 00408abe f   mfc71:MFC71.DLL
 0001:00007ac4       ?GetRuntimeClass@CStatic@@UBEPAUCRuntimeClass@@XZ 00408ac4 f   mfc71:MFC71.DLL
 0001:00007aca       ?DDX_Check@@YGXPAVCDataExchange@@HAAH@Z 00408aca f   mfc71:MFC71.DLL
 0001:00007ad0       ?OnDestroy@CWnd@@IAEXXZ    00408ad0 f   mfc71:MFC71.DLL
 0001:00007ad6       ?OnPaint@CDialog@@IAEXXZ   00408ad6 f   mfc71:MFC71.DLL
 0001:00007adc       ??1CPaintDC@@UAE@XZ        00408adc f   mfc71:MFC71.DLL
 0001:00007ae2       ??0CPaintDC@@QAE@PAVCWnd@@@Z 00408ae2 f   mfc71:MFC71.DLL
 0001:00007ae8       ?GetText@CListBox@@QBEXHAAV?$CStringT@DV?$StrTraitMFC_DLL@DV?$ChTraitsCRT@D@ATL@@@@@ATL@@@Z 00408ae8 f   mfc71:MFC71.DLL
 0001:00007aee       ?GetWindowPlacement@CWnd@@QBEHPAUtagWINDOWPLACEMENT@@@Z 00408aee f   mfc71:MFC71.DLL
 0001:00007af4       ?IsWindowEnabled@CWnd@@QBEHXZ 00408af4 f   mfc71:MFC71.DLL
 0001:00007afa       ?GetStyle@CWnd@@QBEKXZ     00408afa f   mfc71:MFC71.DLL
 0001:00007b00       ?Detach@CMenu@@QAEPAUHMENU__@@XZ 00408b00 f   mfc71:MFC71.DLL
 0001:00007b06       ?GetMenuStringA@CMenu@@QBEHIAAV?$CStringT@DV?$StrTraitMFC_DLL@DV?$ChTraitsCRT@D@ATL@@@@@ATL@@I@Z 00408b06 f   mfc71:MFC71.DLL
 0001:00007b0c       ?EnableWindow@CWnd@@QAEHH@Z 00408b0c f   mfc71:MFC71.DLL
 0001:00007b12       ?SetWindowPos@CWnd@@QAEHPBV1@HHHHI@Z 00408b12 f   mfc71:MFC71.DLL
 0001:00007b18       ?ModifyStyleEx@CWnd@@QAEHKKI@Z 00408b18 f   mfc71:MFC71.DLL
 0001:00007b1e       ?EnableToolTips@CWnd@@QAEHH@Z 00408b1e f   mfc71:MFC71.DLL
 0001:00007b24       ?GetThisMessageMap@CWnd@@KGPBUAFX_MSGMAP@@XZ 00408b24 f   mfc71:MFC71.DLL
 0001:00007b2a       ?GetThisClass@CStatic@@SGPAUCRuntimeClass@@XZ 00408b2a f   mfc71:MFC71.DLL
 0001:00007b30       ?FromHandle@CGdiObject@@SGPAV1@PAX@Z 00408b30 f   mfc71:MFC71.DLL
 0001:00007b36       ?GetRuntimeClass@CFont@@UBEPAUCRuntimeClass@@XZ 00408b36 f   mfc71:MFC71.DLL
 0001:00007b3c       ?Attach@CGdiObject@@QAEHPAX@Z 00408b3c f   mfc71:MFC71.DLL
 0001:00007b42       ?SetBkMode@CDC@@QAEHH@Z    00408b42 f   mfc71:MFC71.DLL
 0001:00007b48       ?put_accValue@CWnd@@UAEJUtagVARIANT@@PA_W@Z 00408b48 f   mfc71:MFC71.DLL
 0001:00007b48       ?put_accValue@CWnd@@UAEJUtagVARIANT@@PAG@Z 00408b48 f   mfc71:MFC71.DLL
 0001:00007b4e       ?put_accName@CWnd@@UAEJUtagVARIANT@@PAG@Z 00408b4e f   mfc71:MFC71.DLL
 0001:00007b4e       ?put_accName@CWnd@@UAEJUtagVARIANT@@PA_W@Z 00408b4e f   mfc71:MFC71.DLL
 0001:00007b54       ?get_accDefaultAction@CWnd@@UAEJUtagVARIANT@@PAPA_W@Z 00408b54 f   mfc71:MFC71.DLL
 0001:00007b54       ?get_accDefaultAction@CWnd@@UAEJUtagVARIANT@@PAPAG@Z 00408b54 f   mfc71:MFC71.DLL
 0001:00007b5a       ?get_accKeyboardShortcut@CWnd@@UAEJUtagVARIANT@@PAPA_W@Z 00408b5a f   mfc71:MFC71.DLL
 0001:00007b5a       ?get_accKeyboardShortcut@CWnd@@UAEJUtagVARIANT@@PAPAG@Z 00408b5a f   mfc71:MFC71.DLL
 0001:00007b60       ?get_accHelpTopic@CWnd@@UAEJPAPA_WUtagVARIANT@@PAJ@Z 00408b60 f   mfc71:MFC71.DLL
 0001:00007b60       ?get_accHelpTopic@CWnd@@UAEJPAPAGUtagVARIANT@@PAJ@Z 00408b60 f   mfc71:MFC71.DLL
 0001:00007b66       ?get_accHelp@CWnd@@UAEJUtagVARIANT@@PAPA_W@Z 00408b66 f   mfc71:MFC71.DLL
 0001:00007b66       ?get_accHelp@CWnd@@UAEJUtagVARIANT@@PAPAG@Z 00408b66 f   mfc71:MFC71.DLL
 0001:00007b6c       ?get_accDescription@CWnd@@UAEJUtagVARIANT@@PAPAG@Z 00408b6c f   mfc71:MFC71.DLL
 0001:00007b6c       ?get_accDescription@CWnd@@UAEJUtagVARIANT@@PAPA_W@Z 00408b6c f   mfc71:MFC71.DLL
 0001:00007b72       ?get_accValue@CWnd@@UAEJUtagVARIANT@@PAPA_W@Z 00408b72 f   mfc71:MFC71.DLL
 0001:00007b72       ?get_accValue@CWnd@@UAEJUtagVARIANT@@PAPAG@Z 00408b72 f   mfc71:MFC71.DLL
 0001:00007b78       ?get_accName@CWnd@@UAEJUtagVARIANT@@PAPA_W@Z 00408b78 f   mfc71:MFC71.DLL
 0001:00007b78       ?get_accName@CWnd@@UAEJUtagVARIANT@@PAPAG@Z 00408b78 f   mfc71:MFC71.DLL
 0001:00007b7e       ??0CComCriticalSection@ATL@@QAE@XZ 00408b7e f i mfcs71:stdafx.obj
 0001:00007b92       ?Init@CComCriticalSection@ATL@@QAEJXZ 00408b92 f i mfcs71:stdafx.obj
 0001:00007be2       ___CxxFrameHandler         00408be2 f   msvcrt:MSVCR71.dll
 0001:00007bf0       __ftol2                    00408bf0 f   msvcrt:ftol2.obj
 0001:00007c70       __chkstk                   00408c70 f   msvcrt:chkstk.obj
 0001:00007c70       __alloca_probe             00408c70     msvcrt:chkstk.obj
 0001:00007cad       __onexit                   00408cad f   msvcrt:atonexit.obj
 0001:00007cd3       _atexit                    00408cd3 f   msvcrt:atonexit.obj
 0001:00007ce6       _sprintf                   00408ce6 f   msvcrt:MSVCR71.dll
 0001:00007cec       _malloc                    00408cec f   msvcrt:MSVCR71.dll
 0001:00007cf2       _free                      00408cf2 f   msvcrt:MSVCR71.dll
 0001:00007cf8       __except_handler3          00408cf8 f   msvcrt:MSVCR71.dll
 0001:00007cfe       _WinMainCRTStartup         00408cfe f   msvcrt:crtexew.obj
 0001:00007efe       _calloc                    00408efe f   msvcrt:MSVCR71.dll
 0001:00007f04       __SEH_prolog               00408f04 f   msvcrt:sehprolg.obj
 0001:00007f3f       __SEH_epilog               00408f3f f   msvcrt:sehprolg.obj
 0001:00007f81       @__security_check_cookie@4 00408f81 f   msvcrt:secchk.obj
 0001:00007f90       _memset                    00408f90 f   msvcrt:MSVCR71.dll
 0001:00007f98       __EH_prolog                00408f98 f   msvcrt:ehprolog.obj
 0001:00007fb8       ___dllonexit               00408fb8 f   msvcrt:MSVCR71.dll
 0001:00007fbe       __XcptFilter               00408fbe f   msvcrt:MSVCR71.dll
 0001:00007fc4       __amsg_exit                00408fc4 f   msvcrt:MSVCR71.dll
 0001:00007fca       __RTC_Initialize           00408fca f   msvcrt:initsect.obj
 0001:0000800e       __RTC_Terminate            0040900e f   msvcrt:initsect.obj
 0001:00008052       __initterm                 00409052 f   msvcrt:MSVCR71.dll
 0001:00008058       __setdefaultprecision      00409058 f   msvcrt:fp8.obj
 0001:0000806a       __matherr                  0040906a f   msvcrt:merr.obj
 0001:0000806a       __setargv                  0040906a f   msvcrt:dllargv.obj
 0001:0000806d       ___security_init_cookie    0040906d f   msvcrt:seccinit.obj
 0001:000080d4       ___security_error_handler  004090d4 f   msvcrt:MSVCR71.dll
 0001:000080da       __controlfp                004090da f   msvcrt:MSVCR71.dll
 0001:000080e0       ?RemoveAll@?$CSimpleArray@PAUHINSTANCE__@@V?$CSimpleArrayEqualHelper@PAUHINSTANCE__@@@ATL@@@ATL@@QAEXXZ 004090e0 f i atls:atlbase.obj
 0001:000080fd       ??0_ATL_BASE_MODULE70@ATL@@QAE@XZ 004090fd f i atls:atlbase.obj
 0001:00008117       ??1CAtlBaseModule@ATL@@QAE@XZ 00409117 f   atls:atlbase.obj
 0001:0000812d       ??0CAtlBaseModule@ATL@@QAE@XZ 0040912d f   atls:atlbase.obj
 0001:000081dc       _WinMain@16                004091dc f   mfcs71:appmodul.obj
 0001:000081e1       ?AfxInitialize@@YGHHK@Z    004091e1 f   mfcs71:appmodul.obj
 0001:0000820a       __strdup                   0040920a f   msvcrt:MSVCR71.dll
 0001:0000820a       _strdup                    0040920a f   msvcrt:MSVCR71.dll
 0001:00008210       ?AfxWinMain@@YGHPAUHINSTANCE__@@0PADH@Z 00409210 f   mfc71:MFC71.DLL
 0002:00000000       __imp__RegQueryValueExA@24 0040a000     advapi32:ADVAPI32.dll
 0002:00000004       __imp__RegCloseKey@4       0040a004     advapi32:ADVAPI32.dll
 0002:00000008       __imp__RegOpenKeyExA@20    0040a008     advapi32:ADVAPI32.dll
 0002:0000000c       __imp__RegEnumValueA@32    0040a00c     advapi32:ADVAPI32.dll
 0002:00000010       __imp__RegQueryInfoKeyA@48 0040a010     advapi32:ADVAPI32.dll
 0002:00000014       __imp__RegCreateKeyExA@36  0040a014     advapi32:ADVAPI32.dll
 0002:00000018       __imp__RegSetValueExA@24   0040a018     advapi32:ADVAPI32.dll
 0002:0000001c       \177ADVAPI32_NULL_THUNK_DATA 0040a01c     advapi32:ADVAPI32.dll
 0002:00000020       __imp__CreateFontIndirectA@4 0040a020     gdi32:GDI32.dll
 0002:00000024       __imp__GetObjectA@12       0040a024     gdi32:GDI32.dll
 0002:00000028       __imp__GetStockObject@4    0040a028     gdi32:GDI32.dll
 0002:0000002c       \177GDI32_NULL_THUNK_DATA  0040a02c     gdi32:GDI32.dll
 0002:00000030       __imp__CreateProcessA@40   0040a030     kernel32:KERNEL32.dll
 0002:00000034       __imp__GetLastError@0      0040a034     kernel32:KERNEL32.dll
 0002:00000038       __imp__WaitForSingleObject@8 0040a038     kernel32:KERNEL32.dll
 0002:0000003c       __imp__GetExitCodeProcess@8 0040a03c     kernel32:KERNEL32.dll
 0002:00000040       __imp__OpenMutexA@12       0040a040     kernel32:KERNEL32.dll
 0002:00000044       __imp__CloseHandle@4       0040a044     kernel32:KERNEL32.dll
 0002:00000048       __imp__Beep@8              0040a048     kernel32:KERNEL32.dll
 0002:0000004c       __imp__LoadLibraryA@4      0040a04c     kernel32:KERNEL32.dll
 0002:00000050       __imp__GetProcAddress@8    0040a050     kernel32:KERNEL32.dll
 0002:00000054       __imp__FreeLibrary@4       0040a054     kernel32:KERNEL32.dll
 0002:00000058       __imp__GetVersionExA@4     0040a058     kernel32:KERNEL32.dll
 0002:0000005c       __imp__CreateMutexA@12     0040a05c     kernel32:KERNEL32.dll
 0002:00000060       __imp__FormatMessageA@28   0040a060     kernel32:KERNEL32.dll
 0002:00000064       __imp__SetLastError@4      0040a064     kernel32:KERNEL32.dll
 0002:00000068       __imp__MapViewOfFile@20    0040a068     kernel32:KERNEL32.dll
 0002:0000006c       __imp__ReleaseMutex@4      0040a06c     kernel32:KERNEL32.dll
 0002:00000070       __imp__OpenFileMappingA@12 0040a070     kernel32:KERNEL32.dll
 0002:00000074       __imp__InitializeCriticalSection@4 0040a074     kernel32:KERNEL32.dll
 0002:00000078       __imp__DeleteCriticalSection@4 0040a078     kernel32:KERNEL32.dll
 0002:0000007c       __imp__GetModuleHandleA@4  0040a07c     kernel32:KERNEL32.dll
 0002:00000080       __imp__GetStartupInfoA@4   0040a080     kernel32:KERNEL32.dll
 0002:00000084       __imp__ExitProcess@4       0040a084     kernel32:KERNEL32.dll
 0002:00000088       __imp__QueryPerformanceCounter@4 0040a088     kernel32:KERNEL32.dll
 0002:0000008c       __imp__GetTickCount@0      0040a08c     kernel32:KERNEL32.dll
 0002:00000090       __imp__GetCurrentThreadId@0 0040a090     kernel32:KERNEL32.dll
 0002:00000094       __imp__GetCurrentProcessId@0 0040a094     kernel32:KERNEL32.dll
 0002:00000098       __imp__GetSystemTimeAsFileTime@4 0040a098     kernel32:KERNEL32.dll
 0002:0000009c       __imp__GetWindowsDirectoryA@8 0040a09c     kernel32:KERNEL32.dll
 0002:000000a0       \177KERNEL32_NULL_THUNK_DATA 0040a0a0     kernel32:KERNEL32.dll
 0002:000000a4       __imp_?WinHelpInternal@CWnd@@UAEXKI@Z 0040a0a4     mfc71:MFC71.DLL
 0002:000000a8       __imp_?HtmlHelpA@CWnd@@UAEXKI@Z 0040a0a8     mfc71:MFC71.DLL
 0002:000000ac       __imp_?WinHelpA@CWnd@@UAEXKI@Z 0040a0ac     mfc71:MFC71.DLL
 0002:000000b0       __imp_?GetScrollBarCtrl@CWnd@@UBEPAVCScrollBar@@H@Z 0040a0b0     mfc71:MFC71.DLL
 0002:000000b4       __imp_?OnToolHitTest@CWnd@@UBEHVCPoint@@PAUtagTOOLINFOA@@@Z 0040a0b4     mfc71:MFC71.DLL
 0002:000000b8       __imp_?CalcWindowRect@CWnd@@UAEXPAUtagRECT@@I@Z 0040a0b8     mfc71:MFC71.DLL
 0002:000000bc       __imp_?PreCreateWindow@CWnd@@UAEHAAUtagCREATESTRUCTA@@@Z 0040a0bc     mfc71:MFC71.DLL
 0002:000000c0       __imp_?DestroyWindow@CWnd@@UAEHXZ 0040a0c0     mfc71:MFC71.DLL
 0002:000000c4       __imp_?CreateEx@CWnd@@UAEHKPBD0KHHHHPAUHWND__@@PAUHMENU__@@PAX@Z 0040a0c4     mfc71:MFC71.DLL
 0002:000000c8       __imp_?CreateEx@CWnd@@UAEHKPBD0KABUtagRECT@@PAV1@IPAX@Z 0040a0c8     mfc71:MFC71.DLL
 0002:000000cc       __imp_?Create@CWnd@@UAEHPBD0KABUtagRECT@@PAV1@IPAUCCreateContext@@@Z 0040a0cc     mfc71:MFC71.DLL
 0002:000000d0       __imp_?PreSubclassWindow@CWnd@@UAEXXZ 0040a0d0     mfc71:MFC71.DLL
 0002:000000d4       __imp_?GetConnectionHook@CCmdTarget@@MAEPAUIConnectionPoint@@ABU_GUID@@@Z 0040a0d4     mfc71:MFC71.DLL
 0002:000000d8       __imp_?GetExtraConnectionPoints@CCmdTarget@@MAEHPAVCPtrArray@@@Z 0040a0d8     mfc71:MFC71.DLL
 0002:000000dc       __imp_?GetInterfaceHook@CCmdTarget@@UAEPAUIUnknown@@PBX@Z 0040a0dc     mfc71:MFC71.DLL
 0002:000000e0       __imp_?OnCreateAggregates@CCmdTarget@@UAEHXZ 0040a0e0     mfc71:MFC71.DLL
 0002:000000e4       __imp_?GetEventSinkMap@CCmdTarget@@MBEPBUAFX_EVENTSINKMAP@@XZ 0040a0e4     mfc71:MFC71.DLL
 0002:000000e8       __imp_?GetInterfaceMap@CWnd@@MBEPBUAFX_INTERFACEMAP@@XZ 0040a0e8     mfc71:MFC71.DLL
 0002:000000ec       __imp_?GetConnectionMap@CCmdTarget@@MBEPBUAFX_CONNECTIONMAP@@XZ 0040a0ec     mfc71:MFC71.DLL
 0002:000000f0       __imp_?GetDispatchMap@CCmdTarget@@MBEPBUAFX_DISPMAP@@XZ 0040a0f0     mfc71:MFC71.DLL
 0002:000000f4       __imp_?GetCommandMap@CCmdTarget@@MBEPBUAFX_OLECMDMAP@@XZ 0040a0f4     mfc71:MFC71.DLL
 0002:000000f8       __imp_?GetTypeLib@CCmdTarget@@UAEJKPAPAUITypeLib@@@Z 0040a0f8     mfc71:MFC71.DLL
 0002:000000fc       __imp_?GetTypeLibCache@CCmdTarget@@UAEPAVCTypeLibCache@@XZ 0040a0fc     mfc71:MFC71.DLL
 0002:00000100       __imp_?GetTypeInfoCount@CCmdTarget@@UAEIXZ 0040a100     mfc71:MFC71.DLL
 0002:00000104       __imp_?GetDispatchIID@CCmdTarget@@UAEHPAU_GUID@@@Z 0040a104     mfc71:MFC71.DLL
 0002:00000108       __imp_?IsInvokeAllowed@CCmdTarget@@UAEHJ@Z 0040a108     mfc71:MFC71.DLL
 0002:0000010c       __imp_?OnFinalRelease@CWnd@@UAEXXZ 0040a10c     mfc71:MFC71.DLL
 0002:00000110       __imp_?OnCmdMsg@CDialog@@UAEHIHPAXPAUAFX_CMDHANDLERINFO@@@Z 0040a110     mfc71:MFC71.DLL
 0002:00000114       __imp_?GetRuntimeClass@CDialog@@UBEPAUCRuntimeClass@@XZ 0040a114     mfc71:MFC71.DLL
 0002:00000118       __imp_??1CDialog@@UAE@XZ   0040a118     mfc71:MFC71.DLL
 0002:0000011c       __imp_??0CDialog@@QAE@IPAVCWnd@@@Z 0040a11c     mfc71:MFC71.DLL
 0002:00000120       __imp_?AfxThrowInvalidArgException@@YGXXZ 0040a120     mfc71:MFC71.DLL
 0002:00000124       __imp_??_U@YAPAXI@Z        0040a124     mfc71:MFC71.DLL
 0002:00000128       __imp_??_V@YAXPAX@Z        0040a128     mfc71:MFC71.DLL
 0002:0000012c       __imp_??2@YAPAXI@Z         0040a12c     mfc71:MFC71.DLL
 0002:00000130       __imp_?GetRuntimeClass@CObject@@UBEPAUCRuntimeClass@@XZ 0040a130     mfc71:MFC71.DLL
 0002:00000134       __imp_?ReadCount@CArchive@@QAEKXZ 0040a134     mfc71:MFC71.DLL
 0002:00000138       __imp_?WriteCount@CArchive@@QAEXK@Z 0040a138     mfc71:MFC71.DLL
 0002:0000013c       __imp_?Read@CArchive@@QAEIPAXI@Z 0040a13c     mfc71:MFC71.DLL
 0002:00000140       __imp_?Write@CArchive@@QAEXPBXI@Z 0040a140     mfc71:MFC71.DLL
 0002:00000144       __imp_?OnHScroll@CWnd@@IAEXIIPAVCScrollBar@@@Z 0040a144     mfc71:MFC71.DLL
 0002:00000148       __imp_?GetDlgCtrlID@CWnd@@QBEHXZ 0040a148     mfc71:MFC71.DLL
 0002:0000014c       __imp_?Create@CEdit@@UAEHKABUtagRECT@@PAVCWnd@@I@Z 0040a14c     mfc71:MFC71.DLL
 0002:00000150       __imp_?SetOccDialogInfo@CWnd@@MAEHPAU_AFX_OCC_DIALOG_INFO@@@Z 0040a150     mfc71:MFC71.DLL
 0002:00000154       __imp_?CheckAutoCenter@CWnd@@UAEHXZ 0040a154     mfc71:MFC71.DLL
 0002:00000158       __imp_?PreTranslateMessage@CWnd@@UAEHPAUtagMSG@@@Z 0040a158     mfc71:MFC71.DLL
 0002:0000015c       __imp_?GetMessageMap@CWnd@@MBEPBUAFX_MSGMAP@@XZ 0040a15c     mfc71:MFC71.DLL
 0002:00000160       __imp_?OnCmdMsg@CCmdTarget@@UAEHIHPAXPAUAFX_CMDHANDLERINFO@@@Z 0040a160     mfc71:MFC71.DLL
 0002:00000164       __imp_?GetRuntimeClass@CEdit@@UBEPAUCRuntimeClass@@XZ 0040a164     mfc71:MFC71.DLL
 0002:00000168       __imp_??0CWnd@@QAE@XZ      0040a168     mfc71:MFC71.DLL
 0002:0000016c       __imp_??1CEdit@@UAE@XZ     0040a16c     mfc71:MFC71.DLL
 0002:00000170       __imp_?CreateEx@CSliderCtrl@@UAEHKKABUtagRECT@@PAVCWnd@@I@Z 0040a170     mfc71:MFC71.DLL
 0002:00000174       __imp_?Create@CSliderCtrl@@UAEHKABUtagRECT@@PAVCWnd@@I@Z 0040a174     mfc71:MFC71.DLL
 0002:00000178       __imp_?GetRuntimeClass@CSliderCtrl@@UBEPAUCRuntimeClass@@XZ 0040a178     mfc71:MFC71.DLL
 0002:0000017c       __imp_??1CSliderCtrl@@UAE@XZ 0040a17c     mfc71:MFC71.DLL
 0002:00000180       __imp_?DDX_Control@@YGXPAVCDataExchange@@HAAVCWnd@@@Z 0040a180     mfc71:MFC71.DLL
 0002:00000184       __imp_?GetLength@?$CSimpleStringT@D$00@ATL@@QBEHXZ 0040a184     mfc71:MFC71.DLL
 0002:00000188       __imp_?GetWindowTextA@CWnd@@QBEXAAV?$CStringT@DV?$StrTraitMFC_DLL@DV?$ChTraitsCRT@D@ATL@@@@@ATL@@@Z 0040a188     mfc71:MFC71.DLL
 0002:0000018c       __imp_?OnHelp@CWinApp@@IAEXXZ 0040a18c     mfc71:MFC71.DLL
 0002:00000190       __imp_?GetThisMessageMap@CWinApp@@KGPBUAFX_MSGMAP@@XZ 0040a190     mfc71:MFC71.DLL
 0002:00000194       __imp_?LoadSysPolicies@CWinApp@@UAEHXZ 0040a194     mfc71:MFC71.DLL
 0002:00000198       __imp_?LoadAppLangResourceDLL@CWinApp@@UAEPAUHINSTANCE__@@XZ 0040a198     mfc71:MFC71.DLL
 0002:0000019c       __imp_?WinHelpInternal@CWinApp@@UAEXKI@Z 0040a19c     mfc71:MFC71.DLL
 0002:000001a0       __imp_?HtmlHelpA@CWinApp@@UAEXKI@Z 0040a1a0     mfc71:MFC71.DLL
 0002:000001a4       __imp_?WinHelpA@CWinApp@@UAEXKI@Z 0040a1a4     mfc71:MFC71.DLL
 0002:000001a8       __imp_?OnDDECommand@CWinApp@@UAEHPAD@Z 0040a1a8     mfc71:MFC71.DLL
 0002:000001ac       __imp_?DoWaitCursor@CWinApp@@UAEXH@Z 0040a1ac     mfc71:MFC71.DLL
 0002:000001b0       __imp_?DoMessageBox@CWinApp@@UAEHPBDII@Z 0040a1b0     mfc71:MFC71.DLL
 0002:000001b4       __imp_?SaveAllModified@CWinApp@@UAEHXZ 0040a1b4     mfc71:MFC71.DLL
 0002:000001b8       __imp_?InitApplication@CWinApp@@UAEHXZ 0040a1b8     mfc71:MFC71.DLL
 0002:000001bc       __imp_?AddToRecentFileList@CWinApp@@UAEXPBD@Z 0040a1bc     mfc71:MFC71.DLL
 0002:000001c0       __imp_?ContinueModal@CWnd@@UAEHXZ 0040a1c0     mfc71:MFC71.DLL
 0002:000001c4       __imp_?Unregister@CWinApp@@UAEHXZ 0040a1c4     mfc71:MFC71.DLL
 0002:000001c8       __imp_?Register@CWinApp@@UAEHXZ 0040a1c8     mfc71:MFC71.DLL
 0002:000001cc       __imp_?InitLibId@CWinApp@@UAEXXZ 0040a1cc     mfc71:MFC71.DLL
 0002:000001d0       __imp_?Delete@CWinThread@@UAEXXZ 0040a1d0     mfc71:MFC71.DLL
 0002:000001d4       __imp_?GetMainWnd@CWinThread@@UAEPAVCWnd@@XZ 0040a1d4     mfc71:MFC71.DLL
 0002:000001d8       __imp_?ProcessMessageFilter@CWinThread@@UAEHHPAUtagMSG@@@Z 0040a1d8     mfc71:MFC71.DLL
 0002:000001dc       __imp_?ProcessWndProcException@CWinApp@@UAEJPAVCException@@PBUtagMSG@@@Z 0040a1dc     mfc71:MFC71.DLL
 0002:000001e0       __imp_?ExitInstance@CWinApp@@UAEHXZ 0040a1e0     mfc71:MFC71.DLL
 0002:000001e4       __imp_?IsIdleMessage@CWinThread@@UAEHPAUtagMSG@@@Z 0040a1e4     mfc71:MFC71.DLL
 0002:000001e8       __imp_?OnIdle@CWinApp@@UAEHJ@Z 0040a1e8     mfc71:MFC71.DLL
 0002:000001ec       __imp_?PumpMessage@CWinThread@@UAEHXZ 0040a1ec     mfc71:MFC71.DLL
 0002:000001f0       __imp_?PreTranslateMessage@CWinThread@@UAEHPAUtagMSG@@@Z 0040a1f0     mfc71:MFC71.DLL
 0002:000001f4       __imp_?Run@CWinApp@@UAEHXZ 0040a1f4     mfc71:MFC71.DLL
 0002:000001f8       __imp_?GetInterfaceMap@CCmdTarget@@MBEPBUAFX_INTERFACEMAP@@XZ 0040a1f8     mfc71:MFC71.DLL
 0002:000001fc       __imp_?OnFinalRelease@CCmdTarget@@UAEXXZ 0040a1fc     mfc71:MFC71.DLL
 0002:00000200       __imp_?GetRuntimeClass@CWinApp@@UBEPAUCRuntimeClass@@XZ 0040a200     mfc71:MFC71.DLL
 0002:00000204       __imp_??0CWinApp@@QAE@PBD@Z 0040a204     mfc71:MFC71.DLL
 0002:00000208       __imp_??1CWinApp@@UAE@XZ   0040a208     mfc71:MFC71.DLL
 0002:0000020c       __imp_?ShowWindow@CWnd@@QAEHH@Z 0040a20c     mfc71:MFC71.DLL
 0002:00000210       __imp_?SetDlgItemTextA@CWnd@@QAEXHPBD@Z 0040a210     mfc71:MFC71.DLL
 0002:00000214       __imp_?MessageBoxA@CWnd@@QAEHPBD0I@Z 0040a214     mfc71:MFC71.DLL
 0002:00000218       __imp_??0?$CStringT@DV?$StrTraitMFC_DLL@DV?$ChTraitsCRT@D@ATL@@@@@ATL@@QAE@ABV01@@Z 0040a218     mfc71:MFC71.DLL
 0002:0000021c       __imp_?Concatenate@?$CSimpleStringT@D$00@ATL@@KAXAAV12@PBDH1H@Z 0040a21c     mfc71:MFC71.DLL
 0002:00000220       __imp_??0?$CStringT@DV?$StrTraitMFC_DLL@DV?$ChTraitsCRT@D@ATL@@@@@ATL@@QAE@PAUIAtlStringMgr@1@@Z 0040a220     mfc71:MFC71.DLL
 0002:00000224       __imp_?GetManager@?$CSimpleStringT@D$00@ATL@@QBEPAUIAtlStringMgr@2@XZ 0040a224     mfc71:MFC71.DLL
 0002:00000228       __imp_?AfxGetModuleState@@YGPAVAFX_MODULE_STATE@@XZ 0040a228     mfc71:MFC71.DLL
 0002:0000022c       __imp_?MeasureItem@CMenu@@UAEXPAUtagMEASUREITEMSTRUCT@@@Z 0040a22c     mfc71:MFC71.DLL
 0002:00000230       __imp_?DrawItem@CMenu@@UAEXPAUtagDRAWITEMSTRUCT@@@Z 0040a230     mfc71:MFC71.DLL
 0002:00000234       __imp_?GetRuntimeClass@CMenu@@UBEPAUCRuntimeClass@@XZ 0040a234     mfc71:MFC71.DLL
 0002:00000238       __imp_?DestroyMenu@CMenu@@QAEHXZ 0040a238     mfc71:MFC71.DLL
 0002:0000023c       __imp_?Attach@CMenu@@QAEHPAUHMENU__@@@Z 0040a23c     mfc71:MFC71.DLL
 0002:00000240       __imp_?FromHandle@CMenu@@SGPAV1@PAUHMENU__@@@Z 0040a240     mfc71:MFC71.DLL
 0002:00000244       __imp_?AfxFindResourceHandle@@YGPAUHINSTANCE__@@PBD0@Z 0040a244     mfc71:MFC71.DLL
 0002:00000248       __imp_?Default@CWnd@@IAEJXZ 0040a248     mfc71:MFC71.DLL
 0002:0000024c       __imp_?DrawItem@CStatic@@UAEXPAUtagDRAWITEMSTRUCT@@@Z 0040a24c     mfc71:MFC71.DLL
 0002:00000250       __imp_?Create@CStatic@@UAEHPBDKABUtagRECT@@PAVCWnd@@I@Z 0040a250     mfc71:MFC71.DLL
 0002:00000254       __imp_?OnChildNotify@CStatic@@MAEHIIJPAJ@Z 0040a254     mfc71:MFC71.DLL
 0002:00000258       __imp_?GetRuntimeClass@CStatic@@UBEPAUCRuntimeClass@@XZ 0040a258     mfc71:MFC71.DLL
 0002:0000025c       __imp_?DDX_Check@@YGXPAVCDataExchange@@HAAH@Z 0040a25c     mfc71:MFC71.DLL
 0002:00000260       __imp_?OnDestroy@CWnd@@IAEXXZ 0040a260     mfc71:MFC71.DLL
 0002:00000264       __imp_?OnPaint@CDialog@@IAEXXZ 0040a264     mfc71:MFC71.DLL
 0002:00000268       __imp_??1CPaintDC@@UAE@XZ  0040a268     mfc71:MFC71.DLL
 0002:0000026c       __imp_??0CPaintDC@@QAE@PAVCWnd@@@Z 0040a26c     mfc71:MFC71.DLL
 0002:00000270       __imp_?GetText@CListBox@@QBEXHAAV?$CStringT@DV?$StrTraitMFC_DLL@DV?$ChTraitsCRT@D@ATL@@@@@ATL@@@Z 0040a270     mfc71:MFC71.DLL
 0002:00000274       __imp_?AfxWinMain@@YGHPAUHINSTANCE__@@0PADH@Z 0040a274     mfc71:MFC71.DLL
 0002:00000278       __imp_??4?$CStringT@DV?$StrTraitMFC_DLL@DV?$ChTraitsCRT@D@ATL@@@@@ATL@@QAEAAV01@ABV01@@Z 0040a278     mfc71:MFC71.DLL
 0002:0000027c       __imp_?IsWindowEnabled@CWnd@@QBEHXZ 0040a27c     mfc71:MFC71.DLL
 0002:00000280       __imp_??4?$CStringT@DV?$StrTraitMFC_DLL@DV?$ChTraitsCRT@D@ATL@@@@@ATL@@QAEAAV01@PBD@Z 0040a280     mfc71:MFC71.DLL
 0002:00000284       __imp_?GetStyle@CWnd@@QBEKXZ 0040a284     mfc71:MFC71.DLL
 0002:00000288       __imp_?Detach@CMenu@@QAEPAUHMENU__@@XZ 0040a288     mfc71:MFC71.DLL
 0002:0000028c       __imp_?Find@?$CStringT@DV?$StrTraitMFC_DLL@DV?$ChTraitsCRT@D@ATL@@@@@ATL@@QBEHPBDH@Z 0040a28c     mfc71:MFC71.DLL
 0002:00000290       __imp_?GetMenuStringA@CMenu@@QBEHIAAV?$CStringT@DV?$StrTraitMFC_DLL@DV?$ChTraitsCRT@D@ATL@@@@@ATL@@I@Z 0040a290     mfc71:MFC71.DLL
 0002:00000294       __imp_?EnableWindow@CWnd@@QAEHH@Z 0040a294     mfc71:MFC71.DLL
 0002:00000298       __imp_?SetWindowPos@CWnd@@QAEHPBV1@HHHHI@Z 0040a298     mfc71:MFC71.DLL
 0002:0000029c       __imp_?wndTopMost@CWnd@@2V1@B 0040a29c     mfc71:MFC71.DLL
 0002:000002a0       __imp_?ModifyStyleEx@CWnd@@QAEHKKI@Z 0040a2a0     mfc71:MFC71.DLL
 0002:000002a4       __imp_?EnableToolTips@CWnd@@QAEHH@Z 0040a2a4     mfc71:MFC71.DLL
 0002:000002a8       __imp_?GetThisMessageMap@CWnd@@KGPBUAFX_MSGMAP@@XZ 0040a2a8     mfc71:MFC71.DLL
 0002:000002ac       __imp_?GetThisClass@CStatic@@SGPAUCRuntimeClass@@XZ 0040a2ac     mfc71:MFC71.DLL
 0002:000002b0       __imp_??Y?$CStringT@DV?$StrTraitMFC_DLL@DV?$ChTraitsCRT@D@ATL@@@@@ATL@@QAEAAV01@PBD@Z 0040a2b0     mfc71:MFC71.DLL
 0002:000002b4       __imp_?ReleaseBuffer@?$CSimpleStringT@D$00@ATL@@QAEXH@Z 0040a2b4     mfc71:MFC71.DLL
 0002:000002b8       __imp_?GetBuffer@?$CSimpleStringT@D$00@ATL@@QAEPADH@Z 0040a2b8     mfc71:MFC71.DLL
 0002:000002bc       __imp_?IsEmpty@?$CSimpleStringT@D$00@ATL@@QBE_NXZ 0040a2bc     mfc71:MFC71.DLL
 0002:000002c0       __imp_?FromHandle@CGdiObject@@SGPAV1@PAX@Z 0040a2c0     mfc71:MFC71.DLL
 0002:000002c4       __imp_?GetRuntimeClass@CFont@@UBEPAUCRuntimeClass@@XZ 0040a2c4     mfc71:MFC71.DLL
 0002:000002c8       __imp_?Attach@CGdiObject@@QAEHPAX@Z 0040a2c8     mfc71:MFC71.DLL
 0002:000002cc       __imp_?SetBkMode@CDC@@QAEHH@Z 0040a2cc     mfc71:MFC71.DLL
 0002:000002d0       __imp_?put_accValue@CWnd@@UAEJUtagVARIANT@@PA_W@Z 0040a2d0     mfc71:MFC71.DLL
 0002:000002d4       __imp_?put_accName@CWnd@@UAEJUtagVARIANT@@PA_W@Z 0040a2d4     mfc71:MFC71.DLL
 0002:000002d8       __imp_?get_accDefaultAction@CWnd@@UAEJUtagVARIANT@@PAPA_W@Z 0040a2d8     mfc71:MFC71.DLL
 0002:000002dc       __imp_?get_accKeyboardShortcut@CWnd@@UAEJUtagVARIANT@@PAPA_W@Z 0040a2dc     mfc71:MFC71.DLL
 0002:000002e0       __imp_?get_accHelpTopic@CWnd@@UAEJPAPA_WUtagVARIANT@@PAJ@Z 0040a2e0     mfc71:MFC71.DLL
 0002:000002e4       __imp_?get_accHelp@CWnd@@UAEJUtagVARIANT@@PAPA_W@Z 0040a2e4     mfc71:MFC71.DLL
 0002:000002e8       __imp_?get_accDescription@CWnd@@UAEJUtagVARIANT@@PAPA_W@Z 0040a2e8     mfc71:MFC71.DLL
 0002:000002ec       __imp_?get_accValue@CWnd@@UAEJUtagVARIANT@@PAPA_W@Z 0040a2ec     mfc71:MFC71.DLL
 0002:000002f0       __imp_?get_accName@CWnd@@UAEJUtagVARIANT@@PAPA_W@Z 0040a2f0     mfc71:MFC71.DLL
 0002:000002f4       __imp_?EndModalLoop@CWnd@@UAEXH@Z 0040a2f4     mfc71:MFC71.DLL
 0002:000002f8       __imp_?EnsureStdObj@CWnd@@UAEJXZ 0040a2f8     mfc71:MFC71.DLL
 0002:000002fc       __imp_?get_accParent@CWnd@@UAEJPAPAUIDispatch@@@Z 0040a2fc     mfc71:MFC71.DLL
 0002:00000300       __imp_?get_accChildCount@CWnd@@UAEJPAJ@Z 0040a300     mfc71:MFC71.DLL
 0002:00000304       __imp_?get_accChild@CWnd@@UAEJUtagVARIANT@@PAPAUIDispatch@@@Z 0040a304     mfc71:MFC71.DLL
 0002:00000308       __imp_?get_accRole@CWnd@@UAEJUtagVARIANT@@PAU2@@Z 0040a308     mfc71:MFC71.DLL
 0002:0000030c       __imp_?get_accState@CWnd@@UAEJUtagVARIANT@@PAU2@@Z 0040a30c     mfc71:MFC71.DLL
 0002:00000310       __imp_?get_accFocus@CWnd@@UAEJPAUtagVARIANT@@@Z 0040a310     mfc71:MFC71.DLL
 0002:00000314       __imp_?get_accSelection@CWnd@@UAEJPAUtagVARIANT@@@Z 0040a314     mfc71:MFC71.DLL
 0002:00000318       __imp_?accSelect@CWnd@@UAEJJUtagVARIANT@@@Z 0040a318     mfc71:MFC71.DLL
 0002:0000031c       __imp_?accLocation@CWnd@@UAEJPAJ000UtagVARIANT@@@Z 0040a31c     mfc71:MFC71.DLL
 0002:00000320       __imp_?accNavigate@CWnd@@UAEJJUtagVARIANT@@PAU2@@Z 0040a320     mfc71:MFC71.DLL
 0002:00000324       __imp_?accHitTest@CWnd@@UAEJJJPAUtagVARIANT@@@Z 0040a324     mfc71:MFC71.DLL
 0002:00000328       __imp_?accDoDefaultAction@CWnd@@UAEJUtagVARIANT@@@Z 0040a328     mfc71:MFC71.DLL
 0002:0000032c       __imp_?SetProxy@CWnd@@UAEJPAUIAccessibleProxy@@@Z 0040a32c     mfc71:MFC71.DLL
 0002:00000330       __imp_?CreateAccessibleProxy@CWnd@@UAEJIJPAJ@Z 0040a330     mfc71:MFC71.DLL
 0002:00000334       __imp_?OnCommand@CWnd@@MAEHIJ@Z 0040a334     mfc71:MFC71.DLL
 0002:00000338       __imp_?OnNotify@CWnd@@MAEHIJPAJ@Z 0040a338     mfc71:MFC71.DLL
 0002:0000033c       __imp_?GetSuperWndProcAddr@CWnd@@MAEPAP6GJPAUHWND__@@IIJ@ZXZ 0040a33c     mfc71:MFC71.DLL
 0002:00000340       __imp_?PreTranslateMessage@CDialog@@UAEHPAUtagMSG@@@Z 0040a340     mfc71:MFC71.DLL
 0002:00000344       __imp_?OnAmbientProperty@CWnd@@UAEHPAVCOleControlSite@@JPAUtagVARIANT@@@Z 0040a344     mfc71:MFC71.DLL
 0002:00000348       __imp_?WindowProc@CWnd@@MAEJIIJ@Z 0040a348     mfc71:MFC71.DLL
 0002:0000034c       __imp_?OnWndMsg@CWnd@@MAEHIIJPAJ@Z 0040a34c     mfc71:MFC71.DLL
 0002:00000350       __imp_?DefWindowProcA@CWnd@@MAEJIIJ@Z 0040a350     mfc71:MFC71.DLL
 0002:00000354       __imp_?PostNcDestroy@CWnd@@MAEXXZ 0040a354     mfc71:MFC71.DLL
 0002:00000358       __imp_?OnChildNotify@CWnd@@MAEHIIJPAJ@Z 0040a358     mfc71:MFC71.DLL
 0002:0000035c       __imp_?CheckAutoCenter@CDialog@@UAEHXZ 0040a35c     mfc71:MFC71.DLL
 0002:00000360       __imp_?IsFrameWnd@CWnd@@UBEHXZ 0040a360     mfc71:MFC71.DLL
 0002:00000364       __imp_?CreateControlContainer@CWnd@@MAEHPAPAVCOleControlContainer@@@Z 0040a364     mfc71:MFC71.DLL
 0002:00000368       __imp_?CreateControlSite@CWnd@@MAEHPAVCOleControlContainer@@PAPAVCOleControlSite@@IABU_GUID@@@Z 0040a368     mfc71:MFC71.DLL
 0002:0000036c       __imp_?SetOccDialogInfo@CDialog@@MAEHPAU_AFX_OCC_DIALOG_INFO@@@Z 0040a36c     mfc71:MFC71.DLL
 0002:00000370       __imp_?Create@CDialog@@UAEHPBDPAVCWnd@@@Z 0040a370     mfc71:MFC71.DLL
 0002:00000374       __imp_?CreateIndirect@CDialog@@UAEHPAXPAVCWnd@@@Z 0040a374     mfc71:MFC71.DLL
 0002:00000378       __imp_?CreateIndirect@CDialog@@UAEHPBUDLGTEMPLATE@@PAVCWnd@@PAX@Z 0040a378     mfc71:MFC71.DLL
 0002:0000037c       __imp_?DoModal@CDialog@@UAEHXZ 0040a37c     mfc71:MFC71.DLL
 0002:00000380       __imp_?OnSetFont@CDialog@@UAEXPAVCFont@@@Z 0040a380     mfc71:MFC71.DLL
 0002:00000384       __imp_?OnOK@CDialog@@MAEXXZ 0040a384     mfc71:MFC71.DLL
 0002:00000388       __imp_?OnCancel@CDialog@@MAEXXZ 0040a388     mfc71:MFC71.DLL
 0002:0000038c       __imp_?PreInitDialog@CDialog@@MAEXXZ 0040a38c     mfc71:MFC71.DLL
 0002:00000390       __imp_??3@YAXPAX@Z         0040a390     mfc71:MFC71.DLL
 0002:00000394       __imp_??1CStatic@@UAE@XZ   0040a394     mfc71:MFC71.DLL
 0002:00000398       __imp_?DeleteObject@CGdiObject@@QAEHXZ 0040a398     mfc71:MFC71.DLL
 0002:0000039c       __imp_?GetRuntimeClass@CGdiObject@@UBEPAUCRuntimeClass@@XZ 0040a39c     mfc71:MFC71.DLL
 0002:000003a0       __imp_?SubclassDlgItem@CWnd@@QAEHIPAV1@@Z 0040a3a0     mfc71:MFC71.DLL
 0002:000003a4       __imp_?SetWindowTextA@CWnd@@QAEXPBD@Z 0040a3a4     mfc71:MFC71.DLL
 0002:000003a8       __imp_??0?$CStringT@DV?$StrTraitMFC_DLL@DV?$ChTraitsCRT@D@ATL@@@@@ATL@@QAE@PBD@Z 0040a3a8     mfc71:MFC71.DLL
 0002:000003ac       __imp_??1?$CStringT@DV?$StrTraitMFC_DLL@DV?$ChTraitsCRT@D@ATL@@@@@ATL@@QAE@XZ 0040a3ac     mfc71:MFC71.DLL
 0002:000003b0       __imp_??0?$CStringT@DV?$StrTraitMFC_DLL@DV?$ChTraitsCRT@D@ATL@@@@@ATL@@QAE@XZ 0040a3b0     mfc71:MFC71.DLL
 0002:000003b4       __imp_?GetDlgItem@CWnd@@QBEPAV1@H@Z 0040a3b4     mfc71:MFC71.DLL
 0002:000003b8       __imp_?Format@?$CStringT@DV?$StrTraitMFC_DLL@DV?$ChTraitsCRT@D@ATL@@@@@ATL@@QAAXPBDZZ 0040a3b8     mfc71:MFC71.DLL
 0002:000003bc       __imp_??B?$CSimpleStringT@D$00@ATL@@QBEPBDXZ 0040a3bc     mfc71:MFC71.DLL
 0002:000003c0       __imp_?OnInitDialog@CDialog@@UAEHXZ 0040a3c0     mfc71:MFC71.DLL
 0002:000003c4       __imp_?GetThisMessageMap@CDialog@@KGPBUAFX_MSGMAP@@XZ 0040a3c4     mfc71:MFC71.DLL
 0002:000003c8       __imp_?OpenDocumentFile@CWinApp@@UAEPAVCDocument@@PBD@Z 0040a3c8     mfc71:MFC71.DLL
 0002:000003cc       __imp_?GetWindowPlacement@CWnd@@QBEHPAUtagWINDOWPLACEMENT@@@Z 0040a3cc     mfc71:MFC71.DLL
 0002:000003d0       \177MFC71_NULL_THUNK_DATA  0040a3d0     mfc71:MFC71.DLL
 0002:000003d4       __imp___controlfp          0040a3d4     msvcrt:MSVCR71.dll
 0002:000003d8       __imp____security_error_handler 0040a3d8     msvcrt:MSVCR71.dll
 0002:000003dc       __imp____set_app_type      0040a3dc     msvcrt:MSVCR71.dll
 0002:000003e0       __imp____p__fmode          0040a3e0     msvcrt:MSVCR71.dll
 0002:000003e4       __imp____p__commode        0040a3e4     msvcrt:MSVCR71.dll
 0002:000003e8       __imp___adjust_fdiv        0040a3e8     msvcrt:MSVCR71.dll
 0002:000003ec       __imp____setusermatherr    0040a3ec     msvcrt:MSVCR71.dll
 0002:000003f0       __imp___initterm           0040a3f0     msvcrt:MSVCR71.dll
 0002:000003f4       __imp____getmainargs       0040a3f4     msvcrt:MSVCR71.dll
 0002:000003f8       __imp___amsg_exit          0040a3f8     msvcrt:MSVCR71.dll
 0002:000003fc       __imp___acmdln             0040a3fc     msvcrt:MSVCR71.dll
 0002:00000400       __imp__exit                0040a400     msvcrt:MSVCR71.dll
 0002:00000404       __imp___cexit              0040a404     msvcrt:MSVCR71.dll
 0002:00000408       __imp___ismbblead          0040a408     msvcrt:MSVCR71.dll
 0002:0000040c       __imp___XcptFilter         0040a40c     msvcrt:MSVCR71.dll
 0002:00000410       __imp___exit               0040a410     msvcrt:MSVCR71.dll
 0002:00000414       __imp___c_exit             0040a414     msvcrt:MSVCR71.dll
 0002:00000418       __imp___onexit             0040a418     msvcrt:MSVCR71.dll
 0002:0000041c       __imp____dllonexit         0040a41c     msvcrt:MSVCR71.dll
 0002:00000420       __imp__memset              0040a420     msvcrt:MSVCR71.dll
 0002:00000424       __imp__calloc              0040a424     msvcrt:MSVCR71.dll
 0002:00000428       __imp___except_handler3    0040a428     msvcrt:MSVCR71.dll
 0002:0000042c       __imp__free                0040a42c     msvcrt:MSVCR71.dll
 0002:00000430       __imp__sprintf             0040a430     msvcrt:MSVCR71.dll
 0002:00000434       __imp__strdup              0040a434     msvcrt:MSVCR71.dll
 0002:00000434       __imp___strdup             0040a434     msvcrt:MSVCR71.dll
 0002:00000438       __imp__itoa                0040a438     msvcrt:MSVCR71.dll
 0002:00000438       __imp___itoa               0040a438     msvcrt:MSVCR71.dll
 0002:0000043c       __imp___setmbcp            0040a43c     msvcrt:MSVCR71.dll
 0002:00000440       __imp____CxxFrameHandler   0040a440     msvcrt:MSVCR71.dll
 0002:00000444       __imp__ceil                0040a444     msvcrt:MSVCR71.dll
 0002:00000448       __imp__memmove             0040a448     msvcrt:MSVCR71.dll
 0002:0000044c       __imp__strstr              0040a44c     msvcrt:MSVCR71.dll
 0002:00000450       __imp__sscanf              0040a450     msvcrt:MSVCR71.dll
 0002:00000454       __imp__malloc              0040a454     msvcrt:MSVCR71.dll
 0002:00000458       \177MSVCR71_NULL_THUNK_DATA 0040a458     msvcrt:MSVCR71.dll
 0002:0000045c       __imp__Shell_NotifyIconA@8 0040a45c     shell32:SHELL32.dll
 0002:00000460       __imp__ShellExecuteA@24    0040a460     shell32:SHELL32.dll
 0002:00000464       \177SHELL32_NULL_THUNK_DATA 0040a464     shell32:SHELL32.dll
 0002:00000468       __imp__GetSystemMetrics@4  0040a468     user32:USER32.dll
 0002:0000046c       __imp__TrackPopupMenu@28   0040a46c     user32:USER32.dll
 0002:00000470       __imp__SetForegroundWindow@4 0040a470     user32:USER32.dll
 0002:00000474       __imp__GetCursorPos@4      0040a474     user32:USER32.dll
 0002:00000478       __imp__EnableMenuItem@12   0040a478     user32:USER32.dll
 0002:0000047c       __imp__SetMenuDefaultItem@12 0040a47c     user32:USER32.dll
 0002:00000480       __imp__GetDlgCtrlID@4      0040a480     user32:USER32.dll
 0002:00000484       __imp__PostMessageA@16     0040a484     user32:USER32.dll
 0002:00000488       __imp__MessageBoxA@16      0040a488     user32:USER32.dll
 0002:0000048c       __imp__RegisterWindowMessageA@4 0040a48c     user32:USER32.dll
 0002:00000490       __imp__CopyIcon@4          0040a490     user32:USER32.dll
 0002:00000494       __imp__LoadCursorA@8       0040a494     user32:USER32.dll
 0002:00000498       __imp__SetCursor@4         0040a498     user32:USER32.dll
 0002:0000049c       __imp__InvalidateRect@12   0040a49c     user32:USER32.dll
 0002:000004a0       __imp__SetWindowLongA@12   0040a4a0     user32:USER32.dll
 0002:000004a4       __imp__MessageBeep@4       0040a4a4     user32:USER32.dll
 0002:000004a8       __imp__LoadIconA@8         0040a4a8     user32:USER32.dll
 0002:000004ac       __imp__SetMenu@8           0040a4ac     user32:USER32.dll
 0002:000004b0       __imp__LoadMenuA@8         0040a4b0     user32:USER32.dll
 0002:000004b4       __imp__InsertMenuA@20      0040a4b4     user32:USER32.dll
 0002:000004b8       __imp__GetSubMenu@8        0040a4b8     user32:USER32.dll
 0002:000004bc       __imp__GetMenuState@12     0040a4bc     user32:USER32.dll
 0002:000004c0       __imp__CheckMenuItem@12    0040a4c0     user32:USER32.dll
 0002:000004c4       __imp__AppendMenuA@16      0040a4c4     user32:USER32.dll
 0002:000004c8       __imp__CreatePopupMenu@0   0040a4c8     user32:USER32.dll
 0002:000004cc       __imp__DrawIcon@16         0040a4cc     user32:USER32.dll
 0002:000004d0       __imp__DestroyIcon@4       0040a4d0     user32:USER32.dll
 0002:000004d4       __imp__SendMessageA@16     0040a4d4     user32:USER32.dll
 0002:000004d8       __imp__EnableWindow@8      0040a4d8     user32:USER32.dll
 0002:000004dc       __imp__GetClientRect@8     0040a4dc     user32:USER32.dll
 0002:000004e0       __imp__IsIconic@4          0040a4e0     user32:USER32.dll
 0002:000004e4       __imp__GetWindowRect@8     0040a4e4     user32:USER32.dll
 0002:000004e8       \177USER32_NULL_THUNK_DATA 0040a4e8     user32:USER32.dll
 0002:000004ec       __imp__mixerGetDevCapsA@12 0040a4ec     winmm:WINMM.dll
 0002:000004f0       __imp__mixerOpen@20        0040a4f0     winmm:WINMM.dll
 0002:000004f4       __imp__mixerGetNumDevs@0   0040a4f4     winmm:WINMM.dll
 0002:000004f8       __imp__mixerGetControlDetailsA@12 0040a4f8     winmm:WINMM.dll
 0002:000004fc       __imp__mixerSetControlDetails@12 0040a4fc     winmm:WINMM.dll
 0002:00000500       __imp__mixerGetLineControlsA@12 0040a500     winmm:WINMM.dll
 0002:00000504       __imp__mixerGetLineInfoA@12 0040a504     winmm:WINMM.dll
 0002:00000508       \177WINMM_NULL_THUNK_DATA  0040a508     winmm:WINMM.dll
 0002:00000510       ?messageMap@CAboutDlg@@1UAFX_MSGMAP@@B 0040a510     AboutDlg.obj
 0002:00000518       ?_messageEntries@CAboutDlg@@0QBUAFX_MSGMAP_ENTRY@@B 0040a518     AboutDlg.obj
 0002:00000530       ??_C@_0BKL@IHFOJMPO@Version?5?$CFd?4?$CFd?4?$CFd?5?9?5Build?5?$CFs?6Copy@ 0040a530     AboutDlg.obj
 0002:000006dc       ??_C@_0M@CDABJCNK@Mar?5?51?52008?$AA@ 0040a6dc     AboutDlg.obj
 0002:000006e8       ??_C@_0BO@GNEKEAMH@http?3?1?1www?4SmartPropoPlus?4com?$AA@ 0040a6e8     AboutDlg.obj
 0002:00000708       ??_C@_0BE@EALNBPGI@SmartPropoPlus?5Home?$AA@ 0040a708     AboutDlg.obj
 0002:0000071c       ??_7CGdiObject@@6B@        0040a71c     AboutDlg.obj
 0002:00000730       ??_7CAboutDlg@@6B@         0040a730     AboutDlg.obj
 0002:00000890       __real@4059000000000000    0040a890     AudioInput.obj
 0002:00000898       __real@41f0000000000000    0040a898     AudioInput.obj
 0002:000008a0       ??_7CPhysicalDevice@CMixerDevice@CAudioInput@@6B@ 0040a8a0     AudioInput.obj
 0002:000008a4       ??_7?$CArray@PAVCInputLine@CMixerDevice@CAudioInput@@PAV123@@@6B@ 0040a8a4     AudioInput.obj
 0002:000008b8       ??_7?$CArray@PAVCPhysicalDevice@CMixerDevice@CAudioInput@@PAV123@@@6B@ 0040a8b8     AudioInput.obj
 0002:000008cc       ??_7?$CArray@PAVCMixerDevice@CAudioInput@@PAV12@@@6B@ 0040a8cc     AudioInput.obj
 0002:000008e0       ??_7?$CArray@UsMuteLine@CInputLine@CMixerDevice@CAudioInput@@U1234@@@6B@ 0040a8e0     AudioInput.obj
 0002:000008f4       ??_7CAudioInput@@6B@       0040a8f4     AudioInput.obj
 0002:000008f8       ??_7CInputLine@CMixerDevice@CAudioInput@@6B@ 0040a8f8     AudioInput.obj
 0002:000008fc       ??_7CMixerDevice@CAudioInput@@6B@ 0040a8fc     AudioInput.obj
 0002:00000900       ?messageMap@CDefVolumeDlg@@1UAFX_MSGMAP@@B 0040a900     DefVolumeDlg.obj
 0002:00000908       ?_messageEntries@CDefVolumeDlg@@0QBUAFX_MSGMAP_ENTRY@@B 0040a908     DefVolumeDlg.obj
 0002:00000998       ??_C@_02DPKJAMEF@?$CFd?$AA@ 0040a998     DefVolumeDlg.obj
 0002:000009a0       ??_7CEdit@@6B@             0040a9a0     DefVolumeDlg.obj
 0002:00000ae0       ??_7CSliderCtrl@@6B@       0040aae0     DefVolumeDlg.obj
 0002:00000c20       ??_7CDefVolumeDlg@@6B@     0040ac20     DefVolumeDlg.obj
 0002:00000d80       ??_C@_01GBGANLPD@0?$AA@    0040ad80     DefVolumeDlg.obj
 0002:00000d84       ?messageMap@CSppConsoleApp@@1UAFX_MSGMAP@@B 0040ad84     SppConsole.obj
 0002:00000d90       ?_messageEntries@CSppConsoleApp@@0QBUAFX_MSGMAP_ENTRY@@B 0040ad90     SppConsole.obj
 0002:00000dd8       ??_7CSppConsoleApp@@6B@    0040add8     SppConsole.obj
 0002:00000e98       ??_C@_02BBJAAHBC@?9I?$AA@  0040ae98     SppConsole.obj
 0002:00000e9c       ??_C@_02IEBECDLA@?9i?$AA@  0040ae9c     SppConsole.obj
 0002:00000ea0       ?messageMap@CSppConsoleDlg@@1UAFX_MSGMAP@@B 0040aea0     SppConsoleDlg.obj
 0002:00000ea8       ?_messageEntries@CSppConsoleDlg@@0QBUAFX_MSGMAP_ENTRY@@B 0040aea8     SppConsoleDlg.obj
 0002:00001118       ??_C@_0O@OGDGDABE@DllGetVersion?$AA@ 0040b118     SppConsoleDlg.obj
[...]
 0002:00001c04       ??_C@_0BP@HNDGKNIH@SPP?5Global?5Shared?5memory?5Block?$AA@ 0040bc04     smartpropoplus:GlobalMemory.obj
 0002:00001c24       ??_C@_0BP@DOKAHBP@SPP?5Global?5Shared?5memory?5Mutex?$AA@ 0040bc24     smartpropoplus:GlobalMemory.obj
 0002:00001c44       ??_C@_0DN@DBLOIBCN@Software?2Flying?9Model?9Simulator?2@ 0040bc44     smartpropoplus:SppRegistry.obj
 0002:00001c84       ??_C@_0BP@EHGPDNDA@Default?5Volume?5Level?5?9?5Unknown?$AA@ 0040bc84     smartpropoplus:SppRegistry.obj
 0002:00001ca4       ??_C@_0BO@EOBCHJBH@Default?5Volume?5Level?5?9?5Analog?$AA@ 0040bca4     smartpropoplus:SppRegistry.obj
 0002:00001cc4       ??_C@_0BL@EKHIPONP@Default?5Volume?5Level?5?9?5Aux?$AA@ 0040bcc4     smartpropoplus:SppRegistry.obj
 0002:00001ce0       ??_C@_0BM@PEFINLAN@Default?5Volume?5Level?5?9?5Line?$AA@ 0040bce0     smartpropoplus:SppRegistry.obj
 0002:00001cfc       ??_C@_0CC@FOGIDCKO@Default?5Volume?5Level?5?9?5Microphon@ 0040bcfc     smartpropoplus:SppRegistry.obj
 0002:00001d20       ??_C@_06MAFFGDO@Active?$AA@ 0040bd20     smartpropoplus:SppRegistry.obj
 0002:00001d28       ??_C@_0EA@HNGMHCGJ@Software?2Flying?9Model?9Simulator?2@ 0040bd28     smartpropoplus:SppRegistry.obj
 0002:00001d68       ??_C@_0CP@GHCDPFPN@Software?2Flying?9Model?9Simulator?2@ 0040bd68     smartpropoplus:SppRegistry.obj
 0002:00001d98       ??_C@_0BA@JADHBCGG@Selected?9Filter?$AA@ 0040bd98     smartpropoplus:SppRegistry.obj
 0002:00001da8       ??_C@_0BC@CDHLICKN@Shift?9Auto?9Detect?$AA@ 0040bda8     smartpropoplus:SppRegistry.obj
 0002:00001dbc       ??_C@_0P@HKJHNCAN@Positive?9Shift?$AA@ 0040bdbc     smartpropoplus:SppRegistry.obj
 0002:00001dcc       ??_C@_05KKCMAPLJ@Audio?$AA@ 0040bdcc     smartpropoplus:SppRegistry.obj
 0002:00001dd4       ??_C@_0BA@NAHPPPD@PPJoy_Extension?$AA@ 0040bdd4     smartpropoplus:SppRegistry.obj
 0002:00001de4       ??_C@_0N@PKACHGJJ@Mixer?9Device?$AA@ 0040bde4     smartpropoplus:SppRegistry.obj
 0002:00001e14       ??_C@_06JBKGCNBB@Delete?$AA@ 0040be14     mfcs71:stdafx.obj
 0002:00001e1c       ??_C@_08KAAPDIAN@NoRemove?$AA@ 0040be1c     mfcs71:stdafx.obj
 0002:00001e28       ??_C@_0M@DBGDLGLL@ForceRemove?$AA@ 0040be28     mfcs71:stdafx.obj
 0002:00001e34       ??_C@_03LAIAPFCB@Val?$AA@  0040be34     mfcs71:stdafx.obj
 0002:00001e38       ??_C@_01HMGJMAIH@B?$AA@    0040be38     mfcs71:stdafx.obj
 0002:00001e3c       ??_C@_01CKDDGHAB@D?$AA@    0040be3c     mfcs71:stdafx.obj
 0002:00001e40       ??_C@_01PLPBNMEI@M?$AA@    0040be40     mfcs71:stdafx.obj
 0002:00001e44       ??_C@_01CPLAODJH@S?$AA@    0040be44     mfcs71:stdafx.obj
 0002:00001e94       _GUID_ATLVer30             0040be94     atls:atlbase.obj
 0002:00001ea4       _GUID_ATLVer70             0040bea4     atls:atlbase.obj
 0002:00001eb8       __load_config_used         0040beb8     msvcrt:loadcfg.obj
 0002:00001f00       ___safe_se_handler_table   0040bf00     <linker-defined>
 0002:00001f6c       ___rtc_iaa                 0040bf6c     msvcrt:initsect.obj
 0002:00001f70       ___rtc_izz                 0040bf70     msvcrt:initsect.obj
 0002:00001f74       ___rtc_taa                 0040bf74     msvcrt:initsect.obj
 0002:00001f78       ___rtc_tzz                 0040bf78     msvcrt:initsect.obj
 0002:0000250c       __IMPORT_DESCRIPTOR_WINMM  0040c50c     winmm:WINMM.dll
 0002:00002520       __IMPORT_DESCRIPTOR_MFC71  0040c520     mfc71:MFC71.DLL
 0002:00002534       __IMPORT_DESCRIPTOR_MSVCR71 0040c534     msvcrt:MSVCR71.dll
 0002:00002548       __IMPORT_DESCRIPTOR_KERNEL32 0040c548     kernel32:KERNEL32.dll
 0002:0000255c       __IMPORT_DESCRIPTOR_USER32 0040c55c     user32:USER32.dll
 0002:00002570       __IMPORT_DESCRIPTOR_GDI32  0040c570     gdi32:GDI32.dll
 0002:00002584       __IMPORT_DESCRIPTOR_ADVAPI32 0040c584     advapi32:ADVAPI32.dll
 0002:00002598       __IMPORT_DESCRIPTOR_SHELL32 0040c598     shell32:SHELL32.dll
 0002:000025ac       __NULL_IMPORT_DESCRIPTOR   0040c5ac     winmm:WINMM.dll
 0003:00000000       ___xc_a                    0040e000     msvcrt:cinitexe.obj
 0003:00000014       ___xc_z                    0040e014     msvcrt:cinitexe.obj
 0003:00000018       ___xi_a                    0040e018     msvcrt:cinitexe.obj
 0003:0000001c       ___xi_z                    0040e01c     msvcrt:cinitexe.obj
 0003:00000030       ___security_cookie         0040e030     msvcrt:seccook.obj
 0003:00000034       ___defaultmatherr          0040e034     msvcrt:merr.obj
 0003:00000038       ?ghDataLock@@3PAXA         0040e038     DefVolumeDlg.obj
 0003:0000003c       ?gpSharedBlock@@3PAUSharedDataBlock@@A 0040e03c     DefVolumeDlg.obj
 0003:00000040       ?theApp@@3VCSppConsoleApp@@A 0040e040     SppConsole.obj
 0003:000000ef       ?m_bInitFailed@CAtlBaseModule@ATL@@2_NA 0040e0ef     StdAfx.obj
 0003:000000f0       __afxForceEXCLUDE          0040e0f0     mfcs71:nolib.obj
 0003:000000f4       __afxForceSTDAFX           0040e0f4     mfcs71:stdafx.obj
 0003:000000f8       __dowildcard               0040e0f8     msvcrt:wildcard.obj
 0003:000000fc       __newmode                  0040e0fc     msvcrt:_newmode.obj
 0003:00000100       __commode                  0040e100     msvcrt:xncommod.obj
 0003:00000104       __fmode                    0040e104     msvcrt:xtxtmode.obj
 0003:00000108       ?_AtlBaseModule@ATL@@3VCAtlBaseModule@1@A 0040e108     atls:atlbase.obj
 0003:00000144       ?_afxInitAppState@@3DA     0040e144     mfcs71:appmodul.obj
 0003:00000148       _ghDataLock                0040e148     <common>
 0003:0000014c       _gpSharedBlock             0040e14c     <common>
 0003:00000150       __adjust_fdiv              0040e150     <common>
 0003:00000154       ___onexitend               0040e154     <common>
 0003:00000158       ___onexitbegin             0040e158     <common>

 entry point at        0001:00007cfe

 Static symbols

 0001:00007f50       _report_failure            00408f50 f   msvcrt:secchk.obj
 0001:00008220       $L114020                   00409220 f   AboutDlg.obj
 0001:00008229       $L114021                   00409229 f   AboutDlg.obj
 0001:00008232       __ehhandler$?OnInitDialog@CAboutDlg@@MAEHXZ 00409232 f   AboutDlg.obj
 0001:00008240       $L114076                   00409240 f   AboutDlg.obj
 0001:00008248       $L114077                   00409248 f   AboutDlg.obj
 0001:00008254       __ehhandler$??1CStaticLink@@UAE@XZ 00409254 f   AboutDlg.obj
 0001:00008260       $L114115                   00409260 f   AboutDlg.obj
 0001:00008260       $L114138                   00409260 f   AboutDlg.obj
 0001:00008268       __ehhandler$??1CAboutDlg@@UAE@XZ 00409268 f   AboutDlg.obj
 0001:00008268       __ehhandler$??0CAboutDlg@@QAE@PAVCWnd@@@Z 00409268 f   AboutDlg.obj
 0001:00008280       $L120747                   00409280 f   AudioInput.obj
 0001:0000828b       __ehhandler$??1CAudioInput@@UAE@XZ 0040928b f   AudioInput.obj
 0001:000082a0       $L121830                   004092a0 f   AudioInput.obj
 0001:000082ab       $L121831                   004092ab f   AudioInput.obj
 0001:000082b6       __ehhandler$??1CMixerDevice@CAudioInput@@UAE@XZ 004092b6 f   AudioInput.obj
 0001:000082c0       $L122473                   004092c0 f   AudioInput.obj
 0001:000082ce       __ehhandler$?CreateInputLineArray@CMixerDevice@CAudioInput@@IAEHXZ 004092ce f   AudioInput.obj
 0001:000082e0       $L122753                   004092e0 f   AudioInput.obj
 0001:000082eb       $L122754                   004092eb f   AudioInput.obj
 0001:000082f6       __ehhandler$??0CMixerDevice@CAudioInput@@QAE@H@Z 004092f6 f   AudioInput.obj
 0001:00008300       $L122929                   00409300 f   AudioInput.obj
 0001:0000830b       $L122930                   0040930b f   AudioInput.obj
 0001:00008316       __ehhandler$??0CAudioInput@@QAE@XZ 00409316 f   AudioInput.obj
 0001:00008320       $L118571                   00409320 f   DefVolumeDlg.obj
 0001:00008329       __ehhandler$?OnHScroll@CDefVolumeDlg@@IAEXIIPAVCScrollBar@@@Z 00409329 f   DefVolumeDlg.obj
 0001:00008340       $L118628                   00409340 f   DefVolumeDlg.obj
 0001:00008340       $L118694                   00409340 f   DefVolumeDlg.obj
 0001:00008348       $L118629                   00409348 f   DefVolumeDlg.obj
 0001:00008348       $L118695                   00409348 f   DefVolumeDlg.obj
 0001:00008353       $L118696                   00409353 f   DefVolumeDlg.obj
 0001:00008353       $L118630                   00409353 f   DefVolumeDlg.obj
 0001:00008361       $L118631                   00409361 f   DefVolumeDlg.obj
 0001:00008361       $L118697                   00409361 f   DefVolumeDlg.obj
 0001:0000836f       $L118632                   0040936f f   DefVolumeDlg.obj
 0001:0000836f       $L118698                   0040936f f   DefVolumeDlg.obj
 0001:0000837d       $L118699                   0040937d f   DefVolumeDlg.obj
 0001:0000837d       $L118633                   0040937d f   DefVolumeDlg.obj
 0001:0000838b       $L118700                   0040938b f   DefVolumeDlg.obj
 0001:0000838b       $L118634                   0040938b f   DefVolumeDlg.obj
 0001:00008399       $L118635                   00409399 f   DefVolumeDlg.obj
 0001:00008399       $L118701                   00409399 f   DefVolumeDlg.obj
 0001:000083a7       __ehhandler$??1CDefVolumeDlg@@UAE@XZ 004093a7 f   DefVolumeDlg.obj
 0001:000083a7       __ehhandler$??0CDefVolumeDlg@@QAE@PAVCWnd@@@Z 004093a7 f   DefVolumeDlg.obj
 0001:000083c0       $L118768                   004093c0 f   DefVolumeDlg.obj
 0001:000083c9       __ehhandler$?ChangeEdt@CDefVolumeDlg@@IAEHHPAVCEdit@@PAVCSliderCtrl@@@Z 004093c9 f   DefVolumeDlg.obj
 0001:000083e0       $L118414                   004093e0 f   SppConsole.obj
 0001:000083e8       __ehhandler$??1CSppConsoleDlg@@UAE@XZ 004093e8 f   SppConsole.obj
 0001:00008400       $L118462                   00409400 f   SppConsole.obj
 0001:0000840b       $L118473                   0040940b f   SppConsole.obj
 0001:00008416       __ehhandler$?InitInstance@CSppConsoleApp@@UAEHXZ 00409416 f   SppConsole.obj
 0001:00008420       $L118529                   00409420 f   SppConsole.obj
 0001:0000842b       $L118531                   0040942b f   SppConsole.obj
 0001:00008436       __ehhandler$?OnAbout@CSppConsoleApp@@QAEXXZ 00409436 f   SppConsole.obj
 0001:00008440       $L121452                   00409440 f   SppConsoleDlg.obj
 0001:00008440       $L121234                   00409440 f   SppConsoleDlg.obj
 0001:00008440       $L121744                   00409440 f   SppConsoleDlg.obj
 0001:00008449       __ehhandler$??HATL@@YA?AV?$CStringT@DV?$StrTraitMFC_DLL@DV?$ChTraitsCRT@D@ATL@@@@@0@ABV10@0@Z 00409449 f   SppConsoleDlg.obj
 0001:00008449       __ehhandler$?OnSelchangeModType@CSppConsoleDlg@@IAEXXZ 00409449 f   SppConsoleDlg.obj
 0001:00008449       __ehhandler$?OnPpjoyex@CSppConsoleDlg@@IAEXXZ 00409449 f   SppConsoleDlg.obj
 0001:00008460       $L121362                   00409460 f   SppConsoleDlg.obj
 0001:00008468       $L121363                   00409468 f   SppConsoleDlg.obj
 0001:00008473       __ehhandler$??0CSppConsoleDlg@@QAE@PAVCWnd@@@Z 00409473 f   SppConsoleDlg.obj
 0001:00008480       $L121502                   00409480 f   SppConsoleDlg.obj
 0001:00008488       __ehhandler$?ShowTrayIconMenu@CSppConsoleDlg@@IAEXI@Z 00409488 f   SppConsoleDlg.obj
 0001:000084a0       $L121567                   004094a0 f   SppConsoleDlg.obj
 0001:000084a9       $L121568                   004094a9 f   SppConsoleDlg.obj
 0001:000084b2       $L121569                   004094b2 f   SppConsoleDlg.obj
 0001:000084bb       $L121570                   004094bb f   SppConsoleDlg.obj
 0001:000084c4       $L121571                   004094c4 f   SppConsoleDlg.obj
 0001:000084cd       $L121572                   004094cd f   SppConsoleDlg.obj
 0001:000084d6       $L121573                   004094d6 f   SppConsoleDlg.obj
 0001:000084df       $L121574                   004094df f   SppConsoleDlg.obj
 0001:000084e8       $L121575                   004094e8 f   SppConsoleDlg.obj
 0001:000084f1       __ehhandler$?GetStatusString@CSppConsoleDlg@@QAE?AV?$CStringT@DV?$StrTraitMFC_DLL@DV?$ChTraitsCRT@D@ATL@@@@@ATL@@XZ 004094f1 f   SppConsoleDlg.obj
 0001:00008500       $L121654                   00409500 f   SppConsoleDlg.obj
 0001:00008500       $L121217                   00409500 f   SppConsoleDlg.obj
 0001:00008500       $L121687                   00409500 f   SppConsoleDlg.obj
 0001:00008509       __ehhandler$?OnSelSrc@CSppConsoleDlg@@IAEXXZ 00409509 f   SppConsoleDlg.obj
 0001:00008509       __ehhandler$?OnAudioDst@CSppConsoleDlg@@IAEXXZ 00409509 f   SppConsoleDlg.obj
 0001:00008509       __ehhandler$?OnAudioPrint@CSppConsoleDlg@@IAEXXZ 00409509 f   SppConsoleDlg.obj
 0001:00008520       $L121720                   00409520 f   SppConsoleDlg.obj
 0001:0000852b       __ehhandler$?OnAudioVol@CSppConsoleDlg@@IAEXXZ 0040952b f   SppConsoleDlg.obj
 0001:00008540       $L121764                   00409540 f   SppConsoleDlg.obj
 0001:00008548       $L121765                   00409548 f   SppConsoleDlg.obj
 0001:00008551       __ehhandler$?UpdateFilterMenu@CSppConsoleDlg@@IAEXXZ 00409551 f   SppConsoleDlg.obj
 0001:00008560       $L121860                   00409560 f   SppConsoleDlg.obj
 0001:00008568       __ehhandler$?OnFilterSelect@CSppConsoleDlg@@IAEXI@Z 00409568 f   SppConsoleDlg.obj
 0001:00008580       $L121918                   00409580 f   SppConsoleDlg.obj
 0001:00008589       $L121919                   00409589 f   SppConsoleDlg.obj
 0001:00008592       $L121920                   00409592 f   SppConsoleDlg.obj
 0001:0000859b       __ehhandler$?OnInterSppApps@CSppConsoleDlg@@IAEJIJ@Z 0040959b f   SppConsoleDlg.obj
 0001:000085b0       $L122015                   004095b0 f   SppConsoleDlg.obj
 0001:000085be       __ehhandler$?OnInitDialog@CSppConsoleDlg@@MAEHXZ 004095be f   SppConsoleDlg.obj
 0001:000085d0       $L113814                   004095d0 f   StatLink.obj
 0001:000085d9       __ehhandler$?SetDefaultCursor@CStaticLink@@QAEXXZ 004095d9 f   StatLink.obj
 0001:000085f0       $L113829                   004095f0 f   StatLink.obj
 0001:000085f9       $L113830                   004095f9 f   StatLink.obj
 0001:00008602       __ehhandler$?SetLink@CStaticLink@@QAE?AV?$CStringT@DV?$StrTraitMFC_DLL@DV?$ChTraitsCRT@D@ATL@@@@@ATL@@V23@@Z 00409602 f   StatLink.obj
 0001:00008610       _$E1                       00409610 f   SppConsole.obj
 0001:00008626       _$E5                       00409626 f   atls:atlbase.obj
 0001:0000863c       _$E5                       0040963c f   mfcs71:appmodul.obj
 0001:00008650       _$E2                       00409650 f   SppConsole.obj
 0001:0000865a       _$E6                       0040965a f   atls:atlbase.obj

Line numbers for C:\Program Files\Microsoft Visual Studio .NET 2003\Vc7\atlmfc\lib\mfcs71.lib(f:\vs70builds\6030\vc\mfcatl\ship\atlmfc\src\mfc\appmodul.cpp) segment .text

    24 0001:000081dc    22 0001:000081dc    32 0001:000081e1    31 0001:000081e1
    33 0001:000081e6    41 0001:000081ea    42 0001:000081fb    44 0001:00008204
    45 0001:00008207    66 0001:0000863c

Line numbers for C:\Program Files\Microsoft Visual Studio .NET 2003\Vc7\atlmfc\lib\mfcs71.lib(f:\vs70builds\6030\vc\mfcatl\ship\atlmfc\include\atlcore.h) segment .text

   114 0001:00007b7e   116 0001:00007b7f   117 0001:00007b8e   129 0001:00007b92
   130 0001:00007b9e   131 0001:00007ba0   133 0001:00007ba3   136 0001:00007bac
   138 0001:00007bbd   143 0001:00007bda   144 0001:00007bdc

Line numbers for C:\Program Files\Microsoft Visual Studio .NET 2003\Vc7\lib\msvcrt.lib(F:\VS70Builds\3077\vc\crtbld\crt\src\intel\chkstk.asm) segment .text

    69 0001:00007c70    65 0001:00007c70    70 0001:00007c75    72 0001:00007c77
    73 0001:00007c79    74 0001:00007c7b    75 0001:00007c7e    76 0001:00007c80
    77 0001:00007c81    78 0001:00007c83    79 0001:00007c84    82 0001:00007c85
    83 0001:00007c86    88 0001:00007c8a    89 0001:00007c90    91 0001:00007c95
    93 0001:00007c97    94 0001:00007c9c    97 0001:00007c9e    98 0001:00007ca0
   100 0001:00007ca2   102 0001:00007ca4   104 0001:00007ca6   105 0001:00007ca8
   107 0001:00007cab   109 0001:00007cac

Line numbers for C:\Program Files\Microsoft Visual Studio .NET 2003\Vc7\lib\msvcrt.lib(f:\vs70builds\3077\vc\crtbld\crt\src\atonexit.c) segment .text

    81 0001:00007cad    76 0001:00007cad    90 0001:00007cd2    96 0001:00007cd3
    95 0001:00007cd3    97 0001:00007ce4

Line numbers for C:\Program Files\Microsoft Visual Studio .NET 2003\Vc7\lib\msvcrt.lib(f:\vs70builds\3077\vc\crtbld\crt\src\crtexe.c) segment .text

   202 0001:00007cfe   214 0001:00007d0a   222 0001:00007d0f   229 0001:00007d6a
   234 0001:00007d6d   244 0001:00007d76   249 0001:00007d84   250 0001:00007d92
   257 0001:00007da0   264 0001:00007dac   275 0001:00007db1   282 0001:00007db6
   283 0001:00007dbe   286 0001:00007dca   305 0001:00007dcf   308 0001:00007dde
   324 0001:00007de8   327 0001:00007df0   329 0001:00007e12   330 0001:00007e16
   336 0001:00007e1e   349 0001:00007e2f   353 0001:00007e39   372 0001:00007e48
   373 0001:00007e52   374 0001:00007e56   376 0001:00007e58   377 0001:00007e5b
   390 0001:00007e68   403 0001:00007e88   404 0001:00007e8d   406 0001:00007e94
   358 0001:00007e9c   360 0001:00007eab   362 0001:00007eba   366 0001:00007ebe
   367 0001:00007ebf   409 0001:00007ec4   415 0001:00007edb   417 0001:00007ede
   418 0001:00007ee4   420 0001:00007eeb   424 0001:00007ef5   425 0001:00007ef7

Line numbers for C:\Program Files\Microsoft Visual Studio .NET 2003\Vc7\lib\msvcrt.lib(f:\vs70builds\3077\vc\crtbld\crt\src\dllargv.c) segment .text

    49 0001:0000806a    48 0001:0000806a    50 0001:0000806c

Line numbers for C:\Program Files\Microsoft Visual Studio .NET 2003\Vc7\lib\msvcrt.lib(f:\vs70builds\3077\vc\crtbld\crt\src\merr.c) segment .text

    33 0001:0000806a    32 0001:0000806a    34 0001:0000806c

Line numbers for C:\Program Files\Microsoft Visual Studio .NET 2003\Vc7\lib\msvcrt.lib(f:\vs70builds\3077\vc\crtbld\crt\src\intel\fp8.c) segment .text

    19 0001:00008058    18 0001:00008058    20 0001:00008069

Line numbers for C:\Program Files\Microsoft Visual Studio .NET 2003\Vc7\lib\msvcrt.lib(f:\vs70builds\3077\vc\crtbld\crt\src\secchk.c) segment .text

   114 0001:00007f50   116 0001:00007f5c   117 0001:00007f60   119 0001:00007f6d
   123 0001:00007f78   100 0001:00007f81   103 0001:00007f81   104 0001:00007f87
   105 0001:00007f89   107 0001:00007f8a

Line numbers for C:\Program Files\Microsoft Visual Studio .NET 2003\Vc7\lib\msvcrt.lib(f:\vs70builds\3077\vc\crtbld\crt\src\seccinit.c) segment .text

    49 0001:0000806d    58 0001:00008073    67 0001:00008084    70 0001:0000808e
    75 0001:00008094    76 0001:0000809c    77 0001:000080a4    79 0001:000080ac
    93 0001:000080b6    94 0001:000080d1

Line numbers for C:\Program Files\Microsoft Visual Studio .NET 2003\Vc7\atlmfc\lib\atls.lib(f:\vs70builds\6030\vc\mfcatl\ship\atlmfc\src\atl\atls\atlbase.cpp) segment .text

    67 0001:00008117    68 0001:0000811a    69 0001:00008124    29 0001:0000812d
    32 0001:0000814a    36 0001:0000814f    38 0001:00008172    39 0001:00008183
    41 0001:00008189    46 0001:0000818f    49 0001:00008197    51 0001:000081a5
    58 0001:000081a9    62 0001:000081c3    64 0001:000081ca   126 0001:00008626

Line numbers for C:\Program Files\Microsoft Visual Studio .NET 2003\Vc7\atlmfc\lib\atls.lib(f:\vs70builds\6030\vc\mfcatl\ship\atlmfc\include\atlsimpcoll.h) segment .text

   173 0001:000080e0   174 0001:000080e3   178 0001:000080e9   179 0001:000080ef
   181 0001:000080f3   182 0001:000080f7   183 0001:000080fc
