 winmm

 Timestamp is 47c9ad26 (Sat Mar 01 21:23:18 2008)

 Preferred load address is 10000000

 Start         Length     Name                   Class
 0001:00000000 000126c8H .text                   CODE
 0002:00000000 00000180H .idata$5                DATA
 0002:00000180 00002c40H .rdata                  DATA
 0002:00002dc0 00000008H .rdata$sxdata           DATA
 0002:00002dc8 00000004H .rtc$IAA                DATA
 0002:00002dcc 00000004H .rtc$IZZ                DATA
 0002:00002dd0 00000004H .rtc$TAA                DATA
 0002:00002dd4 00000004H .rtc$TZZ                DATA
 0002:00002dd8 0000003cH .idata$2                DATA
 0002:00002e14 00000014H .idata$3                DATA
 0002:00002e28 00000180H .idata$4                DATA
 0002:00002fa8 000006a8H .idata$6                DATA
 0002:00003650 00001551H .edata                  DATA
 0003:00000000 00000004H .CRT$XCA                DATA
 0003:00000004 00000004H .CRT$XCAA               DATA
 0003:00000008 00000004H .CRT$XCZ                DATA
 0003:0000000c 00000004H .CRT$XIA                DATA
 0003:00000010 00000010H .CRT$XIC                DATA
 0003:00000020 00000004H .CRT$XIZ                DATA
 0003:00000024 00000004H .CRT$XPA                DATA
 0003:00000028 00000004H .CRT$XPX                DATA
 0003:0000002c 00000004H .CRT$XPZ                DATA
 0003:00000030 00000004H .CRT$XTA                DATA
 0003:00000034 00000004H .CRT$XTZ                DATA
 0003:00000040 00002510H .data                   DATA
 0003:00002560 000024ccH .bss                    DATA
 0004:00000000 00000058H .rsrc$01                DATA
 0004:00000060 000003e8H .rsrc$02                DATA

  Address         Publics by Value              Rva+Base     Lib:Object

 0000:00000000       __except_list              00000000     <absolute>
 0000:00000002       ___safe_se_handler_count   00000002     <absolute>
 0001:00000000       __ftol2                    10001000 f   winmm.obj
 0001:00000020       __DebugWelcomePopUp        10001020 f   winmm.obj
 0001:00000290       __DebugChangeModPopUp      10001290 f i winmm.obj
 0001:00000350       __DebugProcessData         10001350 f i winmm.obj
 0001:00000410       __DebugJoyStickData        10001410 f i winmm.obj
 0001:00000460       _Message                   10001460 f   winmm.obj
 0001:00000520       _LoadOrigDll               10001520 f   winmm.obj
 0001:00000600       _smooth                    10001600 f i winmm.obj
 0001:00000630       _WalkeraConvert2Bin        10001630 f   winmm.obj
 0001:00000670       _WalkeraConvert2Oct        10001670 f   winmm.obj
 0001:000006f0       _WalkeraElevator           100016f0 f   winmm.obj
 0001:00000730       _WalkeraAilerons           10001730 f   winmm.obj
 0001:00000780       _WalkeraThrottle           10001780 f   winmm.obj
 0001:000007d0       _WalkeraRudder             100017d0 f   winmm.obj
 0001:00000820       _WalkeraGear               10001820 f   winmm.obj
 0001:00000870       _WalkeraPitch              10001870 f   winmm.obj
 0001:000008c0       _WalkeraGyro               100018c0 f   winmm.obj
 0001:00000910       _WalkeraChannel8           10001910 f   winmm.obj
 0001:00000960       _WalkeraCheckSum           10001960 f   winmm.obj
 0001:00002150       _LoadProcessPulseFunctions 10003150 f   winmm.obj
 0001:000023d0       _SetActiveProcessPulseFunction 100033d0 f i winmm.obj
 0001:00002440       _CalcThreshold             10003440 f i winmm.obj
 0001:00002700       _StartPropo                10003700 f   winmm.obj
 0001:00002840       _StopPropo                 10003840 f   winmm.obj
 0001:00002970       _joyGetNumDevs@0           10003970 f   winmm.obj
 0001:00002980       _GetPointerToJsChPostProcOriginalFunc 10003980 f   winmm.obj
 0001:00002a10       _GetJsChPostProcInfo       10003a10 f   winmm.obj
 0001:00002ac0       _RunJsFilter               10003ac0 f   winmm.obj
 0001:00002b80       _GetPointerToOriginalFunc  10003b80 f   winmm.obj
 0001:00003ad0       _DllMain@12                10004ad0 f   winmm.obj
 0001:00003b60       _StartSppConsole           10004b60 f   winmm.obj
 0001:00003c80       _joyGetDevCapsA@12         10004c80 f   winmm.obj
 0001:00003db0       _joyGetPosEx@8             10004db0 f   winmm.obj
 0001:00003e20       _joyGetPos@8               10004e20 f   winmm.obj
 0001:00003e80       _LoadWinmm                 10004e80 f   winmm.obj
 0001:00003f40       _LoadJsChPostProc          10004f40 f   winmm.obj
 0001:00003fa0       _joyConfigChanged          10004fa0 f   winmm.obj
 0001:00003fe0       _joyGetThreshold           10004fe0 f   winmm.obj
 0001:00004020       _joyReleaseCapture         10005020 f   winmm.obj
 0001:00004060       _joySetCapture             10005060 f   winmm.obj
 0001:000040a0       _joySetThreshold           100050a0 f   winmm.obj
 0001:000040e0       _mci32Message              100050e0 f   winmm.obj
 0001:00004120       _mciDriverNotify           10005120 f   winmm.obj
 0001:00004160       _mciDriverYield            10005160 f   winmm.obj
 0001:000041a0       _mciExecute                100051a0 f   winmm.obj
 0001:000041e0       _mciFreeCommandResource    100051e0 f   winmm.obj
 0001:00004220       _mciGetCreatorTask         10005220 f   winmm.obj
 0001:00004260       _mciGetDeviceIDA           10005260 f   winmm.obj
 0001:000042a0       _mciGetDeviceIDFromElementIDA 100052a0 f   winmm.obj
 0001:000042e0       _mciGetDeviceIDFromElementIDW 100052e0 f   winmm.obj
 0001:00004320       _mciGetDeviceIDW           10005320 f   winmm.obj
 0001:00004360       _mciGetDriverData          10005360 f   winmm.obj
 0001:000043a0       _mciGetErrorStringA        100053a0 f   winmm.obj
 0001:000043e0       _mciGetErrorStringW        100053e0 f   winmm.obj
 0001:00004420       _mciGetYieldProc           10005420 f   winmm.obj
 0001:00004460       _mciLoadCommandResource    10005460 f   winmm.obj
 0001:000044a0       _mciSendCommandA           100054a0 f   winmm.obj
 0001:000044e0       _mciSendCommandW           100054e0 f   winmm.obj
 0001:00004520       _mciSendStringA            10005520 f   winmm.obj
 0001:00004560       _mciSendStringW            10005560 f   winmm.obj
 0001:000045a0       _mciSetDriverData          100055a0 f   winmm.obj
 0001:000045e0       _mciSetYieldProc           100055e0 f   winmm.obj
 0001:00004620       _mid32Message              10005620 f   winmm.obj
 0001:00004660       _midiConnect               10005660 f   winmm.obj
 0001:000046a0       _midiDisconnect            100056a0 f   winmm.obj
 0001:000046e0       _midiInAddBuffer           100056e0 f   winmm.obj
 0001:00004720       _midiInClose               10005720 f   winmm.obj
 0001:00004760       _midiInGetDevCapsA         10005760 f   winmm.obj
 0001:000047a0       _midiInGetDevCapsW         100057a0 f   winmm.obj
 0001:000047e0       _midiInGetErrorTextA       100057e0 f   winmm.obj
 0001:00004820       _midiInGetErrorTextW       10005820 f   winmm.obj
 0001:00004860       _midiInGetID               10005860 f   winmm.obj
 0001:000048a0       _midiInGetNumDevs          100058a0 f   winmm.obj
 0001:000048e0       _midiInMessage             100058e0 f   winmm.obj
 0001:00004920       _midiInOpen                10005920 f   winmm.obj
 0001:00004960       _midiInPrepareHeader       10005960 f   winmm.obj
 0001:000049a0       _midiInReset               100059a0 f   winmm.obj
 0001:000049e0       _midiInStart               100059e0 f   winmm.obj
 0001:00004a20       _midiInStop                10005a20 f   winmm.obj
 0001:00004a60       _midiInUnprepareHeader     10005a60 f   winmm.obj
 0001:00004aa0       _midiOutCacheDrumPatches   10005aa0 f   winmm.obj
 0001:00004ae0       _midiOutCachePatches       10005ae0 f   winmm.obj
 0001:00004b20       _midiOutClose              10005b20 f   winmm.obj
 0001:00004b60       _midiOutGetDevCapsA        10005b60 f   winmm.obj
 0001:00004ba0       _midiOutGetDevCapsW        10005ba0 f   winmm.obj
 0001:00004be0       _midiOutGetErrorTextA      10005be0 f   winmm.obj
 0001:00004c20       _midiOutGetErrorTextW      10005c20 f   winmm.obj
 0001:00004c60       _midiOutGetID              10005c60 f   winmm.obj
 0001:00004ca0       _midiOutGetNumDevs         10005ca0 f   winmm.obj
 0001:00004ce0       _midiOutGetVolume          10005ce0 f   winmm.obj
 0001:00004d20       _midiOutLongMsg            10005d20 f   winmm.obj
 0001:00004d60       _midiOutMessage            10005d60 f   winmm.obj
 0001:00004da0       _midiOutOpen               10005da0 f   winmm.obj
 0001:00004de0       _midiOutPrepareHeader      10005de0 f   winmm.obj
 0001:00004e20       _midiOutReset              10005e20 f   winmm.obj
 0001:00004e60       _midiOutSetVolume          10005e60 f   winmm.obj
 0001:00004ea0       _midiOutShortMsg           10005ea0 f   winmm.obj
 0001:00004ee0       _midiOutUnprepareHeader    10005ee0 f   winmm.obj
 0001:00004f20       _midiStreamClose           10005f20 f   winmm.obj
 0001:00004f60       _midiStreamOpen            10005f60 f   winmm.obj
 0001:00004fa0       _midiStreamOut             10005fa0 f   winmm.obj
 0001:00004fe0       _midiStreamPause           10005fe0 f   winmm.obj
 0001:00005020       _midiStreamPosition        10006020 f   winmm.obj
 0001:00005060       _midiStreamProperty        10006060 f   winmm.obj
 0001:000050a0       _midiStreamRestart         100060a0 f   winmm.obj
 0001:000050e0       _midiStreamStop            100060e0 f   winmm.obj
 0001:00005120       _mixerGetDevCapsA          10006120 f   winmm.obj
 0001:00005160       _mixerGetDevCapsW          10006160 f   winmm.obj
 0001:000051a0       _mixerGetID                100061a0 f   winmm.obj
 0001:000051e0       _mixerGetNumDevs           100061e0 f   winmm.obj
 0001:00005220       _mixerMessage              10006220 f   winmm.obj
 0001:00005260       _mmDrvInstall              10006260 f   winmm.obj
 0001:000052a0       _mmGetCurrentTask          100062a0 f   winmm.obj
 0001:000052e0       _mmTaskBlock               100062e0 f   winmm.obj
 0001:00005320       _mmTaskCreate              10006320 f   winmm.obj
 0001:00005360       _mmTaskSignal              10006360 f   winmm.obj
 0001:000053a0       _mmTaskYield               100063a0 f   winmm.obj
 0001:000053e0       _mmioAdvance               100063e0 f   winmm.obj
 0001:00005420       _mmioAscend                10006420 f   winmm.obj
 0001:00005460       _mmioClose                 10006460 f   winmm.obj
 0001:000054a0       _mmioCreateChunk           100064a0 f   winmm.obj
 0001:000054e0       _mmioDescend               100064e0 f   winmm.obj
 0001:00005520       _mmioFlush                 10006520 f   winmm.obj
 0001:00005560       _mmioGetInfo               10006560 f   winmm.obj
 0001:000055a0       _mmioInstallIOProcA        100065a0 f   winmm.obj
 0001:000055e0       _mmioInstallIOProcW        100065e0 f   winmm.obj
 0001:00005620       _mmioOpenA                 10006620 f   winmm.obj
 0001:00005660       _mmioOpenW                 10006660 f   winmm.obj
 0001:000056a0       _mmioRead                  100066a0 f   winmm.obj
 0001:000056e0       _mmioRenameA               100066e0 f   winmm.obj
 0001:00005720       _mmioRenameW               10006720 f   winmm.obj
 0001:00005760       _mmioSeek                  10006760 f   winmm.obj
 0001:000057a0       _mmioSendMessage           100067a0 f   winmm.obj
 0001:000057e0       _mmioSetBuffer             100067e0 f   winmm.obj
 0001:00005820       _mmioSetInfo               10006820 f   winmm.obj
 0001:00005860       _mmioStringToFOURCCA       10006860 f   winmm.obj
 0001:000058a0       _mmioStringToFOURCCW       100068a0 f   winmm.obj
 0001:000058e0       _mmioWrite                 100068e0 f   winmm.obj
 0001:00005920       _mmsystemGetVersion        10006920 f   winmm.obj
 0001:00005960       _mod32Message              10006960 f   winmm.obj
 0001:000059a0       _mxd32Message              100069a0 f   winmm.obj
 0001:000059e0       _sndPlaySoundA             100069e0 f   winmm.obj
 0001:00005a20       _sndPlaySoundW             10006a20 f   winmm.obj
 0001:00005a60       _tid32Message              10006a60 f   winmm.obj
 0001:00005aa0       _timeGetDevCaps            10006aa0 f   winmm.obj
 0001:00005ae0       _timeGetSystemTime         10006ae0 f   winmm.obj
 0001:00005b20       _timeKillEvent             10006b20 f   winmm.obj
 0001:00005b60       _timeSetEvent              10006b60 f   winmm.obj
 0001:00005ba0       _waveInGetDevCapsA         10006ba0 f   winmm.obj
 0001:00005be0       _waveInGetDevCapsW         10006be0 f   winmm.obj
 0001:00005c20       _waveInGetErrorTextA       10006c20 f   winmm.obj
 0001:00005c60       _waveInGetErrorTextW       10006c60 f   winmm.obj
 0001:00005ca0       _waveInGetID               10006ca0 f   winmm.obj
 0001:00005ce0       _waveInGetNumDevs          10006ce0 f   winmm.obj
 0001:00005d20       _waveInMessage             10006d20 f   winmm.obj
 0001:00005d60       _waveOutBreakLoop          10006d60 f   winmm.obj
 0001:00005da0       _waveOutClose              10006da0 f   winmm.obj
 0001:00005de0       _waveOutGetDevCapsA        10006de0 f   winmm.obj
 0001:00005e20       _waveOutGetDevCapsW        10006e20 f   winmm.obj
 0001:00005e60       _waveOutGetErrorTextA      10006e60 f   winmm.obj
 0001:00005ea0       _waveOutGetErrorTextW      10006ea0 f   winmm.obj
 0001:00005ee0       _waveOutGetID              10006ee0 f   winmm.obj
 0001:00005f20       _waveOutGetNumDevs         10006f20 f   winmm.obj
 0001:00005f60       _waveOutGetPitch           10006f60 f   winmm.obj
 0001:00005fa0       _waveOutGetPlaybackRate    10006fa0 f   winmm.obj
 0001:00005fe0       _waveOutGetVolume          10006fe0 f   winmm.obj
 0001:00006020       _waveOutMessage            10007020 f   winmm.obj
 0001:00006060       _waveOutOpen               10007060 f   winmm.obj
 0001:000060a0       _waveOutPause              100070a0 f   winmm.obj
 0001:000060e0       _waveOutReset              100070e0 f   winmm.obj
 0001:00006120       _waveOutRestart            10007120 f   winmm.obj
 0001:00006160       _waveOutSetPitch           10007160 f   winmm.obj
 0001:000061a0       _waveOutSetPlaybackRate    100071a0 f   winmm.obj
 0001:000061e0       _waveOutSetVolume          100071e0 f   winmm.obj
 0001:00006220       _waveOutWrite              10007220 f   winmm.obj
 0001:00006260       _wid32Message              10007260 f   winmm.obj
 0001:000062a0       _winmmDbgOut               100072a0 f   winmm.obj
 0001:000062e0       _winmmSetDebugLevel        100072e0 f   winmm.obj
 0001:00006320       _wod32Message              10007320 f   winmm.obj
 0001:00006360       _waveInGetPosition         10007360 f   winmm.obj
 0001:000063a0       _timeBeginPeriod           100073a0 f   winmm.obj
 0001:000063e0       _timeEndPeriod             100073e0 f   winmm.obj
 0001:00006420       _mixerSetControlDetails    10007420 f   winmm.obj
 0001:00006460       _mixerOpen                 10007460 f   winmm.obj
 0001:000064a0       _mixerClose                100074a0 f   winmm.obj
 0001:000064e0       _mixerGetLineInfoA         100074e0 f   winmm.obj
 0001:00006520       _mixerGetLineInfoW         10007520 f   winmm.obj
 0001:00006560       _mixerGetLineControlsA     10007560 f   winmm.obj
 0001:000065a0       _mixerGetLineControlsW     100075a0 f   winmm.obj
 0001:000065e0       _mixerGetControlDetailsA   100075e0 f   winmm.obj
 0001:00006620       _mixerGetControlDetailsW   10007620 f   winmm.obj
 0001:00006660       _waveOutGetPosition        10007660 f   winmm.obj
 0001:000066a0       _waveOutPrepareHeader      100076a0 f   winmm.obj
 0001:000066e0       _waveOutUnprepareHeader    100076e0 f   winmm.obj
 0001:00006720       _CloseDriver               10007720 f   winmm.obj
 0001:00006760       _DefDriverProc             10007760 f   winmm.obj
 0001:000067a0       _DriverCallback            100077a0 f   winmm.obj
 0001:000067e0       _DrvGetModuleHandle        100077e0 f   winmm.obj
 0001:00006820       _GetDriverModuleHandle     10007820 f   winmm.obj
 0001:00006860       _MigrateAllDrivers         10007860 f   winmm.obj
 0001:000068a0       _MigrateSoundEvents        100078a0 f   winmm.obj
 0001:000068e0       _NotifyCallbackData        100078e0 f   winmm.obj
 0001:00006920       _OpenDriver                10007920 f   winmm.obj
 0001:00006960       _PlaySound                 10007960 f   winmm.obj
 0001:000069a0       _PlaySoundA                100079a0 f   winmm.obj
 0001:000069e0       _PlaySoundW                100079e0 f   winmm.obj
 0001:00006a20       _SendDriverMessage         10007a20 f   winmm.obj
 0001:00006a60       _WOW32DriverCallback       10007a60 f   winmm.obj
 0001:00006aa0       _WOW32ResolveMultiMediaHandle 10007aa0 f   winmm.obj
 0001:00006ae0       _WOWAppExit                10007ae0 f   winmm.obj
 0001:00006b20       _WinmmLogoff               10007b20 f   winmm.obj
 0001:00006b60       _WinmmLogon                10007b60 f   winmm.obj
 0001:00006ba0       _aux32Message              10007ba0 f   winmm.obj
 0001:00006be0       _auxGetDevCapsA            10007be0 f   winmm.obj
 0001:00006c20       _auxGetDevCapsW            10007c20 f   winmm.obj
 0001:00006c60       _auxGetNumDevs             10007c60 f   winmm.obj
 0001:00006ca0       _auxGetVolume              10007ca0 f   winmm.obj
 0001:00006ce0       _auxOutMessage             10007ce0 f   winmm.obj
 0001:00006d20       _auxSetVolume              10007d20 f   winmm.obj
 0001:00006d60       _joy32Message              10007d60 f   winmm.obj
 0001:00006da0       _timeGetTime               10007da0 f   winmm.obj
 0001:00006de0       _joyGetDevCapsW            10007de0 f   winmm.obj
 0001:00006e20       _gfxAddGfx                 10007e20 f   winmm.obj
 0001:00006e60       _gfxBatchChange            10007e60 f   winmm.obj
 0001:00006ea0       _gfxCreateGfxFactoriesList 10007ea0 f   winmm.obj
 0001:00006ee0       _gfxCreateZoneFactoriesList 10007ee0 f   winmm.obj
 0001:00006f20       _gfxDestroyDeviceInterfaceList 10007f20 f   winmm.obj
 0001:00006f60       _gfxEnumerateGfxs          10007f60 f   winmm.obj
 0001:00006fa0       __gfxLogoff                10007fa0 f   winmm.obj
 0001:00006fe0       __gfxLogon                 10007fe0 f   winmm.obj
 0001:00007020       _gfxModifyGfx              10008020 f   winmm.obj
 0001:00007060       _gfxOpenGfx                10008060 f   winmm.obj
 0001:000070a0       _gfxRemoveGfx              100080a0 f   winmm.obj
 0001:000070e0       _waveInAddBuffer           100080e0 f   winmm.obj
 0001:00007120       _waveInClose               10008120 f   winmm.obj
 0001:00007160       _waveInOpen                10008160 f   winmm.obj
 0001:000071a0       _waveInPrepareHeader       100081a0 f   winmm.obj
 0001:000071e0       _waveInStart               100081e0 f   winmm.obj
 0001:00007220       _waveInStop                10008220 f   winmm.obj
 0001:00007260       _waveInUnprepareHeader     10008260 f   winmm.obj
 0001:000072a0       _waveInReset               100082a0 f   winmm.obj
 0001:000072e0       _SppMessageBoxWithErrorCode 100082e0 f   smartpropoplus:SmartPropoPlus.obj
 0001:00007350       _SetNumberOfFilters        10008350 f   smartpropoplus:SmartPropoPlus.obj
 0001:00007360       _SetSelectedFilterIndex    10008360 f   smartpropoplus:SmartPropoPlus.obj
 0001:000073b0       _SetFilterNames            100083b0 f   smartpropoplus:SmartPropoPlus.obj
 0001:000073c0       _GetModulation             100083c0 f   smartpropoplus:SmartPropoPlus.obj
 0001:000073d0       _GetDebugLevel             100083d0 f   smartpropoplus:SmartPropoPlus.obj
 0001:000073e0       _isFmsRegistryExist        100083e0 f   smartpropoplus:SmartPropoPlus.obj
 0001:00007420       _CreateDataBlock           10008420 f   smartpropoplus:SmartPropoPlus.obj
 0001:00007430       _OpenSharedDataStruct      10008430 f   smartpropoplus:GlobalMemory.obj
 0001:000074d0       _CreateSharedDataStruct    100084d0 f   smartpropoplus:GlobalMemory.obj
 0001:00007810       _GetModulationFromGlobalMemory 10008810 f   smartpropoplus:GlobalMemory.obj
 0001:00007920       _SetNumberOfFiltersToGlobalMemory 10008920 f   smartpropoplus:GlobalMemory.obj
 0001:00007990       _SetSelectedFilterIndexToGlobalMemory 10008990 f   smartpropoplus:GlobalMemory.obj
 0001:00007a00       _SetFilterNamesToGlobalMemory 10008a00 f   smartpropoplus:GlobalMemory.obj
 0001:00007b20       _GetFilterNameByIndexFromGlobalMemory 10008b20 f   smartpropoplus:GlobalMemory.obj
 0001:00007bb0       _CreateEmptyFmsRegistry    10008bb0 f   smartpropoplus:SppRegistry.obj
 0001:00007c00       _CreateDefaultModRegistry  10008c00 f   smartpropoplus:SppRegistry.obj
 0001:00007d10       _isModRegistryUpdate       10008d10 f   smartpropoplus:SppRegistry.obj
 0001:00007e40       _UpdateModRegistry         10008e40 f   smartpropoplus:SppRegistry.obj
 0001:00007f90       _SetSelectedFilterNameToRegistry 10008f90 f   smartpropoplus:SppRegistry.obj
 0001:00008030       _CreateDefaultSppRegistry  10009030 f   smartpropoplus:SppRegistry.obj
 0001:000080d0       _isDebugEntryExist         100090d0 f   smartpropoplus:SppRegistry.obj
 0001:00008190       _GetDebugLevelFromRegistry 10009190 f   smartpropoplus:SppRegistry.obj
 0001:000082a0       _GetModulationFromRegistry 100092a0 f   smartpropoplus:SppRegistry.obj
 0001:00008574       __ftol                     10009574 f   LIBCMT:ftol.obj
 0001:0000859b       __fpclear                  1000959b f   LIBCMT:fpinit.obj
 0001:0000859c       __cfltcvt_init             1000959c f   LIBCMT:fpinit.obj
 0001:000085d4       __fpmath                   100095d4 f   LIBCMT:fpinit.obj
 0001:000085f2       _sprintf                   100095f2 f   LIBCMT:sprintf.obj
 0001:0000864a       _fprintf                   1000964a f   LIBCMT:fprintf.obj
 0001:000086a8       __strdate                  100096a8 f   LIBCMT:strdate.obj
 0001:00008718       __strtime                  10009718 f   LIBCMT:strtime.obj
 0001:0000877f       __fsopen                   1000977f f   LIBCMT:fopen.obj
 0001:000087db       _fopen                     100097db f   LIBCMT:fopen.obj
 0001:000087ee       __getenv_lk                100097ee f   LIBCMT:getenv.obj
 0001:0000886f       _getenv                    1000986f f   LIBCMT:getenv.obj
 0001:000088b0       __alloca_probe             100098b0     LIBCMT:chkstk.obj
 0001:000088b0       __chkstk                   100098b0 f   LIBCMT:chkstk.obj
 0001:000088f0       _floor                     100098f0 f   LIBCMT:floor_pentium4.obj
 0001:00008930       __floor_pentium4           10009930 f   LIBCMT:floor_pentium4.obj
 0001:00008a11       _calloc                    10009a11 f   LIBCMT:calloc.obj
 0001:00008ae8       __fclose_lk                10009ae8 f   LIBCMT:fclose.obj
 0001:00008b34       _fclose                    10009b34 f   LIBCMT:fclose.obj
 0001:00008b85       __CRT_INIT@12              10009b85 f   LIBCMT:dllcrt0.obj
 0001:00008d06       __DllMainCRTStartup@12     10009d06 f   LIBCMT:dllcrt0.obj
 0001:00008dea       __amsg_exit                10009dea f   LIBCMT:dllcrt0.obj
 0001:00008e1d       __heap_alloc               10009e1d f   LIBCMT:malloc.obj
 0001:00008e98       __nh_malloc                10009e98 f   LIBCMT:malloc.obj
 0001:00008ec4       _malloc                    10009ec4 f   LIBCMT:malloc.obj
 0001:00008ed6       __forcdecpt                10009ed6 f   LIBCMT:cvt.obj
 0001:00008f12       __cropzeros                10009f12 f   LIBCMT:cvt.obj
 0001:00008f5d       __positive                 10009f5d f   LIBCMT:cvt.obj
 0001:00008f77       __fassign                  10009f77 f   LIBCMT:cvt.obj
 0001:00009080       __cftoe                    1000a080 f   LIBCMT:cvt.obj
 0001:0000918c       __cftof                    1000a18c f   LIBCMT:cvt.obj
 0001:000091f3       __cftog                    1000a1f3 f   LIBCMT:cvt.obj
 0001:00009292       __cfltcvt                  1000a292 f   LIBCMT:cvt.obj
 0001:000092e3       __setdefaultprecision      1000a2e3 f   LIBCMT:fp8.obj
 0001:000092f5       __ms_p5_test_fdiv          1000a2f5 f   LIBCMT:testfdiv.obj
 0001:00009335       __ms_p5_mp_test_fdiv       1000a335 f   LIBCMT:testfdiv.obj
 0001:0000935e       __flsbuf                   1000a35e f   LIBCMT:_flsbuf.obj
 0001:00009505       __output                   1000a505 f   LIBCMT:output.obj
 0001:00009cc1       ___initstdio               1000acc1 f   LIBCMT:_file.obj
 0001:00009d6a       ___endstdio                1000ad6a f   LIBCMT:_file.obj
 0001:00009d7e       __lock_file                1000ad7e f   LIBCMT:_file.obj
 0001:00009dad       __lock_file2               1000adad f   LIBCMT:_file.obj
 0001:00009dd0       __unlock_file              1000add0 f   LIBCMT:_file.obj
 0001:00009dff       __unlock_file2             1000adff f   LIBCMT:_file.obj
 0001:00009e22       __stbuf                    1000ae22 f   LIBCMT:_sftbuf.obj
 0001:00009eaa       __ftbuf                    1000aeaa f   LIBCMT:_sftbuf.obj
 0001:00009ed4       __SEH_prolog               1000aed4 f   LIBCMT:sehprolg.obj
 0001:00009f0f       __SEH_epilog               1000af0f f   LIBCMT:sehprolg.obj
 0001:00009f28       __except_handler3          1000af28 f   LIBCMT:exsup3.obj
 0001:0000a00e       __seh_longjmp_unwind@4     1000b00e f   LIBCMT:exsup3.obj
 0001:0000a029       __openfile                 1000b029 f   LIBCMT:_open.obj
 0001:0000a191       __errno                    1000b191 f   LIBCMT:dosmap.obj
 0001:0000a19a       ___doserrno                1000b19a f   LIBCMT:dosmap.obj
 0001:0000a1a3       __dosmaperr                1000b1a3 f   LIBCMT:dosmap.obj
 0001:0000a216       __getstream                1000b216 f   LIBCMT:stream.obj
 0001:0000a338       __mbsnbicoll               1000b338 f   LIBCMT:mbsnbico.obj
 0001:0000a390       _strlen                    1000b390 f   LIBCMT:strlen.obj
 0001:0000a41b       ___wtomb_environ           1000b41b f   LIBCMT:wtombenv.obj
 0001:0000a4ab       ___crtExitProcess          1000b4ab f   LIBCMT:crt0dat.obj
 0001:0000a4db       __lockexit                 1000b4db f   LIBCMT:crt0dat.obj
 0001:0000a4e4       __unlockexit               1000b4e4 f   LIBCMT:crt0dat.obj
 0001:0000a505       __cinit                    1000b505 f   LIBCMT:crt0dat.obj
 0001:0000a632       __exit                     1000b632 f   LIBCMT:crt0dat.obj
 0001:0000a643       __cexit                    1000b643 f   LIBCMT:crt0dat.obj
 0001:0000a652       __mtinitlocks              1000b652 f   LIBCMT:mlock.obj
 0001:0000a69b       __mtdeletelocks            1000b69b f   LIBCMT:mlock.obj
 0001:0000a6f0       __unlock                   1000b6f0 f   LIBCMT:mlock.obj
 0001:0000a705       __mtinitlocknum            1000b705 f   LIBCMT:mlock.obj
 0001:0000a7a5       __lock                     1000b7a5 f   LIBCMT:mlock.obj
 0001:0000a7d6       ___libm_error_support      1000b7d6 f   LIBCMT:libm_error.obj
 0001:0000aa82       ___sse2_available_init     1000ba82 f   LIBCMT:cpu_disp.obj
 0001:0000ab54       __floor_default            1000bb54 f   LIBCMT:floor.obj
 0001:0000ac27       __callnewh                 1000bc27 f   LIBCMT:handler.obj
 0001:0000ac42       ___heap_select             1000bc42 f   LIBCMT:heapinit.obj
 0001:0000ac5c       __heap_init                1000bc5c f   LIBCMT:heapinit.obj
 0001:0000acad       __heap_term                1000bcad f   LIBCMT:heapinit.obj
 0001:0000ad30       _memset                    1000bd30 f   LIBCMT:memset.obj
 0001:0000ad90       ___sbh_heap_init           1000bd90 f   LIBCMT:sbheap.obj
 0001:0000add8       ___sbh_find_block          1000bdd8 f   LIBCMT:sbheap.obj
 0001:0000ae03       ___sbh_free_block          1000be03 f   LIBCMT:sbheap.obj
 0001:0000b11b       ___sbh_alloc_new_region    1000c11b f   LIBCMT:sbheap.obj
 0001:0000b1d2       ___sbh_alloc_new_group     1000c1d2 f   LIBCMT:sbheap.obj
 0001:0000b2d8       ___sbh_resize_block        1000c2d8 f   LIBCMT:sbheap.obj
 0001:0000b5b7       ___sbh_alloc_block         1000c5b7 f   LIBCMT:sbheap.obj
 0001:0000b8b3       _free                      1000c8b3 f   LIBCMT:free.obj
 0001:0000b924       __close_lk                 1000c924 f   LIBCMT:close.obj
 0001:0000b9a7       __close                    1000c9a7 f   LIBCMT:close.obj
 0001:0000ba42       __freebuf                  1000ca42 f   LIBCMT:_freebuf.obj
 0001:0000ba6d       __flush                    1000ca6d f   LIBCMT:fflush.obj
 0001:0000baca       __fflush_lk                1000caca f   LIBCMT:fflush.obj
 0001:0000bbcd       __flushall                 1000cbcd f   LIBCMT:fflush.obj
 0001:0000bbd6       ___crtTlsAlloc@4           1000cbd6 f   LIBCMT:tidtable.obj
 0001:0000bbdf       __mtterm                   1000cbdf f   LIBCMT:tidtable.obj
 0001:0000bbfc       __initptd                  1000cbfc f   LIBCMT:tidtable.obj
 0001:0000bc0f       __getptd                   1000cc0f f   LIBCMT:tidtable.obj
 0001:0000bc80       __freefls@4                1000cc80 f   LIBCMT:tidtable.obj
 0001:0000bdc7       __freeptd                  1000cdc7 f   LIBCMT:tidtable.obj
 0001:0000bdf6       __mtinit                   1000cdf6 f   LIBCMT:tidtable.obj
 0001:0000bee5       __ioinit                   1000cee5 f   LIBCMT:ioinit.obj
 0001:0000c0e3       __ioterm                   1000d0e3 f   LIBCMT:ioinit.obj
 0001:0000c12f       __setenvp                  1000d12f f   LIBCMT:stdenvp.obj
 0001:0000c362       __setargv                  1000d362 f   LIBCMT:stdargv.obj
 0001:0000c404       ___crtGetEnvironmentStringsA 1000d404 f   LIBCMT:a_env.obj
 0001:0000c526       __RTC_Initialize           1000d526 f   LIBCMT:initsect.obj
 0001:0000c56a       __RTC_Terminate            1000d56a f   LIBCMT:initsect.obj
 0001:0000c5ae       __XcptFilter               1000d5ae f   LIBCMT:winxfltr.obj
 0001:0000c712       ___CppXcptFilter           1000d712 f   LIBCMT:winxfltr.obj
 0001:0000c72d       __NMSG_WRITE               1000d72d f   LIBCMT:crt0msg.obj
 0001:0000c8a5       __FF_MSGBANNER             1000d8a5 f   LIBCMT:crt0msg.obj
 0001:0000c8de       _isdigit                   1000d8de f   LIBCMT:_ctype.obj
 0001:0000c918       ___tolower_mt              1000d918 f   LIBCMT:tolower.obj
 0001:0000c9e0       _tolower                   1000d9e0 f   LIBCMT:tolower.obj
 0001:0000ca02       __ZeroTail                 1000da02 f   LIBCMT:intrncvt.obj
 0001:0000ca34       __IncMan                   1000da34 f   LIBCMT:intrncvt.obj
 0001:0000ca81       __RoundMan                 1000da81 f   LIBCMT:intrncvt.obj
 0001:0000caf3       __CopyMan                  1000daf3 f   LIBCMT:intrncvt.obj
 0001:0000cb0e       __IsZeroMan                1000db0e f   LIBCMT:intrncvt.obj
 0001:0000cb27       __ShrMan                   1000db27 f   LIBCMT:intrncvt.obj
 0001:0000cba2       __ld12cvt                  1000dba2 f   LIBCMT:intrncvt.obj
 0001:0000ccfa       __ld12tod                  1000dcfa f   LIBCMT:intrncvt.obj
 0001:0000cd10       __ld12tof                  1000dd10 f   LIBCMT:intrncvt.obj
 0001:0000cd26       __atodbl                   1000dd26 f   LIBCMT:intrncvt.obj
 0001:0000cd6b       __atoflt                   1000dd6b f   LIBCMT:intrncvt.obj
 0001:0000cdb0       _memmove                   1000ddb0 f   LIBCMT:memmove.obj
 0001:0000d0f0       _strcpy                    1000e0f0 f   LIBCMT:strcat.obj
 0001:0000d100       _strcat                    1000e100 f   LIBCMT:strcat.obj
 0001:0000d1e8       __fptostr                  1000e1e8 f   LIBCMT:_fptostr.obj
 0001:0000d25f       ___dtold                   1000e25f f   LIBCMT:cfout.obj
 0001:0000d319       __fltout2                  1000e319 f   LIBCMT:cfout.obj
 0001:0000d3c2       @__security_check_cookie@4 1000e3c2 f   LIBCMT:secchk.obj
 0001:0000d3d0       __fptrap                   1000e3d0 f   LIBCMT:crt0fp.obj
 0001:0000d4f9       __control87                1000e4f9 f   LIBCMT:ieee87.obj
 0001:0000d52b       __controlfp                1000e52b f   LIBCMT:ieee87.obj
 0001:0000d541       __lseek_lk                 1000e541 f   LIBCMT:lseek.obj
 0001:0000d5b5       __lseek                    1000e5b5 f   LIBCMT:lseek.obj
 0001:0000d660       __write_lk                 1000e660 f   LIBCMT:write.obj
 0001:0000d81c       __write                    1000e81c f   LIBCMT:write.obj
 0001:0000d8c7       __getbuf                   1000e8c7 f   LIBCMT:_getbuf.obj
 0001:0000d90b       __isatty                   1000e90b f   LIBCMT:isatty.obj
 0001:0000d935       ___wctomb_mt               1000e935 f   LIBCMT:wctomb.obj
 0001:0000d995       _wctomb                    1000e995 f   LIBCMT:wctomb.obj
 0001:0000d9c0       __aulldvrm                 1000e9c0 f   LIBCMT:ulldvrm.obj
 0001:0000da55       __fcloseall                1000ea55 f   LIBCMT:closeall.obj
 0001:0000daf0       __global_unwind2           1000eaf0 f   LIBCMT:exsup.obj
 0001:0000db32       __local_unwind2            1000eb32 f   LIBCMT:exsup.obj
 0001:0000db8a       __NLG_Return2              1000eb8a     LIBCMT:exsup.obj
 0001:0000db9a       __abnormal_termination     1000eb9a f   LIBCMT:exsup.obj
 0001:0000dbbd       __NLG_Notify1              1000ebbd f   LIBCMT:exsup.obj
 0001:0000dbc6       __NLG_Notify               1000ebc6 f   LIBCMT:exsup.obj
 0001:0000dbd9       __NLG_Dispatch             1000ebd9     LIBCMT:exsup.obj
 0001:0000dbde       __ValidateEH3RN            1000ebde f   LIBCMT:eh3valid.obj
 0001:0000e0ee       __sopen                    1000f0ee f   LIBCMT:open.obj
 0001:0000e153       ___crtInitCritSecAndSpinCount 1000f153 f   LIBCMT:initcrit.obj
 0001:0000e1fa       ___crtCompareStringA       1000f1fa f   LIBCMT:a_cmp.obj
 0001:0000e777       ___updatetmbcinfo          1000f777 f   LIBCMT:mbctype.obj
 0001:0000e97a       __setmbcp                  1000f97a f   LIBCMT:mbctype.obj
 0001:0000eaca       ___initmbctable            1000faca f   LIBCMT:mbctype.obj
 0001:0000eb96       ___crtsetenv               1000fb96 f   LIBCMT:setenv.obj
 0001:0000edec       ___onexitinit              1000fdec f   LIBCMT:onexit.obj
 0001:0000ee14       __onexit                   1000fe14 f   LIBCMT:onexit.obj
 0001:0000ee4c       _atexit                    1000fe4c f   LIBCMT:onexit.obj
 0001:0000ee5e       __matherr                  1000fe5e f   LIBCMT:matherr.obj
 0001:0000ee70       _strncmp                   1000fe70 f   LIBCMT:strncmp.obj
 0001:0000eea9       __raise_exc                1000fea9 f   LIBCMT:fpexcept.obj
 0001:0000f14e       __handle_exc               1001014e f   LIBCMT:fpexcept.obj
 0001:0000f372       __set_errno                10010372 f   LIBCMT:fpexcept.obj
 0001:0000f39a       __errcode                  1001039a f   LIBCMT:fpexcept.obj
 0001:0000f3c7       __umatherr                 100103c7 f   LIBCMT:fpexcept.obj
 0001:0000f465       __handle_qnan1             10010465 f   LIBCMT:fpexcept.obj
 0001:0000f4b8       __except1                  100104b8 f   LIBCMT:fpexcept.obj
 0001:0000f574       __frnd                     10010574 f   LIBCMT:frnd.obj
 0001:0000f585       __set_exp                  10010585 f   LIBCMT:util.obj
 0001:0000f5af       __sptype                   100105af f   LIBCMT:util.obj
 0001:0000f60a       __decomp                   1001060a f   LIBCMT:util.obj
 0001:0000f6c6       __statfp                   100106c6 f   LIBCMT:fpctrl.obj
 0001:0000f6d1       __clrfp                    100106d1 f   LIBCMT:fpctrl.obj
 0001:0000f6dd       __ctrlfp                   100106dd f   LIBCMT:fpctrl.obj
 0001:0000f701       __set_statfp               10010701 f   LIBCMT:fpctrl.obj
 0001:0000f757       __set_osfhnd               10010757 f   LIBCMT:osfinfo.obj
 0001:0000f7d3       __free_osfhnd              100107d3 f   LIBCMT:osfinfo.obj
 0001:0000f852       __get_osfhandle            10010852 f   LIBCMT:osfinfo.obj
 0001:0000f893       __lock_fhandle             10010893 f   LIBCMT:osfinfo.obj
 0001:0000f933       __unlock_fhandle           10010933 f   LIBCMT:osfinfo.obj
 0001:0000f955       __alloc_osfhnd             10010955 f   LIBCMT:osfinfo.obj
 0001:0000fad1       __commit                   10010ad1 f   LIBCMT:commit.obj
 0001:0000fb8d       ___freetlocinfo            10010b8d f   LIBCMT:setlocal.obj
 0001:0000fd1e       ___updatetlocinfo          10010d1e f   LIBCMT:setlocal.obj
 0001:0000fd60       _memcpy                    10010d60 f   LIBCMT:memcpy.obj
 0001:0001009d       ___crtMessageBoxA          1001109d f   LIBCMT:crtmbox.obj
 0001:000101a0       _strncpy                   100111a0 f   LIBCMT:strncpy.obj
 0001:000102c4       ___isctype_mt              100112c4 f   LIBCMT:isctype.obj
 0001:0001033b       ___crtLCMapStringA         1001133b f   LIBCMT:a_map.obj
 0001:00010711       ___addl                    10011711 f   LIBCMT:mantold.obj
 0001:00010732       ___add_12                  10011732 f   LIBCMT:mantold.obj
 0001:00010790       ___shl_12                  10011790 f   LIBCMT:mantold.obj
 0001:000107be       ___shr_12                  100117be f   LIBCMT:mantold.obj
 0001:000107eb       ___mtold12                 100117eb f   LIBCMT:mantold.obj
 0001:000108d3       ___strgtold12              100118d3 f   LIBCMT:strgtold.obj
 0001:00010d13       _$I10_OUTPUT               10011d13 f   LIBCMT:x10fout.obj
 0001:00010faf       ___security_init_cookie    10011faf f   LIBCMT:seccinit.obj
 0001:00011015       ___security_error_handler  10012015 f   LIBCMT:secfail.obj
 0001:00011160       __lseeki64_lk              10012160 f   LIBCMT:lseeki64.obj
 0001:000111e3       __chsize_lk                100121e3 f   LIBCMT:chsize.obj
 0001:00011328       __read_lk                  10012328 f   LIBCMT:read.obj
 0001:00011505       ___ansicp                  10012505 f   LIBCMT:convrtcp.obj
 0001:0001154c       ___convertcp               1001254c f   LIBCMT:convrtcp.obj
 0001:00011726       __resetstkoflw             10012726 f   LIBCMT:resetstk.obj
 0001:00011809       ___crtGetStringTypeA       10012809 f   LIBCMT:a_str.obj
 0001:000119c3       __strdup                   100129c3 f   LIBCMT:strdup.obj
 0001:000119c3       _strdup                    100129c3 f   LIBCMT:strdup.obj
 0001:000119ee       _realloc                   100129ee f   LIBCMT:realloc.obj
 0001:00011ba0       __mbschr                   10012ba0 f   LIBCMT:mbschr.obj
 0001:00011c1b       __msize                    10012c1b f   LIBCMT:msize.obj
 0001:00011c91       ___free_lc_time            10012c91 f   LIBCMT:inittime.obj
 0001:00011e21       ___free_lconv_num          10012e21 f   LIBCMT:initnum.obj
 0001:00011e80       ___free_lconv_mon          10012e80 f   LIBCMT:initmon.obj
 0001:00011f60       _strcspn                   10012f60 f   LIBCMT:strcspn.obj
 0001:00011fb0       _strcmp                    10012fb0 f   LIBCMT:strcmp.obj
 0001:00012040       _memcmp                    10013040 f   LIBCMT:memcmp.obj
 0001:00012100       _strpbrk                   10013100 f   LIBCMT:strpbrk.obj
 0001:00012140       ___ld12mul                 10013140 f   LIBCMT:tenpow.obj
 0001:00012376       ___multtenpow12            10013376 f   LIBCMT:tenpow.obj
 0001:00012404       __setmode_lk               10013404 f   LIBCMT:setmode.obj
 0001:00012470       _atol                      10013470 f   LIBCMT:atox.obj
 0001:00012510       _strchr                    10013510 f   LIBCMT:strchr.obj
 0001:00012516       ___from_strstr_to_strchr   10013516     LIBCMT:strchr.obj
 0001:000125d0       ___ascii_stricmp           100135d0 f   LIBCMT:_stricmp.obj
 0001:00012620       __allmul                   10013620 f   LIBCMT:llmul.obj
 0001:00012660       ___ascii_strnicmp          10013660 f   LIBCMT:_strnicm.obj
 0001:000126c2       _RtlUnwind@16              100136c2 f   kernel32:KERNEL32.dll
 0002:00000000       __imp__RegQueryInfoKeyA@48 10014000     advapi32:ADVAPI32.dll
 0002:00000004       __imp__RegCreateKeyExA@36  10014004     advapi32:ADVAPI32.dll
 0002:00000008       __imp__RegSetValueExA@24   10014008     advapi32:ADVAPI32.dll
 0002:0000000c       __imp__RegQueryValueExA@24 1001400c     advapi32:ADVAPI32.dll
 0002:00000010       __imp__RegOpenKeyExA@20    10014010     advapi32:ADVAPI32.dll
 0002:00000014       __imp__RegCloseKey@4       10014014     advapi32:ADVAPI32.dll
 0002:00000018       __imp__RegEnumValueA@32    10014018     advapi32:ADVAPI32.dll
 0002:0000001c       \177ADVAPI32_NULL_THUNK_DATA 1001401c     advapi32:ADVAPI32.dll
 0002:00000020       __imp__HeapFree@12         10014020     kernel32:KERNEL32.dll
 0002:00000024       __imp__GetProcAddress@8    10014024     kernel32:KERNEL32.dll
 0002:00000028       __imp__FreeLibrary@4       10014028     kernel32:KERNEL32.dll
 0002:0000002c       __imp__TlsGetValue@4       1001402c     kernel32:KERNEL32.dll
 0002:00000030       __imp__TlsAlloc@0          10014030     kernel32:KERNEL32.dll
 0002:00000034       __imp__WaitForSingleObject@8 10014034     kernel32:KERNEL32.dll
 0002:00000038       __imp__CreateProcessA@40   10014038     kernel32:KERNEL32.dll
 0002:0000003c       __imp__CreateMutexA@12     1001403c     kernel32:KERNEL32.dll
 0002:00000040       __imp__OpenMutexA@12       10014040     kernel32:KERNEL32.dll
 0002:00000044       __imp__ReleaseMutex@4      10014044     kernel32:KERNEL32.dll
 0002:00000048       __imp__TlsSetValue@8       10014048     kernel32:KERNEL32.dll
 0002:0000004c       __imp__SetLastError@4      1001404c     kernel32:KERNEL32.dll
 0002:00000050       __imp__MapViewOfFile@20    10014050     kernel32:KERNEL32.dll
 0002:00000054       __imp__OpenFileMappingA@12 10014054     kernel32:KERNEL32.dll
 0002:00000058       __imp__CreateFileMappingA@24 10014058     kernel32:KERNEL32.dll
 0002:0000005c       __imp__HeapAlloc@12        1001405c     kernel32:KERNEL32.dll
 0002:00000060       __imp__GetProcessHeap@0    10014060     kernel32:KERNEL32.dll
 0002:00000064       __imp__GetFileAttributesExA@12 10014064     kernel32:KERNEL32.dll
 0002:00000068       __imp__LoadLibraryA@4      10014068     kernel32:KERNEL32.dll
 0002:0000006c       __imp__LoadLibraryExA@12   1001406c     kernel32:KERNEL32.dll
 0002:00000070       __imp__GetLastError@0      10014070     kernel32:KERNEL32.dll
 0002:00000074       __imp__GetSystemDirectoryA@8 10014074     kernel32:KERNEL32.dll
 0002:00000078       __imp__FormatMessageA@28   10014078     kernel32:KERNEL32.dll
 0002:0000007c       __imp__GetLocalTime@4      1001407c     kernel32:KERNEL32.dll
 0002:00000080       __imp__GetCurrentThreadId@0 10014080     kernel32:KERNEL32.dll
 0002:00000084       __imp__GetCommandLineA@0   10014084     kernel32:KERNEL32.dll
 0002:00000088       __imp__GetVersionExA@4     10014088     kernel32:KERNEL32.dll
 0002:0000008c       __imp__GetModuleHandleA@4  1001408c     kernel32:KERNEL32.dll
 0002:00000090       __imp__EnterCriticalSection@4 10014090     kernel32:KERNEL32.dll
 0002:00000094       __imp__LeaveCriticalSection@4 10014094     kernel32:KERNEL32.dll
 0002:00000098       __imp__WideCharToMultiByte@32 10014098     kernel32:KERNEL32.dll
 0002:0000009c       __imp__ExitProcess@4       1001409c     kernel32:KERNEL32.dll
 0002:000000a0       __imp__TerminateProcess@8  100140a0     kernel32:KERNEL32.dll
 0002:000000a4       __imp__GetCurrentProcess@0 100140a4     kernel32:KERNEL32.dll
 0002:000000a8       __imp__DeleteCriticalSection@4 100140a8     kernel32:KERNEL32.dll
 0002:000000ac       __imp__HeapDestroy@4       100140ac     kernel32:KERNEL32.dll
 0002:000000b0       __imp__HeapCreate@12       100140b0     kernel32:KERNEL32.dll
 0002:000000b4       __imp__VirtualFree@12      100140b4     kernel32:KERNEL32.dll
 0002:000000b8       __imp__VirtualAlloc@16     100140b8     kernel32:KERNEL32.dll
 0002:000000bc       __imp__HeapReAlloc@16      100140bc     kernel32:KERNEL32.dll
 0002:000000c0       __imp__CloseHandle@4       100140c0     kernel32:KERNEL32.dll
 0002:000000c4       __imp__TlsFree@4           100140c4     kernel32:KERNEL32.dll
 0002:000000c8       __imp__SetHandleCount@4    100140c8     kernel32:KERNEL32.dll
 0002:000000cc       __imp__GetStdHandle@4      100140cc     kernel32:KERNEL32.dll
 0002:000000d0       __imp__GetFileType@4       100140d0     kernel32:KERNEL32.dll
 0002:000000d4       __imp__GetStartupInfoA@4   100140d4     kernel32:KERNEL32.dll
 0002:000000d8       __imp__GetModuleFileNameA@12 100140d8     kernel32:KERNEL32.dll
 0002:000000dc       __imp__FreeEnvironmentStringsA@4 100140dc     kernel32:KERNEL32.dll
 0002:000000e0       __imp__GetEnvironmentStrings@0 100140e0     kernel32:KERNEL32.dll
 0002:000000e4       __imp__FreeEnvironmentStringsW@4 100140e4     kernel32:KERNEL32.dll
 0002:000000e8       __imp__GetEnvironmentStringsW@0 100140e8     kernel32:KERNEL32.dll
 0002:000000ec       __imp__UnhandledExceptionFilter@4 100140ec     kernel32:KERNEL32.dll
 0002:000000f0       __imp__WriteFile@20        100140f0     kernel32:KERNEL32.dll
 0002:000000f4       __imp__SetFilePointer@16   100140f4     kernel32:KERNEL32.dll
 0002:000000f8       __imp__RtlUnwind@16        100140f8     kernel32:KERNEL32.dll
 0002:000000fc       __imp__InterlockedExchange@8 100140fc     kernel32:KERNEL32.dll
 0002:00000100       __imp__VirtualQuery@12     10014100     kernel32:KERNEL32.dll
 0002:00000104       __imp__CreateFileA@28      10014104     kernel32:KERNEL32.dll
 0002:00000108       __imp__InitializeCriticalSection@4 10014108     kernel32:KERNEL32.dll
 0002:0000010c       __imp__CompareStringA@24   1001410c     kernel32:KERNEL32.dll
 0002:00000110       __imp__MultiByteToWideChar@24 10014110     kernel32:KERNEL32.dll
 0002:00000114       __imp__GetCPInfo@8         10014114     kernel32:KERNEL32.dll
 0002:00000118       __imp__CompareStringW@24   10014118     kernel32:KERNEL32.dll
 0002:0000011c       __imp__GetACP@0            1001411c     kernel32:KERNEL32.dll
 0002:00000120       __imp__GetOEMCP@0          10014120     kernel32:KERNEL32.dll
 0002:00000124       __imp__SetEnvironmentVariableA@8 10014124     kernel32:KERNEL32.dll
 0002:00000128       __imp__RaiseException@16   10014128     kernel32:KERNEL32.dll
 0002:0000012c       __imp__SetStdHandle@8      1001412c     kernel32:KERNEL32.dll
 0002:00000130       __imp__FlushFileBuffers@4  10014130     kernel32:KERNEL32.dll
 0002:00000134       __imp__LCMapStringA@24     10014134     kernel32:KERNEL32.dll
 0002:00000138       __imp__LCMapStringW@24     10014138     kernel32:KERNEL32.dll
 0002:0000013c       __imp__QueryPerformanceCounter@4 1001413c     kernel32:KERNEL32.dll
 0002:00000140       __imp__GetTickCount@0      10014140     kernel32:KERNEL32.dll
 0002:00000144       __imp__GetCurrentProcessId@0 10014144     kernel32:KERNEL32.dll
 0002:00000148       __imp__GetSystemTimeAsFileTime@4 10014148     kernel32:KERNEL32.dll
 0002:0000014c       __imp__SetEndOfFile@4      1001414c     kernel32:KERNEL32.dll
 0002:00000150       __imp__ReadFile@20         10014150     kernel32:KERNEL32.dll
 0002:00000154       __imp__GetLocaleInfoA@16   10014154     kernel32:KERNEL32.dll
 0002:00000158       __imp__VirtualProtect@16   10014158     kernel32:KERNEL32.dll
 0002:0000015c       __imp__GetSystemInfo@4     1001415c     kernel32:KERNEL32.dll
 0002:00000160       __imp__GetStringTypeA@20   10014160     kernel32:KERNEL32.dll
 0002:00000164       __imp__GetStringTypeW@16   10014164     kernel32:KERNEL32.dll
 0002:00000168       __imp__HeapSize@12         10014168     kernel32:KERNEL32.dll
 0002:0000016c       \177KERNEL32_NULL_THUNK_DATA 1001416c     kernel32:KERNEL32.dll
 0002:00000170       __imp__PostMessageA@16     10014170     user32:USER32.dll
 0002:00000174       __imp__MessageBoxA@16      10014174     user32:USER32.dll
 0002:00000178       __imp__RegisterWindowMessageA@4 10014178     user32:USER32.dll
 0002:0000017c       \177USER32_NULL_THUNK_DATA 1001417c     user32:USER32.dll
 0002:00000184       ??_C@_0BH@NCCKNJLF@SmartPropoPlus?5Message?$AA@ 10014184     winmm.obj
 0002:0000019c       ??_C@_0CP@GHCDPFPN@Software?2Flying?9Model?9Simulator?2@ 1001419c     winmm.obj
 0002:000001cc       ??_C@_0M@GNOGMMEG@Debug?9Level?$AA@ 100141cc     winmm.obj
 0002:000001d8       ??_C@_0BN@PPICJGAD@SmartPropoPlus?5Debug?5Message?$AA@ 100141d8     winmm.obj
 0002:000001f8       ??_C@_0BM@LCJMKAIC@?$CFs?6?6Cannot?5open?5logfile?3?5?$CFs?$AA@ 100141f8     winmm.obj
 0002:00000214       ??_C@_0BK@HNOODNNP@?$CFs?6?6Data?9Flow?5logfile?3?5?$CFs?$AA@ 10014214     winmm.obj
 0002:00000230       ??_C@_0N@OIGGEIMG@SPP_data?4log?$AA@ 10014230     winmm.obj
 0002:00000240       ??_C@_0BN@EPFFBPJA@?$CFs?6?6Control?9Flow?5logfile?3?5?$CFs?$AA@ 10014240     winmm.obj
 0002:00000260       ??_C@_0BB@MDGHENAJ@?$CFs?5?9?5?$CFs?6?$CFs?6?6?$CFs?6?6?$AA@ 10014260     winmm.obj
 0002:00000278       ??_C@_0EK@CLEBOHHH@?$CK?$CK?$CK?$CK?$CK?$CK?$CK?$CK?$CK?$CK?$CK?$CK?$CK?$CK?$CK?$CK?$CK?$CK?$CK?$CK?$CK?$CK?$CK?$CK?$CK?$CK?$CK?$CK?$CK?$CK?$CK?$CK@ 10014278     winmm.obj
 0002:000002c4       ??_C@_01NOFIACDB@w?$AA@    100142c4     winmm.obj
 0002:000002c8       ??_C@_05BMGBEOOC@?$CFs?2?$CFs?$AA@ 100142c8     winmm.obj
 0002:000002d0       ??_C@_0N@GHBCDMKE@SPP_ctrl?4log?$AA@ 100142d0     winmm.obj
 0002:000002e0       ??_C@_04JKHNIKCB@TEMP?$AA@ 100142e0     winmm.obj
 0002:000002e8       ??_C@_0BC@PBPFNKIK@?$CFs?7Negative?5Shift?$AA@ 100142e8     winmm.obj
 0002:000002fc       ??_C@_0BC@PIGBDNJJ@?$CFs?7Positive?5Shift?$AA@ 100142fc     winmm.obj
 0002:00000310       ??_C@_0P@FBFILOHD@?$CFs?7Auto?9Detect?$AA@ 10014310     winmm.obj
 0002:00000320       ??_C@_0BC@EEONADMF@?$CFs?6Modulation?3?5?$CFs?$AA@ 10014320     winmm.obj
 0002:00000334       ??_C@_0CJ@HCJPDECB@SmartPropoPlus?5Version?5?$CFx?6Debug?5@ 10014334     winmm.obj
 0002:00000360       ??_C@_0CL@BDKMBJDH@?$CFs?6New?5Modulation?3?7Mod?$DN?$CFd?$DL?5Auto?$DN@ 10014360     winmm.obj
 0002:0000038c       ??_C@_0CL@NPBANFDH@Former?5Modulation?3?7Mod?$DN?$CFd?$DL?5Auto?$DN@ 1001438c     winmm.obj
 0002:000003b8       ??_C@_0EA@OACFHGH@?6?$CFs?5?9?5ProcessData?$CI?$CF7d?$CJ?5?$CIL?$CJ?$DL?5Min?1@ 100143b8     winmm.obj
 0002:000003f8       ??_C@_0EA@NOIDBELI@?6?$CFs?5?9?5ProcessData?$CI?$CF7d?$CJ?5?$CIH?$CJ?$DL?5Min?1@ 100143f8     winmm.obj
 0002:00000438       ??_C@_0DF@JJOEEEHI@?7JoyStick?5channels?3?5Ch?$FL1?36?$FN?3?5?$CF4d@ 10014438     winmm.obj
 0002:00000470       ??_C@_0BH@JHLPIOMA@?$CFs?6?$AN?$ANFile?3?5?$CFs?$CILine?5?$CFd?$CJ?$AA@ 10014470     winmm.obj
 0002:00000488       ??_C@_0CE@NIOCMBIB@?$CFs?6Error?3?5?$CFd?5?$CFs?6?$AN?$ANFile?3?5?$CFs?$CILine?5@ 10014488     winmm.obj
 0002:000004ac       ??_C@_0CO@EOGCDLOE@LoadOrigDll?$CI?$CFd?$CJ?3?6?$ANCannot?5load?5Fi@ 100144ac     winmm.obj
 0002:000004dc       ??_C@_0DB@IBPDNNHC@LoadOrigDll?$CI?$CJ?3?5Cannot?5get?5attrib@ 100144dc     winmm.obj
 0002:00000510       ??_C@_0CG@JFBBODKI@LoadOrigDll?$CI?$CJ?3?5File?5to?5load?5is?5?$CI@ 10014510     winmm.obj
 0002:00000538       ??_C@_09IHCPCGLB@?4?2winmm?4c?$AA@ 10014538     winmm.obj
 0002:00000544       ??_C@_0BO@LHKIKOHE@?6?$CFs?5?9?5ProcessPulseAirPcm1?$CI?$CFd?$CJ?$AA@ 10014544     winmm.obj
 0002:00000564       ??_C@_0CO@EKHJNNPD@?6?$CFs?5?9?5ProcessPulseAirPcm2?$CIWidth?$DN@ 10014564     winmm.obj
 0002:00000598       __real@3fc1704e20165250    10014598     winmm.obj
 0002:000005a0       __real@3fe0000000000000    100145a0     winmm.obj
 0002:000005a8       __real@3fd1704e20165250    100145a8     winmm.obj
 0002:000005b0       ??_C@_0BM@DGEHCCKD@?6?$CFs?5?9?5ProcessPulseJrPcm?$CI?$CFd?$CJ?$AA@ 100145b0     winmm.obj
 0002:000005d0       ??_C@_0MO@BADBBAMG@?6?$CFs?5?9?5ProcessPulseFutabaPcm?$CI?$CFd?$CJ?5@ 100145d0     winmm.obj
 0002:000006a0       __real@3fc3539b58dd189f    100146a0     winmm.obj
 0002:000006a8       ??_C@_0N@LGDIOJEL@?5data?$FL?$CFd?$FN?$DN?$CFd?$AA@ 100146a8     winmm.obj
 0002:000006b8       __real@4090000000000000    100146b8     winmm.obj
 0002:000006c0       __real@40347ae147ae147b    100146c0     winmm.obj
 0002:000006c8       __real@403e000000000000    100146c8     winmm.obj
 0002:000006d0       __real@4036000000000000    100146d0     winmm.obj
 0002:000006d8       ??_C@_0CK@LIBDLIKF@?6?$CFs?5?9?5ProcessPulsePpm?$CIwidth?$DN?$CFd?0?5@ 100146d8     winmm.obj
 0002:00000704       ??_C@_0DA@LCIOLNKC@?6?$CFs?5?9?5ProcessPulseFutabaPpm?$CIwidt@ 10014704     winmm.obj
 0002:00000734       ??_C@_0CM@FIIDDDNM@?6?$CFs?5?9?5ProcessPulseJrPpm?$CIwidth?$DN?$CFd@ 10014734     winmm.obj
 0002:00000760       ??_C@_03KFPFPAAG@WAL?$AA@  10014760     winmm.obj
 0002:00000764       ??_C@_04DIBKMAAD@AIR2?$AA@ 10014764     winmm.obj
 0002:0000076c       ??_C@_04BDDHJDMA@AIR1?$AA@ 1001476c     winmm.obj
 0002:00000774       ??_C@_03NEGEFDAJ@FUT?$AA@  10014774     winmm.obj
 0002:00000778       ??_C@_02PFDOBBCN@JR?$AA@   10014778     winmm.obj
 0002:0000077c       ??_C@_03DMNNDALJ@PPM?$AA@  1001477c     winmm.obj
 0002:00000780       ??_C@_0EA@FEDEDIEB@Winmm?4dll?3?5Cannot?5get?5number?5of?5@ 10014780     winmm.obj
 0002:000007c0       __real@3ff0000000000000    100147c0     winmm.obj
 0002:000007c8       __real@4000000000000000    100147c8     winmm.obj
 0002:000007d0       __real@3fc999999999999a    100147d0     winmm.obj
 0002:000007d8       __real@4010000000000000    100147d8     winmm.obj
 0002:000007e0       __real@3fb999999999999a    100147e0     winmm.obj
 0002:000007e8       ??_C@_0FA@MOEBLIMF@StopPropo?$CI?$CJ?3?5WM_INTERSPPAPPS?5?$DN?5?$CF@ 100147e8     winmm.obj
 0002:00000838       ??_C@_0CA@IFLEEAPH@Inter?5SPP?5Application?5Message?52?$AA@ 10014838     winmm.obj
 0002:00000858       ??_C@_0BF@NJAKJHBL@WINMM?5Dll?5is?5running?$AA@ 10014858     winmm.obj
 0002:00000870       ??_C@_0BK@IANKIAIJ@?6?$CFs?5?9?5Closing?5WINMM?4DLL?6?6?$AA@ 10014870     winmm.obj
 0002:0000088c       ??_C@_0BJ@LOCNNDJB@GetIndexOfSelectedFilter?$AA@ 1001488c     winmm.obj
 0002:000008a8       ??_C@_0BE@IEONKJIA@SelectFilterByIndex?$AA@ 100148a8     winmm.obj
 0002:000008bc       ??_C@_0BD@NHLGIABF@GetFilterIdByIndex?$AA@ 100148bc     winmm.obj
 0002:000008d0       ??_C@_0BF@KLKEJFIK@GetFilterNameByIndex?$AA@ 100148d0     winmm.obj
 0002:000008e8       ??_C@_0BD@NDLDGLII@GetNumberOfFilters?$AA@ 100148e8     winmm.obj
 0002:000008fc       ??_C@_0BA@ECPDPABG@ProcessChannels?$AA@ 100148fc     winmm.obj
 0002:0000090c       ??_C@_0O@GFDJCJIH@GetDllVersion?$AA@ 1001490c     winmm.obj
 0002:0000091c       ??_C@_09CHDIPFDK@?$CIDefault?$CJ?$AA@ 1001491c     winmm.obj
 0002:00000928       ??_C@_09LDCGPNGF@joyGetPos?$AA@ 10014928     winmm.obj
 0002:00000934       ??_C@_0M@EKDBBOLA@joyGetPosEx?$AA@ 10014934     winmm.obj
 0002:00000940       ??_C@_0BG@DMIOKOHF@waveInUnprepareHeader?$AA@ 10014940     winmm.obj
 0002:00000958       ??_C@_0L@HCMBFLBG@waveInStop?$AA@ 10014958     winmm.obj
 0002:00000964       ??_C@_0M@FMKOGLKF@waveInStart?$AA@ 10014964     winmm.obj
 0002:00000970       ??_C@_0BE@NJAAFNNK@waveInPrepareHeader?$AA@ 10014970     winmm.obj
 0002:00000984       ??_C@_0L@IBGFAMML@waveInOpen?$AA@ 10014984     winmm.obj
 0002:00000990       ??_C@_0M@LNCMILGJ@waveInClose?$AA@ 10014990     winmm.obj
 0002:0000099c       ??_C@_0BA@JDAABCPE@waveInAddBuffer?$AA@ 1001499c     winmm.obj
 0002:000009ac       ??_C@_0N@LMFGDGNE@gfxRemoveGfx?$AA@ 100149ac     winmm.obj
 0002:000009bc       ??_C@_0L@LFIEKLBF@gfxOpenGfx?$AA@ 100149bc     winmm.obj
 0002:000009c8       ??_C@_0N@CFIEDACG@gfxModifyGfx?$AA@ 100149c8     winmm.obj
 0002:000009d8       ??_C@_0M@DJLOKAHL@_gfxLogon?$EA4?$AA@ 100149d8     winmm.obj
 0002:000009e4       ??_C@_0N@POHJFLEI@_gfxLogoff?$EA0?$AA@ 100149e4     winmm.obj
 0002:000009f4       ??_C@_0BB@MPGOGECO@gfxEnumerateGfxs?$AA@ 100149f4     winmm.obj
 0002:00000a08       ??_C@_0BO@KHCEMPNJ@gfxDestroyDeviceInterfaceList?$AA@ 10014a08     winmm.obj
 0002:00000a28       ??_C@_0BL@BFCMDNPK@gfxCreateZoneFactoriesList?$AA@ 10014a28     winmm.obj
 0002:00000a44       ??_C@_0BK@FANIJPIB@gfxCreateGfxFactoriesList?$AA@ 10014a44     winmm.obj
 0002:00000a60       ??_C@_0P@KEGOANE@gfxBatchChange?$AA@ 10014a60     winmm.obj
 0002:00000a70       ??_C@_09MPFGDMGP@gfxAddGfx?$AA@ 10014a70     winmm.obj
 0002:00000a7c       ??_C@_0N@IAJOIHCC@wod32Message?$AA@ 10014a7c     winmm.obj
 0002:00000a8c       ??_C@_0BD@LCOMKHJH@winmmSetDebugLevel?$AA@ 10014a8c     winmm.obj
 0002:00000aa0       ??_C@_0M@NCPJBEEI@winmmDbgOut?$AA@ 10014aa0     winmm.obj
 0002:00000aac       ??_C@_0N@GPKDCCMC@wid32Message?$AA@ 10014aac     winmm.obj
 0002:00000abc       ??_C@_0N@MHNLHPFP@waveOutWrite?$AA@ 10014abc     winmm.obj
 0002:00000acc       ??_C@_0BH@DBHJOEGH@waveOutUnprepareHeader?$AA@ 10014acc     winmm.obj
 0002:00000ae4       ??_C@_0BB@CMOENGMG@waveOutSetVolume?$AA@ 10014ae4     winmm.obj
 0002:00000af8       ??_C@_0BH@KGDIIFHG@waveOutSetPlaybackRate?$AA@ 10014af8     winmm.obj
 0002:00000b10       ??_C@_0BA@KJPIJKCD@waveOutSetPitch?$AA@ 10014b10     winmm.obj
 0002:00000b20       ??_C@_0P@CGAJPAKP@waveOutRestart?$AA@ 10014b20     winmm.obj
 0002:00000b30       ??_C@_0N@DEEPPINC@waveOutReset?$AA@ 10014b30     winmm.obj
 0002:00000b40       ??_C@_0BF@EGJPGBFL@waveOutPrepareHeader?$AA@ 10014b40     winmm.obj
 0002:00000b58       ??_C@_0N@OCBOFMBH@waveOutPause?$AA@ 10014b58     winmm.obj
 0002:00000b68       ??_C@_0M@HCKBGJNL@waveOutOpen?$AA@ 10014b68     winmm.obj
 0002:00000b74       ??_C@_0P@HIIGENLD@waveOutMessage?$AA@ 10014b74     winmm.obj
 0002:00000b84       ??_C@_0BB@CKBPHFE@waveOutGetVolume?$AA@ 10014b84     winmm.obj
 0002:00000b98       ??_C@_0BD@PEEFCKHM@waveOutGetPosition?$AA@ 10014b98     winmm.obj
 0002:00000bac       ??_C@_0BH@JECOPHGP@waveOutGetPlaybackRate?$AA@ 10014bac     winmm.obj
 0002:00000bc4       ??_C@_0BA@FINEIJFO@waveOutGetPitch?$AA@ 10014bc4     winmm.obj
 0002:00000bd4       ??_C@_0BC@IICPIAGE@waveOutGetNumDevs?$AA@ 10014bd4     winmm.obj
 0002:00000be8       ??_C@_0N@BEJCNKDE@waveOutGetID?$AA@ 10014be8     winmm.obj
 0002:00000bf8       ??_C@_0BF@MGCAEOMI@waveOutGetErrorTextW?$AA@ 10014bf8     winmm.obj
 0002:00000c10       ??_C@_0BF@NKLIPLBP@waveOutGetErrorTextA?$AA@ 10014c10     winmm.obj
 0002:00000c28       ??_C@_0BD@POAPPLHH@waveOutGetDevCapsW?$AA@ 10014c28     winmm.obj
 0002:00000c3c       ??_C@_0BD@OCJHEOKA@waveOutGetDevCapsA?$AA@ 10014c3c     winmm.obj
 0002:00000c50       ??_C@_0N@KAGIFPGI@waveOutClose?$AA@ 10014c50     winmm.obj
 0002:00000c60       ??_C@_0BB@KADJFBFC@waveOutBreakLoop?$AA@ 10014c60     winmm.obj
 0002:00000c74       ??_C@_0M@CJALCMND@waveInReset?$AA@ 10014c74     winmm.obj
 0002:00000c80       ??_C@_0O@OACDHHHL@waveInMessage?$AA@ 10014c80     winmm.obj
 0002:00000c90       ??_C@_0BC@EDOENPAJ@waveInGetPosition?$AA@ 10014c90     winmm.obj
 0002:00000ca4       ??_C@_0BB@JEIGMOBK@waveInGetNumDevs?$AA@ 10014ca4     winmm.obj
 0002:00000cb8       ??_C@_0M@JNGAODF@waveInGetID?$AA@ 10014cb8     winmm.obj
 0002:00000cc4       ??_C@_0BE@FJLPHCEJ@waveInGetErrorTextW?$AA@ 10014cc4     winmm.obj
 0002:00000cd8       ??_C@_0BE@EFCHMHJO@waveInGetErrorTextA?$AA@ 10014cd8     winmm.obj
 0002:00000cec       ??_C@_0BC@EJKOAOAC@waveInGetDevCapsW?$AA@ 10014cec     winmm.obj
 0002:00000d00       ??_C@_0BC@FFDGLLNF@waveInGetDevCapsA?$AA@ 10014d00     winmm.obj
 0002:00000d14       ??_C@_0N@HEKFBJPA@timeSetEvent?$AA@ 10014d14     winmm.obj
 0002:00000d24       ??_C@_0O@LCLCLGNI@timeKillEvent?$AA@ 10014d24     winmm.obj
 0002:00000d34       ??_C@_0M@DEPJBPP@timeGetTime?$AA@ 10014d34     winmm.obj
 0002:00000d40       ??_C@_0BC@KNMJAGLG@timeGetSystemTime?$AA@ 10014d40     winmm.obj
 0002:00000d54       ??_C@_0P@HPFDHCBE@timeGetDevCaps?$AA@ 10014d54     winmm.obj
 0002:00000d64       ??_C@_0O@IHMGFLBJ@timeEndPeriod?$AA@ 10014d64     winmm.obj
 0002:00000d74       ??_C@_0BA@DCPFICL@timeBeginPeriod?$AA@ 10014d74     winmm.obj
 0002:00000d84       ??_C@_0N@NCGJEOAM@tid32Message?$AA@ 10014d84     winmm.obj
 0002:00000d94       ??_C@_0O@JHBJLOPM@sndPlaySoundW?$AA@ 10014d94     winmm.obj
 0002:00000da4       ??_C@_0O@ILIBALCL@sndPlaySoundA?$AA@ 10014da4     winmm.obj
 0002:00000db4       ??_C@_0N@HGEGEDKN@mxd32Message?$AA@ 10014db4     winmm.obj
 0002:00000dc4       ??_C@_0N@OMGEHNO@mod32Message?$AA@ 10014dc4     winmm.obj
 0002:00000dd4       ??_C@_0BD@DALGBHNC@mmsystemGetVersion?$AA@ 10014dd4     winmm.obj
 0002:00000de8       ??_C@_09LINPJFCB@mmioWrite?$AA@ 10014de8     winmm.obj
 0002:00000df4       ??_C@_0BE@LGKONIIG@mmioStringToFOURCCW?$AA@ 10014df4     winmm.obj
 0002:00000e08       ??_C@_0BE@KKDGGNFB@mmioStringToFOURCCA?$AA@ 10014e08     winmm.obj
 0002:00000e1c       ??_C@_0M@LFAOEMME@mmioSetInfo?$AA@ 10014e1c     winmm.obj
 0002:00000e28       ??_C@_0O@JFPHFBGI@mmioSetBuffer?$AA@ 10014e28     winmm.obj
 0002:00000e38       ??_C@_0BA@LMOKOGFL@mmioSendMessage?$AA@ 10014e38     winmm.obj
 0002:00000e48       ??_C@_08KDOGIFPM@mmioSeek?$AA@ 10014e48     winmm.obj
 0002:00000e54       ??_C@_0M@CNDEKECO@mmioRenameW?$AA@ 10014e54     winmm.obj
 0002:00000e60       ??_C@_0M@DBKMBBPJ@mmioRenameA?$AA@ 10014e60     winmm.obj
 0002:00000e6c       ??_C@_08BOBHBIFP@mmioRead?$AA@ 10014e6c     winmm.obj
 0002:00000e78       ??_C@_09JLINILNI@mmioOpenW?$AA@ 10014e78     winmm.obj
 0002:00000e84       ??_C@_09IHBFDOAP@mmioOpenA?$AA@ 10014e84     winmm.obj
 0002:00000e90       ??_C@_0BD@CEIAPPDL@mmioInstallIOProcW?$AA@ 10014e90     winmm.obj
 0002:00000ea4       ??_C@_0BD@DIBIEKOM@mmioInstallIOProcA?$AA@ 10014ea4     winmm.obj
 0002:00000eb8       ??_C@_0M@ENPPHDBF@mmioGetInfo?$AA@ 10014eb8     winmm.obj
 0002:00000ec4       ??_C@_09FKLONBD@mmioFlush?$AA@ 10014ec4     winmm.obj
 0002:00000ed0       ??_C@_0M@GPOCHMJJ@mmioDescend?$AA@ 10014ed0     winmm.obj
 0002:00000edc       ??_C@_0BA@ECKJFLPG@mmioCreateChunk?$AA@ 10014edc     winmm.obj
 0002:00000eec       ??_C@_09NPGMLFBG@mmioClose?$AA@ 10014eec     winmm.obj
 0002:00000ef8       ??_C@_0L@CMFCNMID@mmioAscend?$AA@ 10014ef8     winmm.obj
 0002:00000f04       ??_C@_0M@GNLKJOIJ@mmioAdvance?$AA@ 10014f04     winmm.obj
 0002:00000f10       ??_C@_0M@KBJGFCF@mmTaskYield?$AA@ 10014f10     winmm.obj
 0002:00000f1c       ??_C@_0N@PADEOPMH@mmTaskSignal?$AA@ 10014f1c     winmm.obj
 0002:00000f2c       ??_C@_0N@BHHHBILF@mmTaskCreate?$AA@ 10014f2c     winmm.obj
 0002:00000f3c       ??_C@_0M@EIJBKDJL@mmTaskBlock?$AA@ 10014f3c     winmm.obj
 0002:00000f48       ??_C@_0BB@ONGONIEO@mmGetCurrentTask?$AA@ 10014f48     winmm.obj
 0002:00000f5c       ??_C@_0N@HPJNLKLL@mmDrvInstall?$AA@ 10014f5c     winmm.obj
 0002:00000f6c       ??_C@_0BH@KHAJOKIA@mixerSetControlDetails?$AA@ 10014f6c     winmm.obj
 0002:00000f84       ??_C@_09CMIDEKPN@mixerOpen?$AA@ 10014f84     winmm.obj
 0002:00000f90       ??_C@_0N@CPIPEBDK@mixerMessage?$AA@ 10014f90     winmm.obj
 0002:00000fa0       ??_C@_0BA@LDKCFHJE@mixerGetNumDevs?$AA@ 10014fa0     winmm.obj
 0002:00000fb0       ??_C@_0BC@LICOJFFF@mixerGetLineInfoW?$AA@ 10014fb0     winmm.obj
 0002:00000fc4       ??_C@_0BC@KELGCAIC@mixerGetLineInfoA?$AA@ 10014fc4     winmm.obj
 0002:00000fd8       ??_C@_0BG@OBGNMBCK@mixerGetLineControlsW?$AA@ 10014fd8     winmm.obj
 0002:00000ff0       ??_C@_0BG@PNPFHEPN@mixerGetLineControlsA?$AA@ 10014ff0     winmm.obj
 0002:00001008       ??_C@_0L@MGMBHNOK@mixerGetID?$AA@ 10015008     winmm.obj
 0002:00001014       ??_C@_0BB@EDIJIELM@mixerGetDevCapsW?$AA@ 10015014     winmm.obj
 0002:00001028       ??_C@_0BB@FPBBDBGL@mixerGetDevCapsA?$AA@ 10015028     winmm.obj
 0002:0000103c       ??_C@_0BI@OCMPHHLB@mixerGetControlDetailsW?$AA@ 1001503c     winmm.obj
 0002:00001054       ??_C@_0BI@POFHMCGG@mixerGetControlDetailsA?$AA@ 10015054     winmm.obj
 0002:0000106c       ??_C@_0L@HCDLPILG@mixerClose?$AA@ 1001506c     winmm.obj
 0002:00001078       ??_C@_0P@PJHHKKGK@midiStreamStop?$AA@ 10015078     winmm.obj
 0002:00001088       ??_C@_0BC@MMOCJNJN@midiStreamRestart?$AA@ 10015088     winmm.obj
 0002:0000109c       ??_C@_0BD@OGGIMNAD@midiStreamProperty?$AA@ 1001509c     winmm.obj
 0002:000010b0       ??_C@_0BD@EKBJOKLL@midiStreamPosition?$AA@ 100150b0     winmm.obj
 0002:000010c4       ??_C@_0BA@KGGCADPA@midiStreamPause?$AA@ 100150c4     winmm.obj
 0002:000010d4       ??_C@_0O@CMELDNCK@midiStreamOut?$AA@ 100150d4     winmm.obj
 0002:000010e4       ??_C@_0P@KNDPNLH@midiStreamOpen?$AA@ 100150e4     winmm.obj
 0002:000010f4       ??_C@_0BA@OEBEAAIP@midiStreamClose?$AA@ 100150f4     winmm.obj
 0002:00001104       ??_C@_0BH@BIHBPKJO@midiOutUnprepareHeader?$AA@ 10015104     winmm.obj
 0002:0000111c       ??_C@_0BA@FDNGLBFD@midiOutShortMsg?$AA@ 1001511c     winmm.obj
 0002:0000112c       ??_C@_0BB@LMJLLAFO@midiOutSetVolume?$AA@ 1001512c     winmm.obj
 0002:00001140       ??_C@_0N@FALNNDFE@midiOutReset?$AA@ 10015140     winmm.obj
 0002:00001150       ??_C@_0BF@CKJJOJPP@midiOutPrepareHeader?$AA@ 10015150     winmm.obj
 0002:00001168       ??_C@_0M@OLCCCPMC@midiOutOpen?$AA@ 10015168     winmm.obj
 0002:00001174       ??_C@_0P@LJODOPMM@midiOutMessage?$AA@ 10015174     winmm.obj
 0002:00001184       ??_C@_0P@DIOMOJLD@midiOutLongMsg?$AA@ 10015184     winmm.obj
 0002:00001194       ??_C@_0BB@JCNOJBMM@midiOutGetVolume?$AA@ 10015194     winmm.obj
 0002:000011a8       ??_C@_0BC@HGGLOEHE@midiOutGetNumDevs?$AA@ 100151a8     winmm.obj
 0002:000011bc       ??_C@_0N@HAGAPBLC@midiOutGetID?$AA@ 100151bc     winmm.obj
 0002:000011cc       ??_C@_0BF@KKCGMGGM@midiOutGetErrorTextW?$AA@ 100151cc     winmm.obj
 0002:000011e4       ??_C@_0BF@LGLOHDLL@midiOutGetErrorTextA?$AA@ 100151e4     winmm.obj
 0002:000011fc       ??_C@_0BD@ODEGKPHH@midiOutGetDevCapsW?$AA@ 100151fc     winmm.obj
 0002:00001210       ??_C@_0BD@PPNOBKKA@midiOutGetDevCapsA?$AA@ 10015210     winmm.obj
 0002:00001224       ??_C@_0N@MEJKHEOO@midiOutClose?$AA@ 10015224     winmm.obj
 0002:00001234       ??_C@_0BE@GIBEDHIE@midiOutCachePatches?$AA@ 10015234     winmm.obj
 0002:00001248       ??_C@_0BI@OELOIFEP@midiOutCacheDrumPatches?$AA@ 10015248     winmm.obj
 0002:00001260       ??_C@_0BG@ONFJMPAM@midiInUnprepareHeader?$AA@ 10015260     winmm.obj
 0002:00001278       ??_C@_0L@PINGPIBF@midiInStop?$AA@ 10015278     winmm.obj
 0002:00001284       ??_C@_0M@MFCNCNLM@midiInStart?$AA@ 10015284     winmm.obj
 0002:00001290       ??_C@_0M@LAIIGKMK@midiInReset?$AA@ 10015290     winmm.obj
 0002:0000129c       ??_C@_0BE@NJBNBEIO@midiInPrepareHeader?$AA@ 1001529c     winmm.obj
 0002:000012b0       ??_C@_0L@LHCKPMI@midiInOpen?$AA@ 100152b0     winmm.obj
 0002:000012bc       ??_C@_0O@OEJMKDEF@midiInMessage?$AA@ 100152bc     winmm.obj
 0002:000012cc       ??_C@_0BB@EPJKIIC@midiInGetNumDevs?$AA@ 100152cc     winmm.obj
 0002:000012e0       ??_C@_0M@JAFFEICM@midiInGetID?$AA@ 100152e0     winmm.obj
 0002:000012ec       ??_C@_0BE@FJKCDLBN@midiInGetErrorTextW?$AA@ 100152ec     winmm.obj
 0002:00001300       ??_C@_0BE@EFDKIOMK@midiInGetErrorTextA?$AA@ 10015300     winmm.obj
 0002:00001314       ??_C@_0BC@LHOKGKBC@midiInGetDevCapsW?$AA@ 10015314     winmm.obj
 0002:00001328       ??_C@_0BC@KLHCNPMF@midiInGetDevCapsA?$AA@ 10015328     winmm.obj
 0002:0000133c       ??_C@_0M@CEKPMNHA@midiInClose?$AA@ 1001533c     winmm.obj
 0002:00001348       ??_C@_0BA@FDHLBLPL@midiInAddBuffer?$AA@ 10015348     winmm.obj
 0002:00001358       ??_C@_0P@HHDHBFOA@midiDisconnect?$AA@ 10015358     winmm.obj
 0002:00001368       ??_C@_0M@PCKIPPIA@midiConnect?$AA@ 10015368     winmm.obj
 0002:00001374       ??_C@_0N@OBPLOCDO@mid32Message?$AA@ 10015374     winmm.obj
 0002:00001384       ??_C@_0BA@BOAKAJIL@mciSetYieldProc?$AA@ 10015384     winmm.obj
 0002:00001394       ??_C@_0BB@IMDFAHAK@mciSetDriverData?$AA@ 10015394     winmm.obj
 0002:000013a8       ??_C@_0P@DJNMMILD@mciSendStringW?$AA@ 100153a8     winmm.obj
 0002:000013b8       ??_C@_0P@CFEEHNGE@mciSendStringA?$AA@ 100153b8     winmm.obj
 0002:000013c8       ??_C@_0BA@PJMILHMC@mciSendCommandW?$AA@ 100153c8     winmm.obj
 0002:000013d8       ??_C@_0BA@OFFAACBF@mciSendCommandA?$AA@ 100153d8     winmm.obj
 0002:000013e8       ??_C@_0BH@DNNEECNK@mciLoadCommandResource?$AA@ 100153e8     winmm.obj
 0002:00001400       ??_C@_0BA@GKLEMFMH@mciGetYieldProc?$AA@ 10015400     winmm.obj
 0002:00001410       ??_C@_0BD@HFEKHOGJ@mciGetErrorStringW?$AA@ 10015410     winmm.obj
 0002:00001424       ??_C@_0BD@GJNCMLLO@mciGetErrorStringA?$AA@ 10015424     winmm.obj
 0002:00001438       ??_C@_0BB@PDCLLEHN@mciGetDriverData?$AA@ 10015438     winmm.obj
 0002:0000144c       ??_C@_0BA@CCAAAHPM@mciGetDeviceIDW?$AA@ 1001544c     winmm.obj
 0002:0000145c       ??_C@_0BN@GEHLBJEF@mciGetDeviceIDFromElementIDW?$AA@ 1001545c     winmm.obj
 0002:0000147c       ??_C@_0BN@HIODKMJC@mciGetDeviceIDFromElementIDA?$AA@ 1001547c     winmm.obj
 0002:0000149c       ??_C@_0BA@DOJILCCL@mciGetDeviceIDA?$AA@ 1001549c     winmm.obj
 0002:000014ac       ??_C@_0BC@HLNEHNKO@mciGetCreatorTask?$AA@ 100154ac     winmm.obj
 0002:000014c0       ??_C@_0BH@MCKGFFJE@mciFreeCommandResource?$AA@ 100154c0     winmm.obj
 0002:000014d8       ??_C@_0L@OKOKNDNB@mciExecute?$AA@ 100154d8     winmm.obj
 0002:000014e4       ??_C@_0P@MEFNPLOD@mciDriverYield?$AA@ 100154e4     winmm.obj
 0002:000014f4       ??_C@_0BA@NKMAPHLF@mciDriverNotify?$AA@ 100154f4     winmm.obj
 0002:00001504       ??_C@_0N@MAFIEHFI@mci32Message?$AA@ 10015504     winmm.obj
 0002:00001514       ??_C@_0BA@KBCBOANM@joySetThreshold?$AA@ 10015514     winmm.obj
 0002:00001524       ??_C@_0O@FKODLKP@joySetCapture?$AA@ 10015524     winmm.obj
 0002:00001534       ??_C@_0BC@NEGECBEA@joyReleaseCapture?$AA@ 10015534     winmm.obj
 0002:00001548       ??_C@_0BA@NFJPCMJA@joyGetThreshold?$AA@ 10015548     winmm.obj
 0002:00001558       ??_C@_0O@EGPEMCLN@joyGetNumDevs?$AA@ 10015558     winmm.obj
 0002:00001568       ??_C@_0P@BMOEKEF@joyGetDevCapsW?$AA@ 10015568     winmm.obj
 0002:00001578       ??_C@_0P@BNFGPPJC@joyGetDevCapsA?$AA@ 10015578     winmm.obj
 0002:00001588       ??_C@_0BB@NLGIOGBN@joyConfigChanged?$AA@ 10015588     winmm.obj
 0002:0000159c       ??_C@_0N@BGNHMIEK@joy32Message?$AA@ 1001559c     winmm.obj
 0002:000015ac       ??_C@_0N@FGCKPFEP@auxSetVolume?$AA@ 100155ac     winmm.obj
 0002:000015bc       ??_C@_0O@MMMOGCPJ@auxOutMessage?$AA@ 100155bc     winmm.obj
 0002:000015cc       ??_C@_0N@HIGPNENN@auxGetVolume?$AA@ 100155cc     winmm.obj
 0002:000015dc       ??_C@_0O@BMDBHFMD@auxGetNumDevs?$AA@ 100155dc     winmm.obj
 0002:000015ec       ??_C@_0P@LGCJNDMJ@auxGetDevCapsW?$AA@ 100155ec     winmm.obj
 0002:000015fc       ??_C@_0P@KKLBGGBO@auxGetDevCapsA?$AA@ 100155fc     winmm.obj
 0002:0000160c       ??_C@_0N@NGLPKNLE@aux32Message?$AA@ 1001560c     winmm.obj
 0002:0000161c       ??_C@_0L@KANNEEHC@WinmmLogon?$AA@ 1001561c     winmm.obj
 0002:00001628       ??_C@_0M@IDBPFAMN@WinmmLogoff?$AA@ 10015628     winmm.obj
 0002:00001634       ??_C@_0L@IMMPPKKI@WOWAppExit?$AA@ 10015634     winmm.obj
 0002:00001640       ??_C@_0BN@LLDJEPNG@WOW32ResolveMultiMediaHandle?$AA@ 10015640     winmm.obj
 0002:00001660       ??_C@_0BE@BNDBPCCJ@WOW32DriverCallback?$AA@ 10015660     winmm.obj
 0002:00001674       ??_C@_0BC@PGJGPJMC@SendDriverMessage?$AA@ 10015674     winmm.obj
 0002:00001688       ??_C@_0L@GEGKGBNA@PlaySoundW?$AA@ 10015688     winmm.obj
 0002:00001694       ??_C@_0L@HIPCNEAH@PlaySoundA?$AA@ 10015694     winmm.obj
 0002:000016a0       ??_C@_09PEMGNEEO@PlaySound?$AA@ 100156a0     winmm.obj
 0002:000016ac       ??_C@_0L@ILNJFFKD@OpenDriver?$AA@ 100156ac     winmm.obj
 0002:000016b8       ??_C@_0BD@KPKGHOIH@NotifyCallbackData?$AA@ 100156b8     winmm.obj
 0002:000016cc       ??_C@_0BD@BOFHJKAC@MigrateSoundEvents?$AA@ 100156cc     winmm.obj
 0002:000016e0       ??_C@_0BC@MEABKGMD@MigrateAllDrivers?$AA@ 100156e0     winmm.obj
 0002:000016f4       ??_C@_0BG@BGLPABMA@GetDriverModuleHandle?$AA@ 100156f4     winmm.obj
 0002:0000170c       ??_C@_0BD@NCENAOMJ@DrvGetModuleHandle?$AA@ 1001570c     winmm.obj
 0002:00001720       ??_C@_0P@JGAKALJK@DriverCallback?$AA@ 10015720     winmm.obj
 0002:00001730       ??_C@_0O@MHCKBCHK@DefDriverProc?$AA@ 10015730     winmm.obj
 0002:00001740       ??_C@_0M@JHBNFDDO@CloseDriver?$AA@ 10015740     winmm.obj
 0002:00001750       ??_C@_0FG@EEHACNML@StartSppConsole?$CI?$CJ?3?5WM_INTERSPPAP@ 10015750     winmm.obj
 0002:000017a8       ??_C@_0BC@ECNKJPMM@SppConsole?4exe?5?9i?$AA@ 100157a8     winmm.obj
 0002:000017bc       ??_C@_0BB@LGKKLCC@?$CFs?5?$CFd?4?$CFd?4?$CFd?5DL?$CFd?$AA@ 100157bc     winmm.obj
 0002:000017d0       ??_C@_0M@GLEJDOJL@?$CFs?5?$CFd?4?$CFd?4?$CFd?$AA@ 100157d0     winmm.obj
 0002:000017dc       ??_C@_0P@LNILAFLG@SmartPropoPlus?$AA@ 100157dc     winmm.obj
 0002:000017ec       ??_C@_0L@NLNDMMBI@?2winmm?4dll?$AA@ 100157ec     winmm.obj
 0002:000017f8       ??_C@_0DA@MGAPJLCF@LoadWinmm?$CI?$CFd?$CJ?3?5Cannot?5find?5path?5@ 100157f8     winmm.obj
 0002:00001828       ??_C@_0DC@EICCJEJI@Joystick?5filter?5too?5old?5?9?5cannot@ 10015828     winmm.obj
 0002:0000185c       ??_C@_0BB@CNHBJHLK@JsChPostProc?4dll?$AA@ 1001585c     winmm.obj
 0002:00001870       ??_C@_0BF@HPCDMNPD@SmartPropoPlus?5Error?$AA@ 10015870     smartpropoplus:SmartPropoPlus.obj
 0002:00001888       ??_C@_0O@GOMFCPPN@Error?$CI?$CFd?$CJ?3?5?$CFs?$AA@ 10015888     smartpropoplus:SmartPropoPlus.obj
 0002:00001896       ??_C@_00CNPNBAHC@?$AA@     10015896     smartpropoplus:SmartPropoPlus.obj
 0002:00001898       ??_C@_0O@LNGEFHKO@Walkera?5?$CIPCM?$CJ?$AA@ 10015898     smartpropoplus:SmartPropoPlus.obj
 0002:000018a8       ??_C@_0BB@NJNEKFOI@Sanwa?1Air?5?$CIPCM2?$CJ?$AA@ 100158a8     smartpropoplus:SmartPropoPlus.obj
 0002:000018bc       ??_C@_0BB@NLJCBLLB@Sanwa?1Air?5?$CIPCM1?$CJ?$AA@ 100158bc     smartpropoplus:SmartPropoPlus.obj
 0002:000018d0       ??_C@_0N@OGPEEBHA@Futaba?5?$CIPCM?$CJ?$AA@ 100158d0     smartpropoplus:SmartPropoPlus.obj
 0002:000018e0       ??_C@_08OMLNJBNE@JR?5?$CIPCM?$CJ?$AA@ 100158e0     smartpropoplus:SmartPropoPlus.obj
 0002:000018ec       ??_C@_0O@BOLMIIMN@PPM?5?$CIGeneric?$CJ?$AA@ 100158ec     smartpropoplus:SmartPropoPlus.obj
 0002:000018fc       ??_C@_0CA@EIFGNNAD@Software?2Flying?9Model?9Simulator?$AA@ 100158fc     smartpropoplus:SmartPropoPlus.obj
 0002:0000191c       ??_C@_0BP@HNDGKNIH@SPP?5Global?5Shared?5memory?5Block?$AA@ 1001591c     smartpropoplus:GlobalMemory.obj
 0002:0000193c       ??_C@_0BP@DOKAHBP@SPP?5Global?5Shared?5memory?5Mutex?$AA@ 1001593c     smartpropoplus:GlobalMemory.obj
 0002:0000195c       ??_C@_06MAFFGDO@Active?$AA@ 1001595c     smartpropoplus:SppRegistry.obj
 0002:00001968       ??_C@_0EA@HNGMHCGJ@Software?2Flying?9Model?9Simulator?2@ 10015968     smartpropoplus:SppRegistry.obj
 0002:000019a8       ??_C@_0BA@JADHBCGG@Selected?9Filter?$AA@ 100159a8     smartpropoplus:SppRegistry.obj
 0002:000019b8       ??_C@_0BC@CDHLICKN@Shift?9Auto?9Detect?$AA@ 100159b8     smartpropoplus:SppRegistry.obj
 0002:000019cc       ??_C@_0P@HKJHNCAN@Positive?9Shift?$AA@ 100159cc     smartpropoplus:SppRegistry.obj
 0002:00001aa0       __real@0000000000000000    10015aa0     LIBCMT:cvt.obj
 0002:00001aa8       ??_C@_05KLBDPFGC@e?$CL000?$AA@ 10015aa8     LIBCMT:cvt.obj
 0002:00001ab0       __real@4150017ec0000000    10015ab0     LIBCMT:testfdiv.obj
 0002:00001ab8       __real@4147ffff80000000    10015ab8     LIBCMT:testfdiv.obj
 0002:00001ac0       ??_C@_0BK@NHEOCAHP@IsProcessorFeaturePresent?$AA@ 10015ac0     LIBCMT:testfdiv.obj
 0002:00001adc       ??_C@_08CPNIBGIE@KERNEL32?$AA@ 10015adc     LIBCMT:testfdiv.obj
 0002:00001ae8       ___lookuptable             10015ae8     LIBCMT:output.obj
 0002:00001b44       ??_C@_1O@CEDCILHN@?$AA?$CI?$AAn?$AAu?$AAl?$AAl?$AA?$CJ?$AA?$AA@ 10015b44     LIBCMT:output.obj
 0002:00001b54       ??_C@_06OJHGLDPL@?$CInull?$CJ?$AA@ 10015b54     LIBCMT:output.obj
 0002:00001b6c       ??_C@_0P@MIGLKIOC@CorExitProcess?$AA@ 10015b6c     LIBCMT:crt0dat.obj
 0002:00001b7c       ??_C@_0M@MBOPBNBK@mscoree?4dll?$AA@ 10015b7c     LIBCMT:crt0dat.obj
 0002:00001c10       ??_C@_04MLLJIGOK@atan?$AA@ 10015c10     LIBCMT:libm_error.obj
 0002:00001c18       ??_C@_04GFPJNGEK@ceil?$AA@ 10015c18     LIBCMT:libm_error.obj
 0002:00001c20       ??_C@_05PBJFFIGL@floor?$AA@ 10015c20     LIBCMT:libm_error.obj
 0002:00001c28       ??_C@_04EHEDPDJG@modf?$AA@ 10015c28     LIBCMT:libm_error.obj
 0002:00001c30       ??_C@_04HPAFEEIN@exp2?$AA@ 10015c30     LIBCMT:libm_error.obj
 0002:00001c38       ??_C@_05EOHGHCHD@exp10?$AA@ 10015c38     LIBCMT:libm_error.obj
 0002:00001c40       ??_C@_04KGLCPMCP@log2?$AA@ 10015c40     LIBCMT:libm_error.obj
 0002:00001c48       ??_C@_03JGHBODFD@pow?$AA@  10015c48     LIBCMT:libm_error.obj
 0002:00001c4c       ??_C@_03MGHMBJCF@log?$AA@  10015c4c     LIBCMT:libm_error.obj
 0002:00001c50       ??_C@_05HGHHAHAP@log10?$AA@ 10015c50     LIBCMT:libm_error.obj
 0002:00001c58       ??_C@_03KHJOGHMM@exp?$AA@  10015c58     LIBCMT:libm_error.obj
 0002:00001c6c       ??_C@_0N@FFJGBINN@AuthenticAMD?$AA@ 10015c6c     LIBCMT:cpu_disp.obj
 0002:00001cd0       ??_C@_07PEJMOBNF@FlsFree?$AA@ 10015cd0     LIBCMT:tidtable.obj
 0002:00001cd8       ??_C@_0M@JCPCPOEF@FlsSetValue?$AA@ 10015cd8     LIBCMT:tidtable.obj
 0002:00001ce4       ??_C@_0M@GDNOONDI@FlsGetValue?$AA@ 10015ce4     LIBCMT:tidtable.obj
 0002:00001cf0       ??_C@_08KNHFBNJ@FlsAlloc?$AA@ 10015cf0     LIBCMT:tidtable.obj
 0002:00001cfc       ??_C@_0N@MDJJJHMB@kernel32?4dll?$AA@ 10015cfc     LIBCMT:tidtable.obj
 0002:00001d2c       ??_C@_0P@GGKDKEEG@runtime?5error?5?$AA@ 10015d2c     LIBCMT:crt0msg.obj
 0002:00001d3c       ??_C@_02PCIJFNDE@?$AN?6?$AA@ 10015d3c     LIBCMT:crt0msg.obj
 0002:00001d40       ??_C@_0O@MJNIPGOH@TLOSS?5error?$AN?6?$AA@ 10015d40     LIBCMT:crt0msg.obj
 0002:00001d50       ??_C@_0N@BONNPDHF@SING?5error?$AN?6?$AA@ 10015d50     LIBCMT:crt0msg.obj
 0002:00001d60       ??_C@_0P@MBDAJNE@DOMAIN?5error?$AN?6?$AA@ 10015d60     LIBCMT:crt0msg.obj
 0002:00001d70       ??_C@_0KC@BDDGGBEJ@R6029?$AN?6?9?5This?5application?5cannot@ 10015d70     LIBCMT:crt0msg.obj
 0002:00001e14       ??_C@_0CF@KJDAIALP@R6028?$AN?6?9?5unable?5to?5initialize?5he@ 10015e14     LIBCMT:crt0msg.obj
 0002:00001e3c       ??_C@_0DF@GAKBPDFP@R6027?$AN?6?9?5not?5enough?5space?5for?5lo@ 10015e3c     LIBCMT:crt0msg.obj
 0002:00001e74       ??_C@_0DF@IBLNNAIG@R6026?$AN?6?9?5not?5enough?5space?5for?5st@ 10015e74     LIBCMT:crt0msg.obj
 0002:00001eac       ??_C@_0CG@IOHKGFNJ@R6025?$AN?6?9?5pure?5virtual?5function?5c@ 10015eac     LIBCMT:crt0msg.obj
 0002:00001ed4       ??_C@_0DF@JIJJFJDC@R6024?$AN?6?9?5not?5enough?5space?5for?5_o@ 10015ed4     LIBCMT:crt0msg.obj
 0002:00001f0c       ??_C@_0CJ@EGEJHFME@R6019?$AN?6?9?5unable?5to?5open?5console?5@ 10015f0c     LIBCMT:crt0msg.obj
 0002:00001f38       ??_C@_0CB@GNHNIELH@R6018?$AN?6?9?5unexpected?5heap?5error?$AN?6@ 10015f38     LIBCMT:crt0msg.obj
 0002:00001f5c       ??_C@_0CN@FOLDKNG@R6017?$AN?6?9?5unexpected?5multithread?5@ 10015f5c     LIBCMT:crt0msg.obj
 0002:00001f8c       ??_C@_0CM@FAHFJNHO@R6016?$AN?6?9?5not?5enough?5space?5for?5th@ 10015f8c     LIBCMT:crt0msg.obj
 0002:00001fb8       ??_C@_0JG@LBKMGKLD@?$AN?6This?5application?5has?5requested@ 10015fb8     LIBCMT:crt0msg.obj
 0002:00002050       ??_C@_0CM@FLCNIPKK@R6009?$AN?6?9?5not?5enough?5space?5for?5en@ 10016050     LIBCMT:crt0msg.obj
 0002:0000207c       ??_C@_0CK@KMMJOAPP@R6008?$AN?6?9?5not?5enough?5space?5for?5ar@ 1001607c     LIBCMT:crt0msg.obj
 0002:000020a8       ??_C@_0CF@HOHMHDEK@R6002?$AN?6?9?5floating?5point?5not?5load@ 100160a8     LIBCMT:crt0msg.obj
 0002:000020d0       ??_C@_0CF@GOGNBNAK@Microsoft?5Visual?5C?$CL?$CL?5Runtime?5Lib@ 100160d0     LIBCMT:crt0msg.obj
[...]
    89 0001:000117b8    94 0001:000117bd    95 0001:000117c1   100 0001:000117c5
   101 0001:000117c9   103 0001:000117cc   105 0001:000117db   106 0001:000117e2
   113 0001:000117e5   115 0001:000117ef   116 0001:00011801

Line numbers for C:\Program Files\Microsoft Visual Studio .NET 2003\Vc7\lib\LIBCMT.lib(f:\vs70builds\6030\vc\crtbld\crt\src\dosmap.c) segment .text

   161 0001:0000a191   160 0001:0000a191   162 0001:0000a199   168 0001:0000a19a
   167 0001:0000a19a   169 0001:0000a1a2   110 0001:0000a1a3   113 0001:0000a1a4
   116 0001:0000a1b0   117 0001:0000a1b2   127 0001:0000a1c1   128 0001:0000a1cb
   133 0001:0000a1d8   118 0001:0000a1d9   133 0001:0000a1e9   129 0001:0000a1ea
   130 0001:0000a1fa   133 0001:0000a207   132 0001:0000a208   133 0001:0000a215

Line numbers for C:\Program Files\Microsoft Visual Studio .NET 2003\Vc7\lib\LIBCMT.lib(f:\vs70builds\6030\vc\crtbld\crt\src\wctomb.c) segment .text

    63 0001:0000d935    65 0001:0000d938    67 0001:0000d942    71 0001:0000d946
    76 0001:0000d94e    79 0001:0000d956    82 0001:0000d958    83 0001:0000d95a
   106 0001:0000d95f   112 0001:0000d982   108 0001:0000d984   109 0001:0000d98f
   115 0001:0000d993    48 0001:0000d995    50 0001:0000d995    52 0001:0000d99d
    53 0001:0000d9a5    55 0001:0000d9aa    56 0001:0000d9bb

Line numbers for C:\Program Files\Microsoft Visual Studio .NET 2003\Vc7\lib\LIBCMT.lib(f:\vs70builds\6030\vc\crtbld\crt\src\tolower.c) segment .text

   101 0001:0000c918   115 0001:0000c91d   120 0001:0000c93e   123 0001:0000c949
   128 0001:0000c966   134 0001:0000c968   142 0001:0000c97a   143 0001:0000c987
   144 0001:0000c989   145 0001:0000c98c   146 0001:0000c990   165 0001:0000c992
   167 0001:0000c9b3   171 0001:0000c9b5   172 0001:0000c9b9   174 0001:0000c9bf
   116 0001:0000c9cc   176 0001:0000c9de    72 0001:0000c9e0    75 0001:0000c9e0
    77 0001:0000c9e8    78 0001:0000c9f0    80 0001:0000c9f5    81 0001:0000ca01

Line numbers for C:\Program Files\Microsoft Visual Studio .NET 2003\Vc7\lib\LIBCMT.lib(f:\vs70builds\6030\vc\crtbld\crt\src\isctype.c) segment .text

   121 0001:000102c4   128 0001:000102c8   130 0001:000102d4   136 0001:000102e3
   144 0001:000102f8   145 0001:00010305   146 0001:00010307   148 0001:0001030a
   162 0001:00010311   168 0001:00010330   167 0001:00010332   168 0001:00010339

Line numbers for C:\Program Files\Microsoft Visual Studio .NET 2003\Vc7\lib\LIBCMT.lib(f:\vs70builds\6030\vc\crtbld\crt\src\atox.c) segment .text

    48 0001:00012470    53 0001:00012472    55 0001:0001247a    56 0001:00012482
    59 0001:0001248d    63 0001:000124b2    65 0001:000124b5    67 0001:000124b9
    68 0001:000124c5    70 0001:000124c9    72 0001:000124cb    73 0001:000124e2
    74 0001:000124e8    75 0001:000124ec    77 0001:000124ee    78 0001:000124f5
    81 0001:000124f7

Line numbers for C:\Program Files\Microsoft Visual Studio .NET 2003\Vc7\lib\LIBCMT.lib(f:\vs70builds\6030\vc\crtbld\crt\src\_fptostr.c) segment .text

    46 0001:0000d1e8    48 0001:0000d1eb    62 0001:0000d1f2    63 0001:0000d20b
    62 0001:0000d222    73 0001:0000d225    74 0001:0000d231    76 0001:0000d233
    77 0001:0000d23c    80 0001:0000d23e    85 0001:0000d243    87 0001:0000d246
    91 0001:0000d248    93 0001:0000d25d

Line numbers for C:\Program Files\Microsoft Visual Studio .NET 2003\Vc7\lib\LIBCMT.lib(f:\vs70builds\6030\vc\crtbld\crt\src\_ctype.c) segment .text

    96 0001:0000c8de    94 0001:0000c8de    98 0001:0000c8e6    99 0001:0000c8ee
   101 0001:0000c8f3   105 0001:0000c908   101 0001:0000c909   105 0001:0000c917

 Exports

  ordinal    name

        3    _CloseDriver
               exported name: CloseDriver
        4    _DefDriverProc
               exported name: DefDriverProc
        5    _DriverCallback
               exported name: DriverCallback
        6    _DrvGetModuleHandle
               exported name: DrvGetModuleHandle
        7    _GetDriverModuleHandle
               exported name: GetDriverModuleHandle
        8    _MigrateAllDrivers
               exported name: MigrateAllDrivers
        9    _MigrateSoundEvents
               exported name: MigrateSoundEvents
       10    _NotifyCallbackData
               exported name: NotifyCallbackData
       11    _OpenDriver
               exported name: OpenDriver
       12    _PlaySound
               exported name: PlaySound
       13    _PlaySoundA
               exported name: PlaySoundA
       14    _PlaySoundW
               exported name: PlaySoundW
       15    _SendDriverMessage
               exported name: SendDriverMessage
       16    _WOW32DriverCallback
               exported name: WOW32DriverCallback
       17    _WOW32ResolveMultiMediaHandle
               exported name: WOW32ResolveMultiMediaHandle
       18    _WOWAppExit
               exported name: WOWAppExit
       19    _WinmmLogoff
               exported name: WinmmLogoff
       20    _WinmmLogon
               exported name: WinmmLogon
       21    _aux32Message
               exported name: aux32Message
       22    _auxGetDevCapsA
               exported name: auxGetDevCapsA
       23    _auxGetDevCapsW
               exported name: auxGetDevCapsW
       24    _auxGetNumDevs
               exported name: auxGetNumDevs
       25    _auxGetVolume
               exported name: auxGetVolume
       26    _auxOutMessage
               exported name: auxOutMessage
       27    _auxSetVolume
               exported name: auxSetVolume
       28    _gfxAddGfx
               exported name: gfxAddGfx
       29    _gfxBatchChange
               exported name: gfxBatchChange
       30    _gfxCreateGfxFactoriesList
               exported name: gfxCreateGfxFactoriesList
       31    _gfxCreateZoneFactoriesList
               exported name: gfxCreateZoneFactoriesList
       32    _gfxDestroyDeviceInterfaceList
               exported name: gfxDestroyDeviceInterfaceList
       33    _gfxEnumerateGfxs
               exported name: gfxEnumerateGfxs
       34    __gfxLogoff
               exported name: _gfxLogoff
       35    __gfxLogon
               exported name: _gfxLogon
       36    _gfxModifyGfx
               exported name: gfxModifyGfx
       37    _gfxOpenGfx
               exported name: gfxOpenGfx
       38    _gfxRemoveGfx
               exported name: gfxRemoveGfx
       39    _joy32Message
               exported name: joy32Message
       40    _joyConfigChanged
               exported name: joyConfigChanged
       41    _joyGetDevCapsA@12
               exported name: joyGetDevCapsA
       42    _joyGetDevCapsW
               exported name: joyGetDevCapsW
       43    _joyGetNumDevs@0
               exported name: joyGetNumDevs
       44    _joyGetPos@8
               exported name: joyGetPos
       45    _joyGetPosEx@8
               exported name: joyGetPosEx
       46    _joyGetThreshold
               exported name: joyGetThreshold
       47    _joyReleaseCapture
               exported name: joyReleaseCapture
       48    _joySetCapture
               exported name: joySetCapture
       49    _joySetThreshold
               exported name: joySetThreshold
       50    _mci32Message
               exported name: mci32Message
       51    _mciDriverNotify
               exported name: mciDriverNotify
       52    _mciDriverYield
               exported name: mciDriverYield
       53    _mciExecute
               exported name: mciExecute
       54    _mciFreeCommandResource
               exported name: mciFreeCommandResource
       55    _mciGetCreatorTask
               exported name: mciGetCreatorTask
       56    _mciGetDeviceIDA
               exported name: mciGetDeviceIDA
       57    _mciGetDeviceIDFromElementIDA
               exported name: mciGetDeviceIDFromElementIDA
       58    _mciGetDeviceIDFromElementIDW
               exported name: mciGetDeviceIDFromElementIDW
       59    _mciGetDeviceIDW
               exported name: mciGetDeviceIDW
       60    _mciGetDriverData
               exported name: mciGetDriverData
       61    _mciGetErrorStringA
               exported name: mciGetErrorStringA
       62    _mciGetErrorStringW
               exported name: mciGetErrorStringW
       63    _mciGetYieldProc
               exported name: mciGetYieldProc
       64    _mciLoadCommandResource
               exported name: mciLoadCommandResource
       65    _mciSendCommandA
               exported name: mciSendCommandA
       66    _mciSendCommandW
               exported name: mciSendCommandW
       67    _mciSendStringA
               exported name: mciSendStringA
       68    _mciSendStringW
               exported name: mciSendStringW
       69    _mciSetDriverData
               exported name: mciSetDriverData
       70    _mciSetYieldProc
               exported name: mciSetYieldProc
       71    _mid32Message
               exported name: mid32Message
       72    _midiConnect
               exported name: midiConnect
       73    _midiDisconnect
               exported name: midiDisconnect
       74    _midiInAddBuffer
               exported name: midiInAddBuffer
       75    _midiInClose
               exported name: midiInClose
       76    _midiInGetDevCapsA
               exported name: midiInGetDevCapsA
       77    _midiInGetDevCapsW
               exported name: midiInGetDevCapsW
       78    _midiInGetErrorTextA
               exported name: midiInGetErrorTextA
       79    _midiInGetErrorTextW
               exported name: midiInGetErrorTextW
       80    _midiInGetID
               exported name: midiInGetID
       81    _midiInGetNumDevs
               exported name: midiInGetNumDevs
       82    _midiInMessage
               exported name: midiInMessage
       83    _midiInOpen
               exported name: midiInOpen
       84    _midiInPrepareHeader
               exported name: midiInPrepareHeader
       85    _midiInReset
               exported name: midiInReset
       86    _midiInStart
               exported name: midiInStart
       87    _midiInStop
               exported name: midiInStop
       88    _midiInUnprepareHeader
               exported name: midiInUnprepareHeader
       89    _midiOutCacheDrumPatches
               exported name: midiOutCacheDrumPatches
       90    _midiOutCachePatches
               exported name: midiOutCachePatches
       91    _midiOutClose
               exported name: midiOutClose
       92    _midiOutGetDevCapsA
               exported name: midiOutGetDevCapsA
       93    _midiOutGetDevCapsW
               exported name: midiOutGetDevCapsW
       94    _midiOutGetErrorTextA
               exported name: midiOutGetErrorTextA
       95    _midiOutGetErrorTextW
               exported name: midiOutGetErrorTextW
       96    _midiOutGetID
               exported name: midiOutGetID
       97    _midiOutGetNumDevs
               exported name: midiOutGetNumDevs
       98    _midiOutGetVolume
               exported name: midiOutGetVolume
       99    _midiOutLongMsg
               exported name: midiOutLongMsg
      100    _midiOutMessage
               exported name: midiOutMessage
      101    _midiOutOpen
               exported name: midiOutOpen
      102    _midiOutPrepareHeader
               exported name: midiOutPrepareHeader
      103    _midiOutReset
               exported name: midiOutReset
      104    _midiOutSetVolume
               exported name: midiOutSetVolume
      105    _midiOutShortMsg
               exported name: midiOutShortMsg
      106    _midiOutUnprepareHeader
               exported name: midiOutUnprepareHeader
      107    _midiStreamClose
               exported name: midiStreamClose
      108    _midiStreamOpen
               exported name: midiStreamOpen
      109    _midiStreamOut
               exported name: midiStreamOut
      110    _midiStreamPause
               exported name: midiStreamPause
      111    _midiStreamPosition
               exported name: midiStreamPosition
      112    _midiStreamProperty
               exported name: midiStreamProperty
      113    _midiStreamRestart
               exported name: midiStreamRestart
      114    _midiStreamStop
               exported name: midiStreamStop
      115    _mixerClose
               exported name: mixerClose
      116    _mixerGetControlDetailsA
               exported name: mixerGetControlDetailsA
      117    _mixerGetControlDetailsW
               exported name: mixerGetControlDetailsW
      118    _mixerGetDevCapsA
               exported name: mixerGetDevCapsA
      119    _mixerGetDevCapsW
               exported name: mixerGetDevCapsW
      120    _mixerGetID
               exported name: mixerGetID
      121    _mixerGetLineControlsA
               exported name: mixerGetLineControlsA
      122    _mixerGetLineControlsW
               exported name: mixerGetLineControlsW
      123    _mixerGetLineInfoA
               exported name: mixerGetLineInfoA
      124    _mixerGetLineInfoW
               exported name: mixerGetLineInfoW
      125    _mixerGetNumDevs
               exported name: mixerGetNumDevs
      126    _mixerMessage
               exported name: mixerMessage
      127    _mixerOpen
               exported name: mixerOpen
      128    _mixerSetControlDetails
               exported name: mixerSetControlDetails
      129    _mmDrvInstall
               exported name: mmDrvInstall
      130    _mmGetCurrentTask
               exported name: mmGetCurrentTask
      131    _mmTaskBlock
               exported name: mmTaskBlock
      132    _mmTaskCreate
               exported name: mmTaskCreate
      133    _mmTaskSignal
               exported name: mmTaskSignal
      134    _mmTaskYield
               exported name: mmTaskYield
      135    _mmioAdvance
               exported name: mmioAdvance
      136    _mmioAscend
               exported name: mmioAscend
      137    _mmioClose
               exported name: mmioClose
      138    _mmioCreateChunk
               exported name: mmioCreateChunk
      139    _mmioDescend
               exported name: mmioDescend
      140    _mmioFlush
               exported name: mmioFlush
      141    _mmioGetInfo
               exported name: mmioGetInfo
      142    _mmioInstallIOProcA
               exported name: mmioInstallIOProcA
      143    _mmioInstallIOProcW
               exported name: mmioInstallIOProcW
      144    _mmioOpenA
               exported name: mmioOpenA
      145    _mmioOpenW
               exported name: mmioOpenW
      146    _mmioRead
               exported name: mmioRead
      147    _mmioRenameA
               exported name: mmioRenameA
      148    _mmioRenameW
               exported name: mmioRenameW
      149    _mmioSeek
               exported name: mmioSeek
      150    _mmioSendMessage
               exported name: mmioSendMessage
      151    _mmioSetBuffer
               exported name: mmioSetBuffer
      152    _mmioSetInfo
               exported name: mmioSetInfo
      153    _mmioStringToFOURCCA
               exported name: mmioStringToFOURCCA
      154    _mmioStringToFOURCCW
               exported name: mmioStringToFOURCCW
      155    _mmioWrite
               exported name: mmioWrite
      156    _mmsystemGetVersion
               exported name: mmsystemGetVersion
      157    _mod32Message
               exported name: mod32Message
      158    _mxd32Message
               exported name: mxd32Message
      159    _sndPlaySoundA
               exported name: sndPlaySoundA
      160    _sndPlaySoundW
               exported name: sndPlaySoundW
      161    _tid32Message
               exported name: tid32Message
      162    _timeBeginPeriod
               exported name: timeBeginPeriod
      163    _timeEndPeriod
               exported name: timeEndPeriod
      164    _timeGetDevCaps
               exported name: timeGetDevCaps
      165    _timeGetSystemTime
               exported name: timeGetSystemTime
      166    _timeGetTime
               exported name: timeGetTime
      167    _timeKillEvent
               exported name: timeKillEvent
      168    _timeSetEvent
               exported name: timeSetEvent
      169    _waveInAddBuffer
               exported name: waveInAddBuffer
      170    _waveInClose
               exported name: waveInClose
      171    _waveInGetDevCapsA
               exported name: waveInGetDevCapsA
      172    _waveInGetDevCapsW
               exported name: waveInGetDevCapsW
      173    _waveInGetErrorTextA
               exported name: waveInGetErrorTextA
      174    _waveInGetErrorTextW
               exported name: waveInGetErrorTextW
      175    _waveInGetID
               exported name: waveInGetID
      176    _waveInGetNumDevs
               exported name: waveInGetNumDevs
      177    _waveInGetPosition
               exported name: waveInGetPosition
      178    _waveInMessage
               exported name: waveInMessage
      179    _waveInOpen
               exported name: waveInOpen
      180    _waveInPrepareHeader
               exported name: waveInPrepareHeader
      181    _waveInReset
               exported name: waveInReset
      182    _waveInStart
               exported name: waveInStart
      183    _waveInStop
               exported name: waveInStop
      184    _waveInUnprepareHeader
               exported name: waveInUnprepareHeader
      185    _waveOutBreakLoop
               exported name: waveOutBreakLoop
      186    _waveOutClose
               exported name: waveOutClose
      187    _waveOutGetDevCapsA
               exported name: waveOutGetDevCapsA
      188    _waveOutGetDevCapsW
               exported name: waveOutGetDevCapsW
      189    _waveOutGetErrorTextA
               exported name: waveOutGetErrorTextA
      190    _waveOutGetErrorTextW
               exported name: waveOutGetErrorTextW
      191    _waveOutGetID
               exported name: waveOutGetID
      192    _waveOutGetNumDevs
               exported name: waveOutGetNumDevs
      193    _waveOutGetPitch
               exported name: waveOutGetPitch
      194    _waveOutGetPlaybackRate
               exported name: waveOutGetPlaybackRate
      195    _waveOutGetPosition
               exported name: waveOutGetPosition
      196    _waveOutGetVolume
               exported name: waveOutGetVolume
      197    _waveOutMessage
               exported name: waveOutMessage
      198    _waveOutOpen
               exported name: waveOutOpen
      199    _waveOutPause
               exported name: waveOutPause
      200    _waveOutPrepareHeader
               exported name: waveOutPrepareHeader
      201    _waveOutReset
               exported name: waveOutReset
      202    _waveOutRestart
               exported name: waveOutRestart
      203    _waveOutSetPitch
               exported name: waveOutSetPitch
      204    _waveOutSetPlaybackRate
               exported name: waveOutSetPlaybackRate
      205    _waveOutSetVolume
               exported name: waveOutSetVolume
      206    _waveOutUnprepareHeader
               exported name: waveOutUnprepareHeader
      207    _waveOutWrite
               exported name: waveOutWrite
      208    _wid32Message
               exported name: wid32Message
      209    _winmmDbgOut
               exported name: winmmDbgOut
      210    _winmmSetDebugLevel
               exported name: winmmSetDebugLevel
      211    _wod32Message
               exported name: wod32Message
