 SppConsole

 Timestamp is 498761e0 (Mon Feb 02 23:13:04 2009)

 Preferred load address is 00400000

 Start         Length     Name                   Class
 0001:00000000 0001b15cH .text                   CODE
 0001:0001b160 000009a5H .text$x                 CODE
 0001:0001bb10 00000556H .text$yc                CODE
 0001:0001c070 000000dfH .text$yd                CODE
 0002:00000000 000008b8H .idata$5                DATA
 0002:000008c0 0000bfd8H .rdata                  DATA
 0002:0000c898 00000053H .rdata$debug            DATA
 0002:0000c8ec 00000044H .rdata$r                DATA
 0002:0000c930 00000120H .rdata$sxdata           DATA
 0002:0000ca50 00000004H .rtc$IAA                DATA
 0002:0000ca54 00000004H .rtc$IMZ                DATA
 0002:0000ca58 00000004H .rtc$IZZ                DATA
 0002:0000ca5c 00000004H .rtc$TAA                DATA
 0002:0000ca60 00000004H .rtc$TMZ                DATA
 0002:0000ca64 00000004H .rtc$TZZ                DATA
 0002:0000ca68 00000c38H .xdata$x                DATA
 0002:0000d6a0 00000004H ATL$__a                 DATA
 0002:0000d6a4 00000004H ATL$__z                 DATA
 0002:0000d6a8 000000f0H .idata$2                DATA
 0002:0000d798 00000014H .idata$3                DATA
 0002:0000d7ac 000008b8H .idata$4                DATA
 0002:0000e064 00000e44H .idata$6                DATA
 0002:0000eea8 00000000H .edata                  DATA
 0003:00000000 00000004H .CRT$XCA                DATA
 0003:00000004 00000004H .CRT$XCAA               DATA
 0003:00000008 0000000cH .CRT$XCC                DATA
 0003:00000014 00000074H .CRT$XCL                DATA
 0003:00000088 00000008H .CRT$XCU                DATA
 0003:00000090 00000004H .CRT$XCZ                DATA
 0003:00000094 00000004H .CRT$XIA                DATA
 0003:00000098 00000004H .CRT$XIZ                DATA
 0003:000000a0 00000fc0H .data                   DATA
 0003:00001060 000002ccH .bss                    DATA
 0004:00000000 00000550H .rsrc$01                DATA
 0004:00000550 00002908H .rsrc$02                DATA

  Address         Publics by Value              Rva+Base     Lib:Object

 0000:00000000       __except_list              00000000     <absolute>
 0000:00000048       ___safe_se_handler_count   00000048     <absolute>
 0000:00009876       __ldused                   00009876     <absolute>
 0000:00009876       __fltused                  00009876     <absolute>
 0000:00000000       ___ImageBase               00400000     <linker-defined>
 0001:00000000       ??0CAboutDlg@@QAE@PAVCWnd@@@Z 00401000 f   AboutDlg.obj
 0001:00000070       ?DoDataExchange@CAboutDlg@@MAEXPAVCDataExchange@@@Z 00401070 f   AboutDlg.obj
 0001:00000090       ?GetThisMessageMap@CAboutDlg@@KGPBUAFX_MSGMAP@@XZ 00401090 f   AboutDlg.obj
 0001:000000a0       ?GetMessageMap@CAboutDlg@@MBEPBUAFX_MSGMAP@@XZ 004010a0 f   AboutDlg.obj
 0001:000000b0       ?OnInitDialog@CAboutDlg@@MAEHXZ 004010b0 f   AboutDlg.obj
 0001:000001e0       ??_GCAboutDlg@@UAEPAXI@Z   004011e0 f i AboutDlg.obj
 0001:000001e0       ??_ECAboutDlg@@UAEPAXI@Z   004011e0 f i AboutDlg.obj
 0001:00000210       ??1CAboutDlg@@UAE@XZ       00401210 f i AboutDlg.obj
 0001:00000260       ??1CStaticLink@@UAE@XZ     00401260 f i AboutDlg.obj
 0001:000002c0       ?_AtlGetThreadACPThunk@ATL@@YGIXZ 004012c0 f i AboutDlg.obj
 0001:00000340       ?InterlockedExchangePointer@@YGPAXPAPAXPAX@Z 00401340 f i AboutDlg.obj
 0001:00000360       ?_AtlGetThreadACPFake@ATL@@YGIXZ 00401360 f i AboutDlg.obj
 0001:000003f0       ?_AtlGetThreadACPReal@ATL@@YGIXZ 004013f0 f i AboutDlg.obj
 0001:00000400       ?isSpk@@YA_NI@Z            00401400 f   AudioInput.obj
 0001:00000430       ?GetLineControlByID@@YAIPAUHMIXEROBJ__@@KPAUtagMIXERCONTROLA@@@Z 00401430 f   AudioInput.obj
 0001:00000480       ?Mute@@YAIPAUHMIXER__@@I_N@Z 00401480 f   AudioInput.obj
 0001:00000550       ?GetMuteValue@@YA_NPAUHMIXER__@@IPA_N@Z 00401550 f   AudioInput.obj
 0001:00000620       ?GetSelSrcLineID@@YAJPAUHMIXER__@@I@Z 00401620 f   AudioInput.obj
 0001:00000810       ?SetControlDetailList@@YAIPAUHMIXER__@@PAUtMIXERCONTROLDETAILS_BOOLEAN@@KI@Z 00401810 f   AudioInput.obj
 0001:00000860       ?SetControlDetailList@@YAIPAUHMIXER__@@PAUtMIXERCONTROLDETAILS_UNSIGNED@@KI@Z 00401860 f   AudioInput.obj
 0001:000008b0       ?GetLineControlList@@YAIPAUHMIXEROBJ__@@KPAUtagMIXERCONTROLA@@PAH@Z 004018b0 f   AudioInput.obj
 0001:00000970       ?GetControlDetailList@@YAIPAUHMIXER__@@PAUtagMIXERCONTROLDETAILS_LISTTEXTA@@KI@Z 00401970 f   AudioInput.obj
 0001:000009c0       ?GetControlDetailList@@YAIPAUHMIXER__@@PAUtMIXERCONTROLDETAILS_BOOLEAN@@KI@Z 004019c0 f   AudioInput.obj
 0001:00000a10       ?GetVolumeValue@@YA_NPAUHMIXER__@@IPAJ@Z 00401a10 f   AudioInput.obj
 0001:00000b40       ?SetVolumeValue@@YAHPAUHMIXER__@@IJ@Z 00401b40 f   AudioInput.obj
 0001:00000c50       ??0CAudioInput@@QAE@PAUHWND__@@@Z 00401c50 f   AudioInput.obj
 0001:00000d80       ??1CAudioInput@@UAE@XZ     00401d80 f   AudioInput.obj
 0001:00000e40       ?GetCountMixerDevice@CAudioInput@@QAEHXZ 00401e40 f   AudioInput.obj
 0001:00000e60       ?GetMixerDeviceName@CAudioInput@@QAEPBDH@Z 00401e60 f   AudioInput.obj
 0001:00000ea0       ?GetMixerDeviceInputLineName@CAudioInput@@QAEPBDHH@Z 00401ea0 f   AudioInput.obj
 0001:00000ef0       ?GetMixerDevice@CAudioInput@@QAEPAVCMixerDevice@1@H@Z 00401ef0 f   AudioInput.obj
 0001:00000f30       ?Restore@CAudioInput@@QAEXXZ 00401f30 f   AudioInput.obj
 0001:00000f90       ?GetPreferredMixerDeviceIndex@CAudioInput@@QAEHXZ 00401f90 f   AudioInput.obj
 0001:00001090       ?GetMixerDeviceIndex@CAudioInput@@QAEHPAD@Z 00402090 f   AudioInput.obj
 0001:00001100       ?GetMixerDeviceID@CAudioInput@@QAEHPAD@Z 00402100 f   AudioInput.obj
 0001:00001180       ?SetCurrentMixerDevice@CAudioInput@@QAE_NH@Z 00402180 f   AudioInput.obj
 0001:000011d0       ?GetCurrentMixerDevice@CAudioInput@@QAEHXZ 004021d0 f   AudioInput.obj
 0001:000011f0       ??0CMixerDevice@CAudioInput@@QAE@XZ 004021f0 f   AudioInput.obj
 0001:00001270       ??1CMixerDevice@CAudioInput@@UAE@XZ 00402270 f   AudioInput.obj
 0001:000013b0       ??0CMixerDevice@CAudioInput@@QAE@HPAUHWND__@@@Z 004023b0 f   AudioInput.obj
 0001:000014f0       ?AdjustInputVolume@CMixerDevice@CAudioInput@@QAEXK@Z 004024f0 f   AudioInput.obj
 0001:000015b0       ?CreateInputLineArray@CMixerDevice@CAudioInput@@IAEHXZ 004025b0 f   AudioInput.obj
 0001:00001920       ?CreatePhysicalDevArray@CMixerDevice@CAudioInput@@QAEHXZ 00402920 f   AudioInput.obj
 0001:00001c60       ?GetInputLineIndex@CMixerDevice@CAudioInput@@QAE_NIPAI@Z 00402c60 f   AudioInput.obj
 0001:00001cd0       ?GetInputLineName@CMixerDevice@CAudioInput@@QAEPBDH@Z 00402cd0 f   AudioInput.obj
 0001:00001d10       ?GetInputLineVolumeValue@CMixerDevice@CAudioInput@@QAEHH@Z 00402d10 f   AudioInput.obj
 0001:00001d50       ?GetInputLineSrcID@CMixerDevice@CAudioInput@@QAE_NPAII@Z 00402d50 f   AudioInput.obj
 0001:00001db0       ?GetName@CMixerDevice@CAudioInput@@QAEPBDXZ 00402db0 f   AudioInput.obj
 0001:00001dd0       ?GetSelectedInputLine@CMixerDevice@CAudioInput@@QAE_NPAI@Z 00402dd0 f   AudioInput.obj
 0001:00002060       ?MuteOutputLine@CMixerDevice@CAudioInput@@QAE_NK_N0@Z 00403060 f   AudioInput.obj
 0001:00002140       ?MuteSelectedInputLine@CMixerDevice@CAudioInput@@QAE_NI_N0@Z 00403140 f   AudioInput.obj
 0001:000021a0       ?RestoreSelectedInputLine@CMixerDevice@CAudioInput@@QAEXI@Z 004031a0 f   AudioInput.obj
 0001:00002200       ?Restore@CMixerDevice@CAudioInput@@QAEHXZ 00403200 f   AudioInput.obj
 0001:00002290       ?SelectInputLine@CMixerDevice@CAudioInput@@QAEXI@Z 00403290 f   AudioInput.obj
 0001:00002570       ?SetSelectedInputLine@CMixerDevice@CAudioInput@@QAE_NI@Z 00403570 f   AudioInput.obj
 0001:000025f0       ?SetSpeakers@CMixerDevice@CAudioInput@@QAEH_N0@Z 004035f0 f   AudioInput.obj
 0001:00002690       ??0CInputLine@CMixerDevice@CAudioInput@@QAE@XZ 00403690 f   AudioInput.obj
 0001:000026d0       ??1CInputLine@CMixerDevice@CAudioInput@@UAE@XZ 004036d0 f   AudioInput.obj
 0001:00002720       ??0CInputLine@CMixerDevice@CAudioInput@@QAE@PAUHMIXER__@@KPBDKJ@Z 00403720 f   AudioInput.obj
 0001:000028a0       ?GetVolumeValue@CInputLine@CMixerDevice@CAudioInput@@QAEHXZ 004038a0 f   AudioInput.obj
 0001:00002990       ?CreateArrayMuteCtrl@CInputLine@CMixerDevice@CAudioInput@@IAEPAV?$CArray@UsMuteLine@CInputLine@CMixerDevice@CAudioInput@@U1234@@@KPBD@Z 00403990 f   AudioInput.obj
 0001:00002dc0       ?GetName@CInputLine@CMixerDevice@CAudioInput@@QAEPBDXZ 00403dc0 f   AudioInput.obj
 0001:00002de0       ?GetSrcID@CInputLine@CMixerDevice@CAudioInput@@QAEKXZ 00403de0 f   AudioInput.obj
 0001:00002e00       ?isInitSelected@CInputLine@CMixerDevice@CAudioInput@@QAE_NXZ 00403e00 f   AudioInput.obj
 0001:00002e20       ?RestoreMute@CInputLine@CMixerDevice@CAudioInput@@QAEXXZ 00403e20 f   AudioInput.obj
 0001:00002e90       ?RestoreVolume@CInputLine@CMixerDevice@CAudioInput@@QAEHXZ 00403e90 f   AudioInput.obj
 0001:00002f70       ?SetDefaultVolume@CInputLine@CMixerDevice@CAudioInput@@QAEXXZ 00403f70 f   AudioInput.obj
 0001:00003070       ?SetMute@CInputLine@CMixerDevice@CAudioInput@@QAE_N_N0@Z 00404070 f   AudioInput.obj
 0001:00003140       ?SetName@CInputLine@CMixerDevice@CAudioInput@@QAEXPBD@Z 00404140 f   AudioInput.obj
 0001:00003160       ?SetSrcType@CInputLine@CMixerDevice@CAudioInput@@QAEXK@Z 00404160 f   AudioInput.obj
 0001:00003180       ?StoreDefaultVolume@CInputLine@CMixerDevice@CAudioInput@@QAEHXZ 00404180 f   AudioInput.obj
 0001:00003280       ??0CPhysicalDevice@CMixerDevice@CAudioInput@@QAE@XZ 00404280 f   AudioInput.obj
 0001:000032c0       ??0CPhysicalDevice@CMixerDevice@CAudioInput@@QAE@PAUHMIXER__@@KK_NKH@Z 004042c0 f   AudioInput.obj
 0001:00003310       ??1CPhysicalDevice@CMixerDevice@CAudioInput@@UAE@XZ 00404310 f   AudioInput.obj
 0001:00003330       ?restore@CPhysicalDevice@CMixerDevice@CAudioInput@@QAEXXZ 00404330 f   AudioInput.obj
 0001:00003390       ?SetMute@CPhysicalDevice@CMixerDevice@CAudioInput@@QAEX_N@Z 00404390 f   AudioInput.obj
 0001:000033c0       ?SetVolume@CPhysicalDevice@CMixerDevice@CAudioInput@@QAEXH@Z 004043c0 f   AudioInput.obj
 0001:000033f0       ?isValid@CMixerDevice@CAudioInput@@QAE_NXZ 004043f0 f   AudioInput.obj
 0001:00003410       ?GetID@CMixerDevice@CAudioInput@@QAEHXZ 00404410 f   AudioInput.obj
 0001:00003430       ??_ECAudioInput@@UAEPAXI@Z 00404430 f i AudioInput.obj
 0001:00003430       ??_GCAudioInput@@UAEPAXI@Z 00404430 f i AudioInput.obj
 0001:00003460       ??_GCMixerDevice@CAudioInput@@UAEPAXI@Z 00404460 f i AudioInput.obj
 0001:00003460       ??_ECMixerDevice@CAudioInput@@UAEPAXI@Z 00404460 f i AudioInput.obj
 0001:00003490       ??_ECInputLine@CMixerDevice@CAudioInput@@UAEPAXI@Z 00404490 f i AudioInput.obj
 0001:00003490       ??_GCInputLine@CMixerDevice@CAudioInput@@UAEPAXI@Z 00404490 f i AudioInput.obj
 0001:000034c0       ??_ECPhysicalDevice@CMixerDevice@CAudioInput@@UAEPAXI@Z 004044c0 f i AudioInput.obj
 0001:000034c0       ??_GCPhysicalDevice@CMixerDevice@CAudioInput@@UAEPAXI@Z 004044c0 f i AudioInput.obj
 0001:000034f0       ??0?$CArray@PAVCInputLine@CMixerDevice@CAudioInput@@PAV123@@@QAE@XZ 004044f0 f i AudioInput.obj
 0001:00003540       ?GetSize@?$CArray@PAVCInputLine@CMixerDevice@CAudioInput@@PAV123@@@QBEHXZ 00404540 f i AudioInput.obj
 0001:00003560       ?RemoveAll@?$CArray@PAVCInputLine@CMixerDevice@CAudioInput@@PAV123@@@QAEXXZ 00404560 f i AudioInput.obj
 0001:00003580       ?GetAt@?$CArray@PAVCInputLine@CMixerDevice@CAudioInput@@PAV123@@@QAEAAPAVCInputLine@CMixerDevice@CAudioInput@@H@Z 00404580 f i AudioInput.obj
 0001:000035e0       ?Add@?$CArray@PAVCInputLine@CMixerDevice@CAudioInput@@PAV123@@@QAEHPAVCInputLine@CMixerDevice@CAudioInput@@@Z 004045e0 f i AudioInput.obj
 0001:00003610       ?RemoveAt@?$CArray@PAVCInputLine@CMixerDevice@CAudioInput@@PAV123@@@QAEXHH@Z 00404610 f i AudioInput.obj
 0001:00003720       ??1?$CArray@PAVCInputLine@CMixerDevice@CAudioInput@@PAV123@@@UAE@XZ 00404720 f i AudioInput.obj
 0001:000037c0       ?Serialize@?$CArray@PAVCInputLine@CMixerDevice@CAudioInput@@PAV123@@@UAEXAAVCArchive@@@Z 004047c0 f i AudioInput.obj
 0001:00003840       ?Dump@?$CArray@PAVCInputLine@CMixerDevice@CAudioInput@@PAV123@@@UBEXAAVCDumpContext@@@Z 00404840 f i AudioInput.obj
 0001:000038c0       ?AssertValid@?$CArray@PAVCInputLine@CMixerDevice@CAudioInput@@PAV123@@@UBEXXZ 004048c0 f i AudioInput.obj
 0001:000039b0       ??0?$CArray@PAVCPhysicalDevice@CMixerDevice@CAudioInput@@PAV123@@@QAE@XZ 004049b0 f i AudioInput.obj
 0001:00003a00       ?GetSize@?$CArray@PAVCPhysicalDevice@CMixerDevice@CAudioInput@@PAV123@@@QBEHXZ 00404a00 f i AudioInput.obj
 0001:00003a20       ?RemoveAll@?$CArray@PAVCPhysicalDevice@CMixerDevice@CAudioInput@@PAV123@@@QAEXXZ 00404a20 f i AudioInput.obj
 0001:00003a40       ?GetAt@?$CArray@PAVCPhysicalDevice@CMixerDevice@CAudioInput@@PAV123@@@QAEAAPAVCPhysicalDevice@CMixerDevice@CAudioInput@@H@Z 00404a40 f i AudioInput.obj
 0001:00003aa0       ?Add@?$CArray@PAVCPhysicalDevice@CMixerDevice@CAudioInput@@PAV123@@@QAEHPAVCPhysicalDevice@CMixerDevice@CAudioInput@@@Z 00404aa0 f i AudioInput.obj
 0001:00003ad0       ?RemoveAt@?$CArray@PAVCPhysicalDevice@CMixerDevice@CAudioInput@@PAV123@@@QAEXHH@Z 00404ad0 f i AudioInput.obj
 0001:00003be0       ??1?$CArray@PAVCPhysicalDevice@CMixerDevice@CAudioInput@@PAV123@@@UAE@XZ 00404be0 f i AudioInput.obj
 0001:00003c80       ?Serialize@?$CArray@PAVCPhysicalDevice@CMixerDevice@CAudioInput@@PAV123@@@UAEXAAVCArchive@@@Z 00404c80 f i AudioInput.obj
 0001:00003d00       ?Dump@?$CArray@PAVCPhysicalDevice@CMixerDevice@CAudioInput@@PAV123@@@UBEXAAVCDumpContext@@@Z 00404d00 f i AudioInput.obj
 0001:00003d80       ?AssertValid@?$CArray@PAVCPhysicalDevice@CMixerDevice@CAudioInput@@PAV123@@@UBEXXZ 00404d80 f i AudioInput.obj
 0001:00003e70       ??0?$CArray@PAVCMixerDevice@CAudioInput@@PAV12@@@QAE@XZ 00404e70 f i AudioInput.obj
 0001:00003ec0       ?GetSize@?$CArray@PAVCMixerDevice@CAudioInput@@PAV12@@@QBEHXZ 00404ec0 f i AudioInput.obj
 0001:00003ee0       ?RemoveAll@?$CArray@PAVCMixerDevice@CAudioInput@@PAV12@@@QAEXXZ 00404ee0 f i AudioInput.obj
 0001:00003f00       ?GetAt@?$CArray@PAVCMixerDevice@CAudioInput@@PAV12@@@QAEAAPAVCMixerDevice@CAudioInput@@H@Z 00404f00 f i AudioInput.obj
 0001:00003f60       ?Add@?$CArray@PAVCMixerDevice@CAudioInput@@PAV12@@@QAEHPAVCMixerDevice@CAudioInput@@@Z 00404f60 f i AudioInput.obj
 0001:00003f90       ?RemoveAt@?$CArray@PAVCMixerDevice@CAudioInput@@PAV12@@@QAEXHH@Z 00404f90 f i AudioInput.obj
 0001:000040a0       ??1?$CArray@PAVCMixerDevice@CAudioInput@@PAV12@@@UAE@XZ 004050a0 f i AudioInput.obj
 0001:00004140       ?Serialize@?$CArray@PAVCMixerDevice@CAudioInput@@PAV12@@@UAEXAAVCArchive@@@Z 00405140 f i AudioInput.obj
 0001:000041c0       ?Dump@?$CArray@PAVCMixerDevice@CAudioInput@@PAV12@@@UBEXAAVCDumpContext@@@Z 004051c0 f i AudioInput.obj
 0001:00004240       ?AssertValid@?$CArray@PAVCMixerDevice@CAudioInput@@PAV12@@@UBEXXZ 00405240 f i AudioInput.obj
 0001:00004330       ??0?$CArray@UsMuteLine@CInputLine@CMixerDevice@CAudioInput@@U1234@@@QAE@XZ 00405330 f i AudioInput.obj
 0001:00004380       ?GetSize@?$CArray@UsMuteLine@CInputLine@CMixerDevice@CAudioInput@@U1234@@@QBEHXZ 00405380 f i AudioInput.obj
 0001:000043a0       ?RemoveAll@?$CArray@UsMuteLine@CInputLine@CMixerDevice@CAudioInput@@U1234@@@QAEXXZ 004053a0 f i AudioInput.obj
 0001:000043c0       ?GetAt@?$CArray@UsMuteLine@CInputLine@CMixerDevice@CAudioInput@@U1234@@@QAEAAUsMuteLine@CInputLine@CMixerDevice@CAudioInput@@H@Z 004053c0 f i AudioInput.obj
 0001:00004420       ?SetAt@?$CArray@UsMuteLine@CInputLine@CMixerDevice@CAudioInput@@U1234@@@QAEXHUsMuteLine@CInputLine@CMixerDevice@CAudioInput@@@Z 00405420 f i AudioInput.obj
 0001:00004490       ?Add@?$CArray@UsMuteLine@CInputLine@CMixerDevice@CAudioInput@@U1234@@@QAEHUsMuteLine@CInputLine@CMixerDevice@CAudioInput@@@Z 00405490 f i AudioInput.obj
 0001:000044d0       ?Serialize@?$CArray@UsMuteLine@CInputLine@CMixerDevice@CAudioInput@@U1234@@@UAEXAAVCArchive@@@Z 004054d0 f i AudioInput.obj
 0001:00004550       ?Dump@?$CArray@UsMuteLine@CInputLine@CMixerDevice@CAudioInput@@U1234@@@UBEXAAVCDumpContext@@@Z 00405550 f i AudioInput.obj
 0001:000045d0       ?AssertValid@?$CArray@UsMuteLine@CInputLine@CMixerDevice@CAudioInput@@U1234@@@UBEXXZ 004055d0 f i AudioInput.obj
 0001:000046c0       ??_G?$CArray@PAVCInputLine@CMixerDevice@CAudioInput@@PAV123@@@UAEPAXI@Z 004056c0 f i AudioInput.obj
 0001:000046c0       ??_E?$CArray@PAVCInputLine@CMixerDevice@CAudioInput@@PAV123@@@UAEPAXI@Z 004056c0 f i AudioInput.obj
 0001:000046f0       ??_E?$CArray@PAVCPhysicalDevice@CMixerDevice@CAudioInput@@PAV123@@@UAEPAXI@Z 004056f0 f i AudioInput.obj
 0001:000046f0       ??_G?$CArray@PAVCPhysicalDevice@CMixerDevice@CAudioInput@@PAV123@@@UAEPAXI@Z 004056f0 f i AudioInput.obj
 0001:00004720       ??_E?$CArray@PAVCMixerDevice@CAudioInput@@PAV12@@@UAEPAXI@Z 00405720 f i AudioInput.obj
 0001:00004720       ??_G?$CArray@PAVCMixerDevice@CAudioInput@@PAV12@@@UAEPAXI@Z 00405720 f i AudioInput.obj
 0001:00004750       ??_G?$CArray@UsMuteLine@CInputLine@CMixerDevice@CAudioInput@@U1234@@@UAEPAXI@Z 00405750 f i AudioInput.obj
 0001:00004750       ??_E?$CArray@UsMuteLine@CInputLine@CMixerDevice@CAudioInput@@U1234@@@UAEPAXI@Z 00405750 f i AudioInput.obj
 0001:00004780       ??1?$CArray@UsMuteLine@CInputLine@CMixerDevice@CAudioInput@@U1234@@@UAE@XZ 00405780 f i AudioInput.obj
 0001:00004820       ?SetSize@?$CArray@PAVCInputLine@CMixerDevice@CAudioInput@@PAV123@@@QAEXHH@Z 00405820 f i AudioInput.obj
 0001:00004c30       ??2@YAPAXIPAX@Z            00405c30 f i AudioInput.obj
 0001:00004c40       ?SetAtGrow@?$CArray@PAVCInputLine@CMixerDevice@CAudioInput@@PAV123@@@QAEXHPAVCInputLine@CMixerDevice@CAudioInput@@@Z 00405c40 f i AudioInput.obj
 0001:00004cb0       ??$SerializeElements@PAVCInputLine@CMixerDevice@CAudioInput@@@@YGXAAVCArchive@@PAPAVCInputLine@CMixerDevice@CAudioInput@@H@Z 00405cb0 f i AudioInput.obj
 0001:00004db0       ??$DumpElements@PAVCInputLine@CMixerDevice@CAudioInput@@@@YGXAAVCDumpContext@@PBQAVCInputLine@CMixerDevice@CAudioInput@@H@Z 00405db0 f i AudioInput.obj
 0001:00004df0       ?SetSize@?$CArray@PAVCPhysicalDevice@CMixerDevice@CAudioInput@@PAV123@@@QAEXHH@Z 00405df0 f i AudioInput.obj
 0001:00005200       ?SetAtGrow@?$CArray@PAVCPhysicalDevice@CMixerDevice@CAudioInput@@PAV123@@@QAEXHPAVCPhysicalDevice@CMixerDevice@CAudioInput@@@Z 00406200 f i AudioInput.obj
 0001:00005270       ??$SerializeElements@PAVCPhysicalDevice@CMixerDevice@CAudioInput@@@@YGXAAVCArchive@@PAPAVCPhysicalDevice@CMixerDevice@CAudioInput@@H@Z 00406270 f i AudioInput.obj
 0001:00005370       ??$DumpElements@PAVCPhysicalDevice@CMixerDevice@CAudioInput@@@@YGXAAVCDumpContext@@PBQAVCPhysicalDevice@CMixerDevice@CAudioInput@@H@Z 00406370 f i AudioInput.obj
 0001:000053b0       ?SetSize@?$CArray@PAVCMixerDevice@CAudioInput@@PAV12@@@QAEXHH@Z 004063b0 f i AudioInput.obj
 0001:000057c0       ?SetAtGrow@?$CArray@PAVCMixerDevice@CAudioInput@@PAV12@@@QAEXHPAVCMixerDevice@CAudioInput@@@Z 004067c0 f i AudioInput.obj
 0001:00005830       ??$SerializeElements@PAVCMixerDevice@CAudioInput@@@@YGXAAVCArchive@@PAPAVCMixerDevice@CAudioInput@@H@Z 00406830 f i AudioInput.obj
 0001:00005930       ??$DumpElements@PAVCMixerDevice@CAudioInput@@@@YGXAAVCDumpContext@@PBQAVCMixerDevice@CAudioInput@@H@Z 00406930 f i AudioInput.obj
 0001:00005970       ?SetSize@?$CArray@UsMuteLine@CInputLine@CMixerDevice@CAudioInput@@U1234@@@QAEXHH@Z 00406970 f i AudioInput.obj
 0001:00005d80       ?SetAtGrow@?$CArray@UsMuteLine@CInputLine@CMixerDevice@CAudioInput@@U1234@@@QAEXHUsMuteLine@CInputLine@CMixerDevice@CAudioInput@@@Z 00406d80 f i AudioInput.obj
 0001:00005e00       ??$SerializeElements@UsMuteLine@CInputLine@CMixerDevice@CAudioInput@@@@YGXAAVCArchive@@PAUsMuteLine@CInputLine@CMixerDevice@CAudioInput@@H@Z 00406e00 f i AudioInput.obj
 0001:00005f00       ??$DumpElements@UsMuteLine@CInputLine@CMixerDevice@CAudioInput@@@@YGXAAVCDumpContext@@PBUsMuteLine@CInputLine@CMixerDevice@CAudioInput@@H@Z 00406f00 f i AudioInput.obj
 0001:00005f40       ??0CDefVolumeDlg@@QAE@PAVCWnd@@@Z 00406f40 f   DefVolumeDlg.obj
 0001:00006060       ?DoDataExchange@CDefVolumeDlg@@MAEXPAVCDataExchange@@@Z 00407060 f   DefVolumeDlg.obj
 0001:00006140       ?GetThisMessageMap@CDefVolumeDlg@@KGPBUAFX_MSGMAP@@XZ 00407140 f   DefVolumeDlg.obj
 0001:00006150       ?GetMessageMap@CDefVolumeDlg@@MBEPBUAFX_MSGMAP@@XZ 00407150 f   DefVolumeDlg.obj
 0001:00006160       ?OnHScroll@CDefVolumeDlg@@IAEXIIPAVCScrollBar@@@Z 00407160 f   DefVolumeDlg.obj
 0001:000062b0       ?OnInitDialog@CDefVolumeDlg@@MAEHXZ 004072b0 f   DefVolumeDlg.obj
 0001:00006460       ?ChangeEdt@CDefVolumeDlg@@IAEHHPAVCEdit@@PAVCSliderCtrl@@@Z 00407460 f   DefVolumeDlg.obj
 0001:000065c0       ?OnChangeEdtMic@CDefVolumeDlg@@IAEXXZ 004075c0 f   DefVolumeDlg.obj
 0001:00006600       ?OnChangeEdtLin@CDefVolumeDlg@@IAEXXZ 00407600 f   DefVolumeDlg.obj
 0001:00006640       ?OnChangeEdtAux@CDefVolumeDlg@@IAEXXZ 00407640 f   DefVolumeDlg.obj
 0001:00006680       ?OnChangeEdtAnl@CDefVolumeDlg@@IAEXXZ 00407680 f   DefVolumeDlg.obj
 0001:000066c0       ?GetDefaultVolumeValues@CDefVolumeDlg@@IAEXXZ 004076c0 f   DefVolumeDlg.obj
 0001:00006730       ?OnOK@CDefVolumeDlg@@MAEXXZ 00407730 f   DefVolumeDlg.obj
 0001:000067a0       ??_GCDefVolumeDlg@@UAEPAXI@Z 004077a0 f i DefVolumeDlg.obj
 0001:000067a0       ??_ECDefVolumeDlg@@UAEPAXI@Z 004077a0 f i DefVolumeDlg.obj
 0001:000067d0       ??1CDefVolumeDlg@@UAE@XZ   004077d0 f i DefVolumeDlg.obj
 0001:000068a0       ??0CDynamicLED@@QAE@XZ     004078a0 f   DynamicLED.obj
 0001:00006980       ??1CDynamicLED@@UAE@XZ     00407980 f   DynamicLED.obj
 0001:00006a50       ?GetThisMessageMap@CDynamicLED@@KGPBUAFX_MSGMAP@@XZ 00407a50 f   DynamicLED.obj
 0001:00006a60       ?GetMessageMap@CDynamicLED@@MBEPBUAFX_MSGMAP@@XZ 00407a60 f   DynamicLED.obj
 0001:00006a70       ?InitLed@CDynamicLED@@QAEXPAVCWnd@@II@Z 00407a70 f   DynamicLED.obj
 0001:00006b30       ?OnPaint@CDynamicLED@@IAEXXZ 00407b30 f   DynamicLED.obj
 0001:00006bb0       ?OnTimer@CDynamicLED@@IAEXI@Z 00407bb0 f   DynamicLED.obj
 0001:00006c60       ?Switch@CDynamicLED@@AAEXH@Z 00407c60 f   DynamicLED.obj
 0001:00006d30       ?SwitchOn@CDynamicLED@@QAEXXZ 00407d30 f   DynamicLED.obj
 0001:00006d50       ?SwitchOff@CDynamicLED@@QAEXXZ 00407d50 f   DynamicLED.obj
 0001:00006d70       ?Blink@CDynamicLED@@QAEXH@Z 00407d70 f   DynamicLED.obj
 0001:00006df0       ?SetLedBright@CDynamicLED@@AAEHHH@Z 00407df0 f   DynamicLED.obj
 0001:00006ef0       ?SetPenBrush@CDynamicLED@@AAEXXZ 00407ef0 f   DynamicLED.obj
 0001:000070c0       ?DrawRoundLed@CDynamicLED@@AAEXVCRect@@@Z 004080c0 f   DynamicLED.obj
 0001:000072c0       ?DrawSquareLed@CDynamicLED@@AAEXVCRect@@@Z 004082c0 f   DynamicLED.obj
 0001:00007400       ??_ECDynamicLED@@UAEPAXI@Z 00408400 f i DynamicLED.obj
 0001:00007400       ??_GCDynamicLED@@UAEPAXI@Z 00408400 f i DynamicLED.obj
 0001:00007430       ??0CLogAudioHdrs@@QAE@XZ   00408430 f   LogAudioHdrs.obj
 0001:00007480       ??1CLogAudioHdrs@@UAE@XZ   00408480 f   LogAudioHdrs.obj
 0001:000074a0       ?UpdateControls@CLogAudioHdrs@@MAEXXZ 004084a0 f   LogAudioHdrs.obj
 0001:00007580       ?PostMessageStop@CLogAudioHdrs@@MAEXXZ 00408580 f   LogAudioHdrs.obj
 0001:000075b0       ?PostMessageStart@CLogAudioHdrs@@MAEXXZ 004085b0 f   LogAudioHdrs.obj
 0001:000075e0       ?PostMessageCancel@CLogAudioHdrs@@MAEXXZ 004085e0 f   LogAudioHdrs.obj
 0001:00007610       ?SppLoggerStop@CLogAudioHdrs@@MAEHXZ 00408610 f   LogAudioHdrs.obj
 0001:00007620       ?SppLoggerStart@CLogAudioHdrs@@MAEHPAD@Z 00408620 f   LogAudioHdrs.obj
 0001:00007640       ?SppLoggerStat@CLogAudioHdrs@@MAEHPAH@Z 00408640 f   LogAudioHdrs.obj
 0001:00007660       ??_GCLogAudioHdrs@@UAEPAXI@Z 00408660 f i LogAudioHdrs.obj
 0001:00007660       ??_ECLogAudioHdrs@@UAEPAXI@Z 00408660 f i LogAudioHdrs.obj
 0001:00007690       ??0CLogFmsConn@@QAE@XZ     00408690 f   LogFmsConn.obj
 0001:000076f0       ??1CLogFmsConn@@UAE@XZ     004086f0 f   LogFmsConn.obj
 0001:00007710       ?UpdateControls@CLogFmsConn@@MAEXXZ 00408710 f   LogFmsConn.obj
 0001:000077f0       ?PostMessageStop@CLogFmsConn@@MAEXXZ 004087f0 f   LogFmsConn.obj
 0001:00007820       ?PostMessageStart@CLogFmsConn@@MAEXXZ 00408820 f   LogFmsConn.obj
 0001:00007850       ?PostMessageCancel@CLogFmsConn@@MAEXXZ 00408850 f   LogFmsConn.obj
 0001:00007880       ?SppLoggerStop@CLogFmsConn@@MAEHXZ 00408880 f   LogFmsConn.obj
 0001:000078a0       ?SppLoggerStart@CLogFmsConn@@MAEHPAD@Z 004088a0 f   LogFmsConn.obj
 0001:000078c0       ??_ECLogFmsConn@@UAEPAXI@Z 004088c0 f i LogFmsConn.obj
 0001:000078c0       ??_GCLogFmsConn@@UAEPAXI@Z 004088c0 f i LogFmsConn.obj
 0001:000078f0       ??0CLogPulse@@QAE@XZ       004088f0 f   LogPulses.obj
 0001:00007940       ??1CLogPulse@@UAE@XZ       00408940 f   LogPulses.obj
 0001:00007960       ?UpdateControls@CLogPulse@@MAEXXZ 00408960 f   LogPulses.obj
 0001:00007a40       ?PostMessageStop@CLogPulse@@MAEXXZ 00408a40 f   LogPulses.obj
 0001:00007a70       ?PostMessageStart@CLogPulse@@MAEXXZ 00408a70 f   LogPulses.obj
 0001:00007aa0       ?PostMessageCancel@CLogPulse@@MAEXXZ 00408aa0 f   LogPulses.obj
 0001:00007ad0       ?SppLoggerStop@CLogPulse@@MAEHXZ 00408ad0 f   LogPulses.obj
 0001:00007ae0       ?SppLoggerStart@CLogPulse@@MAEHPAD@Z 00408ae0 f   LogPulses.obj
 0001:00007b00       ?SppLoggerStat@CLogPulse@@MAEHPAH@Z 00408b00 f   LogPulses.obj
 0001:00007b20       ??_ECLogPulse@@UAEPAXI@Z   00408b20 f i LogPulses.obj
 0001:00007b20       ??_GCLogPulse@@UAEPAXI@Z   00408b20 f i LogPulses.obj
 0001:00007b50       ??0CLogRawPulse@@QAE@XZ    00408b50 f   LogRawPulse.obj
 0001:00007bb0       ??1CLogRawPulse@@UAE@XZ    00408bb0 f   LogRawPulse.obj
 0001:00007bd0       ?UpdateControls@CLogRawPulse@@MAEXXZ 00408bd0 f   LogRawPulse.obj
 0001:00007cb0       ?PostMessageStop@CLogRawPulse@@MAEXXZ 00408cb0 f   LogRawPulse.obj
 0001:00007ce0       ?PostMessageStart@CLogRawPulse@@MAEXXZ 00408ce0 f   LogRawPulse.obj
 0001:00007d10       ?PostMessageCancel@CLogRawPulse@@MAEXXZ 00408d10 f   LogRawPulse.obj
 0001:00007d40       ?SppLoggerStop@CLogRawPulse@@MAEHXZ 00408d40 f   LogRawPulse.obj
 0001:00007d50       ?SppLoggerStart@CLogRawPulse@@MAEHPAD@Z 00408d50 f   LogRawPulse.obj
 0001:00007d70       ?SppLoggerStat@CLogRawPulse@@MAEHPAH@Z 00408d70 f   LogRawPulse.obj
 0001:00007d90       ??_ECLogRawPulse@@UAEPAXI@Z 00408d90 f i LogRawPulse.obj
 0001:00007d90       ??_GCLogRawPulse@@UAEPAXI@Z 00408d90 f i LogRawPulse.obj
 0001:00007dc0       ?_GetBaseClass@CScanInputs@@KGPAUCRuntimeClass@@XZ 00408dc0 f   ScanInputs.obj
 0001:00007dd0       ?GetThisClass@CScanInputs@@SGPAUCRuntimeClass@@XZ 00408dd0 f   ScanInputs.obj
 0001:00007de0       ?GetRuntimeClass@CScanInputs@@UBEPAUCRuntimeClass@@XZ 00408de0 f   ScanInputs.obj
 0001:00007df0       ??0CScanInputs@@QAE@PAVCWnd@@@Z 00408df0 f   ScanInputs.obj
 0001:00007f50       ??1CScanInputs@@UAE@XZ     00408f50 f   ScanInputs.obj
 0001:00007fb0       ?DoDataExchange@CScanInputs@@MAEXPAVCDataExchange@@@Z 00408fb0 f   ScanInputs.obj
 0001:00007fe0       ?GetThisMessageMap@CScanInputs@@KGPBUAFX_MSGMAP@@XZ 00408fe0 f   ScanInputs.obj
 0001:00007ff0       ?GetMessageMap@CScanInputs@@MBEPBUAFX_MSGMAP@@XZ 00408ff0 f   ScanInputs.obj
 0001:00008000       ?OnBnClickedCancel@CScanInputs@@QAEXXZ 00409000 f   ScanInputs.obj
 0001:000080a0       ?OnBnClickedScan@CScanInputs@@QAEXXZ 004090a0 f   ScanInputs.obj
 0001:00008200       ?OnBnClickedSaveLog@CScanInputs@@QAEXXZ 00409200 f   ScanInputs.obj
 0001:00008210       ?LogAudioLevel@CScanInputs@@IAEXHHH@Z 00409210 f   ScanInputs.obj
 0001:000083b0       ?ScanModulationTypes@CScanInputs@@IAEHXZ 004093b0 f   ScanInputs.obj
 0001:000084c0       ?LogModulation@CScanInputs@@IAEXHH@Z 004094c0 f   ScanInputs.obj
 0001:00008600       ?OnShowWindow@CScanInputs@@QAEXHI@Z 00409600 f   ScanInputs.obj
 0001:00008690       ??_GCScanInputs@@UAEPAXI@Z 00409690 f i ScanInputs.obj
 0001:00008690       ??_ECScanInputs@@UAEPAXI@Z 00409690 f i ScanInputs.obj
 0001:000086c0       ??HATL@@YA?AV?$CStringT@DV?$StrTraitMFC_DLL@DV?$ChTraitsCRT@D@ATL@@@@@0@ABV10@0@Z 004096c0 f i ScanInputs.obj
 0001:00008770       ?GetThisMessageMap@CSppConsoleApp@@KGPBUAFX_MSGMAP@@XZ 00409770 f   SppConsole.obj
 0001:00008780       ?GetMessageMap@CSppConsoleApp@@MBEPBUAFX_MSGMAP@@XZ 00409780 f   SppConsole.obj
 0001:00008790       ??0CSppConsoleApp@@QAE@XZ  00409790 f   SppConsole.obj
 0001:000087c0       ?InitInstance@CSppConsoleApp@@UAEHXZ 004097c0 f   SppConsole.obj
 0001:00008870       ?doStartIconified@CSppConsoleApp@@IAE_NXZ 00409870 f   SppConsole.obj
 0001:000088d0       ?OnAbout@CSppConsoleApp@@QAEXXZ 004098d0 f   SppConsole.obj
 0001:00008940       ??_ECSppConsoleApp@@UAEPAXI@Z 00409940 f i SppConsole.obj
 0001:00008940       ??_GCSppConsoleApp@@UAEPAXI@Z 00409940 f i SppConsole.obj
 0001:00008970       ??1CSppConsoleApp@@UAE@XZ  00409970 f i SppConsole.obj
 0001:00008990       ??1CSppConsoleDlg@@UAE@XZ  00409990 f i SppConsole.obj
 0001:00008a20       ??0CSppConsoleDlg@@QAE@PAVCWnd@@@Z 00409a20 f   SppConsoleDlg.obj
 0001:00008bc0       ?DoDataExchange@CSppConsoleDlg@@MAEXPAVCDataExchange@@@Z 00409bc0 f   SppConsoleDlg.obj
 0001:00008d30       ?GetThisMessageMap@CSppConsoleDlg@@KGPBUAFX_MSGMAP@@XZ 00409d30 f   SppConsoleDlg.obj
 0001:00008d40       ?GetMessageMap@CSppConsoleDlg@@MBEPBUAFX_MSGMAP@@XZ 00409d40 f   SppConsoleDlg.obj
 0001:00008d50       ?GetDllVersion@@YAKPBD@Z   00409d50 f   SppConsoleDlg.obj
 0001:00008de0       ?ThreeBeeps@@YAXXZ         00409de0 f   SppConsoleDlg.obj
 0001:00008e40       ?OneBeep@@YAXXZ            00409e40 f   SppConsoleDlg.obj
 0001:00008e70       ?OnInitDialog@CSppConsoleDlg@@MAEHXZ 00409e70 f   SppConsoleDlg.obj
 0001:00009310       ?OnDestroy@CSppConsoleDlg@@IAEXXZ 0040a310 f   SppConsoleDlg.obj
 0001:000093c0       ?OnPaint@CSppConsoleDlg@@IAEXXZ 0040a3c0 f   SppConsoleDlg.obj
 0001:00009500       ?OnQueryDragIcon@CSppConsoleDlg@@IAEPAUHICON__@@XZ 0040a500 f   SppConsoleDlg.obj
 0001:00009520       ?SomethingChanged@CSppConsoleDlg@@QAEXXZ 0040a520 f   SppConsoleDlg.obj
 0001:00009560       ?OnSelchangeModType@CSppConsoleDlg@@IAEXXZ 0040a560 f   SppConsoleDlg.obj
 0001:000096b0       ?GetModeTypeCtrl@CSppConsoleDlg@@QAEPAVCWnd@@XZ 0040a6b0 f   SppConsoleDlg.obj
 0001:000096d0       ?OnShiftAuto@CSppConsoleDlg@@IAEXXZ 0040a6d0 f   SppConsoleDlg.obj
 0001:00009770       ?GetShiftAutoCtrl@CSppConsoleDlg@@QAEPAVCWnd@@XZ 0040a770 f   SppConsoleDlg.obj
 0001:00009790       ?OnShiftPos@CSppConsoleDlg@@IAEXXZ 0040a790 f   SppConsoleDlg.obj
 0001:000097b0       ?GetShiftPosCtrl@CSppConsoleDlg@@QAEPAVCWnd@@XZ 0040a7b0 f   SppConsoleDlg.obj
 0001:000097d0       ?OnShiftNeg@CSppConsoleDlg@@IAEXXZ 0040a7d0 f   SppConsoleDlg.obj
 0001:000097f0       ?OnHide@CSppConsoleDlg@@IAEXXZ 0040a7f0 f   SppConsoleDlg.obj
 0001:00009820       ?OnShow@CSppConsoleDlg@@IAEXXZ 0040a820 f   SppConsoleDlg.obj
 0001:00009850       ?PopulateModulation@CSppConsoleDlg@@IAEHXZ 0040a850 f   SppConsoleDlg.obj
 0001:000099a0       ?ShowShiftRB@CSppConsoleDlg@@IAEX_N@Z 0040a9a0 f   SppConsoleDlg.obj
 0001:00009a50       ?TaskBarAddIcon@CSppConsoleDlg@@IAEHIPAUHICON__@@PAD@Z 0040aa50 f   SppConsoleDlg.obj
 0001:00009c30       ?TaskBarDelIcon@CSppConsoleDlg@@IAEHI@Z 0040ac30 f   SppConsoleDlg.obj
 0001:00009c90       ?TaskBarIconBaloon@CSppConsoleDlg@@IAEHIPBD0@Z 0040ac90 f   SppConsoleDlg.obj
 0001:00009db0       ?TaskBarIconToolTip@CSppConsoleDlg@@IAEHIPBD@Z 0040adb0 f   SppConsoleDlg.obj
 0001:00009e40       ?StartIconified@CSppConsoleDlg@@QAEX_N@Z 0040ae40 f   SppConsoleDlg.obj
 0001:00009e60       ?OnStatusAreaMessage@CSppConsoleDlg@@IAEJIJ@Z 0040ae60 f   SppConsoleDlg.obj
 0001:00009ec0       ?OnMixerLineChange@CSppConsoleDlg@@AAEJIJ@Z 0040aec0 f   SppConsoleDlg.obj
 0001:00009ed0       ?OnMixerControlChange@CSppConsoleDlg@@AAEJIJ@Z 0040aed0 f   SppConsoleDlg.obj
 0001:00009f50       ?ShowTrayIconMenu@CSppConsoleDlg@@IAEXI@Z 0040af50 f   SppConsoleDlg.obj
 0001:0000a0b0       ?OnWindowPosChanging@CSppConsoleDlg@@IAEXPAUtagWINDOWPOS@@@Z 0040b0b0 f   SppConsoleDlg.obj
 0001:0000a0f0       ?OnInterSppConsole@CSppConsoleDlg@@IAEJIJ@Z 0040b0f0 f   SppConsoleDlg.obj
 0001:0000a120       ?OnInterSppApps@CSppConsoleDlg@@IAEJIJ@Z 0040b120 f   SppConsoleDlg.obj
 0001:0000a580       ?OnOK@CSppConsoleDlg@@MAEXXZ 0040b580 f   SppConsoleDlg.obj
 0001:0000a5d0       ?OnCancel@CSppConsoleDlg@@MAEXXZ 0040b5d0 f   SppConsoleDlg.obj
 0001:0000a5f0       ?isDllActive@CSppConsoleDlg@@IAE_NXZ 0040b5f0 f   SppConsoleDlg.obj
 0001:0000a640       ?GetStatusString@CSppConsoleDlg@@QAE?AV?$CStringT@DV?$StrTraitMFC_DLL@DV?$ChTraitsCRT@D@ATL@@@@@ATL@@XZ 0040b640 f   SppConsoleDlg.obj
 0001:0000a940       ?OnToolTipNotify@CSppConsoleDlg@@IAEHIPAUtagNMHDR@@PAJ@Z 0040b940 f   SppConsoleDlg.obj
 0001:0000a9b0       ?GetFmsStatusString@CSppConsoleDlg@@IAEHAAV?$CStringT@DV?$StrTraitMFC_DLL@DV?$ChTraitsCRT@D@ATL@@@@@ATL@@@Z 0040b9b0 f   SppConsoleDlg.obj
 0001:0000ac20       ?PopulateAudioSource@CSppConsoleDlg@@IAEXXZ 0040bc20 f   SppConsoleDlg.obj
 0001:0000ad10       ?GetMixerDeviceCtrl@CSppConsoleDlg@@QAEPAVCWnd@@XZ 0040bd10 f   SppConsoleDlg.obj
 0001:0000ad30       ?PopulateInputLines@CSppConsoleDlg@@IAEXXZ 0040bd30 f   SppConsoleDlg.obj
 0001:0000ae10       ?GetAudioLinesCtrl@CSppConsoleDlg@@QAEPAVCWnd@@XZ 0040be10 f   SppConsoleDlg.obj
 0001:0000ae30       ?OnSelchangeMixerdevice@CSppConsoleDlg@@IAEXXZ 0040be30 f   SppConsoleDlg.obj
 0001:0000af00       ?OnSelchangeAudioSrc@CSppConsoleDlg@@IAEXXZ 0040bf00 f   SppConsoleDlg.obj
 0001:0000afd0       ?OnEnableAudio@CSppConsoleDlg@@IAEXXZ 0040bfd0 f   SppConsoleDlg.obj
 0001:0000b040       ?EnableAudio@CSppConsoleDlg@@IAEXH@Z 0040c040 f   SppConsoleDlg.obj
 0001:0000b1a0       ?GetCurrentMixerDevice@CSppConsoleDlg@@IAEHXZ 0040c1a0 f   SppConsoleDlg.obj
 0001:0000b210       ?GetCurrentInputLine@CSppConsoleDlg@@IAEHXZ 0040c210 f   SppConsoleDlg.obj
 0001:0000b250       ?GetSavedCurrentInputLine@CSppConsoleDlg@@IAE_NPAI@Z 0040c250 f   SppConsoleDlg.obj
 0001:0000b2c0       ?GetCurrentInputLineFromSystem@CSppConsoleDlg@@IAE_NPAI@Z 0040c2c0 f   SppConsoleDlg.obj
 0001:0000b320       ?SetCurrentMixerDevice@CSppConsoleDlg@@IAEXI@Z 0040c320 f   SppConsoleDlg.obj
 0001:0000b370       ?SetCurrentInputLine@CSppConsoleDlg@@IAEXH@Z 0040c370 f   SppConsoleDlg.obj
 0001:0000b3f0       ?GetCheckAudioCtrl@CSppConsoleDlg@@QAEPAVCWnd@@XZ 0040c3f0 f   SppConsoleDlg.obj
 0001:0000b410       ?CheckAudioCB@CSppConsoleDlg@@IAEXXZ 0040c410 f   SppConsoleDlg.obj
 0001:0000b440       ?OnSetCursor@CSppConsoleDlg@@IAEHPAVCWnd@@II@Z 0040c440 f   SppConsoleDlg.obj
 0001:0000b4d0       ?HearTx@CSppConsoleDlg@@IAEX_N@Z 0040c4d0 f   SppConsoleDlg.obj
 0001:0000b5a0       ?OnSelSrc@CSppConsoleDlg@@IAEXXZ 0040c5a0 f   SppConsoleDlg.obj
 0001:0000b730       ?OnAudioDst@CSppConsoleDlg@@IAEXXZ 0040c730 f   SppConsoleDlg.obj
 0001:0000b8c0       ?OnAudioVol@CSppConsoleDlg@@IAEXXZ 0040c8c0 f   SppConsoleDlg.obj
 0001:0000b950       ?OnAudioPrint@CSppConsoleDlg@@IAEXXZ 0040c950 f   SppConsoleDlg.obj
 0001:0000ba70       ?PpJoyExShowCtrl@CSppConsoleDlg@@IAEXXZ 0040ca70 f   SppConsoleDlg.obj
 0001:0000bab0       ?OnPpjoyex@CSppConsoleDlg@@IAEXXZ 0040cab0 f   SppConsoleDlg.obj
 0001:0000bbb0       ?UpdateFilterMenu@CSppConsoleDlg@@IAEXXZ 0040cbb0 f   SppConsoleDlg.obj
 0001:0000be90       ?OnFilterSelect@CSppConsoleDlg@@IAEXI@Z 0040ce90 f   SppConsoleDlg.obj
 0001:0000c010       ?OnHideMsg@CSppConsoleDlg@@AAEJIJ@Z 0040d010 f   SppConsoleDlg.obj
 0001:0000c030       ?LocateDialogWindow@CSppConsoleDlg@@IAEHXZ 0040d030 f   SppConsoleDlg.obj
 0001:0000c0b0       ?StoreLocationDialogWindow@CSppConsoleDlg@@IAEHXZ 0040d0b0 f   SppConsoleDlg.obj
 0001:0000c0e0       ?OnTimer@CSppConsoleDlg@@QAEXI@Z 0040d0e0 f   SppConsoleDlg.obj
 0001:0000c1f0       ?InitJoyPosBars@CSppConsoleDlg@@IAEXXZ 0040d1f0 f   SppConsoleDlg.obj
 0001:0000c280       ?SetJoyPosBars@CSppConsoleDlg@@IAEXPAH@Z 0040d280 f   SppConsoleDlg.obj
 0001:0000c370       ?OnWaveRec@CSppConsoleDlg@@IAEXXZ 0040d370 f   SppConsoleDlg.obj
 0001:0000c450       ?OnWaveRecStart@CSppConsoleDlg@@AAEJIJ@Z 0040d450 f   SppConsoleDlg.obj
 0001:0000c4b0       ?OnWaveRecStop@CSppConsoleDlg@@AAEJIJ@Z 0040d4b0 f   SppConsoleDlg.obj
 0001:0000c510       ?OnWaveRecCancel@CSppConsoleDlg@@AAEJIJ@Z 0040d510 f   SppConsoleDlg.obj
 0001:0000c530       ?OnAdvancedJitter@CSppConsoleDlg@@QAEXXZ 0040d530 f   SppConsoleDlg.obj
 0001:0000c550       ?InitJitterStatus@CSppConsoleDlg@@IAEXXZ 0040d550 f   SppConsoleDlg.obj
 0001:0000c5b0       ?UpdateJitterStatus@CSppConsoleDlg@@IAEXHH@Z 0040d5b0 f   SppConsoleDlg.obj
 0001:0000c7c0       ?UpdateFmsMenuItem@CSppConsoleDlg@@IAEXH@Z 0040d7c0 f   SppConsoleDlg.obj
 0001:0000c8e0       ?OnRunFms@CSppConsoleDlg@@QAEXXZ 0040d8e0 f   SppConsoleDlg.obj
 0001:0000ca00       ?OnSysCommand@CSppConsoleDlg@@QAEXIJ@Z 0040da00 f   SppConsoleDlg.obj
 0001:0000ca30       ?OnLogAudioHdrs@CSppConsoleDlg@@QAEXXZ 0040da30 f   SppConsoleDlg.obj
 0001:0000cb10       ?OnLogAudioHdrsCancel@CSppConsoleDlg@@AAEJIJ@Z 0040db10 f   SppConsoleDlg.obj
 0001:0000cb30       ?OnLogPulse@CSppConsoleDlg@@QAEXXZ 0040db30 f   SppConsoleDlg.obj
 0001:0000cc70       ?OnLogPulseCancel@CSppConsoleDlg@@AAEJIJ@Z 0040dc70 f   SppConsoleDlg.obj
 0001:0000cc90       ?OnLogFmsConn@CSppConsoleDlg@@QAEXXZ 0040dc90 f   SppConsoleDlg.obj
 0001:0000cdb0       ?OnFmsConnStart@CSppConsoleDlg@@AAEJIJ@Z 0040ddb0 f   SppConsoleDlg.obj
 0001:0000d060       ?OnFmsConnStop@CSppConsoleDlg@@AAEJIJ@Z 0040e060 f   SppConsoleDlg.obj
 0001:0000d1b0       ?OnFmsConnCancel@CSppConsoleDlg@@AAEJIJ@Z 0040e1b0 f   SppConsoleDlg.obj
 0001:0000d1d0       ?OnLogRawPulse@CSppConsoleDlg@@QAEXXZ 0040e1d0 f   SppConsoleDlg.obj
 0001:0000d2f0       ?OnRawPulseCancel@CSppConsoleDlg@@AAEJIJ@Z 0040e2f0 f   SppConsoleDlg.obj
 0001:0000d310       ?OnBnClickedScandlg@CSppConsoleDlg@@QAEXXZ 0040e310 f   SppConsoleDlg.obj
 0001:0000d3e0       ?GetAudioLevel@CSppConsoleDlg@@QAEHXZ 0040e3e0 f   SppConsoleDlg.obj
 0001:0000d410       ?GetNumJoystickPos@CSppConsoleDlg@@QAEHXZ 0040e410 f   SppConsoleDlg.obj
 0001:0000d450       ??_GCSppConsoleDlg@@UAEPAXI@Z 0040e450 f i SppConsoleDlg.obj
 0001:0000d450       ??_ECSppConsoleDlg@@UAEPAXI@Z 0040e450 f i SppConsoleDlg.obj
 0001:0000d480       ?GetWindowInfo@CWnd@@QBEHPAUtagWINDOWINFO@@@Z 0040e480 f i SppConsoleDlg.obj
 0001:0000d4c0       ?_GetBaseClass@CStaticLink@@KGPAUCRuntimeClass@@XZ 0040e4c0 f   StatLink.obj
 0001:0000d4d0       ?GetThisClass@CStaticLink@@SGPAUCRuntimeClass@@XZ 0040e4d0 f   StatLink.obj
 0001:0000d4e0       ?GetRuntimeClass@CStaticLink@@UBEPAUCRuntimeClass@@XZ 0040e4e0 f   StatLink.obj
 0001:0000d4f0       ?GetThisMessageMap@CStaticLink@@KGPBUAFX_MSGMAP@@XZ 0040e4f0 f   StatLink.obj
 0001:0000d500       ?GetMessageMap@CStaticLink@@MBEPBUAFX_MSGMAP@@XZ 0040e500 f   StatLink.obj
 0001:0000d510       ??0CStaticLink@@QAE@XZ     0040e510 f   StatLink.obj
 0001:0000d5a0       ?CtlColor@CStaticLink@@QAEPAUHBRUSH__@@PAVCDC@@I@Z 0040e5a0 f   StatLink.obj
 0001:0000d6c0       ?OnClicked@CStaticLink@@QAEXXZ 0040e6c0 f   StatLink.obj
 0001:0000d770       ?SetDefaultCursor@CStaticLink@@QAEXXZ 0040e770 f   StatLink.obj
 0001:0000d850       ?OnSetCursor@CStaticLink@@QAEHPAVCWnd@@II@Z 0040e850 f   StatLink.obj
 0001:0000d880       ?SetLink@CStaticLink@@QAE?AV?$CStringT@DV?$StrTraitMFC_DLL@DV?$ChTraitsCRT@D@ATL@@@@@ATL@@V23@@Z 0040e880 f   StatLink.obj
 0001:0000d970       ??_ECStaticLink@@UAEPAXI@Z 0040e970 f i StatLink.obj
 0001:0000d970       ??_GCStaticLink@@UAEPAXI@Z 0040e970 f i StatLink.obj
 0001:0000d9a0       ??0CTraceFileAndLineInfo@ATL@@QAE@PBDH@Z 0040e9a0 f i StatLink.obj
 0001:0000d9d0       ??RCTraceFileAndLineInfo@ATL@@QBAXPBDZZ 0040e9d0 f i StatLink.obj
 0001:0000da20       ?TraceV@CTrace@ATL@@QBAXPBDHKI0PAD@Z 0040ea20 f i StatLink.obj
 0001:0000da50       ??BCTraceCategory@ATL@@QBEKXZ 0040ea50 f i StatLink.obj
 0001:0000da60       ?GetEnvironmentVariableWThunk@ATL@@YGKPBGPAGK@Z 0040ea60 f i StdAfx.obj
 0001:0000daa0       ?_AtlInstallStringThunk@ATL@@YAXPAPAXPAX1@Z 0040eaa0 f i StdAfx.obj
 0001:0000db00       ?GetEnvironmentVariableWFake@ATL@@YGKPBGPAGK@Z 0040eb00 f i StdAfx.obj
 0001:0000dce0       ?_AtlGetConversionACP@ATL@@YGIXZ 0040ece0 f i StdAfx.obj
 0001:0000dcf0       ?CompareStringWThunk@ATL@@YGHKKPBGH0H@Z 0040ecf0 f i StdAfx.obj
 0001:0000dd30       ?CompareStringWFake@ATL@@YGHKKPBGH0H@Z 0040ed30 f i StdAfx.obj
 0001:0000df10       ?_AtlVerifyStackAvailable@_ATL_SAFE_ALLOCA_IMPL@ATL@@YA_NK@Z 0040ef10 f i StdAfx.obj
 0001:0000dfb0       ?AtlW2AHelper@@YGPADPADPBGHI@Z 0040efb0 f i StdAfx.obj
 0001:0000e080       ?AtlThrow@ATL@@YGXJ@Z      0040f080 f i StdAfx.obj
 0001:0000e0e0       ??RCTraceFileAndLineInfo@ATL@@QBAXKIPBDZZ 0040f0e0 f i StdAfx.obj
 0001:0000e120       ?GetStringTypeExWThunk@ATL@@YGHKKPBGHPAG@Z 0040f120 f i StdAfx.obj
 0001:0000e160       ?GetStringTypeExWFake@ATL@@YGHKKPBGHPAG@Z 0040f160 f i StdAfx.obj
 0001:0000e270       ?lstrcmpiWThunk@ATL@@YGHPBG0@Z 0040f270 f i StdAfx.obj
 0001:0000e2a0       ?lstrcmpiWFake@ATL@@YGHPBG0@Z 0040f2a0 f i StdAfx.obj
 0001:0000e380       ?CharLowerWThunk@ATL@@YGPAGPAG@Z 0040f380 f i StdAfx.obj
 0001:0000e3b0       ?CharLowerWFake@ATL@@YGPAGPAG@Z 0040f3b0 f i StdAfx.obj
 0001:0000e4a0       ?AtlA2WHelper@@YGPAGPAGPBDHI@Z 0040f4a0 f i StdAfx.obj
 0001:0000e570       ?CharUpperWThunk@ATL@@YGPAGPAG@Z 0040f570 f i StdAfx.obj
 0001:0000e5a0       ?CharUpperWFake@ATL@@YGPAGPAG@Z 0040f5a0 f i StdAfx.obj
 0001:0000e690       ??_Estringdispid@CComTypeInfoHolder@ATL@@QAEPAXI@Z 0040f690 f i StdAfx.obj
 0001:0000e700       ??1stringdispid@CComTypeInfoHolder@ATL@@QAE@XZ 0040f700 f i StdAfx.obj
 0001:0000e720       ??1CComBSTR@ATL@@QAE@XZ    0040f720 f i StdAfx.obj
 0001:0000e740       ??0?$CAtlSafeAllocBufferManager@VCCRTAllocator@ATL@@@_ATL_SAFE_ALLOCA_IMPL@ATL@@QAE@XZ 0040f740 f i StdAfx.obj
 0001:0000e760       ?Allocate@?$CAtlSafeAllocBufferManager@VCCRTAllocator@ATL@@@_ATL_SAFE_ALLOCA_IMPL@ATL@@QAEPAXK@Z 0040f760 f i StdAfx.obj
 0001:0000e7b0       ?Allocate@CCRTAllocator@ATL@@SAPAXI@Z 0040f7b0 f i StdAfx.obj
 0001:0000e7d0       ??1?$CAtlSafeAllocBufferManager@VCCRTAllocator@ATL@@@_ATL_SAFE_ALLOCA_IMPL@ATL@@QAE@XZ 0040f7d0 f i StdAfx.obj
 0001:0000e810       ?Free@CCRTAllocator@ATL@@SAXPAX@Z 0040f810 f i StdAfx.obj
 0001:0000e830       ??0?$CTempBuffer@D$0IA@VCCRTAllocator@ATL@@@ATL@@QAE@XZ 0040f830 f i StdAfx.obj
 0001:0000e850       ??1?$CTempBuffer@D$0IA@VCCRTAllocator@ATL@@@ATL@@QAE@XZ 0040f850 f i StdAfx.obj
 0001:0000e870       ??B?$CTempBuffer@D$0IA@VCCRTAllocator@ATL@@@ATL@@QBEPADXZ 0040f870 f i StdAfx.obj
 0001:0000e880       ?Allocate@?$CTempBuffer@D$0IA@VCCRTAllocator@ATL@@@ATL@@QAEPADI@Z 0040f880 f i StdAfx.obj
 0001:0000e8a0       ??0?$CW2AEX@$0IA@@ATL@@QAE@PBG@Z 0040f8a0 f i StdAfx.obj
 0001:0000e8d0       ??1?$CW2AEX@$0IA@@ATL@@QAE@XZ 0040f8d0 f i StdAfx.obj
 0001:0000e900       ??B?$CW2AEX@$0IA@@ATL@@QBEPADXZ 0040f900 f i StdAfx.obj
 0001:0000e910       ?AllocateBytes@?$CTempBuffer@D$0IA@VCCRTAllocator@ATL@@@ATL@@QAEPADI@Z 0040f910 f i StdAfx.obj
 0001:0000e970       ?FreeHeap@?$CTempBuffer@D$0IA@VCCRTAllocator@ATL@@@ATL@@AAEXXZ 0040f970 f i StdAfx.obj
 0001:0000e990       ?Init@?$CW2AEX@$0IA@@ATL@@AAEXPBGI@Z 0040f990 f i StdAfx.obj
 0001:0000ea20       ?AtlThrowLastWin32@ATL@@YGXXZ 0040fa20 f i StdAfx.obj
 0001:0000ea70       ?GetData@CAtlSafeAllocBufferNode@?$CAtlSafeAllocBufferManager@VCCRTAllocator@ATL@@@_ATL_SAFE_ALLOCA_IMPL@ATL@@QAEPAXXZ 0040fa70 f i StdAfx.obj
 0001:0000ea90       ?AllocateHeap@?$CTempBuffer@D$0IA@VCCRTAllocator@ATL@@@ATL@@AAEXI@Z 0040fa90 f i StdAfx.obj
 0001:0000ead0       ??0CAtlWinModule@ATL@@QAE@XZ 0040fad0 f i StdAfx.obj
 0001:0000eb10       ??0_ATL_WIN_MODULE70@ATL@@QAE@XZ 0040fb10 f i StdAfx.obj
 0001:0000eb40       ??0CComCriticalSection@ATL@@QAE@XZ 0040fb40 f i StdAfx.obj
 0001:0000eb60       ??0?$CSimpleArray@GV?$CSimpleArrayEqualHelper@G@ATL@@@ATL@@QAE@XZ 0040fb60 f i StdAfx.obj
 0001:0000eb90       ??1CAtlWinModule@ATL@@QAE@XZ 0040fb90 f i StdAfx.obj
 0001:0000ebe0       ?Term@CAtlWinModule@ATL@@QAEXXZ 0040fbe0 f i StdAfx.obj
 0001:0000ec00       ?GetModuleInstance@CAtlBaseModule@ATL@@QAEPAUHINSTANCE__@@XZ 0040fc00 f i StdAfx.obj
 0001:0000ec20       ??1_ATL_WIN_MODULE70@ATL@@QAE@XZ 0040fc20 f i StdAfx.obj
 0001:0000ec40       ?AtlWinModuleTerm@ATL@@YGJPAU_ATL_WIN_MODULE70@1@PAUHINSTANCE__@@@Z 0040fc40 f i StdAfx.obj
 0001:0000ece0       ?Term@CComCriticalSection@ATL@@QAEJXZ 0040fce0 f i StdAfx.obj
 0001:0000ed00       ??1?$CSimpleArray@GV?$CSimpleArrayEqualHelper@G@ATL@@@ATL@@QAE@XZ 0040fd00 f i StdAfx.obj
 0001:0000ed20       ?GetSize@?$CSimpleArray@GV?$CSimpleArrayEqualHelper@G@ATL@@@ATL@@QBEHXZ 0040fd20 f i StdAfx.obj
 0001:0000ed40       ?RemoveAll@?$CSimpleArray@GV?$CSimpleArrayEqualHelper@G@ATL@@@ATL@@QAEXXZ 0040fd40 f i StdAfx.obj
 0001:0000eda0       ??A?$CSimpleArray@GV?$CSimpleArrayEqualHelper@G@ATL@@@ATL@@QAEAAGH@Z 0040fda0 f i StdAfx.obj
 0001:0000ee10       ?_AtlRaiseException@ATL@@YAXKK@Z 0040fe10 f i StdAfx.obj
 0001:0000ee30       ?_GetBaseClass@CWaveRec@@KGPAUCRuntimeClass@@XZ 0040fe30 f   WaveRec.obj
 0001:0000ee40       ?GetThisClass@CWaveRec@@SGPAUCRuntimeClass@@XZ 0040fe40 f   WaveRec.obj
 0001:0000ee50       ?GetRuntimeClass@CWaveRec@@UBEPAUCRuntimeClass@@XZ 0040fe50 f   WaveRec.obj
 0001:0000ee60       ??0CWaveRec@@QAE@PAVCWnd@@@Z 0040fe60 f   WaveRec.obj
 0001:0000ef30       ??1CWaveRec@@UAE@XZ        0040ff30 f   WaveRec.obj
 0001:0000ef90       ?DoDataExchange@CWaveRec@@MAEXPAVCDataExchange@@@Z 0040ff90 f   WaveRec.obj
 0001:0000efd0       ?GetThisMessageMap@CWaveRec@@KGPBUAFX_MSGMAP@@XZ 0040ffd0 f   WaveRec.obj
 0001:0000efe0       ?GetMessageMap@CWaveRec@@MBEPBUAFX_MSGMAP@@XZ 0040ffe0 f   WaveRec.obj
 0001:0000eff0       ?OnBnClickedRecStop@CWaveRec@@QAEXXZ 0040fff0 f   WaveRec.obj
 0001:0000f110       ?OnBnClickedRecStart@CWaveRec@@QAEXXZ 00410110 f   WaveRec.obj
 0001:0000f210       ?UpdateControls@CWaveRec@@MAEXXZ 00410210 f   WaveRec.obj
 0001:0000f360       ?OnInitDialog@CWaveRec@@UAEHXZ 00410360 f   WaveRec.obj
 0001:0000f410       ?PostMessageStop@CWaveRec@@MAEXXZ 00410410 f   WaveRec.obj
 0001:0000f440       ?PostMessageStart@CWaveRec@@MAEXXZ 00410440 f   WaveRec.obj
 0001:0000f470       ?PostMessageCancel@CWaveRec@@MAEXXZ 00410470 f   WaveRec.obj
 0001:0000f4a0       ?PostMessagePlay@CWaveRec@@MAEXXZ 004104a0 f   WaveRec.obj
 0001:0000f4d0       ?OnBnClickedCancel@CWaveRec@@QAEXXZ 004104d0 f   WaveRec.obj
 0001:0000f570       ?RenameWaveFile@CWaveRec@@IAEXXZ 00410570 f   WaveRec.obj
 0001:0000f6c0       ?GetWaveFileName@CWaveRec@@IAE_NXZ 004106c0 f   WaveRec.obj
 0001:0000f7d0       ?OnTimer@CWaveRec@@QAEXI@Z 004107d0 f   WaveRec.obj
 0001:0000f8a0       ?OnBnClickedRecPlay@CWaveRec@@QAEXXZ 004108a0 f   WaveRec.obj
 0001:0000fa20       ?SppLoggerStop@CWaveRec@@MAEHXZ 00410a20 f   WaveRec.obj
 0001:0000fa30       ?SppLoggerPlay@CWaveRec@@MAEHPAD@Z 00410a30 f   WaveRec.obj
 0001:0000fa50       ?SppLoggerStart@CWaveRec@@MAEHPAD@Z 00410a50 f   WaveRec.obj
 0001:0000fa70       ?SppLoggerStat@CWaveRec@@MAEHPAH@Z 00410a70 f   WaveRec.obj
 0001:0000fa90       ??_ECWaveRec@@UAEPAXI@Z    00410a90 f i WaveRec.obj
 0001:0000fa90       ??_GCWaveRec@@UAEPAXI@Z    00410a90 f i WaveRec.obj
 0001:0000fac0       __tcsncpy                  00410ac0 f i WaveRec.obj
 0001:0000fae0       _SppMessageBoxWithErrorCode 00410ae0 f   smartpropoplus:SmartPropoPlus.obj
 0001:0000fb70       _SetLocationDialogWindow   00410b70 f   smartpropoplus:SmartPropoPlus.obj
 0001:0000fb90       _GetLocationDialogWindow   00410b90 f   smartpropoplus:SmartPropoPlus.obj
 0001:0000fbb0       _SetSelectedFilter         00410bb0 f   smartpropoplus:SmartPropoPlus.obj
 0001:0000fbd0       _SetActiveMode             00410bd0 f   smartpropoplus:SmartPropoPlus.obj
 0001:0000fbf0       _SetShiftAutoDetect        00410bf0 f   smartpropoplus:SmartPropoPlus.obj
 0001:0000fc10       _SetPositiveShift          00410c10 f   smartpropoplus:SmartPropoPlus.obj
 0001:0000fc30       _GetModulation             00410c30 f   smartpropoplus:SmartPropoPlus.obj
 0001:0000fc50       _GetDebugLevel             00410c50 f   smartpropoplus:SmartPropoPlus.obj
 0001:0000fc60       _ModeDisplayFromInternalName 00410c60 f   smartpropoplus:SmartPropoPlus.obj
 0001:0000fd10       _isBaseRegistryExist       00410d10 f   smartpropoplus:SmartPropoPlus.obj
 0001:0000fd60       _GetDefaultVolumeValue     00410d60 f   smartpropoplus:SmartPropoPlus.obj
 0001:0000fdf0       _SetDefaultVolumeValue     00410df0 f   smartpropoplus:SmartPropoPlus.obj
 0001:0000fe10       _GetCurrentAudioState      00410e10 f   smartpropoplus:SmartPropoPlus.obj
 0001:0000fe30       _SetCurrentAudioState      00410e30 f   smartpropoplus:SmartPropoPlus.obj
 0001:0000fe50       _GetCurrentPpjoyState      00410e50 f   smartpropoplus:SmartPropoPlus.obj
 0001:0000fe60       _SetCurrentPpjoyState      00410e60 f   smartpropoplus:SmartPropoPlus.obj
 0001:0000fe80       _GetCurrentMixerDevice     00410e80 f   smartpropoplus:SmartPropoPlus.obj
 0001:0000feb0       _GetCurrentInputLine       00410eb0 f   smartpropoplus:SmartPropoPlus.obj
 0001:0000fed0       _GetWaveInParams           00410ed0 f   smartpropoplus:SmartPropoPlus.obj
 0001:0000fef0       _SetCurrentMixerDevice     00410ef0 f   smartpropoplus:SmartPropoPlus.obj
 0001:0000ff10       _SetCurrentInputLine       00410f10 f   smartpropoplus:SmartPropoPlus.obj
 0001:0000ff30       _GetAntiJitterState        00410f30 f   smartpropoplus:SmartPropoPlus.obj
 0001:0000ff40       _SetAntiJitterState        00410f40 f   smartpropoplus:SmartPropoPlus.obj
 0001:0000ff60       _GetSppConsoleFullPath     00410f60 f   smartpropoplus:SmartPropoPlus.obj
 0001:0000ff80       _GetFmsFullPath            00410f80 f   smartpropoplus:SmartPropoPlus.obj
 0001:00010090       _GetDefaultVolumeValueFromRegistry 00411090 f   smartpropoplus:SppRegistry.obj
 0001:00010160       _SetDefaultVolumeValueToRegistry 00411160 f   smartpropoplus:SppRegistry.obj
 0001:00010230       _GetCurrentAudioStateFromRegistry 00411230 f   smartpropoplus:SppRegistry.obj
 0001:000102c0       _GetCurrentPpjoyStateFromRegistry 004112c0 f   smartpropoplus:SppRegistry.obj
 0001:00010350       _CreateEmptyBaseRegistry   00411350 f   smartpropoplus:SppRegistry.obj
 0001:000103b0       _CreateEmptyAudioRegistry  004113b0 f   smartpropoplus:SppRegistry.obj
 0001:00010400       _CreateDefaultSppRegistry  00411400 f   smartpropoplus:SppRegistry.obj
 0001:000104a0       _CreateDefaultModRegistry  004114a0 f   smartpropoplus:SppRegistry.obj
 0001:000105d0       _SetCurrentAudioStateToRegistry 004115d0 f   smartpropoplus:SppRegistry.obj
 0001:00010650       _SetCurrentPpjoyStateToRegistry 00411650 f   smartpropoplus:SppRegistry.obj
 0001:000106d0       _GetCurrentMixerDeviceFromRegistry 004116d0 f   smartpropoplus:SppRegistry.obj
 0001:000107a0       _GetCurrentInputLineFromRegistry 004117a0 f   smartpropoplus:SppRegistry.obj
 0001:00010820       _GetWaveInParamsFromRegistry 00411820 f   smartpropoplus:SppRegistry.obj
 0001:00010950       _SetCurrentMixerDeviceToRegistry 00411950 f   smartpropoplus:SppRegistry.obj
 0001:000109d0       _SetCurrentInputLineToRegistry 004119d0 f   smartpropoplus:SppRegistry.obj
 0001:00010a50       _SetActiveModeToRegistry   00411a50 f   smartpropoplus:SppRegistry.obj
 0001:00010ba0       _SetShiftAutoDetectToRegistry 00411ba0 f   smartpropoplus:SppRegistry.obj
 0001:00010c10       _SetPositiveShiftToRegistry 00411c10 f   smartpropoplus:SppRegistry.obj
 0001:00010c80       _isDebugEntryExist         00411c80 f   smartpropoplus:SppRegistry.obj
 0001:00010d10       _GetDebugLevelFromRegistry 00411d10 f   smartpropoplus:SppRegistry.obj
 0001:00010e10       _GetModulationFromRegistry 00411e10 f   smartpropoplus:SppRegistry.obj
 0001:000111a0       _isSppRegistryExist        004121a0 f   smartpropoplus:SppRegistry.obj
 0001:000111f0       _isModRegistryUpdate       004121f0 f   smartpropoplus:SppRegistry.obj
 0001:000113c0       _UpdateModRegistry         004123c0 f   smartpropoplus:SppRegistry.obj
 0001:000115d0       _isAudioRegistryExist      004125d0 f   smartpropoplus:SppRegistry.obj
 0001:00011620       _SetSelectedFilterNameToRegistry 00412620 f   smartpropoplus:SppRegistry.obj
 0001:000116a0       _GetSelectedFilterNameFromRegistry 004126a0 f   smartpropoplus:SppRegistry.obj
 0001:00011770       _GetLocationDialogWindowFromRegistry 00412770 f   smartpropoplus:SppRegistry.obj
 0001:00011810       _SetLocationDialogWindowToRegistry 00412810 f   smartpropoplus:SppRegistry.obj
 0001:00011890       _GetAntiJitterStateFromRegistry 00412890 f   smartpropoplus:SppRegistry.obj
 0001:00011920       _SetAntiJitterStateToRegistry 00412920 f   smartpropoplus:SppRegistry.obj
 0001:00011990       _GetSppConsoleFullPathFromRegistry 00412990 f   smartpropoplus:SppRegistry.obj
 0001:00011b30       _GetFmsFullPathFromRegistry 00412b30 f   smartpropoplus:SppRegistry.obj
 0001:00011bd2       _mixerGetLineControlsA@12  00412bd2 f   winmm:WINMM.dll
 0001:00011bd8       _mixerSetControlDetails@12 00412bd8 f   winmm:WINMM.dll
 0001:00011bde       _mixerGetControlDetailsA@12 00412bde f   winmm:WINMM.dll
 0001:00011be4       _mixerGetLineInfoA@12      00412be4 f   winmm:WINMM.dll
 0001:00011bea       _waveInGetNumDevs@0        00412bea f   winmm:WINMM.dll
 0001:00011bf0       _mixerGetNumDevs@0         00412bf0 f   winmm:WINMM.dll
 0001:00011bf6       _waveInClose@4             00412bf6 f   winmm:WINMM.dll
 0001:00011bfc       _mixerGetID@12             00412bfc f   winmm:WINMM.dll
 0001:00011c02       _waveInOpen@24             00412c02 f   winmm:WINMM.dll
 0001:00011c08       _mixerGetDevCapsA@12       00412c08 f   winmm:WINMM.dll
 0001:00011c0e       _mixerOpen@20              00412c0e f   winmm:WINMM.dll
 0001:00011c14       _SppAudioHdrLoggerStop@0   00412c14 f   Wave2Joystick:Wave2Joystick.dll
 0001:00011c1a       _SppAudioHdrLoggerStart@4  00412c1a f   Wave2Joystick:Wave2Joystick.dll
 0001:00011c20       _SppAudioHdrLoggerGetStat@4 00412c20 f   Wave2Joystick:Wave2Joystick.dll
 0001:00011c26       _SppPulseLoggerStop@0      00412c26 f   Wave2Joystick:Wave2Joystick.dll
 0001:00011c2c       _SppPulseLoggerStart@4     00412c2c f   Wave2Joystick:Wave2Joystick.dll
 0001:00011c32       _SppPulseLoggerGetStat@4   00412c32 f   Wave2Joystick:Wave2Joystick.dll
 0001:00011c38       _SppRawPulseLoggerStop@0   00412c38 f   Wave2Joystick:Wave2Joystick.dll
 0001:00011c3e       _SppRawPulseLoggerStart@4  00412c3e f   Wave2Joystick:Wave2Joystick.dll
 0001:00011c44       _SppRawPulseLoggerGetStat@4 00412c44 f   Wave2Joystick:Wave2Joystick.dll
 0001:00011c4a       _SppStart@0                00412c4a f   Wave2Joystick:Wave2Joystick.dll
 0001:00011c50       _SetFilterInterface@4      00412c50 f   Wave2Joystick:Wave2Joystick.dll
 0001:00011c56       _SppSetActiveAudioDevice@4 00412c56 f   Wave2Joystick:Wave2Joystick.dll
 0001:00011c5c       _GetWave2JoystickObject@0  00412c5c f   Wave2Joystick:Wave2Joystick.dll
 0001:00011c62       _SppSetModulation@4        00412c62 f   Wave2Joystick:Wave2Joystick.dll
 0001:00011c68       _SppSetShift@4             00412c68 f   Wave2Joystick:Wave2Joystick.dll
 0001:00011c6e       _StopInterfaces@0          00412c6e f   Wave2Joystick:Wave2Joystick.dll
 0001:00011c74       _StopPPJoyInterface@4      00412c74 f   Wave2Joystick:Wave2Joystick.dll
 0001:00011c7a       _StartPPJoyInterface@4     00412c7a f   Wave2Joystick:Wave2Joystick.dll
 0001:00011c80       _SppGetFilteredPos@4       00412c80 f   Wave2Joystick:Wave2Joystick.dll
 0001:00011c86       _SppGetAudioLevel@4        00412c86 f   Wave2Joystick:Wave2Joystick.dll
 0001:00011c8c       _TestPPJoyInterface@4      00412c8c f   Wave2Joystick:Wave2Joystick.dll
 0001:00011c92       _SppSetAntiJitter@4        00412c92 f   Wave2Joystick:Wave2Joystick.dll
 0001:00011c98       _SppWaveLoggerGetStat@4    00412c98 f   Wave2Joystick:Wave2Joystick.dll
 0001:00011c9e       _SppWaveLoggerStop@0       00412c9e f   Wave2Joystick:Wave2Joystick.dll
 0001:00011ca4       _SppWaveLoggerPlay@4       00412ca4 f   Wave2Joystick:Wave2Joystick.dll
 0001:00011caa       _SppWaveLoggerStart@4      00412caa f   Wave2Joystick:Wave2Joystick.dll
 0001:00011cb0       ??0CFilterIf@@QAE@XZ       00412cb0 f   FilterIf:FilterIf.obj
 0001:00011cf0       ??1CFilterIf@@QAE@XZ       00412cf0 f   FilterIf:FilterIf.obj
 0001:00011d10       ?Init@CFilterIf@@QAE_NXZ   00412d10 f   FilterIf:FilterIf.obj
 0001:00011e00       ?GetNumberOfFilters@CFilterIf@@QAEHXZ 00412e00 f   FilterIf:FilterIf.obj
 0001:00011e20       ?GetIndexOfSelected@CFilterIf@@QAEHXZ 00412e20 f   FilterIf:FilterIf.obj
 0001:00011ef0       ?GetFilterName@CFilterIf@@QAEPADH@Z 00412ef0 f   FilterIf:FilterIf.obj
 0001:00011f60       ?SetSelected@CFilterIf@@QAEHH@Z 00412f60 f   FilterIf:FilterIf.obj
 0001:00011fe0       ?Run@CFilterIf@@IAEPAXPAXHH@Z 00412fe0 f   FilterIf:FilterIf.obj
 0001:00012050       ?Filter@CFilterIf@@QAEPAHPAH0HH@Z 00413050 f   FilterIf:FilterIf.obj
 0001:000120f0       __tcscmp                   004130f0 f i FilterIf:FilterIf.obj
 0001:00012118       ?GetThisMessageMap@CDialog@@KGPBUAFX_MSGMAP@@XZ 00413118 f   mfc71d:MFC71D.DLL
 0001:0001211e       ?PreInitDialog@CDialog@@MAEXXZ 0041311e f   mfc71d:MFC71D.DLL
 0001:00012124       ?OnCancel@CDialog@@MAEXXZ  00413124 f   mfc71d:MFC71D.DLL
 0001:0001212a       ?OnOK@CDialog@@MAEXXZ      0041312a f   mfc71d:MFC71D.DLL
 0001:00012130       ?OnSetFont@CDialog@@UAEXPAVCFont@@@Z 00413130 f   mfc71d:MFC71D.DLL
 0001:00012136       ?DoModal@CDialog@@UAEHXZ   00413136 f   mfc71d:MFC71D.DLL
 0001:0001213c       ?CreateIndirect@CDialog@@UAEHPBUDLGTEMPLATE@@PAVCWnd@@PAX@Z 0041313c f   mfc71d:MFC71D.DLL
 0001:00012142       ?CreateIndirect@CDialog@@UAEHPAXPAVCWnd@@@Z 00413142 f   mfc71d:MFC71D.DLL
 0001:00012148       ?Create@CDialog@@UAEHPBDPAVCWnd@@@Z 00413148 f   mfc71d:MFC71D.DLL
 0001:0001214e       ?Create@CDialog@@UAEHIPAVCWnd@@@Z 0041314e f   mfc71d:MFC71D.DLL
 0001:00012154       ?SetOccDialogInfo@CDialog@@MAEHPAU_AFX_OCC_DIALOG_INFO@@@Z 00413154 f   mfc71d:MFC71D.DLL
 0001:0001215a       ?CreateControlSite@CWnd@@MAEHPAVCOleControlContainer@@PAPAVCOleControlSite@@IABU_GUID@@@Z 0041315a f   mfc71d:MFC71D.DLL
 0001:00012160       ?CreateControlContainer@CWnd@@MAEHPAPAVCOleControlContainer@@@Z 00413160 f   mfc71d:MFC71D.DLL
 0001:00012166       ?IsFrameWnd@CWnd@@UBEHXZ   00413166 f   mfc71d:MFC71D.DLL
 0001:0001216c       ?CheckAutoCenter@CDialog@@UAEHXZ 0041316c f   mfc71d:MFC71D.DLL
 0001:00012172       ?OnChildNotify@CWnd@@MAEHIIJPAJ@Z 00413172 f   mfc71d:MFC71D.DLL
 0001:00012178       ?PostNcDestroy@CWnd@@MAEXXZ 00413178 f   mfc71d:MFC71D.DLL
 0001:0001217e       ?DefWindowProcA@CWnd@@MAEJIIJ@Z 0041317e f   mfc71d:MFC71D.DLL
 0001:00012184       ?OnWndMsg@CWnd@@MAEHIIJPAJ@Z 00413184 f   mfc71d:MFC71D.DLL
 0001:0001218a       ?WindowProc@CWnd@@MAEJIIJ@Z 0041318a f   mfc71d:MFC71D.DLL
 0001:00012190       ?OnAmbientProperty@CWnd@@UAEHPAVCOleControlSite@@JPAUtagVARIANT@@@Z 00413190 f   mfc71d:MFC71D.DLL
 0001:00012196       ?PreTranslateMessage@CDialog@@UAEHPAUtagMSG@@@Z 00413196 f   mfc71d:MFC71D.DLL
 0001:0001219c       ?EndModalState@CWnd@@UAEXXZ 0041319c f   mfc71d:MFC71D.DLL
 0001:000121a2       ?BeginModalState@CWnd@@UAEXXZ 004131a2 f   mfc71d:MFC71D.DLL
 0001:000121a8       ?GetSuperWndProcAddr@CWnd@@MAEPAP6GJPAUHWND__@@IIJ@ZXZ 004131a8 f   mfc71d:MFC71D.DLL
 0001:000121ae       ?OnNotify@CWnd@@MAEHIJPAJ@Z 004131ae f   mfc71d:MFC71D.DLL
 0001:000121b4       ?OnCommand@CWnd@@MAEHIJ@Z  004131b4 f   mfc71d:MFC71D.DLL
 0001:000121ba       ?CreateAccessibleProxy@CWnd@@UAEJIJPAJ@Z 004131ba f   mfc71d:MFC71D.DLL
 0001:000121c0       ?SetProxy@CWnd@@UAEJPAUIAccessibleProxy@@@Z 004131c0 f   mfc71d:MFC71D.DLL
 0001:000121d0       ?accDoDefaultAction@CWnd@@UAEJUtagVARIANT@@@Z 004131d0 f   mfc71d:MFC71D.DLL
 0001:000121d6       ?accHitTest@CWnd@@UAEJJJPAUtagVARIANT@@@Z 004131d6 f   mfc71d:MFC71D.DLL
 0001:000121dc       ?accNavigate@CWnd@@UAEJJUtagVARIANT@@PAU2@@Z 004131dc f   mfc71d:MFC71D.DLL
 0001:000121e2       ?accLocation@CWnd@@UAEJPAJ000UtagVARIANT@@@Z 004131e2 f   mfc71d:MFC71D.DLL
 0001:000121e8       ?accSelect@CWnd@@UAEJJUtagVARIANT@@@Z 004131e8 f   mfc71d:MFC71D.DLL
 0001:000121f0       ?get_accSelection@CWnd@@UAEJPAUtagVARIANT@@@Z 004131f0 f   mfc71d:MFC71D.DLL
 0001:000121f6       ?get_accFocus@CWnd@@UAEJPAUtagVARIANT@@@Z 004131f6 f   mfc71d:MFC71D.DLL
 0001:00012200       ?get_accState@CWnd@@UAEJUtagVARIANT@@PAU2@@Z 00413200 f   mfc71d:MFC71D.DLL
 0001:00012206       ?get_accRole@CWnd@@UAEJUtagVARIANT@@PAU2@@Z 00413206 f   mfc71d:MFC71D.DLL
 0001:00012210       ?get_accChild@CWnd@@UAEJUtagVARIANT@@PAPAUIDispatch@@@Z 00413210 f   mfc71d:MFC71D.DLL
 0001:00012216       ?get_accChildCount@CWnd@@UAEJPAJ@Z 00413216 f   mfc71d:MFC71D.DLL
 0001:0001221c       ?get_accParent@CWnd@@UAEJPAPAUIDispatch@@@Z 0041321c f   mfc71d:MFC71D.DLL
 0001:00012222       ?EnsureStdObj@CWnd@@UAEJXZ 00413222 f   mfc71d:MFC71D.DLL
 0001:00012228       ?EndModalLoop@CWnd@@UAEXH@Z 00413228 f   mfc71d:MFC71D.DLL
 0001:0001222e       ?ContinueModal@CWnd@@UAEHXZ 0041322e f   mfc71d:MFC71D.DLL
 0001:00012234       ?WinHelpInternal@CWnd@@UAEXKI@Z 00413234 f   mfc71d:MFC71D.DLL
 0001:0001223a       ?HtmlHelpA@CWnd@@UAEXKI@Z  0041323a f   mfc71d:MFC71D.DLL
 0001:00012240       ?WinHelpA@CWnd@@UAEXKI@Z   00413240 f   mfc71d:MFC71D.DLL
 0001:00012246       ?GetScrollBarCtrl@CWnd@@UBEPAVCScrollBar@@H@Z 00413246 f   mfc71d:MFC71D.DLL
 0001:0001224c       ?OnToolHitTest@CWnd@@UBEHVCPoint@@PAUtagTOOLINFOA@@@Z 0041324c f   mfc71d:MFC71D.DLL
 0001:00012252       ?CalcWindowRect@CWnd@@UAEXPAUtagRECT@@I@Z 00413252 f   mfc71d:MFC71D.DLL
 0001:00012258       ?PreCreateWindow@CWnd@@UAEHAAUtagCREATESTRUCTA@@@Z 00413258 f   mfc71d:MFC71D.DLL
 0001:0001225e       ?DestroyWindow@CWnd@@UAEHXZ 0041325e f   mfc71d:MFC71D.DLL
 0001:00012264       ?CreateEx@CWnd@@UAEHKPBD0KHHHHPAUHWND__@@PAUHMENU__@@PAX@Z 00413264 f   mfc71d:MFC71D.DLL
 0001:0001226a       ?CreateEx@CWnd@@UAEHKPBD0KABUtagRECT@@PAV1@IPAX@Z 0041326a f   mfc71d:MFC71D.DLL
 0001:00012270       ?Create@CWnd@@UAEHPBD0KABUtagRECT@@PAV1@IPAUCCreateContext@@@Z 00413270 f   mfc71d:MFC71D.DLL
 0001:00012276       ?PreSubclassWindow@CWnd@@UAEXXZ 00413276 f   mfc71d:MFC71D.DLL
 0001:0001227c       ?GetConnectionHook@CCmdTarget@@MAEPAUIConnectionPoint@@ABU_GUID@@@Z 0041327c f   mfc71d:MFC71D.DLL
 0001:00012282       ?GetExtraConnectionPoints@CCmdTarget@@MAEHPAVCPtrArray@@@Z 00413282 f   mfc71d:MFC71D.DLL
 0001:00012288       ?GetInterfaceHook@CCmdTarget@@UAEPAUIUnknown@@PBX@Z 00413288 f   mfc71d:MFC71D.DLL
 0001:0001228e       ?OnCreateAggregates@CCmdTarget@@UAEHXZ 0041328e f   mfc71d:MFC71D.DLL
 0001:00012294       ?GetEventSinkMap@CCmdTarget@@MBEPBUAFX_EVENTSINKMAP@@XZ 00413294 f   mfc71d:MFC71D.DLL
 0001:0001229a       ?GetInterfaceMap@CWnd@@MBEPBUAFX_INTERFACEMAP@@XZ 0041329a f   mfc71d:MFC71D.DLL
 0001:000122a0       ?GetConnectionMap@CCmdTarget@@MBEPBUAFX_CONNECTIONMAP@@XZ 004132a0 f   mfc71d:MFC71D.DLL
 0001:000122a6       ?GetDispatchMap@CCmdTarget@@MBEPBUAFX_DISPMAP@@XZ 004132a6 f   mfc71d:MFC71D.DLL
 0001:000122ac       ?GetCommandMap@CCmdTarget@@MBEPBUAFX_OLECMDMAP@@XZ 004132ac f   mfc71d:MFC71D.DLL
 0001:000122b2       ?GetTypeLib@CCmdTarget@@UAEJKPAPAUITypeLib@@@Z 004132b2 f   mfc71d:MFC71D.DLL
 0001:000122b8       ?GetTypeLibCache@CCmdTarget@@UAEPAVCTypeLibCache@@XZ 004132b8 f   mfc71d:MFC71D.DLL
 0001:000122be       ?GetTypeInfoCount@CCmdTarget@@UAEIXZ 004132be f   mfc71d:MFC71D.DLL
 0001:000122c4       ?GetDispatchIID@CCmdTarget@@UAEHPAU_GUID@@@Z 004132c4 f   mfc71d:MFC71D.DLL
 0001:000122ca       ?IsInvokeAllowed@CCmdTarget@@UAEHJ@Z 004132ca f   mfc71d:MFC71D.DLL
 0001:000122d0       ?OnFinalRelease@CWnd@@UAEXXZ 004132d0 f   mfc71d:MFC71D.DLL
 0001:000122d6       ?OnCmdMsg@CDialog@@UAEHIHPAXPAUAFX_CMDHANDLERINFO@@@Z 004132d6 f   mfc71d:MFC71D.DLL
 0001:000122dc       ?Dump@CDialog@@UBEXAAVCDumpContext@@@Z 004132dc f   mfc71d:MFC71D.DLL
 0001:000122e2       ?AssertValid@CDialog@@UBEXXZ 004132e2 f   mfc71d:MFC71D.DLL
 0001:000122e8       ?Serialize@CObject@@UAEXAAVCArchive@@@Z 004132e8 f   mfc71d:MFC71D.DLL
 0001:000122ee       ?GetRuntimeClass@CDialog@@UBEPAUCRuntimeClass@@XZ 004132ee f   mfc71d:MFC71D.DLL
 0001:000122f4       ??1CDialog@@UAE@XZ         004132f4 f   mfc71d:MFC71D.DLL
 0001:000122fa       ??0CDialog@@QAE@IPAVCWnd@@@Z 004132fa f   mfc71d:MFC71D.DLL
 0001:00012300       ??3CObject@@SGXPAX@Z       00413300 f   mfc71d:MFC71D.DLL
 0001:00012306       ??1CStatic@@UAE@XZ         00413306 f   mfc71d:MFC71D.DLL
 0001:0001230c       ??1?$CStringT@DV?$StrTraitMFC_DLL@DV?$ChTraitsCRT@D@ATL@@@@@ATL@@QAE@XZ 0041330c f   mfc71d:MFC71D.DLL
 0001:00012312       ??1CFont@@UAE@XZ           00413312 f   mfc71d:MFC71D.DLL
 0001:00012318       ?DoDataExchange@CWnd@@MAEXPAVCDataExchange@@@Z 00413318 f   mfc71d:MFC71D.DLL
 0001:0001231e       ?OnInitDialog@CDialog@@UAEHXZ 0041331e f   mfc71d:MFC71D.DLL
 0001:00012324       ??B?$CSimpleStringT@D$00@ATL@@QBEPBDXZ 00413324 f   mfc71d:MFC71D.DLL
 0001:0001232a       ?Format@?$CStringT@DV?$StrTraitMFC_DLL@DV?$ChTraitsCRT@D@ATL@@@@@ATL@@QAAXPBDZZ 0041332a f   mfc71d:MFC71D.DLL
 0001:00012330       ?GetDlgItem@CWnd@@QBEPAV1@H@Z 00413330 f   mfc71d:MFC71D.DLL
 0001:00012336       ??0?$CStringT@DV?$StrTraitMFC_DLL@DV?$ChTraitsCRT@D@ATL@@@@@ATL@@QAE@XZ 00413336 f   mfc71d:MFC71D.DLL
 0001:0001233c       ??0?$CStringT@DV?$StrTraitMFC_DLL@DV?$ChTraitsCRT@D@ATL@@@@@ATL@@QAE@PBD@Z 0041333c f   mfc71d:MFC71D.DLL
 0001:00012342       ?SetWindowTextA@CWnd@@QAEXPBD@Z 00413342 f   mfc71d:MFC71D.DLL
 0001:00012348       ?SubclassDlgItem@CWnd@@QAEHIPAV1@@Z 00413348 f   mfc71d:MFC71D.DLL
 0001:0001234e       ??3@YAXPAXPBDH@Z           0041334e f   mfc71d:MFC71D.DLL
 0001:00012354       ??2@YAPAXIPBDH@Z           00413354 f   mfc71d:MFC71D.DLL
 0001:0001235a       ??3@YAXPAX@Z               0041335a f   mfc71d:MFC71D.DLL
 0001:00012360       ??3CObject@@SGXPAXPBDH@Z   00413360 f   mfc71d:MFC71D.DLL
 0001:00012366       ??2CObject@@SGPAXIPBDH@Z   00413366 f   mfc71d:MFC71D.DLL
 0001:0001236c       ?GetRuntimeClass@CObject@@UBEPAUCRuntimeClass@@XZ 0041336c f   mfc71d:MFC71D.DLL
 0001:00012372       ??0CObject@@IAE@XZ         00413372 f   mfc71d:MFC71D.DLL
 0001:00012378       ?AfxThrowInvalidArgException@@YGXXZ 00413378 f   mfc71d:MFC71D.DLL
 0001:0001237e       ?AfxAssertFailedLine@@YGHPBDH@Z 0041337e f   mfc71d:MFC71D.DLL
 0001:00012384       ?AfxAssertValidObject@@YGXPBVCObject@@PBDH@Z 00413384 f   mfc71d:MFC71D.DLL
 0001:0001238a       ??1CObject@@UAE@XZ         0041338a f   mfc71d:MFC71D.DLL
 0001:00012390       ??_V@YAXPAX@Z              00413390 f   mfc71d:MFC71D.DLL
 0001:00012396       ?ReadCount@CArchive@@QAEKXZ 00413396 f   mfc71d:MFC71D.DLL
 0001:0001239c       ?WriteCount@CArchive@@QAEXK@Z 0041339c f   mfc71d:MFC71D.DLL
 0001:000123a2       ?IsStoring@CArchive@@QBEHXZ 004133a2 f   mfc71d:MFC71D.DLL
 0001:000123a8       ?GetDepth@CDumpContext@@QBEHXZ 004133a8 f   mfc71d:MFC71D.DLL
 0001:000123ae       ??6CDumpContext@@QAEAAV0@H@Z 004133ae f   mfc71d:MFC71D.DLL
 0001:000123b4       ??6CDumpContext@@QAEAAV0@PBD@Z 004133b4 f   mfc71d:MFC71D.DLL
 0001:000123ba       ?Dump@CObject@@UBEXAAVCDumpContext@@@Z 004133ba f   mfc71d:MFC71D.DLL
 0001:000123c0       ?AfxIsValidAddress@@YGHPBXIH@Z 004133c0 f   mfc71d:MFC71D.DLL
 0001:000123c6       ?AssertValid@CObject@@UBEXXZ 004133c6 f   mfc71d:MFC71D.DLL
 0001:000123cc       ??_U@YAPAXI@Z              004133cc f   mfc71d:MFC71D.DLL
 0001:000123d2       ??_U@YAPAXIPBDH@Z          004133d2 f   mfc71d:MFC71D.DLL
 0001:000123d8       ?Read@CArchive@@QAEIPAXI@Z 004133d8 f   mfc71d:MFC71D.DLL
 0001:000123de       ?Write@CArchive@@QAEXPBXI@Z 004133de f   mfc71d:MFC71D.DLL
 0001:000123e4       ??1CEdit@@UAE@XZ           004133e4 f   mfc71d:MFC71D.DLL
 0001:000123ea       ??1CSliderCtrl@@UAE@XZ     004133ea f   mfc71d:MFC71D.DLL
 0001:000123f0       ??0CEdit@@QAE@XZ           004133f0 f   mfc71d:MFC71D.DLL
 0001:000123f6       ??0CSliderCtrl@@QAE@XZ     004133f6 f   mfc71d:MFC71D.DLL
 0001:000123fc       ?DDX_Control@@YGXPAVCDataExchange@@HAAVCWnd@@@Z 004133fc f   mfc71d:MFC71D.DLL
 0001:00012402       ?OnHScroll@CWnd@@IAEXIIPAVCScrollBar@@@Z 00413402 f   mfc71d:MFC71D.DLL
 0001:00012408       ?GetDlgCtrlID@CWnd@@QBEHXZ 00413408 f   mfc71d:MFC71D.DLL
 0001:0001240e       ?SetTicFreq@CSliderCtrl@@QAEXH@Z 0041340e f   mfc71d:MFC71D.DLL
 0001:00012414       ?SetPos@CSliderCtrl@@QAEXH@Z 00413414 f   mfc71d:MFC71D.DLL
 0001:0001241a       ?SetLimitText@CEdit@@QAEXI@Z 0041341a f   mfc71d:MFC71D.DLL
 0001:00012420       ?SetSel@CEdit@@QAEXHHH@Z   00413420 f   mfc71d:MFC71D.DLL
 0001:00012426       ?GetLength@?$CSimpleStringT@D$00@ATL@@QBEHXZ 00413426 f   mfc71d:MFC71D.DLL
 0001:0001242c       ?GetWindowTextA@CWnd@@QBEXAAV?$CStringT@DV?$StrTraitMFC_DLL@DV?$ChTraitsCRT@D@ATL@@@@@ATL@@@Z 0041342c f   mfc71d:MFC71D.DLL
 0001:00012432       ?GetThisMessageMap@CWnd@@KGPBUAFX_MSGMAP@@XZ 00413432 f   mfc71d:MFC71D.DLL
 0001:00012438       ?DrawItem@CStatic@@UAEXPAUtagDRAWITEMSTRUCT@@@Z 00413438 f   mfc71d:MFC71D.DLL
 0001:0001243e       ?Create@CStatic@@UAEHPBDKABUtagRECT@@PAVCWnd@@I@Z 0041343e f   mfc71d:MFC71D.DLL
 0001:00012444       ?SetOccDialogInfo@CWnd@@MAEHPAU_AFX_OCC_DIALOG_INFO@@@Z 00413444 f   mfc71d:MFC71D.DLL
 0001:0001244a       ?CheckAutoCenter@CWnd@@UAEHXZ 0041344a f   mfc71d:MFC71D.DLL
 0001:00012450       ?OnChildNotify@CStatic@@MAEHIIJPAJ@Z 00413450 f   mfc71d:MFC71D.DLL
 0001:00012456       ?PreTranslateMessage@CWnd@@UAEHPAUtagMSG@@@Z 00413456 f   mfc71d:MFC71D.DLL
 0001:0001245c       ?OnCmdMsg@CCmdTarget@@UAEHIHPAXPAUAFX_CMDHANDLERINFO@@@Z 0041345c f   mfc71d:MFC71D.DLL
 0001:00012462       ?Dump@CWnd@@UBEXAAVCDumpContext@@@Z 00413462 f   mfc71d:MFC71D.DLL
 0001:00012468       ?AssertValid@CWnd@@UBEXXZ  00413468 f   mfc71d:MFC71D.DLL
 0001:0001246e       ?GetRuntimeClass@CStatic@@UBEPAUCRuntimeClass@@XZ 0041346e f   mfc71d:MFC71D.DLL
 0001:00012474       ??1CBrush@@UAE@XZ          00413474 f   mfc71d:MFC71D.DLL
 0001:0001247a       ??1CPen@@UAE@XZ            0041347a f   mfc71d:MFC71D.DLL
 0001:00012480       ??0CBrush@@QAE@XZ          00413480 f   mfc71d:MFC71D.DLL
 0001:00012486       ??0CPen@@QAE@XZ            00413486 f   mfc71d:MFC71D.DLL
 0001:0001248c       ??0CStatic@@QAE@XZ         0041348c f   mfc71d:MFC71D.DLL
 0001:00012492       ??0CClientDC@@QAE@PAVCWnd@@@Z 00413492 f   mfc71d:MFC71D.DLL
 0001:00012498       ??1CPaintDC@@UAE@XZ        00413498 f   mfc71d:MFC71D.DLL
 0001:0001249e       ??0CPaintDC@@QAE@PAVCWnd@@@Z 0041349e f   mfc71d:MFC71D.DLL
 0001:000124a4       ?OnTimer@CWnd@@IAEXI@Z     004134a4 f   mfc71d:MFC71D.DLL
 0001:000124aa       ?GetClientRect@CWnd@@QBEXPAUtagRECT@@@Z 004134aa f   mfc71d:MFC71D.DLL
 0001:000124b0       ?KillTimer@CWnd@@QAEHI@Z   004134b0 f   mfc71d:MFC71D.DLL
 0001:000124b6       ?SetTimer@CWnd@@QAEIIIP6GXPAUHWND__@@IIK@Z@Z 004134b6 f   mfc71d:MFC71D.DLL
 0001:000124bc       ?SelectObject@CDC@@QAEPAVCBrush@@PAV2@@Z 004134bc f   mfc71d:MFC71D.DLL
 0001:000124c2       ?SelectObject@CDC@@QAEPAVCPen@@PAV2@@Z 004134c2 f   mfc71d:MFC71D.DLL
 0001:000124c8       ?CreateSolidBrush@CBrush@@QAEHK@Z 004134c8 f   mfc71d:MFC71D.DLL
 0001:000124ce       ?CreatePen@CPen@@QAEHHHK@Z 004134ce f   mfc71d:MFC71D.DLL
 0001:000124d4       ?DeleteObject@CGdiObject@@QAEHXZ 004134d4 f   mfc71d:MFC71D.DLL
 0001:000124da       ?Ellipse@CDC@@QAEHHHHH@Z   004134da f   mfc71d:MFC71D.DLL
 0001:000124e0       ?Arc@CDC@@QAEHPBUtagRECT@@UtagPOINT@@1@Z 004134e0 f   mfc71d:MFC71D.DLL
 0001:000124e6       ?MoveTo@CDC@@QAE?AVCPoint@@UtagPOINT@@@Z 004134e6 f   mfc71d:MFC71D.DLL
 0001:000124ec       ?Ellipse@CDC@@QAEHPBUtagRECT@@@Z 004134ec f   mfc71d:MFC71D.DLL
 0001:000124f2       ?LineTo@CDC@@QAEHHH@Z      004134f2 f   mfc71d:MFC71D.DLL
 0001:000124f8       ?MoveTo@CDC@@QAE?AVCPoint@@HH@Z 004134f8 f   mfc71d:MFC71D.DLL
 0001:000124fe       ?FillRect@CDC@@QAEXPBUtagRECT@@PAVCBrush@@@Z 004134fe f   mfc71d:MFC71D.DLL
 0001:00012504       ?EnableWindow@CWnd@@QAEHH@Z 00413504 f   mfc71d:MFC71D.DLL
 0001:0001250a       ?PostMessageA@CWnd@@QAEHIIJ@Z 0041350a f   mfc71d:MFC71D.DLL
 0001:00012510       ?GetParent@CWnd@@QBEPAV1@XZ 00413510 f   mfc71d:MFC71D.DLL
 0001:00012516       ?GetThisClass@CDialog@@SGPAUCRuntimeClass@@XZ 00413516 f   mfc71d:MFC71D.DLL
 0001:0001251c       ?GetCheck@CButton@@QBEHXZ  0041351c f   mfc71d:MFC71D.DLL
 0001:00012522       ?GetCurSel@CListBox@@QBEHXZ 00413522 f   mfc71d:MFC71D.DLL
 0001:00012528       ?GetCurSel@CComboBox@@QBEHXZ 00413528 f   mfc71d:MFC71D.DLL
 0001:0001252e       ?SetCheck@CButton@@QAEXH@Z 0041352e f   mfc71d:MFC71D.DLL
 0001:00012534       ?SetCurSel@CListBox@@QAEHH@Z 00413534 f   mfc71d:MFC71D.DLL
 0001:0001253a       ?SetCurSel@CComboBox@@QAEHH@Z 0041353a f   mfc71d:MFC71D.DLL
 0001:00012540       ?GetCount@CListBox@@QBEHXZ 00413540 f   mfc71d:MFC71D.DLL
 0001:00012546       ?GetCount@CComboBox@@QBEHXZ 00413546 f   mfc71d:MFC71D.DLL
 0001:0001254c       ?AfxGetApp@@YGPAVCWinApp@@XZ 0041354c f   mfc71d:MFC71D.DLL
 0001:00012552       ?RedrawWindow@CWnd@@QAEHPBUtagRECT@@PAVCRgn@@I@Z 00413552 f   mfc71d:MFC71D.DLL
 0001:00012558       ?LineScroll@CEdit@@QAEXHH@Z 00413558 f   mfc71d:MFC71D.DLL
 0001:0001255e       ?GetLineCount@CEdit@@QBEHXZ 0041355e f   mfc71d:MFC71D.DLL
 0001:00012564       ?GetText@CListBox@@QBEXHAAV?$CStringT@DV?$StrTraitMFC_DLL@DV?$ChTraitsCRT@D@ATL@@@@@ATL@@@Z 00413564 f   mfc71d:MFC71D.DLL
 0001:0001256a       ??4?$CStringT@DV?$StrTraitMFC_DLL@DV?$ChTraitsCRT@D@ATL@@@@@ATL@@QAEAAV01@PBD@Z 0041356a f   mfc71d:MFC71D.DLL
 0001:00012570       ?MoveWindow@CWnd@@QAEXPBUtagRECT@@H@Z 00413570 f   mfc71d:MFC71D.DLL
 0001:00012576       ?GetWindowRect@CWnd@@QBEXPAUtagRECT@@@Z 00413576 f   mfc71d:MFC71D.DLL
 0001:0001257c       ?OnShowWindow@CWnd@@IAEXHI@Z 0041357c f   mfc71d:MFC71D.DLL
 0001:00012582       ??0?$CStringT@DV?$StrTraitMFC_DLL@DV?$ChTraitsCRT@D@ATL@@@@@ATL@@QAE@ABV01@@Z 00413582 f   mfc71d:MFC71D.DLL
 0001:00012588       ?Concatenate@?$CSimpleStringT@D$00@ATL@@KAXAAV12@PBDH1H@Z 00413588 f   mfc71d:MFC71D.DLL
 0001:0001258e       ??0?$CStringT@DV?$StrTraitMFC_DLL@DV?$ChTraitsCRT@D@ATL@@@@@ATL@@QAE@PAUIAtlStringMgr@1@@Z 0041358e f   mfc71d:MFC71D.DLL
 0001:00012594       ?GetManager@?$CSimpleStringT@D$00@ATL@@QBEPAUIAtlStringMgr@2@XZ 00413594 f   mfc71d:MFC71D.DLL
 0001:0001259a       ?OnHelp@CWinApp@@IAEXXZ    0041359a f   mfc71d:MFC71D.DLL
 0001:000125a0       ?GetThisMessageMap@CWinApp@@KGPBUAFX_MSGMAP@@XZ 004135a0 f   mfc71d:MFC71D.DLL
 0001:000125a6       ?LoadSysPolicies@CWinApp@@UAEHXZ 004135a6 f   mfc71d:MFC71D.DLL
 0001:000125ac       ?LoadAppLangResourceDLL@CWinApp@@UAEPAUHINSTANCE__@@XZ 004135ac f   mfc71d:MFC71D.DLL
 0001:000125b2       ?WinHelpInternal@CWinApp@@UAEXKI@Z 004135b2 f   mfc71d:MFC71D.DLL
 0001:000125b8       ?HtmlHelpA@CWinApp@@UAEXKI@Z 004135b8 f   mfc71d:MFC71D.DLL
 0001:000125be       ?WinHelpA@CWinApp@@UAEXKI@Z 004135be f   mfc71d:MFC71D.DLL
 0001:000125c4       ?OnDDECommand@CWinApp@@UAEHPAD@Z 004135c4 f   mfc71d:MFC71D.DLL
 0001:000125ca       ?DoWaitCursor@CWinApp@@UAEXH@Z 004135ca f   mfc71d:MFC71D.DLL
 0001:000125d0       ?DoMessageBox@CWinApp@@UAEHPBDII@Z 004135d0 f   mfc71d:MFC71D.DLL
 0001:000125d6       ?SaveAllModified@CWinApp@@UAEHXZ 004135d6 f   mfc71d:MFC71D.DLL
 0001:000125dc       ?InitApplication@CWinApp@@UAEHXZ 004135dc f   mfc71d:MFC71D.DLL
 0001:000125e2       ?AddToRecentFileList@CWinApp@@UAEXPBD@Z 004135e2 f   mfc71d:MFC71D.DLL
 0001:000125e8       ?OpenDocumentFile@CWinApp@@UAEPAVCDocument@@PBD@Z 004135e8 f   mfc71d:MFC71D.DLL
 0001:000125ee       ?Unregister@CWinApp@@UAEHXZ 004135ee f   mfc71d:MFC71D.DLL
 0001:000125f4       ?Register@CWinApp@@UAEHXZ  004135f4 f   mfc71d:MFC71D.DLL
 0001:000125fa       ?InitLibId@CWinApp@@UAEXXZ 004135fa f   mfc71d:MFC71D.DLL
 0001:00012600       ?Delete@CWinThread@@UAEXXZ 00413600 f   mfc71d:MFC71D.DLL
 0001:00012606       ?GetMainWnd@CWinThread@@UAEPAVCWnd@@XZ 00413606 f   mfc71d:MFC71D.DLL
 0001:0001260c       ?ProcessMessageFilter@CWinThread@@UAEHHPAUtagMSG@@@Z 0041360c f   mfc71d:MFC71D.DLL
 0001:00012612       ?ProcessWndProcException@CWinApp@@UAEJPAVCException@@PBUtagMSG@@@Z 00413612 f   mfc71d:MFC71D.DLL
 0001:00012618       ?ExitInstance@CWinApp@@UAEHXZ 00413618 f   mfc71d:MFC71D.DLL
 0001:0001261e       ?IsIdleMessage@CWinThread@@UAEHPAUtagMSG@@@Z 0041361e f   mfc71d:MFC71D.DLL
 0001:00012624       ?OnIdle@CWinApp@@UAEHJ@Z   00413624 f   mfc71d:MFC71D.DLL
 0001:0001262a       ?PumpMessage@CWinThread@@UAEHXZ 0041362a f   mfc71d:MFC71D.DLL
 0001:00012630       ?PreTranslateMessage@CWinThread@@UAEHPAUtagMSG@@@Z 00413630 f   mfc71d:MFC71D.DLL
 0001:00012636       ?Run@CWinApp@@UAEHXZ       00413636 f   mfc71d:MFC71D.DLL
 0001:0001263c       ?GetInterfaceMap@CCmdTarget@@MBEPBUAFX_INTERFACEMAP@@XZ 0041363c f   mfc71d:MFC71D.DLL
 0001:00012642       ?OnFinalRelease@CCmdTarget@@UAEXXZ 00413642 f   mfc71d:MFC71D.DLL
 0001:00012648       ?Dump@CWinApp@@UBEXAAVCDumpContext@@@Z 00413648 f   mfc71d:MFC71D.DLL
 0001:0001264e       ?AssertValid@CWinApp@@UBEXXZ 0041364e f   mfc71d:MFC71D.DLL
 0001:00012654       ?GetRuntimeClass@CWinApp@@UBEPAUCRuntimeClass@@XZ 00413654 f   mfc71d:MFC71D.DLL
 0001:0001265a       ??0CWinApp@@QAE@PBD@Z      0041365a f   mfc71d:MFC71D.DLL
 0001:00012660       ??1CWinApp@@UAE@XZ         00413660 f   mfc71d:MFC71D.DLL
 0001:00012666       ??1CProgressCtrl@@UAE@XZ   00413666 f   mfc71d:MFC71D.DLL
 0001:0001266c       ?LoadIconA@CWinApp@@QBEPAUHICON__@@I@Z 0041366c f   mfc71d:MFC71D.DLL
 0001:00012672       ??0CProgressCtrl@@QAE@XZ   00413672 f   mfc71d:MFC71D.DLL
 0001:00012678       ?DDX_Check@@YGXPAVCDataExchange@@HAAH@Z 00413678 f   mfc71d:MFC71D.DLL
 0001:0001267e       ?SendMessageA@CWnd@@QAEJIIJ@Z 0041367e f   mfc71d:MFC71D.DLL
 0001:00012684       ?SetBkColor@CProgressCtrl@@QAEKK@Z 00413684 f   mfc71d:MFC71D.DLL
 0001:0001268a       ?SetRange@CProgressCtrl@@QAEXFF@Z 0041368a f   mfc71d:MFC71D.DLL
 0001:00012690       ?LoadMenuA@CMenu@@QAEHI@Z  00413690 f   mfc71d:MFC71D.DLL
 0001:00012696       ??0CMenu@@QAE@XZ           00413696 f   mfc71d:MFC71D.DLL
 0001:0001269c       ?ModifyStyleEx@CWnd@@QAEHKKI@Z 0041369c f   mfc71d:MFC71D.DLL
 0001:000126a2       ?EnableToolTips@CWnd@@QAEHH@Z 004136a2 f   mfc71d:MFC71D.DLL
 0001:000126a8       ?SetIcon@CWnd@@QAEPAUHICON__@@PAU2@H@Z 004136a8 f   mfc71d:MFC71D.DLL
 0001:000126ae       ?OnDestroy@CWnd@@IAEXXZ    004136ae f   mfc71d:MFC71D.DLL
 0001:000126b4       ?OnPaint@CDialog@@IAEXXZ   004136b4 f   mfc71d:MFC71D.DLL
 0001:000126ba       ?DrawIcon@CDC@@QAEHHHPAUHICON__@@@Z 004136ba f   mfc71d:MFC71D.DLL
 0001:000126c0       ?GetSafeHdc@CDC@@QBEPAUHDC__@@XZ 004136c0 f   mfc71d:MFC71D.DLL
 0001:000126c6       ?IsIconic@CWnd@@QBEHXZ     004136c6 f   mfc71d:MFC71D.DLL
 0001:000126cc       ?Compare@?$CStringT@DV?$StrTraitMFC_DLL@DV?$ChTraitsCRT@D@ATL@@@@@ATL@@QBEHPBD@Z 004136cc f   mfc71d:MFC71D.DLL
 0001:000126d2       ?ShowWindow@CWnd@@QAEHH@Z  004136d2 f   mfc71d:MFC71D.DLL
 0001:000126d8       ?InsertString@CListBox@@QAEHHPBD@Z 004136d8 f   mfc71d:MFC71D.DLL
[...]
   300 0001:00016f06   301 0001:00016f23   302 0001:00016f32   303 0001:00016f34
   304 0001:00016f94   308 0001:00016fa0   310 0001:00016fb4   312 0001:00016fbb
   313 0001:00016fd4   315 0001:00016fde   317 0001:00017002   319 0001:00017017
   320 0001:0001704c   321 0001:00017055   322 0001:0001705f   323 0001:00017061
   326 0001:00017073   328 0001:0001708e   329 0001:000170c4   330 0001:000170cd
   331 0001:000170d7   332 0001:000170d9   335 0001:000170eb   336 0001:00017115
   338 0001:00017119   339 0001:0001711f   340 0001:00017139   341 0001:0001713b
   343 0001:00017148   347 0001:00017160   349 0001:00017174   350 0001:0001717b
   351 0001:00017185   352 0001:0001719f   354 0001:000171a9   356 0001:000171cd
   358 0001:000171e2   359 0001:00017217   360 0001:00017220   361 0001:0001722a
   362 0001:0001722c   365 0001:0001723e   367 0001:00017259   368 0001:0001728f
   369 0001:00017298   370 0001:000172a2   371 0001:000172a4   374 0001:000172b6
   375 0001:000172e0   377 0001:000172e6   378 0001:000172ec   379 0001:00017306
   380 0001:00017308   383 0001:00017315   386 0001:00017330   387 0001:00017340
   390 0001:0001736d   391 0001:0001738c   392 0001:00017390   394 0001:000173a3
   395 0001:000173cb   398 0001:000173cf   399 0001:000173d2   402 0001:000173f0
   403 0001:000173f6   404 0001:000173fc   405 0001:00017406   406 0001:0001742e
   409 0001:00017440   410 0001:00017444   411 0001:0001744a   412 0001:00017452
   415 0001:00017460   416 0001:00017466   418 0001:0001748d   419 0001:00017493
   420 0001:000174bf   421 0001:000174ca   423 0001:000174f1   425 0001:000174fb
   426 0001:00017510   427 0001:00017529   428 0001:0001753a   429 0001:0001754c
   430 0001:0001755f   431 0001:00017572   432 0001:00017585   434 0001:00017596
   435 0001:0001759b   438 0001:000175b0   439 0001:000175b6   440 0001:000175dd
   441 0001:000175e3   443 0001:000175e8   444 0001:000175ee   446 0001:0001761a
   447 0001:0001762b   448 0001:0001763d   449 0001:00017643   451 0001:00017648
   452 0001:0001765d   453 0001:0001767a   454 0001:00017689   455 0001:0001769b
   456 0001:000176a7   460 0001:000176bf   461 0001:000176cc   463 0001:000176ce
   464 0001:000176db   466 0001:000176dd   469 0001:000176ea   472 0001:000176f0
   473 0001:000176f6   475 0001:0001771d   476 0001:00017723   478 0001:0001774f
   479 0001:00017758   480 0001:00017767   481 0001:0001776d   483 0001:00017772
   485 0001:00017783   486 0001:0001778b   488 0001:000177a5   489 0001:000177ab
   490 0001:000177b0   491 0001:000177b9   492 0001:000177cb   494 0001:000177cd
   495 0001:000177d3   497 0001:000177d8   498 0001:000177ed   499 0001:000177fb
   500 0001:0001780a   503 0001:00017827   504 0001:00017834   506 0001:00017836
   507 0001:00017843   509 0001:00017845   510 0001:00017852   512 0001:00017854
   515 0001:00017879   522 0001:00017880   523 0001:00017886   525 0001:0001788a
   526 0001:000178b7   527 0001:000178c0   529 0001:000178c9   530 0001:000178d6
   531 0001:000178fd   533 0001:00017911   534 0001:00017938   536 0001:00017942
   538 0001:0001794f   539 0001:00017963   541 0001:0001796d   542 0001:00017971
   547 0001:00017975   549 0001:000179a6   551 0001:000179aa   553 0001:000179ac
   555 0001:000179cf   557 0001:000179d3   558 0001:000179d5   560 0001:000179e8
   563 0001:000179ec   565 0001:000179f4   566 0001:00017a0a   571 0001:00017a0e
   572 0001:00017a10

Line numbers for C:\Program Files\Microsoft Visual Studio .NET 2003\Vc7\atlmfc\lib\atlsd.lib(f:\vs70builds\6030\vc\mfcatl\ship\atlmfc\include\atlbase.h) segment .text

   191 0001:00018be0   192 0001:00018be3   193 0001:00018bec   194 0001:00018bf0
   195 0001:00018bfd   197 0001:00018c10   198 0001:00018c16   199 0001:00018c1d
   200 0001:00018c26   201 0001:00018c2a   202 0001:00018c43   203 0001:00018c49
   204 0001:00018c6b   205 0001:00018c71   206 0001:00018c7d   207 0001:00018c80
   745 0001:00018c90   754 0001:00018c94   756 0001:00018cd0   288 0001:00018ce0
   289 0001:00018cf8   293 0001:00018d00   294 0001:00018d0b   296 0001:00018d11
   299 0001:00018d1a   303 0001:00018d30   304 0001:00018d37   306 0001:00018d42
   308 0001:00018d4a   328 0001:00018d50   329 0001:00018d57   330 0001:00018d83
   331 0001:00018d8d   332 0001:00018d94   312 0001:00018dc0   315 0001:00018dc9
   316 0001:00018df5   317 0001:00018e02   319 0001:00018e08   321 0001:00018e0d
   323 0001:00018e14   324 0001:00018e16  2620 0001:0001bfb0

Line numbers for C:\Program Files\Microsoft Visual Studio .NET 2003\Vc7\atlmfc\lib\atlsd.lib(f:\vs70builds\6030\vc\mfcatl\ship\atlmfc\include\atlcore.h) segment .text

   129 0001:00018b40   130 0001:00018b69   131 0001:00018b70   133 0001:00018b77
   136 0001:00018b8a   138 0001:00018b9d   139 0001:00018ba6   140 0001:00018bad
   141 0001:00018baf   143 0001:00018bbd   144 0001:00018bc0   124 0001:00018da0
   125 0001:00018da7   126 0001:00018db1   127 0001:00018db3   119 0001:00018e20
   120 0001:00018e27   121 0001:00018e31   122 0001:00018e33

Line numbers for C:\Program Files\Microsoft Visual Studio .NET 2003\Vc7\atlmfc\lib\atlsd.lib(f:\vs70builds\6030\vc\mfcatl\ship\atlmfc\include\atlcomcli.h) segment .text

   248 0001:00018960   250 0001:0001896f   126 0001:00018980   127 0001:00018987
   128 0001:0001898f   129 0001:0001899f   142 0001:000189b0   143 0001:000189b7
   144 0001:000189e0   145 0001:000189e3   147 0001:000189f0   148 0001:000189f7
   149 0001:00018a20   150 0001:00018a25   248 0001:00018a30   250 0001:00018a3f
   126 0001:00018a50   127 0001:00018a57   128 0001:00018a5f   129 0001:00018a6f
   142 0001:00018a80   143 0001:00018a87   144 0001:00018ab0   145 0001:00018ab3
   147 0001:00018ac0   148 0001:00018ac7   149 0001:00018af0   150 0001:00018af5
   107 0001:00018b00   109 0001:00018b07   110 0001:00018b10   107 0001:00018b20
   109 0001:00018b27   110 0001:00018b30

Line numbers for C:\Program Files\Microsoft Visual Studio .NET 2003\Vc7\atlmfc\lib\atlsd.lib(f:\vs70builds\6030\devtools\common\win32sdk\include\guiddef.h) segment .text

   151 0001:00018900   156 0001:00018904   157 0001:0001894d

Line numbers for C:\Program Files\Microsoft Visual Studio .NET 2003\Vc7\atlmfc\lib\atlsd.lib(f:\vs70builds\6030\vc\mfcatl\ship\atlmfc\src\atl\atls\atlfuncs.cpp) segment .text

    31 0001:000188b0    28 0001:000188b0    32 0001:000188b4    33 0001:000188b7
    34 0001:000188bb    35 0001:000188be

Line numbers for C:\Program Files\Microsoft Visual Studio .NET 2003\Vc7\atlmfc\lib\atlsd.lib(f:\vs70builds\6030\vc\mfcatl\ship\atlmfc\include\atlbase.inl) segment .text

    27 0001:00017ba0    28 0001:00017ba6    29 0001:00017bac    31 0001:00017bb6
    32 0001:00017bbe    33 0001:00017bc6    34 0001:00017be2    35 0001:00017be8
    36 0001:00017c0f    37 0001:00017c15    38 0001:00017c37    39 0001:00017c50
    42 0001:00017c60    43 0001:00017c66    44 0001:00017c6c    46 0001:00017c76
    47 0001:00017c7e    48 0001:00017c86    49 0001:00017ca2    50 0001:00017ca8
    51 0001:00017ccf    52 0001:00017cd5    53 0001:00017cf3    54 0001:00017d0c
    62 0001:00017d20    63 0001:00017d26    66 0001:00017d2c    67 0001:00017d3a
    68 0001:00017d52    69 0001:00017d5c    71 0001:00017d68    72 0001:00017d6a
    75 0001:00017d70    76 0001:00017d74    77 0001:00017d98    78 0001:00017d9e
    80 0001:00017da5    81 0001:00017db6    84 0001:00017dbc    85 0001:00017dd9
    87 0001:00017ddf    88 0001:00017def    91 0001:00017df8    92 0001:00017dfb
    95 0001:00017e10    96 0001:00017e16    97 0001:00017e3a    98 0001:00017e40
   100 0001:00017e47   101 0001:00017e50   102 0001:00017e57   105 0001:00017e5d
   106 0001:00017e6b   107 0001:00017e83   109 0001:00017e98   110 0001:00017e9b
   116 0001:00017eb0   117 0001:00017eb6   118 0001:00017eda   119 0001:00017ee0
   120 0001:00017eea   121 0001:00017ef2   123 0001:00017efc   124 0001:00017f02
   125 0001:00017f0c   127 0001:00017f15   129 0001:00017f1c   131 0001:00017f3f
   133 0001:00017f4b   134 0001:00017f53   136 0001:00017f7a   138 0001:00017f87
   139 0001:00017f98   140 0001:00017fa3   142 0001:00017fa9   143 0001:00017fd6
   144 0001:00017ffb   146 0001:00018005   147 0001:0001800e   148 0001:0001802a
   149 0001:00018032   150 0001:0001803b   151 0001:00018057   154 0001:00018059
   156 0001:0001805e   157 0001:0001806c   158 0001:00018073   159 0001:00018076
   162 0001:00018080   163 0001:00018086   164 0001:000180ad   165 0001:000180b3
   167 0001:000180ba   168 0001:000180c1   170 0001:000180e6   171 0001:000180ee
   172 0001:00018104   173 0001:00018106   174 0001:00018109   177 0001:00018110
   178 0001:00018116   179 0001:0001813d   180 0001:00018143   182 0001:0001814a
   183 0001:00018151   185 0001:00018176   186 0001:0001817e   187 0001:0001818c
   188 0001:0001818e   189 0001:00018191   192 0001:000181a0   196 0001:000181a6
   198 0001:000181b3   200 0001:000181cb   201 0001:000181d1   203 0001:000181db
   204 0001:000181e1   207 0001:000181e6   210 0001:00018200   213 0001:0001820d
   214 0001:00018213   215 0001:00018226   216 0001:00018228   218 0001:0001823b
   220 0001:00018241   222 0001:0001824b   223 0001:00018251   224 0001:0001825b
   225 0001:0001825d   228 0001:00018267   229 0001:00018277   230 0001:0001827e
   231 0001:00018283   232 0001:00018288   233 0001:0001828a   240 0001:00018290
   241 0001:00018296   242 0001:000182bd   244 0001:000182e4   245 0001:000182f0
   248 0001:000182fa   249 0001:00018324   250 0001:0001832a   251 0001:00018334
   252 0001:0001833d   254 0001:0001834a   255 0001:00018356   256 0001:00018362
   257 0001:0001836a   259 0001:00018371   261 0001:0001837e   262 0001:0001838c
   264 0001:000183ac   266 0001:000183b5   267 0001:000183dc   268 0001:000183e8
   269 0001:000183f4   270 0001:000183fc   275 0001:00018400   276 0001:0001841c
   277 0001:0001842e   280 0001:00018433   281 0001:0001843c   282 0001:00018441
   283 0001:00018446   286 0001:00018450   287 0001:00018453   288 0001:00018458
   294 0001:00018460   295 0001:00018466   296 0001:0001846c   298 0001:00018478
   299 0001:000184a5   300 0001:000184b1   302 0001:000184bd   303 0001:000184c5
   304 0001:000184d1   305 0001:000184e2   307 0001:000184ee   308 0001:0001851b
   309 0001:00018540   311 0001:0001854a   312 0001:00018556   313 0001:0001855f
   316 0001:00018570   317 0001:00018576   318 0001:0001857c   320 0001:00018583
   321 0001:0001858a   322 0001:0001859b   324 0001:000185a7   325 0001:000185d4
   326 0001:000185f9   328 0001:0001860c   329 0001:00018615   331 0001:0001861b
   332 0001:00018624   333 0001:0001862b   335 0001:00018631   337 0001:0001863c
   338 0001:00018642   339 0001:0001864e   340 0001:00018650   341 0001:0001865c
   342 0001:00018664   344 0001:00018666   345 0001:0001866c   346 0001:00018675
   348 0001:00018677   349 0001:00018688   352 0001:00018690   353 0001:00018696
   354 0001:0001869c   357 0001:000186a6   358 0001:000186ae   360 0001:000186b5
   362 0001:000186bf   363 0001:000186cd   365 0001:000186d3   366 0001:00018700
   368 0001:00018725   369 0001:00018728   375 0001:00018730   376 0001:00018736
   377 0001:0001873c   379 0001:00018746   380 0001:0001874d   381 0001:00018754
   382 0001:00018767   383 0001:0001876d   384 0001:00018774   386 0001:00018779
   387 0001:00018781   388 0001:0001878a   389 0001:0001879b   390 0001:000187a6
   392 0001:000187ac   393 0001:000187b8   395 0001:000187c1   397 0001:000187c3
   398 0001:000187d5   399 0001:00018802   401 0001:00018827   402 0001:0001882f
   403 0001:00018832   406 0001:00018840   407 0001:00018846   408 0001:0001884c
   410 0001:00018858   411 0001:00018861   412 0001:00018868   414 0001:0001886e
   415 0001:0001887a   416 0001:00018883   417 0001:00018895   418 0001:0001889b
   419 0001:0001889d   420 0001:000188a7

Line numbers for C:\Program Files\Microsoft Visual Studio .NET 2003\Vc7\atlmfc\lib\atlsd.lib(f:\vs70builds\6030\vc\mfcatl\ship\atlmfc\include\atlbase.h) segment .text

  2620 0001:0001bf70

Line numbers for C:\Program Files\Microsoft Visual Studio .NET 2003\Vc7\atlmfc\lib\atlsd.lib(f:\vs70builds\6030\vc\mfcatl\ship\atlmfc\include\atltrace.h) segment .text

   196 0001:000167e0   197 0001:000167f0   198 0001:00016803   199 0001:00016819
    82 0001:00016830    84 0001:00016837    85 0001:00016850   131 0001:00016860

Line numbers for C:\Program Files\Microsoft Visual Studio .NET 2003\Vc7\atlmfc\lib\atlsd.lib(f:\vs70builds\6030\vc\mfcatl\ship\atlmfc\src\atl\atls\atltrace.cpp) segment .text

    22 0001:0001bc10    23 0001:0001bc30    24 0001:0001bc50    25 0001:0001bc70
    26 0001:0001bc90    27 0001:0001bcb0    28 0001:0001bcd0    29 0001:0001bcf0
    30 0001:0001bd10    31 0001:0001bd30    32 0001:0001bd50    33 0001:0001bd70
    34 0001:0001bd90    35 0001:0001bdb0    36 0001:0001bdd0    37 0001:0001bdf0
    38 0001:0001be10    39 0001:0001be30    40 0001:0001be50    41 0001:0001be70
    42 0001:0001be90    43 0001:0001beb0    44 0001:0001bed0    47 0001:0001bef0
    48 0001:0001bf10    49 0001:0001bf30    50 0001:0001bf50

Line numbers for C:\Program Files\Microsoft Visual Studio .NET 2003\Vc7\atlmfc\lib\atlsd.lib(f:\vs70builds\6030\vc\mfcatl\ship\atlmfc\include\atlbase.h) segment .text

  2620 0001:0001bb70

Line numbers for C:\Program Files\Microsoft Visual Studio .NET 2003\Vc7\atlmfc\lib\atlsd.lib(f:\vs70builds\6030\vc\mfcatl\ship\atlmfc\include\atltypes.inl) segment .text

    22 0001:000150b0    24 0001:000150c0    26 0001:000150f0    28 0001:00015110
    30 0001:00015130    31 0001:00015137    32 0001:00015147    33 0001:00015156
    35 0001:00015160    37 0001:000151a0    39 0001:000151e0    41 0001:00015210
    43 0001:00015240    45 0001:00015260    47 0001:00015290    49 0001:000152c0
    51 0001:000152f0    53 0001:00015320    55 0001:00015350    57 0001:00015390
    61 0001:000153d0    63 0001:000153e0    65 0001:00015410    67 0001:00015430
    69 0001:00015450    70 0001:00015457    71 0001:00015467    72 0001:00015476
    74 0001:00015480    76 0001:000154b0    78 0001:000154e0    80 0001:00015510
    82 0001:00015530    84 0001:00015570    86 0001:000155b0    88 0001:000155e0
    90 0001:00015610    92 0001:00015640    94 0001:00015670    96 0001:000156a0
    98 0001:000156d0   100 0001:00015700   102 0001:00015730   104 0001:00015760
   106 0001:000157a0   110 0001:000157e0   112 0001:000157f0   114 0001:00015830
   116 0001:00015850   118 0001:00015870   120 0001:000158b0   121 0001:000158c8
   123 0001:000158f0   125 0001:00015910   127 0001:00015930   129 0001:00015970
   131 0001:00015980   133 0001:000159a0   135 0001:000159b0   137 0001:000159d0
   139 0001:00015a10   141 0001:00015a30   143 0001:00015a60   145 0001:00015a70
   147 0001:00015a80   149 0001:00015aa0   151 0001:00015af0   153 0001:00015b10
   155 0001:00015b40   157 0001:00015b70   159 0001:00015b90   161 0001:00015bb0
   163 0001:00015bd0   165 0001:00015bf0   167 0001:00015c10   169 0001:00015c40
   171 0001:00015c70   173 0001:00015c90   175 0001:00015cb0   177 0001:00015cd0
   179 0001:00015d00   181 0001:00015d30   183 0001:00015d60   185 0001:00015d90
   187 0001:00015db0   189 0001:00015dd0   191 0001:00015df0   193 0001:00015e10
   195 0001:00015e30   197 0001:00015e50   199 0001:00015e70   201 0001:00015e90
   203 0001:00015ec0   205 0001:00015ef0   207 0001:00015f10   209 0001:00015f30
   211 0001:00015f50   213 0001:00015fb0   215 0001:00016010   217 0001:00016070
   219 0001:000160d0   221 0001:00016120   223 0001:00016170   224 0001:00016193
   226 0001:000161c0   227 0001:000161e3   229 0001:00016210   232 0001:00016230
   234 0001:00016239   236 0001:00016246   237 0001:0001624e   238 0001:00016259
   240 0001:00016262   242 0001:00016270   243 0001:00016279   244 0001:00016285
   246 0001:0001628e   249 0001:000162a0   250 0001:000162a7   251 0001:000162c8
   252 0001:000162ec   255 0001:00016300   256 0001:00016307   257 0001:00016323
   258 0001:00016341   261 0001:00016350   262 0001:00016357   263 0001:00016378
   264 0001:0001639c   267 0001:000163b0   268 0001:000163b7   269 0001:000163d3
   270 0001:000163f1   273 0001:00016400   278 0001:00016407   279 0001:00016469

Line numbers for C:\Program Files\Microsoft Visual Studio .NET 2003\Vc7\atlmfc\lib\atlsd.lib(f:\vs70builds\6030\vc\mfcatl\ship\atlmfc\include\atlbase.h) segment .text

  2620 0001:0001c030

Line numbers for C:\Program Files\Microsoft Visual Studio .NET 2003\Vc7\atlmfc\lib\atlsd.lib(f:\vs70builds\6030\vc\mfcatl\ship\atlmfc\src\atl\atls\atltracemodulemanager.h) segment .text

    44 0001:0001ae70    45 0001:0001ae9e

Line numbers for C:\Program Files\Microsoft Visual Studio .NET 2003\Vc7\atlmfc\lib\atlsd.lib(f:\vs70builds\6030\vc\mfcatl\ship\atlmfc\src\atl\atls\atltracemodulemanager.cpp) segment .text

    21 0001:0001aa50    22 0001:0001aa77    23 0001:0001aa80    24 0001:0001aa8c
    27 0001:0001aaa0    28 0001:0001aaba    30 0001:0001aad4    32 0001:0001aae5
    34 0001:0001ab0e    36 0001:0001ab2c    37 0001:0001ab33    40 0001:0001abc0
    41 0001:0001abc2    43 0001:0001abd8    45 0001:0001abde    46 0001:0001abfc
    47 0001:0001ac1e    48 0001:0001ac3e    49 0001:0001ac4f    51 0001:0001ac6d
    52 0001:0001ac7c    53 0001:0001ac89    54 0001:0001ac95    59 0001:0001acb0
    60 0001:0001acc9    61 0001:0001acd8    64 0001:0001ace0    65 0001:0001ace7
    66 0001:0001acfc    67 0001:0001ad05    72 0001:0001ad10    73 0001:0001ad3a
    76 0001:0001ad50    78 0001:0001ad59    82 0001:0001ad7a    91 0001:0001ad80
    92 0001:0001ae2d    94 0001:0001ae39    95 0001:0001ae43    98 0001:0001ae50
    99 0001:0001ae57   100 0001:0001ae66

Line numbers for C:\Program Files\Microsoft Visual Studio .NET 2003\Vc7\atlmfc\lib\atlsd.lib(f:\vs70builds\6030\vc\mfcatl\ship\atlmfc\include\atlbase.h) segment .text

  2620 0001:0001bbf0

Line numbers for C:\Program Files\Microsoft Visual Studio .NET 2003\Vc7\atlmfc\lib\atlsd.lib(f:\vs70builds\6030\vc\mfcatl\ship\atlmfc\include\atltrace.h) segment .text

    70 0001:00016640    71 0001:0001665a    73 0001:0001666f    76 0001:000167c0
    77 0001:000167c7    78 0001:000167d3

Line numbers for C:\Program Files\Microsoft Visual Studio .NET 2003\Vc7\atlmfc\lib\atlsd.lib(f:\vs70builds\6030\vc\mfcatl\ship\atlmfc\include\atlexcept.h) segment .text

    40 0001:00016620    41 0001:0001662f

Line numbers for C:\Program Files\Microsoft Visual Studio .NET 2003\Vc7\atlmfc\lib\atlsd.lib(f:\vs70builds\6030\vc\mfcatl\ship\atlmfc\include\atlsimpcoll.h) segment .text

    97 0001:000164f0    97 0001:00016520   100 0001:000166c0   101 0001:000166c7
   102 0001:000166cf   100 0001:000166e0   101 0001:000166e7   102 0001:000166ef
   173 0001:00016700   174 0001:00016709   176 0001:00016711   177 0001:0001672e
   178 0001:00016730   179 0001:0001673e   181 0001:00016747   182 0001:00016751
   183 0001:0001675b   173 0001:00016760   174 0001:00016769   176 0001:00016771
   177 0001:0001678e   178 0001:00016790   179 0001:0001679e   181 0001:000167a7
   182 0001:000167b1   183 0001:000167bb

Line numbers for C:\Program Files\Microsoft Visual Studio .NET 2003\Vc7\atlmfc\lib\atlsd.lib(f:\vs70builds\6030\vc\mfcatl\ship\atlmfc\src\atl\atls\allocate.h) segment .text

    42 0001:00016470    43 0001:000164ab    46 0001:00016680    47 0001:00016687
    48 0001:00016691

Line numbers for C:\Program Files\Microsoft Visual Studio .NET 2003\Vc7\atlmfc\lib\atlsd.lib(f:\vs70builds\6030\vc\mfcatl\ship\atlmfc\src\atl\atls\externs.cpp) segment .text

    26 0001:00016550    30 0001:00016563    32 0001:0001658e    34 0001:0001659d
    37 0001:000165c6    39 0001:000165e3    42 0001:0001660c    43 0001:0001660e
    23 0001:0001bb90    45 0001:0001bbb0    52 0001:0001bbc0
