 SppConsole

 Timestamp is 49860541 (Sun Feb 01 22:25:37 2009)

 Preferred load address is 00400000

 Start         Length     Name                   Class
 0001:00000000 0001b06cH .text                   CODE
 0001:0001b070 000009a5H .text$x                 CODE
 0001:0001ba20 00000556H .text$yc                CODE
 0001:0001bf80 000000dfH .text$yd                CODE
 0002:00000000 000008b0H .idata$5                DATA
 0002:000008b0 0000bfc0H .rdata                  DATA
 0002:0000c870 00000053H .rdata$debug            DATA
 0002:0000c8c4 00000044H .rdata$r                DATA
 0002:0000c910 00000120H .rdata$sxdata           DATA
 0002:0000ca30 00000004H .rtc$IAA                DATA
 0002:0000ca34 00000004H .rtc$IMZ                DATA
 0002:0000ca38 00000004H .rtc$IZZ                DATA
 0002:0000ca3c 00000004H .rtc$TAA                DATA
 0002:0000ca40 00000004H .rtc$TMZ                DATA
 0002:0000ca44 00000004H .rtc$TZZ                DATA
 0002:0000ca48 00000c38H .xdata$x                DATA
 0002:0000d680 00000004H ATL$__a                 DATA
 0002:0000d684 00000004H ATL$__z                 DATA
 0002:0000d688 000000f0H .idata$2                DATA
 0002:0000d778 00000014H .idata$3                DATA
 0002:0000d78c 000008b0H .idata$4                DATA
 0002:0000e03c 00000e44H .idata$6                DATA
 0002:0000ee80 00000000H .edata                  DATA
 0003:00000000 00000004H .CRT$XCA                DATA
 0003:00000004 00000004H .CRT$XCAA               DATA
 0003:00000008 0000000cH .CRT$XCC                DATA
 0003:00000014 00000074H .CRT$XCL                DATA
 0003:00000088 00000008H .CRT$XCU                DATA
 0003:00000090 00000004H .CRT$XCZ                DATA
 0003:00000094 00000004H .CRT$XIA                DATA
 0003:00000098 00000004H .CRT$XIZ                DATA
 0003:000000a0 00000fc0H .data                   DATA
 0003:00001060 000002ccH .bss                    DATA
 0004:00000000 00000550H .rsrc$01                DATA
 0004:00000550 00002908H .rsrc$02                DATA

  Address         Publics by Value              Rva+Base     Lib:Object

 0000:00000000       __except_list              00000000     <absolute>
 0000:00000048       ___safe_se_handler_count   00000048     <absolute>
 0000:00009876       __ldused                   00009876     <absolute>
 0000:00009876       __fltused                  00009876     <absolute>
 0000:00000000       ___ImageBase               00400000     <linker-defined>
 0001:00000000       ??0CAboutDlg@@QAE@PAVCWnd@@@Z 00401000 f   AboutDlg.obj
 0001:00000070       ?DoDataExchange@CAboutDlg@@MAEXPAVCDataExchange@@@Z 00401070 f   AboutDlg.obj
 0001:00000090       ?GetThisMessageMap@CAboutDlg@@KGPBUAFX_MSGMAP@@XZ 00401090 f   AboutDlg.obj
 0001:000000a0       ?GetMessageMap@CAboutDlg@@MBEPBUAFX_MSGMAP@@XZ 004010a0 f   AboutDlg.obj
 0001:000000b0       ?OnInitDialog@CAboutDlg@@MAEHXZ 004010b0 f   AboutDlg.obj
 0001:000001e0       ??_ECAboutDlg@@UAEPAXI@Z   004011e0 f i AboutDlg.obj
 0001:000001e0       ??_GCAboutDlg@@UAEPAXI@Z   004011e0 f i AboutDlg.obj
 0001:00000210       ??1CAboutDlg@@UAE@XZ       00401210 f i AboutDlg.obj
 0001:00000260       ??1CStaticLink@@UAE@XZ     00401260 f i AboutDlg.obj
 0001:000002c0       ?_AtlGetThreadACPThunk@ATL@@YGIXZ 004012c0 f i AboutDlg.obj
 0001:00000340       ?InterlockedExchangePointer@@YGPAXPAPAXPAX@Z 00401340 f i AboutDlg.obj
 0001:00000360       ?_AtlGetThreadACPFake@ATL@@YGIXZ 00401360 f i AboutDlg.obj
 0001:000003f0       ?_AtlGetThreadACPReal@ATL@@YGIXZ 004013f0 f i AboutDlg.obj
 0001:00000400       ?isSpk@@YA_NI@Z            00401400 f   AudioInput.obj
 0001:00000430       ?GetLineControlByID@@YAIPAUHMIXEROBJ__@@KPAUtagMIXERCONTROLA@@@Z 00401430 f   AudioInput.obj
 0001:00000480       ?Mute@@YAIPAUHMIXER__@@I_N@Z 00401480 f   AudioInput.obj
 0001:00000550       ?GetMuteValue@@YA_NPAUHMIXER__@@IPA_N@Z 00401550 f   AudioInput.obj
 0001:00000620       ?GetSelSrcLineID@@YAJPAUHMIXER__@@I@Z 00401620 f   AudioInput.obj
 0001:00000810       ?SetControlDetailList@@YAIPAUHMIXER__@@PAUtMIXERCONTROLDETAILS_BOOLEAN@@KI@Z 00401810 f   AudioInput.obj
 0001:00000860       ?SetControlDetailList@@YAIPAUHMIXER__@@PAUtMIXERCONTROLDETAILS_UNSIGNED@@KI@Z 00401860 f   AudioInput.obj
 0001:000008b0       ?GetLineControlList@@YAIPAUHMIXEROBJ__@@KPAUtagMIXERCONTROLA@@PAH@Z 004018b0 f   AudioInput.obj
 0001:00000970       ?GetControlDetailList@@YAIPAUHMIXER__@@PAUtagMIXERCONTROLDETAILS_LISTTEXTA@@KI@Z 00401970 f   AudioInput.obj
 0001:000009c0       ?GetControlDetailList@@YAIPAUHMIXER__@@PAUtMIXERCONTROLDETAILS_BOOLEAN@@KI@Z 004019c0 f   AudioInput.obj
 0001:00000a10       ?GetVolumeValue@@YA_NPAUHMIXER__@@IPAJ@Z 00401a10 f   AudioInput.obj
 0001:00000b40       ?SetVolumeValue@@YAHPAUHMIXER__@@IJ@Z 00401b40 f   AudioInput.obj
 0001:00000c50       ??0CAudioInput@@QAE@PAUHWND__@@@Z 00401c50 f   AudioInput.obj
 0001:00000d80       ??1CAudioInput@@UAE@XZ     00401d80 f   AudioInput.obj
 0001:00000e40       ?GetCountMixerDevice@CAudioInput@@QAEHXZ 00401e40 f   AudioInput.obj
 0001:00000e60       ?GetMixerDeviceName@CAudioInput@@QAEPBDH@Z 00401e60 f   AudioInput.obj
 0001:00000ea0       ?GetMixerDeviceInputLineName@CAudioInput@@QAEPBDHH@Z 00401ea0 f   AudioInput.obj
 0001:00000ef0       ?GetMixerDevice@CAudioInput@@QAEPAVCMixerDevice@1@H@Z 00401ef0 f   AudioInput.obj
 0001:00000f30       ?Restore@CAudioInput@@QAEXXZ 00401f30 f   AudioInput.obj
 0001:00000f90       ?GetPreferredMixerDeviceIndex@CAudioInput@@QAEHXZ 00401f90 f   AudioInput.obj
 0001:00001090       ?GetMixerDeviceIndex@CAudioInput@@QAEHPAD@Z 00402090 f   AudioInput.obj
 0001:00001100       ?GetMixerDeviceID@CAudioInput@@QAEHPAD@Z 00402100 f   AudioInput.obj
 0001:00001180       ?SetCurrentMixerDevice@CAudioInput@@QAE_NH@Z 00402180 f   AudioInput.obj
 0001:000011d0       ?GetCurrentMixerDevice@CAudioInput@@QAEHXZ 004021d0 f   AudioInput.obj
 0001:000011f0       ??0CMixerDevice@CAudioInput@@QAE@XZ 004021f0 f   AudioInput.obj
 0001:00001270       ??1CMixerDevice@CAudioInput@@UAE@XZ 00402270 f   AudioInput.obj
 0001:000013b0       ??0CMixerDevice@CAudioInput@@QAE@HPAUHWND__@@@Z 004023b0 f   AudioInput.obj
 0001:000014f0       ?AdjustInputVolume@CMixerDevice@CAudioInput@@QAEXK@Z 004024f0 f   AudioInput.obj
 0001:000015b0       ?CreateInputLineArray@CMixerDevice@CAudioInput@@IAEHXZ 004025b0 f   AudioInput.obj
 0001:00001920       ?CreatePhysicalDevArray@CMixerDevice@CAudioInput@@QAEHXZ 00402920 f   AudioInput.obj
 0001:00001c60       ?GetInputLineIndex@CMixerDevice@CAudioInput@@QAE_NIPAI@Z 00402c60 f   AudioInput.obj
 0001:00001cd0       ?GetInputLineName@CMixerDevice@CAudioInput@@QAEPBDH@Z 00402cd0 f   AudioInput.obj
 0001:00001d10       ?GetInputLineVolumeValue@CMixerDevice@CAudioInput@@QAEHH@Z 00402d10 f   AudioInput.obj
 0001:00001d50       ?GetInputLineSrcID@CMixerDevice@CAudioInput@@QAE_NPAII@Z 00402d50 f   AudioInput.obj
 0001:00001db0       ?GetName@CMixerDevice@CAudioInput@@QAEPBDXZ 00402db0 f   AudioInput.obj
 0001:00001dd0       ?GetSelectedInputLine@CMixerDevice@CAudioInput@@QAE_NPAI@Z 00402dd0 f   AudioInput.obj
 0001:00002060       ?MuteOutputLine@CMixerDevice@CAudioInput@@QAE_NK_N0@Z 00403060 f   AudioInput.obj
 0001:00002140       ?MuteSelectedInputLine@CMixerDevice@CAudioInput@@QAE_NI_N0@Z 00403140 f   AudioInput.obj
 0001:000021a0       ?RestoreSelectedInputLine@CMixerDevice@CAudioInput@@QAEXI@Z 004031a0 f   AudioInput.obj
 0001:00002200       ?Restore@CMixerDevice@CAudioInput@@QAEHXZ 00403200 f   AudioInput.obj
 0001:00002290       ?SelectInputLine@CMixerDevice@CAudioInput@@QAEXI@Z 00403290 f   AudioInput.obj
 0001:00002570       ?SetSelectedInputLine@CMixerDevice@CAudioInput@@QAE_NI@Z 00403570 f   AudioInput.obj
 0001:000025f0       ?SetSpeakers@CMixerDevice@CAudioInput@@QAEH_N0@Z 004035f0 f   AudioInput.obj
 0001:00002690       ??0CInputLine@CMixerDevice@CAudioInput@@QAE@XZ 00403690 f   AudioInput.obj
 0001:000026d0       ??1CInputLine@CMixerDevice@CAudioInput@@UAE@XZ 004036d0 f   AudioInput.obj
 0001:00002720       ??0CInputLine@CMixerDevice@CAudioInput@@QAE@PAUHMIXER__@@KPBDKJ@Z 00403720 f   AudioInput.obj
 0001:000028a0       ?GetVolumeValue@CInputLine@CMixerDevice@CAudioInput@@QAEHXZ 004038a0 f   AudioInput.obj
 0001:00002990       ?CreateArrayMuteCtrl@CInputLine@CMixerDevice@CAudioInput@@IAEPAV?$CArray@UsMuteLine@CInputLine@CMixerDevice@CAudioInput@@U1234@@@KPBD@Z 00403990 f   AudioInput.obj
 0001:00002dc0       ?GetName@CInputLine@CMixerDevice@CAudioInput@@QAEPBDXZ 00403dc0 f   AudioInput.obj
 0001:00002de0       ?GetSrcID@CInputLine@CMixerDevice@CAudioInput@@QAEKXZ 00403de0 f   AudioInput.obj
 0001:00002e00       ?isInitSelected@CInputLine@CMixerDevice@CAudioInput@@QAE_NXZ 00403e00 f   AudioInput.obj
 0001:00002e20       ?RestoreMute@CInputLine@CMixerDevice@CAudioInput@@QAEXXZ 00403e20 f   AudioInput.obj
 0001:00002e90       ?RestoreVolume@CInputLine@CMixerDevice@CAudioInput@@QAEHXZ 00403e90 f   AudioInput.obj
 0001:00002f70       ?SetDefaultVolume@CInputLine@CMixerDevice@CAudioInput@@QAEXXZ 00403f70 f   AudioInput.obj
 0001:00003070       ?SetMute@CInputLine@CMixerDevice@CAudioInput@@QAE_N_N0@Z 00404070 f   AudioInput.obj
 0001:00003140       ?SetName@CInputLine@CMixerDevice@CAudioInput@@QAEXPBD@Z 00404140 f   AudioInput.obj
 0001:00003160       ?SetSrcType@CInputLine@CMixerDevice@CAudioInput@@QAEXK@Z 00404160 f   AudioInput.obj
 0001:00003180       ?StoreDefaultVolume@CInputLine@CMixerDevice@CAudioInput@@QAEHXZ 00404180 f   AudioInput.obj
 0001:00003280       ??0CPhysicalDevice@CMixerDevice@CAudioInput@@QAE@XZ 00404280 f   AudioInput.obj
 0001:000032c0       ??0CPhysicalDevice@CMixerDevice@CAudioInput@@QAE@PAUHMIXER__@@KK_NKH@Z 004042c0 f   AudioInput.obj
 0001:00003310       ??1CPhysicalDevice@CMixerDevice@CAudioInput@@UAE@XZ 00404310 f   AudioInput.obj
 0001:00003330       ?restore@CPhysicalDevice@CMixerDevice@CAudioInput@@QAEXXZ 00404330 f   AudioInput.obj
 0001:00003390       ?SetMute@CPhysicalDevice@CMixerDevice@CAudioInput@@QAEX_N@Z 00404390 f   AudioInput.obj
 0001:000033c0       ?SetVolume@CPhysicalDevice@CMixerDevice@CAudioInput@@QAEXH@Z 004043c0 f   AudioInput.obj
 0001:000033f0       ?isValid@CMixerDevice@CAudioInput@@QAE_NXZ 004043f0 f   AudioInput.obj
 0001:00003410       ?GetID@CMixerDevice@CAudioInput@@QAEHXZ 00404410 f   AudioInput.obj
 0001:00003430       ??_GCAudioInput@@UAEPAXI@Z 00404430 f i AudioInput.obj
 0001:00003430       ??_ECAudioInput@@UAEPAXI@Z 00404430 f i AudioInput.obj
 0001:00003460       ??_ECMixerDevice@CAudioInput@@UAEPAXI@Z 00404460 f i AudioInput.obj
 0001:00003460       ??_GCMixerDevice@CAudioInput@@UAEPAXI@Z 00404460 f i AudioInput.obj
 0001:00003490       ??_ECInputLine@CMixerDevice@CAudioInput@@UAEPAXI@Z 00404490 f i AudioInput.obj
 0001:00003490       ??_GCInputLine@CMixerDevice@CAudioInput@@UAEPAXI@Z 00404490 f i AudioInput.obj
 0001:000034c0       ??_GCPhysicalDevice@CMixerDevice@CAudioInput@@UAEPAXI@Z 004044c0 f i AudioInput.obj
 0001:000034c0       ??_ECPhysicalDevice@CMixerDevice@CAudioInput@@UAEPAXI@Z 004044c0 f i AudioInput.obj
 0001:000034f0       ??0?$CArray@PAVCInputLine@CMixerDevice@CAudioInput@@PAV123@@@QAE@XZ 004044f0 f i AudioInput.obj
 0001:00003540       ?GetSize@?$CArray@PAVCInputLine@CMixerDevice@CAudioInput@@PAV123@@@QBEHXZ 00404540 f i AudioInput.obj
 0001:00003560       ?RemoveAll@?$CArray@PAVCInputLine@CMixerDevice@CAudioInput@@PAV123@@@QAEXXZ 00404560 f i AudioInput.obj
 0001:00003580       ?GetAt@?$CArray@PAVCInputLine@CMixerDevice@CAudioInput@@PAV123@@@QAEAAPAVCInputLine@CMixerDevice@CAudioInput@@H@Z 00404580 f i AudioInput.obj
 0001:000035e0       ?Add@?$CArray@PAVCInputLine@CMixerDevice@CAudioInput@@PAV123@@@QAEHPAVCInputLine@CMixerDevice@CAudioInput@@@Z 004045e0 f i AudioInput.obj
 0001:00003610       ?RemoveAt@?$CArray@PAVCInputLine@CMixerDevice@CAudioInput@@PAV123@@@QAEXHH@Z 00404610 f i AudioInput.obj
 0001:00003720       ??1?$CArray@PAVCInputLine@CMixerDevice@CAudioInput@@PAV123@@@UAE@XZ 00404720 f i AudioInput.obj
 0001:000037c0       ?Serialize@?$CArray@PAVCInputLine@CMixerDevice@CAudioInput@@PAV123@@@UAEXAAVCArchive@@@Z 004047c0 f i AudioInput.obj
 0001:00003840       ?Dump@?$CArray@PAVCInputLine@CMixerDevice@CAudioInput@@PAV123@@@UBEXAAVCDumpContext@@@Z 00404840 f i AudioInput.obj
 0001:000038c0       ?AssertValid@?$CArray@PAVCInputLine@CMixerDevice@CAudioInput@@PAV123@@@UBEXXZ 004048c0 f i AudioInput.obj
 0001:000039b0       ??0?$CArray@PAVCPhysicalDevice@CMixerDevice@CAudioInput@@PAV123@@@QAE@XZ 004049b0 f i AudioInput.obj
 0001:00003a00       ?GetSize@?$CArray@PAVCPhysicalDevice@CMixerDevice@CAudioInput@@PAV123@@@QBEHXZ 00404a00 f i AudioInput.obj
 0001:00003a20       ?RemoveAll@?$CArray@PAVCPhysicalDevice@CMixerDevice@CAudioInput@@PAV123@@@QAEXXZ 00404a20 f i AudioInput.obj
 0001:00003a40       ?GetAt@?$CArray@PAVCPhysicalDevice@CMixerDevice@CAudioInput@@PAV123@@@QAEAAPAVCPhysicalDevice@CMixerDevice@CAudioInput@@H@Z 00404a40 f i AudioInput.obj
 0001:00003aa0       ?Add@?$CArray@PAVCPhysicalDevice@CMixerDevice@CAudioInput@@PAV123@@@QAEHPAVCPhysicalDevice@CMixerDevice@CAudioInput@@@Z 00404aa0 f i AudioInput.obj
 0001:00003ad0       ?RemoveAt@?$CArray@PAVCPhysicalDevice@CMixerDevice@CAudioInput@@PAV123@@@QAEXHH@Z 00404ad0 f i AudioInput.obj
 0001:00003be0       ??1?$CArray@PAVCPhysicalDevice@CMixerDevice@CAudioInput@@PAV123@@@UAE@XZ 00404be0 f i AudioInput.obj
 0001:00003c80       ?Serialize@?$CArray@PAVCPhysicalDevice@CMixerDevice@CAudioInput@@PAV123@@@UAEXAAVCArchive@@@Z 00404c80 f i AudioInput.obj
 0001:00003d00       ?Dump@?$CArray@PAVCPhysicalDevice@CMixerDevice@CAudioInput@@PAV123@@@UBEXAAVCDumpContext@@@Z 00404d00 f i AudioInput.obj
 0001:00003d80       ?AssertValid@?$CArray@PAVCPhysicalDevice@CMixerDevice@CAudioInput@@PAV123@@@UBEXXZ 00404d80 f i AudioInput.obj
 0001:00003e70       ??0?$CArray@PAVCMixerDevice@CAudioInput@@PAV12@@@QAE@XZ 00404e70 f i AudioInput.obj
 0001:00003ec0       ?GetSize@?$CArray@PAVCMixerDevice@CAudioInput@@PAV12@@@QBEHXZ 00404ec0 f i AudioInput.obj
 0001:00003ee0       ?RemoveAll@?$CArray@PAVCMixerDevice@CAudioInput@@PAV12@@@QAEXXZ 00404ee0 f i AudioInput.obj
 0001:00003f00       ?GetAt@?$CArray@PAVCMixerDevice@CAudioInput@@PAV12@@@QAEAAPAVCMixerDevice@CAudioInput@@H@Z 00404f00 f i AudioInput.obj
 0001:00003f60       ?Add@?$CArray@PAVCMixerDevice@CAudioInput@@PAV12@@@QAEHPAVCMixerDevice@CAudioInput@@@Z 00404f60 f i AudioInput.obj
 0001:00003f90       ?RemoveAt@?$CArray@PAVCMixerDevice@CAudioInput@@PAV12@@@QAEXHH@Z 00404f90 f i AudioInput.obj
 0001:000040a0       ??1?$CArray@PAVCMixerDevice@CAudioInput@@PAV12@@@UAE@XZ 004050a0 f i AudioInput.obj
 0001:00004140       ?Serialize@?$CArray@PAVCMixerDevice@CAudioInput@@PAV12@@@UAEXAAVCArchive@@@Z 00405140 f i AudioInput.obj
 0001:000041c0       ?Dump@?$CArray@PAVCMixerDevice@CAudioInput@@PAV12@@@UBEXAAVCDumpContext@@@Z 004051c0 f i AudioInput.obj
 0001:00004240       ?AssertValid@?$CArray@PAVCMixerDevice@CAudioInput@@PAV12@@@UBEXXZ 00405240 f i AudioInput.obj
 0001:00004330       ??0?$CArray@UsMuteLine@CInputLine@CMixerDevice@CAudioInput@@U1234@@@QAE@XZ 00405330 f i AudioInput.obj
 0001:00004380       ?GetSize@?$CArray@UsMuteLine@CInputLine@CMixerDevice@CAudioInput@@U1234@@@QBEHXZ 00405380 f i AudioInput.obj
 0001:000043a0       ?RemoveAll@?$CArray@UsMuteLine@CInputLine@CMixerDevice@CAudioInput@@U1234@@@QAEXXZ 004053a0 f i AudioInput.obj
 0001:000043c0       ?GetAt@?$CArray@UsMuteLine@CInputLine@CMixerDevice@CAudioInput@@U1234@@@QAEAAUsMuteLine@CInputLine@CMixerDevice@CAudioInput@@H@Z 004053c0 f i AudioInput.obj
 0001:00004420       ?SetAt@?$CArray@UsMuteLine@CInputLine@CMixerDevice@CAudioInput@@U1234@@@QAEXHUsMuteLine@CInputLine@CMixerDevice@CAudioInput@@@Z 00405420 f i AudioInput.obj
 0001:00004490       ?Add@?$CArray@UsMuteLine@CInputLine@CMixerDevice@CAudioInput@@U1234@@@QAEHUsMuteLine@CInputLine@CMixerDevice@CAudioInput@@@Z 00405490 f i AudioInput.obj
 0001:000044d0       ?Serialize@?$CArray@UsMuteLine@CInputLine@CMixerDevice@CAudioInput@@U1234@@@UAEXAAVCArchive@@@Z 004054d0 f i AudioInput.obj
 0001:00004550       ?Dump@?$CArray@UsMuteLine@CInputLine@CMixerDevice@CAudioInput@@U1234@@@UBEXAAVCDumpContext@@@Z 00405550 f i AudioInput.obj
 0001:000045d0       ?AssertValid@?$CArray@UsMuteLine@CInputLine@CMixerDevice@CAudioInput@@U1234@@@UBEXXZ 004055d0 f i AudioInput.obj
 0001:000046c0       ??_G?$CArray@PAVCInputLine@CMixerDevice@CAudioInput@@PAV123@@@UAEPAXI@Z 004056c0 f i AudioInput.obj
 0001:000046c0       ??_E?$CArray@PAVCInputLine@CMixerDevice@CAudioInput@@PAV123@@@UAEPAXI@Z 004056c0 f i AudioInput.obj
 0001:000046f0       ??_E?$CArray@PAVCPhysicalDevice@CMixerDevice@CAudioInput@@PAV123@@@UAEPAXI@Z 004056f0 f i AudioInput.obj
 0001:000046f0       ??_G?$CArray@PAVCPhysicalDevice@CMixerDevice@CAudioInput@@PAV123@@@UAEPAXI@Z 004056f0 f i AudioInput.obj
 0001:00004720       ??_E?$CArray@PAVCMixerDevice@CAudioInput@@PAV12@@@UAEPAXI@Z 00405720 f i AudioInput.obj
 0001:00004720       ??_G?$CArray@PAVCMixerDevice@CAudioInput@@PAV12@@@UAEPAXI@Z 00405720 f i AudioInput.obj
 0001:00004750       ??_G?$CArray@UsMuteLine@CInputLine@CMixerDevice@CAudioInput@@U1234@@@UAEPAXI@Z 00405750 f i AudioInput.obj
 0001:00004750       ??_E?$CArray@UsMuteLine@CInputLine@CMixerDevice@CAudioInput@@U1234@@@UAEPAXI@Z 00405750 f i AudioInput.obj
 0001:00004780       ??1?$CArray@UsMuteLine@CInputLine@CMixerDevice@CAudioInput@@U1234@@@UAE@XZ 00405780 f i AudioInput.obj
 0001:00004820       ?SetSize@?$CArray@PAVCInputLine@CMixerDevice@CAudioInput@@PAV123@@@QAEXHH@Z 00405820 f i AudioInput.obj
 0001:00004c30       ??2@YAPAXIPAX@Z            00405c30 f i AudioInput.obj
 0001:00004c40       ?SetAtGrow@?$CArray@PAVCInputLine@CMixerDevice@CAudioInput@@PAV123@@@QAEXHPAVCInputLine@CMixerDevice@CAudioInput@@@Z 00405c40 f i AudioInput.obj
 0001:00004cb0       ??$SerializeElements@PAVCInputLine@CMixerDevice@CAudioInput@@@@YGXAAVCArchive@@PAPAVCInputLine@CMixerDevice@CAudioInput@@H@Z 00405cb0 f i AudioInput.obj
 0001:00004db0       ??$DumpElements@PAVCInputLine@CMixerDevice@CAudioInput@@@@YGXAAVCDumpContext@@PBQAVCInputLine@CMixerDevice@CAudioInput@@H@Z 00405db0 f i AudioInput.obj
 0001:00004df0       ?SetSize@?$CArray@PAVCPhysicalDevice@CMixerDevice@CAudioInput@@PAV123@@@QAEXHH@Z 00405df0 f i AudioInput.obj
 0001:00005200       ?SetAtGrow@?$CArray@PAVCPhysicalDevice@CMixerDevice@CAudioInput@@PAV123@@@QAEXHPAVCPhysicalDevice@CMixerDevice@CAudioInput@@@Z 00406200 f i AudioInput.obj
 0001:00005270       ??$SerializeElements@PAVCPhysicalDevice@CMixerDevice@CAudioInput@@@@YGXAAVCArchive@@PAPAVCPhysicalDevice@CMixerDevice@CAudioInput@@H@Z 00406270 f i AudioInput.obj
 0001:00005370       ??$DumpElements@PAVCPhysicalDevice@CMixerDevice@CAudioInput@@@@YGXAAVCDumpContext@@PBQAVCPhysicalDevice@CMixerDevice@CAudioInput@@H@Z 00406370 f i AudioInput.obj
 0001:000053b0       ?SetSize@?$CArray@PAVCMixerDevice@CAudioInput@@PAV12@@@QAEXHH@Z 004063b0 f i AudioInput.obj
 0001:000057c0       ?SetAtGrow@?$CArray@PAVCMixerDevice@CAudioInput@@PAV12@@@QAEXHPAVCMixerDevice@CAudioInput@@@Z 004067c0 f i AudioInput.obj
 0001:00005830       ??$SerializeElements@PAVCMixerDevice@CAudioInput@@@@YGXAAVCArchive@@PAPAVCMixerDevice@CAudioInput@@H@Z 00406830 f i AudioInput.obj
 0001:00005930       ??$DumpElements@PAVCMixerDevice@CAudioInput@@@@YGXAAVCDumpContext@@PBQAVCMixerDevice@CAudioInput@@H@Z 00406930 f i AudioInput.obj
 0001:00005970       ?SetSize@?$CArray@UsMuteLine@CInputLine@CMixerDevice@CAudioInput@@U1234@@@QAEXHH@Z 00406970 f i AudioInput.obj
 0001:00005d80       ?SetAtGrow@?$CArray@UsMuteLine@CInputLine@CMixerDevice@CAudioInput@@U1234@@@QAEXHUsMuteLine@CInputLine@CMixerDevice@CAudioInput@@@Z 00406d80 f i AudioInput.obj
 0001:00005e00       ??$SerializeElements@UsMuteLine@CInputLine@CMixerDevice@CAudioInput@@@@YGXAAVCArchive@@PAUsMuteLine@CInputLine@CMixerDevice@CAudioInput@@H@Z 00406e00 f i AudioInput.obj
 0001:00005f00       ??$DumpElements@UsMuteLine@CInputLine@CMixerDevice@CAudioInput@@@@YGXAAVCDumpContext@@PBUsMuteLine@CInputLine@CMixerDevice@CAudioInput@@H@Z 00406f00 f i AudioInput.obj
 0001:00005f40       ??0CDefVolumeDlg@@QAE@PAVCWnd@@@Z 00406f40 f   DefVolumeDlg.obj
 0001:00006060       ?DoDataExchange@CDefVolumeDlg@@MAEXPAVCDataExchange@@@Z 00407060 f   DefVolumeDlg.obj
 0001:00006140       ?GetThisMessageMap@CDefVolumeDlg@@KGPBUAFX_MSGMAP@@XZ 00407140 f   DefVolumeDlg.obj
 0001:00006150       ?GetMessageMap@CDefVolumeDlg@@MBEPBUAFX_MSGMAP@@XZ 00407150 f   DefVolumeDlg.obj
 0001:00006160       ?OnHScroll@CDefVolumeDlg@@IAEXIIPAVCScrollBar@@@Z 00407160 f   DefVolumeDlg.obj
 0001:000062b0       ?OnInitDialog@CDefVolumeDlg@@MAEHXZ 004072b0 f   DefVolumeDlg.obj
 0001:00006460       ?ChangeEdt@CDefVolumeDlg@@IAEHHPAVCEdit@@PAVCSliderCtrl@@@Z 00407460 f   DefVolumeDlg.obj
 0001:000065c0       ?OnChangeEdtMic@CDefVolumeDlg@@IAEXXZ 004075c0 f   DefVolumeDlg.obj
 0001:00006600       ?OnChangeEdtLin@CDefVolumeDlg@@IAEXXZ 00407600 f   DefVolumeDlg.obj
 0001:00006640       ?OnChangeEdtAux@CDefVolumeDlg@@IAEXXZ 00407640 f   DefVolumeDlg.obj
 0001:00006680       ?OnChangeEdtAnl@CDefVolumeDlg@@IAEXXZ 00407680 f   DefVolumeDlg.obj
 0001:000066c0       ?GetDefaultVolumeValues@CDefVolumeDlg@@IAEXXZ 004076c0 f   DefVolumeDlg.obj
 0001:00006730       ?OnOK@CDefVolumeDlg@@MAEXXZ 00407730 f   DefVolumeDlg.obj
 0001:000067a0       ??_GCDefVolumeDlg@@UAEPAXI@Z 004077a0 f i DefVolumeDlg.obj
 0001:000067a0       ??_ECDefVolumeDlg@@UAEPAXI@Z 004077a0 f i DefVolumeDlg.obj
 0001:000067d0       ??1CDefVolumeDlg@@UAE@XZ   004077d0 f i DefVolumeDlg.obj
 0001:000068a0       ??0CDynamicLED@@QAE@XZ     004078a0 f   DynamicLED.obj
 0001:00006980       ??1CDynamicLED@@UAE@XZ     00407980 f   DynamicLED.obj
 0001:00006a50       ?GetThisMessageMap@CDynamicLED@@KGPBUAFX_MSGMAP@@XZ 00407a50 f   DynamicLED.obj
 0001:00006a60       ?GetMessageMap@CDynamicLED@@MBEPBUAFX_MSGMAP@@XZ 00407a60 f   DynamicLED.obj
 0001:00006a70       ?InitLed@CDynamicLED@@QAEXPAVCWnd@@II@Z 00407a70 f   DynamicLED.obj
 0001:00006b30       ?OnPaint@CDynamicLED@@IAEXXZ 00407b30 f   DynamicLED.obj
 0001:00006bb0       ?OnTimer@CDynamicLED@@IAEXI@Z 00407bb0 f   DynamicLED.obj
 0001:00006c60       ?Switch@CDynamicLED@@AAEXH@Z 00407c60 f   DynamicLED.obj
 0001:00006d30       ?SwitchOn@CDynamicLED@@QAEXXZ 00407d30 f   DynamicLED.obj
 0001:00006d50       ?SwitchOff@CDynamicLED@@QAEXXZ 00407d50 f   DynamicLED.obj
 0001:00006d70       ?Blink@CDynamicLED@@QAEXH@Z 00407d70 f   DynamicLED.obj
 0001:00006df0       ?SetLedBright@CDynamicLED@@AAEHHH@Z 00407df0 f   DynamicLED.obj
 0001:00006ef0       ?SetPenBrush@CDynamicLED@@AAEXXZ 00407ef0 f   DynamicLED.obj
 0001:000070c0       ?DrawRoundLed@CDynamicLED@@AAEXVCRect@@@Z 004080c0 f   DynamicLED.obj
 0001:000072c0       ?DrawSquareLed@CDynamicLED@@AAEXVCRect@@@Z 004082c0 f   DynamicLED.obj
 0001:00007400       ??_GCDynamicLED@@UAEPAXI@Z 00408400 f i DynamicLED.obj
 0001:00007400       ??_ECDynamicLED@@UAEPAXI@Z 00408400 f i DynamicLED.obj
 0001:00007430       ??0CLogAudioHdrs@@QAE@XZ   00408430 f   LogAudioHdrs.obj
 0001:00007480       ??1CLogAudioHdrs@@UAE@XZ   00408480 f   LogAudioHdrs.obj
 0001:000074a0       ?UpdateControls@CLogAudioHdrs@@MAEXXZ 004084a0 f   LogAudioHdrs.obj
 0001:00007580       ?PostMessageStop@CLogAudioHdrs@@MAEXXZ 00408580 f   LogAudioHdrs.obj
 0001:000075b0       ?PostMessageStart@CLogAudioHdrs@@MAEXXZ 004085b0 f   LogAudioHdrs.obj
 0001:000075e0       ?PostMessageCancel@CLogAudioHdrs@@MAEXXZ 004085e0 f   LogAudioHdrs.obj
 0001:00007610       ?SppLoggerStop@CLogAudioHdrs@@MAEHXZ 00408610 f   LogAudioHdrs.obj
 0001:00007620       ?SppLoggerStart@CLogAudioHdrs@@MAEHPAD@Z 00408620 f   LogAudioHdrs.obj
 0001:00007640       ?SppLoggerStat@CLogAudioHdrs@@MAEHPAH@Z 00408640 f   LogAudioHdrs.obj
 0001:00007660       ??_GCLogAudioHdrs@@UAEPAXI@Z 00408660 f i LogAudioHdrs.obj
 0001:00007660       ??_ECLogAudioHdrs@@UAEPAXI@Z 00408660 f i LogAudioHdrs.obj
 0001:00007690       ??0CLogFmsConn@@QAE@XZ     00408690 f   LogFmsConn.obj
 0001:000076f0       ??1CLogFmsConn@@UAE@XZ     004086f0 f   LogFmsConn.obj
 0001:00007710       ?UpdateControls@CLogFmsConn@@MAEXXZ 00408710 f   LogFmsConn.obj
 0001:000077f0       ?PostMessageStop@CLogFmsConn@@MAEXXZ 004087f0 f   LogFmsConn.obj
 0001:00007820       ?PostMessageStart@CLogFmsConn@@MAEXXZ 00408820 f   LogFmsConn.obj
 0001:00007850       ?PostMessageCancel@CLogFmsConn@@MAEXXZ 00408850 f   LogFmsConn.obj
 0001:00007880       ?SppLoggerStop@CLogFmsConn@@MAEHXZ 00408880 f   LogFmsConn.obj
 0001:000078a0       ?SppLoggerStart@CLogFmsConn@@MAEHPAD@Z 004088a0 f   LogFmsConn.obj
 0001:000078c0       ??_GCLogFmsConn@@UAEPAXI@Z 004088c0 f i LogFmsConn.obj
 0001:000078c0       ??_ECLogFmsConn@@UAEPAXI@Z 004088c0 f i LogFmsConn.obj
 0001:000078f0       ??0CLogPulse@@QAE@XZ       004088f0 f   LogPulses.obj
 0001:00007940       ??1CLogPulse@@UAE@XZ       00408940 f   LogPulses.obj
 0001:00007960       ?UpdateControls@CLogPulse@@MAEXXZ 00408960 f   LogPulses.obj
 0001:00007a40       ?PostMessageStop@CLogPulse@@MAEXXZ 00408a40 f   LogPulses.obj
 0001:00007a70       ?PostMessageStart@CLogPulse@@MAEXXZ 00408a70 f   LogPulses.obj
 0001:00007aa0       ?PostMessageCancel@CLogPulse@@MAEXXZ 00408aa0 f   LogPulses.obj
 0001:00007ad0       ?SppLoggerStop@CLogPulse@@MAEHXZ 00408ad0 f   LogPulses.obj
 0001:00007ae0       ?SppLoggerStart@CLogPulse@@MAEHPAD@Z 00408ae0 f   LogPulses.obj
 0001:00007b00       ?SppLoggerStat@CLogPulse@@MAEHPAH@Z 00408b00 f   LogPulses.obj
 0001:00007b20       ??_ECLogPulse@@UAEPAXI@Z   00408b20 f i LogPulses.obj
 0001:00007b20       ??_GCLogPulse@@UAEPAXI@Z   00408b20 f i LogPulses.obj
 0001:00007b50       ??0CLogRawPulse@@QAE@XZ    00408b50 f   LogRawPulse.obj
 0001:00007bb0       ??1CLogRawPulse@@UAE@XZ    00408bb0 f   LogRawPulse.obj
 0001:00007bd0       ?UpdateControls@CLogRawPulse@@MAEXXZ 00408bd0 f   LogRawPulse.obj
 0001:00007cb0       ?PostMessageStop@CLogRawPulse@@MAEXXZ 00408cb0 f   LogRawPulse.obj
 0001:00007ce0       ?PostMessageStart@CLogRawPulse@@MAEXXZ 00408ce0 f   LogRawPulse.obj
 0001:00007d10       ?PostMessageCancel@CLogRawPulse@@MAEXXZ 00408d10 f   LogRawPulse.obj
 0001:00007d40       ?SppLoggerStop@CLogRawPulse@@MAEHXZ 00408d40 f   LogRawPulse.obj
 0001:00007d50       ?SppLoggerStart@CLogRawPulse@@MAEHPAD@Z 00408d50 f   LogRawPulse.obj
 0001:00007d70       ?SppLoggerStat@CLogRawPulse@@MAEHPAH@Z 00408d70 f   LogRawPulse.obj
 0001:00007d90       ??_GCLogRawPulse@@UAEPAXI@Z 00408d90 f i LogRawPulse.obj
 0001:00007d90       ??_ECLogRawPulse@@UAEPAXI@Z 00408d90 f i LogRawPulse.obj
 0001:00007dc0       ?_GetBaseClass@CScanInputs@@KGPAUCRuntimeClass@@XZ 00408dc0 f   ScanInputs.obj
 0001:00007dd0       ?GetThisClass@CScanInputs@@SGPAUCRuntimeClass@@XZ 00408dd0 f   ScanInputs.obj
 0001:00007de0       ?GetRuntimeClass@CScanInputs@@UBEPAUCRuntimeClass@@XZ 00408de0 f   ScanInputs.obj
 0001:00007df0       ??0CScanInputs@@QAE@PAVCWnd@@@Z 00408df0 f   ScanInputs.obj
 0001:00007f50       ??1CScanInputs@@UAE@XZ     00408f50 f   ScanInputs.obj
 0001:00007fb0       ?DoDataExchange@CScanInputs@@MAEXPAVCDataExchange@@@Z 00408fb0 f   ScanInputs.obj
 0001:00007fe0       ?GetThisMessageMap@CScanInputs@@KGPBUAFX_MSGMAP@@XZ 00408fe0 f   ScanInputs.obj
 0001:00007ff0       ?GetMessageMap@CScanInputs@@MBEPBUAFX_MSGMAP@@XZ 00408ff0 f   ScanInputs.obj
 0001:00008000       ?OnBnClickedCancel@CScanInputs@@QAEXXZ 00409000 f   ScanInputs.obj
 0001:000080a0       ?OnBnClickedScan@CScanInputs@@QAEXXZ 004090a0 f   ScanInputs.obj
 0001:00008200       ?OnBnClickedSaveLog@CScanInputs@@QAEXXZ 00409200 f   ScanInputs.obj
 0001:00008210       ?LogAudioLevel@CScanInputs@@IAEXHHH@Z 00409210 f   ScanInputs.obj
 0001:000083b0       ?ScanModulationTypes@CScanInputs@@IAEHXZ 004093b0 f   ScanInputs.obj
 0001:00008460       ?LogModulation@CScanInputs@@IAEXHH@Z 00409460 f   ScanInputs.obj
 0001:000085a0       ??_ECScanInputs@@UAEPAXI@Z 004095a0 f i ScanInputs.obj
 0001:000085a0       ??_GCScanInputs@@UAEPAXI@Z 004095a0 f i ScanInputs.obj
 0001:000085d0       ??HATL@@YA?AV?$CStringT@DV?$StrTraitMFC_DLL@DV?$ChTraitsCRT@D@ATL@@@@@0@ABV10@0@Z 004095d0 f i ScanInputs.obj
 0001:00008680       ?GetThisMessageMap@CSppConsoleApp@@KGPBUAFX_MSGMAP@@XZ 00409680 f   SppConsole.obj
 0001:00008690       ?GetMessageMap@CSppConsoleApp@@MBEPBUAFX_MSGMAP@@XZ 00409690 f   SppConsole.obj
 0001:000086a0       ??0CSppConsoleApp@@QAE@XZ  004096a0 f   SppConsole.obj
 0001:000086d0       ?InitInstance@CSppConsoleApp@@UAEHXZ 004096d0 f   SppConsole.obj
 0001:00008780       ?doStartIconified@CSppConsoleApp@@IAE_NXZ 00409780 f   SppConsole.obj
 0001:000087e0       ?OnAbout@CSppConsoleApp@@QAEXXZ 004097e0 f   SppConsole.obj
 0001:00008850       ??_ECSppConsoleApp@@UAEPAXI@Z 00409850 f i SppConsole.obj
 0001:00008850       ??_GCSppConsoleApp@@UAEPAXI@Z 00409850 f i SppConsole.obj
 0001:00008880       ??1CSppConsoleApp@@UAE@XZ  00409880 f i SppConsole.obj
 0001:000088a0       ??1CSppConsoleDlg@@UAE@XZ  004098a0 f i SppConsole.obj
 0001:00008930       ??0CSppConsoleDlg@@QAE@PAVCWnd@@@Z 00409930 f   SppConsoleDlg.obj
 0001:00008ad0       ?DoDataExchange@CSppConsoleDlg@@MAEXPAVCDataExchange@@@Z 00409ad0 f   SppConsoleDlg.obj
 0001:00008c40       ?GetThisMessageMap@CSppConsoleDlg@@KGPBUAFX_MSGMAP@@XZ 00409c40 f   SppConsoleDlg.obj
 0001:00008c50       ?GetMessageMap@CSppConsoleDlg@@MBEPBUAFX_MSGMAP@@XZ 00409c50 f   SppConsoleDlg.obj
 0001:00008c60       ?GetDllVersion@@YAKPBD@Z   00409c60 f   SppConsoleDlg.obj
 0001:00008cf0       ?ThreeBeeps@@YAXXZ         00409cf0 f   SppConsoleDlg.obj
 0001:00008d50       ?OneBeep@@YAXXZ            00409d50 f   SppConsoleDlg.obj
 0001:00008d80       ?OnInitDialog@CSppConsoleDlg@@MAEHXZ 00409d80 f   SppConsoleDlg.obj
 0001:00009220       ?OnDestroy@CSppConsoleDlg@@IAEXXZ 0040a220 f   SppConsoleDlg.obj
 0001:000092d0       ?OnPaint@CSppConsoleDlg@@IAEXXZ 0040a2d0 f   SppConsoleDlg.obj
 0001:00009410       ?OnQueryDragIcon@CSppConsoleDlg@@IAEPAUHICON__@@XZ 0040a410 f   SppConsoleDlg.obj
 0001:00009430       ?SomethingChanged@CSppConsoleDlg@@QAEXXZ 0040a430 f   SppConsoleDlg.obj
 0001:00009470       ?OnSelchangeModType@CSppConsoleDlg@@IAEXXZ 0040a470 f   SppConsoleDlg.obj
 0001:000095c0       ?GetModeTypeCtrl@CSppConsoleDlg@@QAEPAVCWnd@@XZ 0040a5c0 f   SppConsoleDlg.obj
 0001:000095e0       ?OnShiftAuto@CSppConsoleDlg@@IAEXXZ 0040a5e0 f   SppConsoleDlg.obj
 0001:00009680       ?GetShiftAutoCtrl@CSppConsoleDlg@@QAEPAVCWnd@@XZ 0040a680 f   SppConsoleDlg.obj
 0001:000096a0       ?OnShiftPos@CSppConsoleDlg@@IAEXXZ 0040a6a0 f   SppConsoleDlg.obj
 0001:000096c0       ?GetShiftPosCtrl@CSppConsoleDlg@@QAEPAVCWnd@@XZ 0040a6c0 f   SppConsoleDlg.obj
 0001:000096e0       ?OnShiftNeg@CSppConsoleDlg@@IAEXXZ 0040a6e0 f   SppConsoleDlg.obj
 0001:00009700       ?OnHide@CSppConsoleDlg@@IAEXXZ 0040a700 f   SppConsoleDlg.obj
 0001:00009730       ?OnShow@CSppConsoleDlg@@IAEXXZ 0040a730 f   SppConsoleDlg.obj
 0001:00009760       ?PopulateModulation@CSppConsoleDlg@@IAEHXZ 0040a760 f   SppConsoleDlg.obj
 0001:000098b0       ?ShowShiftRB@CSppConsoleDlg@@IAEX_N@Z 0040a8b0 f   SppConsoleDlg.obj
 0001:00009960       ?TaskBarAddIcon@CSppConsoleDlg@@IAEHIPAUHICON__@@PAD@Z 0040a960 f   SppConsoleDlg.obj
 0001:00009b40       ?TaskBarDelIcon@CSppConsoleDlg@@IAEHI@Z 0040ab40 f   SppConsoleDlg.obj
 0001:00009ba0       ?TaskBarIconBaloon@CSppConsoleDlg@@IAEHIPBD0@Z 0040aba0 f   SppConsoleDlg.obj
 0001:00009cc0       ?TaskBarIconToolTip@CSppConsoleDlg@@IAEHIPBD@Z 0040acc0 f   SppConsoleDlg.obj
 0001:00009d50       ?StartIconified@CSppConsoleDlg@@QAEX_N@Z 0040ad50 f   SppConsoleDlg.obj
 0001:00009d70       ?OnStatusAreaMessage@CSppConsoleDlg@@IAEJIJ@Z 0040ad70 f   SppConsoleDlg.obj
 0001:00009dd0       ?OnMixerLineChange@CSppConsoleDlg@@AAEJIJ@Z 0040add0 f   SppConsoleDlg.obj
 0001:00009de0       ?OnMixerControlChange@CSppConsoleDlg@@AAEJIJ@Z 0040ade0 f   SppConsoleDlg.obj
 0001:00009e60       ?ShowTrayIconMenu@CSppConsoleDlg@@IAEXI@Z 0040ae60 f   SppConsoleDlg.obj
 0001:00009fc0       ?OnWindowPosChanging@CSppConsoleDlg@@IAEXPAUtagWINDOWPOS@@@Z 0040afc0 f   SppConsoleDlg.obj
 0001:0000a000       ?OnInterSppConsole@CSppConsoleDlg@@IAEJIJ@Z 0040b000 f   SppConsoleDlg.obj
 0001:0000a030       ?OnInterSppApps@CSppConsoleDlg@@IAEJIJ@Z 0040b030 f   SppConsoleDlg.obj
 0001:0000a490       ?OnOK@CSppConsoleDlg@@MAEXXZ 0040b490 f   SppConsoleDlg.obj
 0001:0000a4e0       ?OnCancel@CSppConsoleDlg@@MAEXXZ 0040b4e0 f   SppConsoleDlg.obj
 0001:0000a500       ?isDllActive@CSppConsoleDlg@@IAE_NXZ 0040b500 f   SppConsoleDlg.obj
 0001:0000a550       ?GetStatusString@CSppConsoleDlg@@QAE?AV?$CStringT@DV?$StrTraitMFC_DLL@DV?$ChTraitsCRT@D@ATL@@@@@ATL@@XZ 0040b550 f   SppConsoleDlg.obj
 0001:0000a850       ?OnToolTipNotify@CSppConsoleDlg@@IAEHIPAUtagNMHDR@@PAJ@Z 0040b850 f   SppConsoleDlg.obj
 0001:0000a8c0       ?GetFmsStatusString@CSppConsoleDlg@@IAEHAAV?$CStringT@DV?$StrTraitMFC_DLL@DV?$ChTraitsCRT@D@ATL@@@@@ATL@@@Z 0040b8c0 f   SppConsoleDlg.obj
 0001:0000ab30       ?PopulateAudioSource@CSppConsoleDlg@@IAEXXZ 0040bb30 f   SppConsoleDlg.obj
 0001:0000ac20       ?GetMixerDeviceCtrl@CSppConsoleDlg@@QAEPAVCWnd@@XZ 0040bc20 f   SppConsoleDlg.obj
 0001:0000ac40       ?PopulateInputLines@CSppConsoleDlg@@IAEXXZ 0040bc40 f   SppConsoleDlg.obj
 0001:0000ad20       ?GetAudioLinesCtrl@CSppConsoleDlg@@QAEPAVCWnd@@XZ 0040bd20 f   SppConsoleDlg.obj
 0001:0000ad40       ?OnSelchangeMixerdevice@CSppConsoleDlg@@IAEXXZ 0040bd40 f   SppConsoleDlg.obj
 0001:0000ae10       ?OnSelchangeAudioSrc@CSppConsoleDlg@@IAEXXZ 0040be10 f   SppConsoleDlg.obj
 0001:0000aee0       ?OnEnableAudio@CSppConsoleDlg@@IAEXXZ 0040bee0 f   SppConsoleDlg.obj
 0001:0000af50       ?EnableAudio@CSppConsoleDlg@@IAEXH@Z 0040bf50 f   SppConsoleDlg.obj
 0001:0000b0b0       ?GetCurrentMixerDevice@CSppConsoleDlg@@IAEHXZ 0040c0b0 f   SppConsoleDlg.obj
 0001:0000b120       ?GetCurrentInputLine@CSppConsoleDlg@@IAEHXZ 0040c120 f   SppConsoleDlg.obj
 0001:0000b160       ?GetSavedCurrentInputLine@CSppConsoleDlg@@IAE_NPAI@Z 0040c160 f   SppConsoleDlg.obj
 0001:0000b1d0       ?GetCurrentInputLineFromSystem@CSppConsoleDlg@@IAE_NPAI@Z 0040c1d0 f   SppConsoleDlg.obj
 0001:0000b230       ?SetCurrentMixerDevice@CSppConsoleDlg@@IAEXI@Z 0040c230 f   SppConsoleDlg.obj
 0001:0000b280       ?SetCurrentInputLine@CSppConsoleDlg@@IAEXH@Z 0040c280 f   SppConsoleDlg.obj
 0001:0000b300       ?GetCheckAudioCtrl@CSppConsoleDlg@@QAEPAVCWnd@@XZ 0040c300 f   SppConsoleDlg.obj
 0001:0000b320       ?CheckAudioCB@CSppConsoleDlg@@IAEXXZ 0040c320 f   SppConsoleDlg.obj
 0001:0000b350       ?OnSetCursor@CSppConsoleDlg@@IAEHPAVCWnd@@II@Z 0040c350 f   SppConsoleDlg.obj
 0001:0000b3e0       ?HearTx@CSppConsoleDlg@@IAEX_N@Z 0040c3e0 f   SppConsoleDlg.obj
 0001:0000b4b0       ?OnSelSrc@CSppConsoleDlg@@IAEXXZ 0040c4b0 f   SppConsoleDlg.obj
 0001:0000b640       ?OnAudioDst@CSppConsoleDlg@@IAEXXZ 0040c640 f   SppConsoleDlg.obj
 0001:0000b7d0       ?OnAudioVol@CSppConsoleDlg@@IAEXXZ 0040c7d0 f   SppConsoleDlg.obj
 0001:0000b860       ?OnAudioPrint@CSppConsoleDlg@@IAEXXZ 0040c860 f   SppConsoleDlg.obj
 0001:0000b980       ?PpJoyExShowCtrl@CSppConsoleDlg@@IAEXXZ 0040c980 f   SppConsoleDlg.obj
 0001:0000b9c0       ?OnPpjoyex@CSppConsoleDlg@@IAEXXZ 0040c9c0 f   SppConsoleDlg.obj
 0001:0000bac0       ?UpdateFilterMenu@CSppConsoleDlg@@IAEXXZ 0040cac0 f   SppConsoleDlg.obj
 0001:0000bda0       ?OnFilterSelect@CSppConsoleDlg@@IAEXI@Z 0040cda0 f   SppConsoleDlg.obj
 0001:0000bf20       ?OnHideMsg@CSppConsoleDlg@@AAEJIJ@Z 0040cf20 f   SppConsoleDlg.obj
 0001:0000bf40       ?LocateDialogWindow@CSppConsoleDlg@@IAEHXZ 0040cf40 f   SppConsoleDlg.obj
 0001:0000bfc0       ?StoreLocationDialogWindow@CSppConsoleDlg@@IAEHXZ 0040cfc0 f   SppConsoleDlg.obj
 0001:0000bff0       ?OnTimer@CSppConsoleDlg@@QAEXI@Z 0040cff0 f   SppConsoleDlg.obj
 0001:0000c100       ?InitJoyPosBars@CSppConsoleDlg@@IAEXXZ 0040d100 f   SppConsoleDlg.obj
 0001:0000c190       ?SetJoyPosBars@CSppConsoleDlg@@IAEXPAH@Z 0040d190 f   SppConsoleDlg.obj
 0001:0000c280       ?OnWaveRec@CSppConsoleDlg@@IAEXXZ 0040d280 f   SppConsoleDlg.obj
 0001:0000c360       ?OnWaveRecStart@CSppConsoleDlg@@AAEJIJ@Z 0040d360 f   SppConsoleDlg.obj
 0001:0000c3c0       ?OnWaveRecStop@CSppConsoleDlg@@AAEJIJ@Z 0040d3c0 f   SppConsoleDlg.obj
 0001:0000c420       ?OnWaveRecCancel@CSppConsoleDlg@@AAEJIJ@Z 0040d420 f   SppConsoleDlg.obj
 0001:0000c440       ?OnAdvancedJitter@CSppConsoleDlg@@QAEXXZ 0040d440 f   SppConsoleDlg.obj
 0001:0000c460       ?InitJitterStatus@CSppConsoleDlg@@IAEXXZ 0040d460 f   SppConsoleDlg.obj
 0001:0000c4c0       ?UpdateJitterStatus@CSppConsoleDlg@@IAEXHH@Z 0040d4c0 f   SppConsoleDlg.obj
 0001:0000c6d0       ?UpdateFmsMenuItem@CSppConsoleDlg@@IAEXH@Z 0040d6d0 f   SppConsoleDlg.obj
 0001:0000c7f0       ?OnRunFms@CSppConsoleDlg@@QAEXXZ 0040d7f0 f   SppConsoleDlg.obj
 0001:0000c910       ?OnSysCommand@CSppConsoleDlg@@QAEXIJ@Z 0040d910 f   SppConsoleDlg.obj
 0001:0000c940       ?OnLogAudioHdrs@CSppConsoleDlg@@QAEXXZ 0040d940 f   SppConsoleDlg.obj
 0001:0000ca20       ?OnLogAudioHdrsCancel@CSppConsoleDlg@@AAEJIJ@Z 0040da20 f   SppConsoleDlg.obj
 0001:0000ca40       ?OnLogPulse@CSppConsoleDlg@@QAEXXZ 0040da40 f   SppConsoleDlg.obj
 0001:0000cb80       ?OnLogPulseCancel@CSppConsoleDlg@@AAEJIJ@Z 0040db80 f   SppConsoleDlg.obj
 0001:0000cba0       ?OnLogFmsConn@CSppConsoleDlg@@QAEXXZ 0040dba0 f   SppConsoleDlg.obj
 0001:0000ccc0       ?OnFmsConnStart@CSppConsoleDlg@@AAEJIJ@Z 0040dcc0 f   SppConsoleDlg.obj
 0001:0000cf70       ?OnFmsConnStop@CSppConsoleDlg@@AAEJIJ@Z 0040df70 f   SppConsoleDlg.obj
 0001:0000d0c0       ?OnFmsConnCancel@CSppConsoleDlg@@AAEJIJ@Z 0040e0c0 f   SppConsoleDlg.obj
 0001:0000d0e0       ?OnLogRawPulse@CSppConsoleDlg@@QAEXXZ 0040e0e0 f   SppConsoleDlg.obj
 0001:0000d200       ?OnRawPulseCancel@CSppConsoleDlg@@AAEJIJ@Z 0040e200 f   SppConsoleDlg.obj
 0001:0000d220       ?OnBnClickedScandlg@CSppConsoleDlg@@QAEXXZ 0040e220 f   SppConsoleDlg.obj
 0001:0000d2f0       ?GetAudioLevel@CSppConsoleDlg@@QAEHXZ 0040e2f0 f   SppConsoleDlg.obj
 0001:0000d320       ?GetNumJoystickPos@CSppConsoleDlg@@QAEHXZ 0040e320 f   SppConsoleDlg.obj
 0001:0000d360       ??_GCSppConsoleDlg@@UAEPAXI@Z 0040e360 f i SppConsoleDlg.obj
 0001:0000d360       ??_ECSppConsoleDlg@@UAEPAXI@Z 0040e360 f i SppConsoleDlg.obj
 0001:0000d390       ?GetWindowInfo@CWnd@@QBEHPAUtagWINDOWINFO@@@Z 0040e390 f i SppConsoleDlg.obj
 0001:0000d3d0       ?_GetBaseClass@CStaticLink@@KGPAUCRuntimeClass@@XZ 0040e3d0 f   StatLink.obj
 0001:0000d3e0       ?GetThisClass@CStaticLink@@SGPAUCRuntimeClass@@XZ 0040e3e0 f   StatLink.obj
 0001:0000d3f0       ?GetRuntimeClass@CStaticLink@@UBEPAUCRuntimeClass@@XZ 0040e3f0 f   StatLink.obj
 0001:0000d400       ?GetThisMessageMap@CStaticLink@@KGPBUAFX_MSGMAP@@XZ 0040e400 f   StatLink.obj
 0001:0000d410       ?GetMessageMap@CStaticLink@@MBEPBUAFX_MSGMAP@@XZ 0040e410 f   StatLink.obj
 0001:0000d420       ??0CStaticLink@@QAE@XZ     0040e420 f   StatLink.obj
 0001:0000d4b0       ?CtlColor@CStaticLink@@QAEPAUHBRUSH__@@PAVCDC@@I@Z 0040e4b0 f   StatLink.obj
 0001:0000d5d0       ?OnClicked@CStaticLink@@QAEXXZ 0040e5d0 f   StatLink.obj
 0001:0000d680       ?SetDefaultCursor@CStaticLink@@QAEXXZ 0040e680 f   StatLink.obj
 0001:0000d760       ?OnSetCursor@CStaticLink@@QAEHPAVCWnd@@II@Z 0040e760 f   StatLink.obj
 0001:0000d790       ?SetLink@CStaticLink@@QAE?AV?$CStringT@DV?$StrTraitMFC_DLL@DV?$ChTraitsCRT@D@ATL@@@@@ATL@@V23@@Z 0040e790 f   StatLink.obj
 0001:0000d880       ??_ECStaticLink@@UAEPAXI@Z 0040e880 f i StatLink.obj
 0001:0000d880       ??_GCStaticLink@@UAEPAXI@Z 0040e880 f i StatLink.obj
 0001:0000d8b0       ??0CTraceFileAndLineInfo@ATL@@QAE@PBDH@Z 0040e8b0 f i StatLink.obj
 0001:0000d8e0       ??RCTraceFileAndLineInfo@ATL@@QBAXPBDZZ 0040e8e0 f i StatLink.obj
 0001:0000d930       ?TraceV@CTrace@ATL@@QBAXPBDHKI0PAD@Z 0040e930 f i StatLink.obj
 0001:0000d960       ??BCTraceCategory@ATL@@QBEKXZ 0040e960 f i StatLink.obj
 0001:0000d970       ?GetEnvironmentVariableWThunk@ATL@@YGKPBGPAGK@Z 0040e970 f i StdAfx.obj
 0001:0000d9b0       ?_AtlInstallStringThunk@ATL@@YAXPAPAXPAX1@Z 0040e9b0 f i StdAfx.obj
 0001:0000da10       ?GetEnvironmentVariableWFake@ATL@@YGKPBGPAGK@Z 0040ea10 f i StdAfx.obj
 0001:0000dbf0       ?_AtlGetConversionACP@ATL@@YGIXZ 0040ebf0 f i StdAfx.obj
 0001:0000dc00       ?CompareStringWThunk@ATL@@YGHKKPBGH0H@Z 0040ec00 f i StdAfx.obj
 0001:0000dc40       ?CompareStringWFake@ATL@@YGHKKPBGH0H@Z 0040ec40 f i StdAfx.obj
 0001:0000de20       ?_AtlVerifyStackAvailable@_ATL_SAFE_ALLOCA_IMPL@ATL@@YA_NK@Z 0040ee20 f i StdAfx.obj
 0001:0000dec0       ?AtlW2AHelper@@YGPADPADPBGHI@Z 0040eec0 f i StdAfx.obj
 0001:0000df90       ?AtlThrow@ATL@@YGXJ@Z      0040ef90 f i StdAfx.obj
 0001:0000dff0       ??RCTraceFileAndLineInfo@ATL@@QBAXKIPBDZZ 0040eff0 f i StdAfx.obj
 0001:0000e030       ?GetStringTypeExWThunk@ATL@@YGHKKPBGHPAG@Z 0040f030 f i StdAfx.obj
 0001:0000e070       ?GetStringTypeExWFake@ATL@@YGHKKPBGHPAG@Z 0040f070 f i StdAfx.obj
 0001:0000e180       ?lstrcmpiWThunk@ATL@@YGHPBG0@Z 0040f180 f i StdAfx.obj
 0001:0000e1b0       ?lstrcmpiWFake@ATL@@YGHPBG0@Z 0040f1b0 f i StdAfx.obj
 0001:0000e290       ?CharLowerWThunk@ATL@@YGPAGPAG@Z 0040f290 f i StdAfx.obj
 0001:0000e2c0       ?CharLowerWFake@ATL@@YGPAGPAG@Z 0040f2c0 f i StdAfx.obj
 0001:0000e3b0       ?AtlA2WHelper@@YGPAGPAGPBDHI@Z 0040f3b0 f i StdAfx.obj
 0001:0000e480       ?CharUpperWThunk@ATL@@YGPAGPAG@Z 0040f480 f i StdAfx.obj
 0001:0000e4b0       ?CharUpperWFake@ATL@@YGPAGPAG@Z 0040f4b0 f i StdAfx.obj
 0001:0000e5a0       ??_Estringdispid@CComTypeInfoHolder@ATL@@QAEPAXI@Z 0040f5a0 f i StdAfx.obj
 0001:0000e610       ??1stringdispid@CComTypeInfoHolder@ATL@@QAE@XZ 0040f610 f i StdAfx.obj
 0001:0000e630       ??1CComBSTR@ATL@@QAE@XZ    0040f630 f i StdAfx.obj
 0001:0000e650       ??0?$CAtlSafeAllocBufferManager@VCCRTAllocator@ATL@@@_ATL_SAFE_ALLOCA_IMPL@ATL@@QAE@XZ 0040f650 f i StdAfx.obj
 0001:0000e670       ?Allocate@?$CAtlSafeAllocBufferManager@VCCRTAllocator@ATL@@@_ATL_SAFE_ALLOCA_IMPL@ATL@@QAEPAXK@Z 0040f670 f i StdAfx.obj
 0001:0000e6c0       ?Allocate@CCRTAllocator@ATL@@SAPAXI@Z 0040f6c0 f i StdAfx.obj
 0001:0000e6e0       ??1?$CAtlSafeAllocBufferManager@VCCRTAllocator@ATL@@@_ATL_SAFE_ALLOCA_IMPL@ATL@@QAE@XZ 0040f6e0 f i StdAfx.obj
 0001:0000e720       ?Free@CCRTAllocator@ATL@@SAXPAX@Z 0040f720 f i StdAfx.obj
 0001:0000e740       ??0?$CTempBuffer@D$0IA@VCCRTAllocator@ATL@@@ATL@@QAE@XZ 0040f740 f i StdAfx.obj
 0001:0000e760       ??1?$CTempBuffer@D$0IA@VCCRTAllocator@ATL@@@ATL@@QAE@XZ 0040f760 f i StdAfx.obj
 0001:0000e780       ??B?$CTempBuffer@D$0IA@VCCRTAllocator@ATL@@@ATL@@QBEPADXZ 0040f780 f i StdAfx.obj
 0001:0000e790       ?Allocate@?$CTempBuffer@D$0IA@VCCRTAllocator@ATL@@@ATL@@QAEPADI@Z 0040f790 f i StdAfx.obj
 0001:0000e7b0       ??0?$CW2AEX@$0IA@@ATL@@QAE@PBG@Z 0040f7b0 f i StdAfx.obj
 0001:0000e7e0       ??1?$CW2AEX@$0IA@@ATL@@QAE@XZ 0040f7e0 f i StdAfx.obj
 0001:0000e810       ??B?$CW2AEX@$0IA@@ATL@@QBEPADXZ 0040f810 f i StdAfx.obj
 0001:0000e820       ?AllocateBytes@?$CTempBuffer@D$0IA@VCCRTAllocator@ATL@@@ATL@@QAEPADI@Z 0040f820 f i StdAfx.obj
 0001:0000e880       ?FreeHeap@?$CTempBuffer@D$0IA@VCCRTAllocator@ATL@@@ATL@@AAEXXZ 0040f880 f i StdAfx.obj
 0001:0000e8a0       ?Init@?$CW2AEX@$0IA@@ATL@@AAEXPBGI@Z 0040f8a0 f i StdAfx.obj
 0001:0000e930       ?AtlThrowLastWin32@ATL@@YGXXZ 0040f930 f i StdAfx.obj
 0001:0000e980       ?GetData@CAtlSafeAllocBufferNode@?$CAtlSafeAllocBufferManager@VCCRTAllocator@ATL@@@_ATL_SAFE_ALLOCA_IMPL@ATL@@QAEPAXXZ 0040f980 f i StdAfx.obj
 0001:0000e9a0       ?AllocateHeap@?$CTempBuffer@D$0IA@VCCRTAllocator@ATL@@@ATL@@AAEXI@Z 0040f9a0 f i StdAfx.obj
 0001:0000e9e0       ??0CAtlWinModule@ATL@@QAE@XZ 0040f9e0 f i StdAfx.obj
 0001:0000ea20       ??0_ATL_WIN_MODULE70@ATL@@QAE@XZ 0040fa20 f i StdAfx.obj
 0001:0000ea50       ??0CComCriticalSection@ATL@@QAE@XZ 0040fa50 f i StdAfx.obj
 0001:0000ea70       ??0?$CSimpleArray@GV?$CSimpleArrayEqualHelper@G@ATL@@@ATL@@QAE@XZ 0040fa70 f i StdAfx.obj
 0001:0000eaa0       ??1CAtlWinModule@ATL@@QAE@XZ 0040faa0 f i StdAfx.obj
 0001:0000eaf0       ?Term@CAtlWinModule@ATL@@QAEXXZ 0040faf0 f i StdAfx.obj
 0001:0000eb10       ?GetModuleInstance@CAtlBaseModule@ATL@@QAEPAUHINSTANCE__@@XZ 0040fb10 f i StdAfx.obj
 0001:0000eb30       ??1_ATL_WIN_MODULE70@ATL@@QAE@XZ 0040fb30 f i StdAfx.obj
 0001:0000eb50       ?AtlWinModuleTerm@ATL@@YGJPAU_ATL_WIN_MODULE70@1@PAUHINSTANCE__@@@Z 0040fb50 f i StdAfx.obj
 0001:0000ebf0       ?Term@CComCriticalSection@ATL@@QAEJXZ 0040fbf0 f i StdAfx.obj
 0001:0000ec10       ??1?$CSimpleArray@GV?$CSimpleArrayEqualHelper@G@ATL@@@ATL@@QAE@XZ 0040fc10 f i StdAfx.obj
 0001:0000ec30       ?GetSize@?$CSimpleArray@GV?$CSimpleArrayEqualHelper@G@ATL@@@ATL@@QBEHXZ 0040fc30 f i StdAfx.obj
 0001:0000ec50       ?RemoveAll@?$CSimpleArray@GV?$CSimpleArrayEqualHelper@G@ATL@@@ATL@@QAEXXZ 0040fc50 f i StdAfx.obj
 0001:0000ecb0       ??A?$CSimpleArray@GV?$CSimpleArrayEqualHelper@G@ATL@@@ATL@@QAEAAGH@Z 0040fcb0 f i StdAfx.obj
 0001:0000ed20       ?_AtlRaiseException@ATL@@YAXKK@Z 0040fd20 f i StdAfx.obj
 0001:0000ed40       ?_GetBaseClass@CWaveRec@@KGPAUCRuntimeClass@@XZ 0040fd40 f   WaveRec.obj
 0001:0000ed50       ?GetThisClass@CWaveRec@@SGPAUCRuntimeClass@@XZ 0040fd50 f   WaveRec.obj
 0001:0000ed60       ?GetRuntimeClass@CWaveRec@@UBEPAUCRuntimeClass@@XZ 0040fd60 f   WaveRec.obj
 0001:0000ed70       ??0CWaveRec@@QAE@PAVCWnd@@@Z 0040fd70 f   WaveRec.obj
 0001:0000ee40       ??1CWaveRec@@UAE@XZ        0040fe40 f   WaveRec.obj
 0001:0000eea0       ?DoDataExchange@CWaveRec@@MAEXPAVCDataExchange@@@Z 0040fea0 f   WaveRec.obj
 0001:0000eee0       ?GetThisMessageMap@CWaveRec@@KGPBUAFX_MSGMAP@@XZ 0040fee0 f   WaveRec.obj
 0001:0000eef0       ?GetMessageMap@CWaveRec@@MBEPBUAFX_MSGMAP@@XZ 0040fef0 f   WaveRec.obj
 0001:0000ef00       ?OnBnClickedRecStop@CWaveRec@@QAEXXZ 0040ff00 f   WaveRec.obj
 0001:0000f020       ?OnBnClickedRecStart@CWaveRec@@QAEXXZ 00410020 f   WaveRec.obj
 0001:0000f120       ?UpdateControls@CWaveRec@@MAEXXZ 00410120 f   WaveRec.obj
 0001:0000f270       ?OnInitDialog@CWaveRec@@UAEHXZ 00410270 f   WaveRec.obj
 0001:0000f320       ?PostMessageStop@CWaveRec@@MAEXXZ 00410320 f   WaveRec.obj
 0001:0000f350       ?PostMessageStart@CWaveRec@@MAEXXZ 00410350 f   WaveRec.obj
 0001:0000f380       ?PostMessageCancel@CWaveRec@@MAEXXZ 00410380 f   WaveRec.obj
 0001:0000f3b0       ?PostMessagePlay@CWaveRec@@MAEXXZ 004103b0 f   WaveRec.obj
 0001:0000f3e0       ?OnBnClickedCancel@CWaveRec@@QAEXXZ 004103e0 f   WaveRec.obj
 0001:0000f480       ?RenameWaveFile@CWaveRec@@IAEXXZ 00410480 f   WaveRec.obj
 0001:0000f5d0       ?GetWaveFileName@CWaveRec@@IAE_NXZ 004105d0 f   WaveRec.obj
 0001:0000f6e0       ?OnTimer@CWaveRec@@QAEXI@Z 004106e0 f   WaveRec.obj
 0001:0000f7b0       ?OnBnClickedRecPlay@CWaveRec@@QAEXXZ 004107b0 f   WaveRec.obj
 0001:0000f930       ?SppLoggerStop@CWaveRec@@MAEHXZ 00410930 f   WaveRec.obj
 0001:0000f940       ?SppLoggerPlay@CWaveRec@@MAEHPAD@Z 00410940 f   WaveRec.obj
 0001:0000f960       ?SppLoggerStart@CWaveRec@@MAEHPAD@Z 00410960 f   WaveRec.obj
 0001:0000f980       ?SppLoggerStat@CWaveRec@@MAEHPAH@Z 00410980 f   WaveRec.obj
 0001:0000f9a0       ??_ECWaveRec@@UAEPAXI@Z    004109a0 f i WaveRec.obj
 0001:0000f9a0       ??_GCWaveRec@@UAEPAXI@Z    004109a0 f i WaveRec.obj
 0001:0000f9d0       __tcsncpy                  004109d0 f i WaveRec.obj
 0001:0000f9f0       _SppMessageBoxWithErrorCode 004109f0 f   smartpropoplus:SmartPropoPlus.obj
 0001:0000fa80       _SetLocationDialogWindow   00410a80 f   smartpropoplus:SmartPropoPlus.obj
 0001:0000faa0       _GetLocationDialogWindow   00410aa0 f   smartpropoplus:SmartPropoPlus.obj
 0001:0000fac0       _SetSelectedFilter         00410ac0 f   smartpropoplus:SmartPropoPlus.obj
 0001:0000fae0       _SetActiveMode             00410ae0 f   smartpropoplus:SmartPropoPlus.obj
 0001:0000fb00       _SetShiftAutoDetect        00410b00 f   smartpropoplus:SmartPropoPlus.obj
 0001:0000fb20       _SetPositiveShift          00410b20 f   smartpropoplus:SmartPropoPlus.obj
 0001:0000fb40       _GetModulation             00410b40 f   smartpropoplus:SmartPropoPlus.obj
 0001:0000fb60       _GetDebugLevel             00410b60 f   smartpropoplus:SmartPropoPlus.obj
 0001:0000fb70       _ModeDisplayFromInternalName 00410b70 f   smartpropoplus:SmartPropoPlus.obj
 0001:0000fc20       _isBaseRegistryExist       00410c20 f   smartpropoplus:SmartPropoPlus.obj
 0001:0000fc70       _GetDefaultVolumeValue     00410c70 f   smartpropoplus:SmartPropoPlus.obj
 0001:0000fd00       _SetDefaultVolumeValue     00410d00 f   smartpropoplus:SmartPropoPlus.obj
 0001:0000fd20       _GetCurrentAudioState      00410d20 f   smartpropoplus:SmartPropoPlus.obj
 0001:0000fd40       _SetCurrentAudioState      00410d40 f   smartpropoplus:SmartPropoPlus.obj
 0001:0000fd60       _GetCurrentPpjoyState      00410d60 f   smartpropoplus:SmartPropoPlus.obj
 0001:0000fd70       _SetCurrentPpjoyState      00410d70 f   smartpropoplus:SmartPropoPlus.obj
 0001:0000fd90       _GetCurrentMixerDevice     00410d90 f   smartpropoplus:SmartPropoPlus.obj
 0001:0000fdc0       _GetCurrentInputLine       00410dc0 f   smartpropoplus:SmartPropoPlus.obj
 0001:0000fde0       _GetWaveInParams           00410de0 f   smartpropoplus:SmartPropoPlus.obj
 0001:0000fe00       _SetCurrentMixerDevice     00410e00 f   smartpropoplus:SmartPropoPlus.obj
 0001:0000fe20       _SetCurrentInputLine       00410e20 f   smartpropoplus:SmartPropoPlus.obj
 0001:0000fe40       _GetAntiJitterState        00410e40 f   smartpropoplus:SmartPropoPlus.obj
 0001:0000fe50       _SetAntiJitterState        00410e50 f   smartpropoplus:SmartPropoPlus.obj
 0001:0000fe70       _GetSppConsoleFullPath     00410e70 f   smartpropoplus:SmartPropoPlus.obj
 0001:0000fe90       _GetFmsFullPath            00410e90 f   smartpropoplus:SmartPropoPlus.obj
 0001:0000ffa0       _GetDefaultVolumeValueFromRegistry 00410fa0 f   smartpropoplus:SppRegistry.obj
 0001:00010070       _SetDefaultVolumeValueToRegistry 00411070 f   smartpropoplus:SppRegistry.obj
 0001:00010140       _GetCurrentAudioStateFromRegistry 00411140 f   smartpropoplus:SppRegistry.obj
 0001:000101d0       _GetCurrentPpjoyStateFromRegistry 004111d0 f   smartpropoplus:SppRegistry.obj
 0001:00010260       _CreateEmptyBaseRegistry   00411260 f   smartpropoplus:SppRegistry.obj
 0001:000102c0       _CreateEmptyAudioRegistry  004112c0 f   smartpropoplus:SppRegistry.obj
 0001:00010310       _CreateDefaultSppRegistry  00411310 f   smartpropoplus:SppRegistry.obj
 0001:000103b0       _CreateDefaultModRegistry  004113b0 f   smartpropoplus:SppRegistry.obj
 0001:000104e0       _SetCurrentAudioStateToRegistry 004114e0 f   smartpropoplus:SppRegistry.obj
 0001:00010560       _SetCurrentPpjoyStateToRegistry 00411560 f   smartpropoplus:SppRegistry.obj
 0001:000105e0       _GetCurrentMixerDeviceFromRegistry 004115e0 f   smartpropoplus:SppRegistry.obj
 0001:000106b0       _GetCurrentInputLineFromRegistry 004116b0 f   smartpropoplus:SppRegistry.obj
 0001:00010730       _GetWaveInParamsFromRegistry 00411730 f   smartpropoplus:SppRegistry.obj
 0001:00010860       _SetCurrentMixerDeviceToRegistry 00411860 f   smartpropoplus:SppRegistry.obj
 0001:000108e0       _SetCurrentInputLineToRegistry 004118e0 f   smartpropoplus:SppRegistry.obj
 0001:00010960       _SetActiveModeToRegistry   00411960 f   smartpropoplus:SppRegistry.obj
 0001:00010ab0       _SetShiftAutoDetectToRegistry 00411ab0 f   smartpropoplus:SppRegistry.obj
 0001:00010b20       _SetPositiveShiftToRegistry 00411b20 f   smartpropoplus:SppRegistry.obj
 0001:00010b90       _isDebugEntryExist         00411b90 f   smartpropoplus:SppRegistry.obj
 0001:00010c20       _GetDebugLevelFromRegistry 00411c20 f   smartpropoplus:SppRegistry.obj
 0001:00010d20       _GetModulationFromRegistry 00411d20 f   smartpropoplus:SppRegistry.obj
 0001:000110b0       _isSppRegistryExist        004120b0 f   smartpropoplus:SppRegistry.obj
 0001:00011100       _isModRegistryUpdate       00412100 f   smartpropoplus:SppRegistry.obj
 0001:000112d0       _UpdateModRegistry         004122d0 f   smartpropoplus:SppRegistry.obj
 0001:000114e0       _isAudioRegistryExist      004124e0 f   smartpropoplus:SppRegistry.obj
 0001:00011530       _SetSelectedFilterNameToRegistry 00412530 f   smartpropoplus:SppRegistry.obj
 0001:000115b0       _GetSelectedFilterNameFromRegistry 004125b0 f   smartpropoplus:SppRegistry.obj
 0001:00011680       _GetLocationDialogWindowFromRegistry 00412680 f   smartpropoplus:SppRegistry.obj
 0001:00011720       _SetLocationDialogWindowToRegistry 00412720 f   smartpropoplus:SppRegistry.obj
 0001:000117a0       _GetAntiJitterStateFromRegistry 004127a0 f   smartpropoplus:SppRegistry.obj
 0001:00011830       _SetAntiJitterStateToRegistry 00412830 f   smartpropoplus:SppRegistry.obj
 0001:000118a0       _GetSppConsoleFullPathFromRegistry 004128a0 f   smartpropoplus:SppRegistry.obj
 0001:00011a40       _GetFmsFullPathFromRegistry 00412a40 f   smartpropoplus:SppRegistry.obj
 0001:00011ae2       _mixerGetLineControlsA@12  00412ae2 f   winmm:WINMM.dll
 0001:00011ae8       _mixerSetControlDetails@12 00412ae8 f   winmm:WINMM.dll
 0001:00011aee       _mixerGetControlDetailsA@12 00412aee f   winmm:WINMM.dll
 0001:00011af4       _mixerGetLineInfoA@12      00412af4 f   winmm:WINMM.dll
 0001:00011afa       _waveInGetNumDevs@0        00412afa f   winmm:WINMM.dll
 0001:00011b00       _mixerGetNumDevs@0         00412b00 f   winmm:WINMM.dll
 0001:00011b06       _waveInClose@4             00412b06 f   winmm:WINMM.dll
 0001:00011b0c       _mixerGetID@12             00412b0c f   winmm:WINMM.dll
 0001:00011b12       _waveInOpen@24             00412b12 f   winmm:WINMM.dll
 0001:00011b18       _mixerGetDevCapsA@12       00412b18 f   winmm:WINMM.dll
 0001:00011b1e       _mixerOpen@20              00412b1e f   winmm:WINMM.dll
 0001:00011b24       _SppAudioHdrLoggerStop@0   00412b24 f   Wave2Joystick:Wave2Joystick.dll
 0001:00011b2a       _SppAudioHdrLoggerStart@4  00412b2a f   Wave2Joystick:Wave2Joystick.dll
 0001:00011b30       _SppAudioHdrLoggerGetStat@4 00412b30 f   Wave2Joystick:Wave2Joystick.dll
 0001:00011b36       _SppPulseLoggerStop@0      00412b36 f   Wave2Joystick:Wave2Joystick.dll
 0001:00011b3c       _SppPulseLoggerStart@4     00412b3c f   Wave2Joystick:Wave2Joystick.dll
 0001:00011b42       _SppPulseLoggerGetStat@4   00412b42 f   Wave2Joystick:Wave2Joystick.dll
 0001:00011b48       _SppRawPulseLoggerStop@0   00412b48 f   Wave2Joystick:Wave2Joystick.dll
 0001:00011b4e       _SppRawPulseLoggerStart@4  00412b4e f   Wave2Joystick:Wave2Joystick.dll
 0001:00011b54       _SppRawPulseLoggerGetStat@4 00412b54 f   Wave2Joystick:Wave2Joystick.dll
 0001:00011b5a       _SppStart@0                00412b5a f   Wave2Joystick:Wave2Joystick.dll
 0001:00011b60       _SetFilterInterface@4      00412b60 f   Wave2Joystick:Wave2Joystick.dll
 0001:00011b66       _SppSetActiveAudioDevice@4 00412b66 f   Wave2Joystick:Wave2Joystick.dll
 0001:00011b6c       _GetWave2JoystickObject@0  00412b6c f   Wave2Joystick:Wave2Joystick.dll
 0001:00011b72       _SppSetModulation@4        00412b72 f   Wave2Joystick:Wave2Joystick.dll
 0001:00011b78       _SppSetShift@4             00412b78 f   Wave2Joystick:Wave2Joystick.dll
 0001:00011b7e       _StopInterfaces@0          00412b7e f   Wave2Joystick:Wave2Joystick.dll
 0001:00011b84       _StopPPJoyInterface@4      00412b84 f   Wave2Joystick:Wave2Joystick.dll
 0001:00011b8a       _StartPPJoyInterface@4     00412b8a f   Wave2Joystick:Wave2Joystick.dll
 0001:00011b90       _SppGetFilteredPos@4       00412b90 f   Wave2Joystick:Wave2Joystick.dll
 0001:00011b96       _SppGetAudioLevel@4        00412b96 f   Wave2Joystick:Wave2Joystick.dll
 0001:00011b9c       _TestPPJoyInterface@4      00412b9c f   Wave2Joystick:Wave2Joystick.dll
 0001:00011ba2       _SppSetAntiJitter@4        00412ba2 f   Wave2Joystick:Wave2Joystick.dll
 0001:00011ba8       _SppWaveLoggerGetStat@4    00412ba8 f   Wave2Joystick:Wave2Joystick.dll
 0001:00011bae       _SppWaveLoggerStop@0       00412bae f   Wave2Joystick:Wave2Joystick.dll
 0001:00011bb4       _SppWaveLoggerPlay@4       00412bb4 f   Wave2Joystick:Wave2Joystick.dll
 0001:00011bba       _SppWaveLoggerStart@4      00412bba f   Wave2Joystick:Wave2Joystick.dll
 0001:00011bc0       ??0CFilterIf@@QAE@XZ       00412bc0 f   FilterIf:FilterIf.obj
 0001:00011c00       ??1CFilterIf@@QAE@XZ       00412c00 f   FilterIf:FilterIf.obj
 0001:00011c20       ?Init@CFilterIf@@QAE_NXZ   00412c20 f   FilterIf:FilterIf.obj
 0001:00011d10       ?GetNumberOfFilters@CFilterIf@@QAEHXZ 00412d10 f   FilterIf:FilterIf.obj
 0001:00011d30       ?GetIndexOfSelected@CFilterIf@@QAEHXZ 00412d30 f   FilterIf:FilterIf.obj
 0001:00011e00       ?GetFilterName@CFilterIf@@QAEPADH@Z 00412e00 f   FilterIf:FilterIf.obj
 0001:00011e70       ?SetSelected@CFilterIf@@QAEHH@Z 00412e70 f   FilterIf:FilterIf.obj
 0001:00011ef0       ?Run@CFilterIf@@IAEPAXPAXHH@Z 00412ef0 f   FilterIf:FilterIf.obj
 0001:00011f60       ?Filter@CFilterIf@@QAEPAHPAH0HH@Z 00412f60 f   FilterIf:FilterIf.obj
 0001:00012000       __tcscmp                   00413000 f i FilterIf:FilterIf.obj
 0001:00012028       ?GetThisMessageMap@CDialog@@KGPBUAFX_MSGMAP@@XZ 00413028 f   mfc71d:MFC71D.DLL
 0001:0001202e       ?PreInitDialog@CDialog@@MAEXXZ 0041302e f   mfc71d:MFC71D.DLL
 0001:00012034       ?OnCancel@CDialog@@MAEXXZ  00413034 f   mfc71d:MFC71D.DLL
 0001:0001203a       ?OnOK@CDialog@@MAEXXZ      0041303a f   mfc71d:MFC71D.DLL
 0001:00012040       ?OnSetFont@CDialog@@UAEXPAVCFont@@@Z 00413040 f   mfc71d:MFC71D.DLL
 0001:00012046       ?DoModal@CDialog@@UAEHXZ   00413046 f   mfc71d:MFC71D.DLL
 0001:0001204c       ?CreateIndirect@CDialog@@UAEHPBUDLGTEMPLATE@@PAVCWnd@@PAX@Z 0041304c f   mfc71d:MFC71D.DLL
 0001:00012052       ?CreateIndirect@CDialog@@UAEHPAXPAVCWnd@@@Z 00413052 f   mfc71d:MFC71D.DLL
 0001:00012058       ?Create@CDialog@@UAEHPBDPAVCWnd@@@Z 00413058 f   mfc71d:MFC71D.DLL
 0001:0001205e       ?Create@CDialog@@UAEHIPAVCWnd@@@Z 0041305e f   mfc71d:MFC71D.DLL
 0001:00012064       ?SetOccDialogInfo@CDialog@@MAEHPAU_AFX_OCC_DIALOG_INFO@@@Z 00413064 f   mfc71d:MFC71D.DLL
 0001:0001206a       ?CreateControlSite@CWnd@@MAEHPAVCOleControlContainer@@PAPAVCOleControlSite@@IABU_GUID@@@Z 0041306a f   mfc71d:MFC71D.DLL
 0001:00012070       ?CreateControlContainer@CWnd@@MAEHPAPAVCOleControlContainer@@@Z 00413070 f   mfc71d:MFC71D.DLL
 0001:00012076       ?IsFrameWnd@CWnd@@UBEHXZ   00413076 f   mfc71d:MFC71D.DLL
 0001:0001207c       ?CheckAutoCenter@CDialog@@UAEHXZ 0041307c f   mfc71d:MFC71D.DLL
 0001:00012082       ?OnChildNotify@CWnd@@MAEHIIJPAJ@Z 00413082 f   mfc71d:MFC71D.DLL
 0001:00012088       ?PostNcDestroy@CWnd@@MAEXXZ 00413088 f   mfc71d:MFC71D.DLL
 0001:0001208e       ?DefWindowProcA@CWnd@@MAEJIIJ@Z 0041308e f   mfc71d:MFC71D.DLL
 0001:00012094       ?OnWndMsg@CWnd@@MAEHIIJPAJ@Z 00413094 f   mfc71d:MFC71D.DLL
 0001:0001209a       ?WindowProc@CWnd@@MAEJIIJ@Z 0041309a f   mfc71d:MFC71D.DLL
 0001:000120a0       ?OnAmbientProperty@CWnd@@UAEHPAVCOleControlSite@@JPAUtagVARIANT@@@Z 004130a0 f   mfc71d:MFC71D.DLL
 0001:000120a6       ?PreTranslateMessage@CDialog@@UAEHPAUtagMSG@@@Z 004130a6 f   mfc71d:MFC71D.DLL
 0001:000120ac       ?EndModalState@CWnd@@UAEXXZ 004130ac f   mfc71d:MFC71D.DLL
 0001:000120b2       ?BeginModalState@CWnd@@UAEXXZ 004130b2 f   mfc71d:MFC71D.DLL
 0001:000120b8       ?GetSuperWndProcAddr@CWnd@@MAEPAP6GJPAUHWND__@@IIJ@ZXZ 004130b8 f   mfc71d:MFC71D.DLL
 0001:000120be       ?OnNotify@CWnd@@MAEHIJPAJ@Z 004130be f   mfc71d:MFC71D.DLL
 0001:000120c4       ?OnCommand@CWnd@@MAEHIJ@Z  004130c4 f   mfc71d:MFC71D.DLL
 0001:000120ca       ?CreateAccessibleProxy@CWnd@@UAEJIJPAJ@Z 004130ca f   mfc71d:MFC71D.DLL
 0001:000120d0       ?SetProxy@CWnd@@UAEJPAUIAccessibleProxy@@@Z 004130d0 f   mfc71d:MFC71D.DLL
 0001:000120e0       ?accDoDefaultAction@CWnd@@UAEJUtagVARIANT@@@Z 004130e0 f   mfc71d:MFC71D.DLL
 0001:000120e6       ?accHitTest@CWnd@@UAEJJJPAUtagVARIANT@@@Z 004130e6 f   mfc71d:MFC71D.DLL
 0001:000120ec       ?accNavigate@CWnd@@UAEJJUtagVARIANT@@PAU2@@Z 004130ec f   mfc71d:MFC71D.DLL
 0001:000120f2       ?accLocation@CWnd@@UAEJPAJ000UtagVARIANT@@@Z 004130f2 f   mfc71d:MFC71D.DLL
 0001:000120f8       ?accSelect@CWnd@@UAEJJUtagVARIANT@@@Z 004130f8 f   mfc71d:MFC71D.DLL
 0001:00012100       ?get_accSelection@CWnd@@UAEJPAUtagVARIANT@@@Z 00413100 f   mfc71d:MFC71D.DLL
 0001:00012106       ?get_accFocus@CWnd@@UAEJPAUtagVARIANT@@@Z 00413106 f   mfc71d:MFC71D.DLL
 0001:00012110       ?get_accState@CWnd@@UAEJUtagVARIANT@@PAU2@@Z 00413110 f   mfc71d:MFC71D.DLL
 0001:00012116       ?get_accRole@CWnd@@UAEJUtagVARIANT@@PAU2@@Z 00413116 f   mfc71d:MFC71D.DLL
 0001:00012120       ?get_accChild@CWnd@@UAEJUtagVARIANT@@PAPAUIDispatch@@@Z 00413120 f   mfc71d:MFC71D.DLL
 0001:00012126       ?get_accChildCount@CWnd@@UAEJPAJ@Z 00413126 f   mfc71d:MFC71D.DLL
 0001:0001212c       ?get_accParent@CWnd@@UAEJPAPAUIDispatch@@@Z 0041312c f   mfc71d:MFC71D.DLL
 0001:00012132       ?EnsureStdObj@CWnd@@UAEJXZ 00413132 f   mfc71d:MFC71D.DLL
 0001:00012138       ?EndModalLoop@CWnd@@UAEXH@Z 00413138 f   mfc71d:MFC71D.DLL
 0001:0001213e       ?ContinueModal@CWnd@@UAEHXZ 0041313e f   mfc71d:MFC71D.DLL
 0001:00012144       ?WinHelpInternal@CWnd@@UAEXKI@Z 00413144 f   mfc71d:MFC71D.DLL
 0001:0001214a       ?HtmlHelpA@CWnd@@UAEXKI@Z  0041314a f   mfc71d:MFC71D.DLL
 0001:00012150       ?WinHelpA@CWnd@@UAEXKI@Z   00413150 f   mfc71d:MFC71D.DLL
 0001:00012156       ?GetScrollBarCtrl@CWnd@@UBEPAVCScrollBar@@H@Z 00413156 f   mfc71d:MFC71D.DLL
 0001:0001215c       ?OnToolHitTest@CWnd@@UBEHVCPoint@@PAUtagTOOLINFOA@@@Z 0041315c f   mfc71d:MFC71D.DLL
 0001:00012162       ?CalcWindowRect@CWnd@@UAEXPAUtagRECT@@I@Z 00413162 f   mfc71d:MFC71D.DLL
 0001:00012168       ?PreCreateWindow@CWnd@@UAEHAAUtagCREATESTRUCTA@@@Z 00413168 f   mfc71d:MFC71D.DLL
 0001:0001216e       ?DestroyWindow@CWnd@@UAEHXZ 0041316e f   mfc71d:MFC71D.DLL
 0001:00012174       ?CreateEx@CWnd@@UAEHKPBD0KHHHHPAUHWND__@@PAUHMENU__@@PAX@Z 00413174 f   mfc71d:MFC71D.DLL
 0001:0001217a       ?CreateEx@CWnd@@UAEHKPBD0KABUtagRECT@@PAV1@IPAX@Z 0041317a f   mfc71d:MFC71D.DLL
 0001:00012180       ?Create@CWnd@@UAEHPBD0KABUtagRECT@@PAV1@IPAUCCreateContext@@@Z 00413180 f   mfc71d:MFC71D.DLL
 0001:00012186       ?PreSubclassWindow@CWnd@@UAEXXZ 00413186 f   mfc71d:MFC71D.DLL
 0001:0001218c       ?GetConnectionHook@CCmdTarget@@MAEPAUIConnectionPoint@@ABU_GUID@@@Z 0041318c f   mfc71d:MFC71D.DLL
 0001:00012192       ?GetExtraConnectionPoints@CCmdTarget@@MAEHPAVCPtrArray@@@Z 00413192 f   mfc71d:MFC71D.DLL
 0001:00012198       ?GetInterfaceHook@CCmdTarget@@UAEPAUIUnknown@@PBX@Z 00413198 f   mfc71d:MFC71D.DLL
 0001:0001219e       ?OnCreateAggregates@CCmdTarget@@UAEHXZ 0041319e f   mfc71d:MFC71D.DLL
 0001:000121a4       ?GetEventSinkMap@CCmdTarget@@MBEPBUAFX_EVENTSINKMAP@@XZ 004131a4 f   mfc71d:MFC71D.DLL
 0001:000121aa       ?GetInterfaceMap@CWnd@@MBEPBUAFX_INTERFACEMAP@@XZ 004131aa f   mfc71d:MFC71D.DLL
 0001:000121b0       ?GetConnectionMap@CCmdTarget@@MBEPBUAFX_CONNECTIONMAP@@XZ 004131b0 f   mfc71d:MFC71D.DLL
 0001:000121b6       ?GetDispatchMap@CCmdTarget@@MBEPBUAFX_DISPMAP@@XZ 004131b6 f   mfc71d:MFC71D.DLL
 0001:000121bc       ?GetCommandMap@CCmdTarget@@MBEPBUAFX_OLECMDMAP@@XZ 004131bc f   mfc71d:MFC71D.DLL
 0001:000121c2       ?GetTypeLib@CCmdTarget@@UAEJKPAPAUITypeLib@@@Z 004131c2 f   mfc71d:MFC71D.DLL
 0001:000121c8       ?GetTypeLibCache@CCmdTarget@@UAEPAVCTypeLibCache@@XZ 004131c8 f   mfc71d:MFC71D.DLL
 0001:000121ce       ?GetTypeInfoCount@CCmdTarget@@UAEIXZ 004131ce f   mfc71d:MFC71D.DLL
 0001:000121d4       ?GetDispatchIID@CCmdTarget@@UAEHPAU_GUID@@@Z 004131d4 f   mfc71d:MFC71D.DLL
 0001:000121da       ?IsInvokeAllowed@CCmdTarget@@UAEHJ@Z 004131da f   mfc71d:MFC71D.DLL
 0001:000121e0       ?OnFinalRelease@CWnd@@UAEXXZ 004131e0 f   mfc71d:MFC71D.DLL
 0001:000121e6       ?OnCmdMsg@CDialog@@UAEHIHPAXPAUAFX_CMDHANDLERINFO@@@Z 004131e6 f   mfc71d:MFC71D.DLL
 0001:000121ec       ?Dump@CDialog@@UBEXAAVCDumpContext@@@Z 004131ec f   mfc71d:MFC71D.DLL
 0001:000121f2       ?AssertValid@CDialog@@UBEXXZ 004131f2 f   mfc71d:MFC71D.DLL
 0001:000121f8       ?Serialize@CObject@@UAEXAAVCArchive@@@Z 004131f8 f   mfc71d:MFC71D.DLL
 0001:000121fe       ?GetRuntimeClass@CDialog@@UBEPAUCRuntimeClass@@XZ 004131fe f   mfc71d:MFC71D.DLL
 0001:00012204       ??1CDialog@@UAE@XZ         00413204 f   mfc71d:MFC71D.DLL
 0001:0001220a       ??0CDialog@@QAE@IPAVCWnd@@@Z 0041320a f   mfc71d:MFC71D.DLL
 0001:00012210       ??3CObject@@SGXPAX@Z       00413210 f   mfc71d:MFC71D.DLL
 0001:00012216       ??1CStatic@@UAE@XZ         00413216 f   mfc71d:MFC71D.DLL
 0001:0001221c       ??1?$CStringT@DV?$StrTraitMFC_DLL@DV?$ChTraitsCRT@D@ATL@@@@@ATL@@QAE@XZ 0041321c f   mfc71d:MFC71D.DLL
 0001:00012222       ??1CFont@@UAE@XZ           00413222 f   mfc71d:MFC71D.DLL
 0001:00012228       ?DoDataExchange@CWnd@@MAEXPAVCDataExchange@@@Z 00413228 f   mfc71d:MFC71D.DLL
 0001:0001222e       ?OnInitDialog@CDialog@@UAEHXZ 0041322e f   mfc71d:MFC71D.DLL
 0001:00012234       ??B?$CSimpleStringT@D$00@ATL@@QBEPBDXZ 00413234 f   mfc71d:MFC71D.DLL
 0001:0001223a       ?Format@?$CStringT@DV?$StrTraitMFC_DLL@DV?$ChTraitsCRT@D@ATL@@@@@ATL@@QAAXPBDZZ 0041323a f   mfc71d:MFC71D.DLL
 0001:00012240       ?GetDlgItem@CWnd@@QBEPAV1@H@Z 00413240 f   mfc71d:MFC71D.DLL
 0001:00012246       ??0?$CStringT@DV?$StrTraitMFC_DLL@DV?$ChTraitsCRT@D@ATL@@@@@ATL@@QAE@XZ 00413246 f   mfc71d:MFC71D.DLL
 0001:0001224c       ??0?$CStringT@DV?$StrTraitMFC_DLL@DV?$ChTraitsCRT@D@ATL@@@@@ATL@@QAE@PBD@Z 0041324c f   mfc71d:MFC71D.DLL
 0001:00012252       ?SetWindowTextA@CWnd@@QAEXPBD@Z 00413252 f   mfc71d:MFC71D.DLL
 0001:00012258       ?SubclassDlgItem@CWnd@@QAEHIPAV1@@Z 00413258 f   mfc71d:MFC71D.DLL
 0001:0001225e       ??3@YAXPAXPBDH@Z           0041325e f   mfc71d:MFC71D.DLL
 0001:00012264       ??2@YAPAXIPBDH@Z           00413264 f   mfc71d:MFC71D.DLL
 0001:0001226a       ??3@YAXPAX@Z               0041326a f   mfc71d:MFC71D.DLL
 0001:00012270       ??3CObject@@SGXPAXPBDH@Z   00413270 f   mfc71d:MFC71D.DLL
 0001:00012276       ??2CObject@@SGPAXIPBDH@Z   00413276 f   mfc71d:MFC71D.DLL
 0001:0001227c       ?GetRuntimeClass@CObject@@UBEPAUCRuntimeClass@@XZ 0041327c f   mfc71d:MFC71D.DLL
 0001:00012282       ??0CObject@@IAE@XZ         00413282 f   mfc71d:MFC71D.DLL
 0001:00012288       ?AfxThrowInvalidArgException@@YGXXZ 00413288 f   mfc71d:MFC71D.DLL
 0001:0001228e       ?AfxAssertFailedLine@@YGHPBDH@Z 0041328e f   mfc71d:MFC71D.DLL
 0001:00012294       ?AfxAssertValidObject@@YGXPBVCObject@@PBDH@Z 00413294 f   mfc71d:MFC71D.DLL
 0001:0001229a       ??1CObject@@UAE@XZ         0041329a f   mfc71d:MFC71D.DLL
 0001:000122a0       ??_V@YAXPAX@Z              004132a0 f   mfc71d:MFC71D.DLL
 0001:000122a6       ?ReadCount@CArchive@@QAEKXZ 004132a6 f   mfc71d:MFC71D.DLL
 0001:000122ac       ?WriteCount@CArchive@@QAEXK@Z 004132ac f   mfc71d:MFC71D.DLL
 0001:000122b2       ?IsStoring@CArchive@@QBEHXZ 004132b2 f   mfc71d:MFC71D.DLL
 0001:000122b8       ?GetDepth@CDumpContext@@QBEHXZ 004132b8 f   mfc71d:MFC71D.DLL
 0001:000122be       ??6CDumpContext@@QAEAAV0@H@Z 004132be f   mfc71d:MFC71D.DLL
 0001:000122c4       ??6CDumpContext@@QAEAAV0@PBD@Z 004132c4 f   mfc71d:MFC71D.DLL
 0001:000122ca       ?Dump@CObject@@UBEXAAVCDumpContext@@@Z 004132ca f   mfc71d:MFC71D.DLL
 0001:000122d0       ?AfxIsValidAddress@@YGHPBXIH@Z 004132d0 f   mfc71d:MFC71D.DLL
 0001:000122d6       ?AssertValid@CObject@@UBEXXZ 004132d6 f   mfc71d:MFC71D.DLL
 0001:000122dc       ??_U@YAPAXI@Z              004132dc f   mfc71d:MFC71D.DLL
 0001:000122e2       ??_U@YAPAXIPBDH@Z          004132e2 f   mfc71d:MFC71D.DLL
 0001:000122e8       ?Read@CArchive@@QAEIPAXI@Z 004132e8 f   mfc71d:MFC71D.DLL
 0001:000122ee       ?Write@CArchive@@QAEXPBXI@Z 004132ee f   mfc71d:MFC71D.DLL
 0001:000122f4       ??1CEdit@@UAE@XZ           004132f4 f   mfc71d:MFC71D.DLL
 0001:000122fa       ??1CSliderCtrl@@UAE@XZ     004132fa f   mfc71d:MFC71D.DLL
 0001:00012300       ??0CEdit@@QAE@XZ           00413300 f   mfc71d:MFC71D.DLL
 0001:00012306       ??0CSliderCtrl@@QAE@XZ     00413306 f   mfc71d:MFC71D.DLL
 0001:0001230c       ?DDX_Control@@YGXPAVCDataExchange@@HAAVCWnd@@@Z 0041330c f   mfc71d:MFC71D.DLL
 0001:00012312       ?OnHScroll@CWnd@@IAEXIIPAVCScrollBar@@@Z 00413312 f   mfc71d:MFC71D.DLL
 0001:00012318       ?GetDlgCtrlID@CWnd@@QBEHXZ 00413318 f   mfc71d:MFC71D.DLL
 0001:0001231e       ?SetTicFreq@CSliderCtrl@@QAEXH@Z 0041331e f   mfc71d:MFC71D.DLL
 0001:00012324       ?SetPos@CSliderCtrl@@QAEXH@Z 00413324 f   mfc71d:MFC71D.DLL
 0001:0001232a       ?SetLimitText@CEdit@@QAEXI@Z 0041332a f   mfc71d:MFC71D.DLL
 0001:00012330       ?SetSel@CEdit@@QAEXHHH@Z   00413330 f   mfc71d:MFC71D.DLL
 0001:00012336       ?GetLength@?$CSimpleStringT@D$00@ATL@@QBEHXZ 00413336 f   mfc71d:MFC71D.DLL
 0001:0001233c       ?GetWindowTextA@CWnd@@QBEXAAV?$CStringT@DV?$StrTraitMFC_DLL@DV?$ChTraitsCRT@D@ATL@@@@@ATL@@@Z 0041333c f   mfc71d:MFC71D.DLL
 0001:00012342       ?GetThisMessageMap@CWnd@@KGPBUAFX_MSGMAP@@XZ 00413342 f   mfc71d:MFC71D.DLL
 0001:00012348       ?DrawItem@CStatic@@UAEXPAUtagDRAWITEMSTRUCT@@@Z 00413348 f   mfc71d:MFC71D.DLL
 0001:0001234e       ?Create@CStatic@@UAEHPBDKABUtagRECT@@PAVCWnd@@I@Z 0041334e f   mfc71d:MFC71D.DLL
 0001:00012354       ?SetOccDialogInfo@CWnd@@MAEHPAU_AFX_OCC_DIALOG_INFO@@@Z 00413354 f   mfc71d:MFC71D.DLL
 0001:0001235a       ?CheckAutoCenter@CWnd@@UAEHXZ 0041335a f   mfc71d:MFC71D.DLL
 0001:00012360       ?OnChildNotify@CStatic@@MAEHIIJPAJ@Z 00413360 f   mfc71d:MFC71D.DLL
 0001:00012366       ?PreTranslateMessage@CWnd@@UAEHPAUtagMSG@@@Z 00413366 f   mfc71d:MFC71D.DLL
 0001:0001236c       ?OnCmdMsg@CCmdTarget@@UAEHIHPAXPAUAFX_CMDHANDLERINFO@@@Z 0041336c f   mfc71d:MFC71D.DLL
 0001:00012372       ?Dump@CWnd@@UBEXAAVCDumpContext@@@Z 00413372 f   mfc71d:MFC71D.DLL
 0001:00012378       ?AssertValid@CWnd@@UBEXXZ  00413378 f   mfc71d:MFC71D.DLL
 0001:0001237e       ?GetRuntimeClass@CStatic@@UBEPAUCRuntimeClass@@XZ 0041337e f   mfc71d:MFC71D.DLL
 0001:00012384       ??1CBrush@@UAE@XZ          00413384 f   mfc71d:MFC71D.DLL
 0001:0001238a       ??1CPen@@UAE@XZ            0041338a f   mfc71d:MFC71D.DLL
 0001:00012390       ??0CBrush@@QAE@XZ          00413390 f   mfc71d:MFC71D.DLL
 0001:00012396       ??0CPen@@QAE@XZ            00413396 f   mfc71d:MFC71D.DLL
 0001:0001239c       ??0CStatic@@QAE@XZ         0041339c f   mfc71d:MFC71D.DLL
 0001:000123a2       ??0CClientDC@@QAE@PAVCWnd@@@Z 004133a2 f   mfc71d:MFC71D.DLL
 0001:000123a8       ??1CPaintDC@@UAE@XZ        004133a8 f   mfc71d:MFC71D.DLL
 0001:000123ae       ??0CPaintDC@@QAE@PAVCWnd@@@Z 004133ae f   mfc71d:MFC71D.DLL
 0001:000123b4       ?OnTimer@CWnd@@IAEXI@Z     004133b4 f   mfc71d:MFC71D.DLL
 0001:000123ba       ?GetClientRect@CWnd@@QBEXPAUtagRECT@@@Z 004133ba f   mfc71d:MFC71D.DLL
 0001:000123c0       ?KillTimer@CWnd@@QAEHI@Z   004133c0 f   mfc71d:MFC71D.DLL
 0001:000123c6       ?SetTimer@CWnd@@QAEIIIP6GXPAUHWND__@@IIK@Z@Z 004133c6 f   mfc71d:MFC71D.DLL
 0001:000123cc       ?SelectObject@CDC@@QAEPAVCBrush@@PAV2@@Z 004133cc f   mfc71d:MFC71D.DLL
 0001:000123d2       ?SelectObject@CDC@@QAEPAVCPen@@PAV2@@Z 004133d2 f   mfc71d:MFC71D.DLL
 0001:000123d8       ?CreateSolidBrush@CBrush@@QAEHK@Z 004133d8 f   mfc71d:MFC71D.DLL
 0001:000123de       ?CreatePen@CPen@@QAEHHHK@Z 004133de f   mfc71d:MFC71D.DLL
 0001:000123e4       ?DeleteObject@CGdiObject@@QAEHXZ 004133e4 f   mfc71d:MFC71D.DLL
 0001:000123ea       ?Ellipse@CDC@@QAEHHHHH@Z   004133ea f   mfc71d:MFC71D.DLL
 0001:000123f0       ?Arc@CDC@@QAEHPBUtagRECT@@UtagPOINT@@1@Z 004133f0 f   mfc71d:MFC71D.DLL
 0001:000123f6       ?MoveTo@CDC@@QAE?AVCPoint@@UtagPOINT@@@Z 004133f6 f   mfc71d:MFC71D.DLL
 0001:000123fc       ?Ellipse@CDC@@QAEHPBUtagRECT@@@Z 004133fc f   mfc71d:MFC71D.DLL
 0001:00012402       ?LineTo@CDC@@QAEHHH@Z      00413402 f   mfc71d:MFC71D.DLL
 0001:00012408       ?MoveTo@CDC@@QAE?AVCPoint@@HH@Z 00413408 f   mfc71d:MFC71D.DLL
 0001:0001240e       ?FillRect@CDC@@QAEXPBUtagRECT@@PAVCBrush@@@Z 0041340e f   mfc71d:MFC71D.DLL
 0001:00012414       ?EnableWindow@CWnd@@QAEHH@Z 00413414 f   mfc71d:MFC71D.DLL
 0001:0001241a       ?PostMessageA@CWnd@@QAEHIIJ@Z 0041341a f   mfc71d:MFC71D.DLL
 0001:00012420       ?GetParent@CWnd@@QBEPAV1@XZ 00413420 f   mfc71d:MFC71D.DLL
 0001:00012426       ?GetThisClass@CDialog@@SGPAUCRuntimeClass@@XZ 00413426 f   mfc71d:MFC71D.DLL
 0001:0001242c       ?GetCheck@CButton@@QBEHXZ  0041342c f   mfc71d:MFC71D.DLL
 0001:00012432       ?GetCurSel@CListBox@@QBEHXZ 00413432 f   mfc71d:MFC71D.DLL
 0001:00012438       ?GetCurSel@CComboBox@@QBEHXZ 00413438 f   mfc71d:MFC71D.DLL
 0001:0001243e       ?SetCheck@CButton@@QAEXH@Z 0041343e f   mfc71d:MFC71D.DLL
 0001:00012444       ?SetCurSel@CListBox@@QAEHH@Z 00413444 f   mfc71d:MFC71D.DLL
 0001:0001244a       ?SetCurSel@CComboBox@@QAEHH@Z 0041344a f   mfc71d:MFC71D.DLL
 0001:00012450       ?GetCount@CListBox@@QBEHXZ 00413450 f   mfc71d:MFC71D.DLL
 0001:00012456       ?GetCount@CComboBox@@QBEHXZ 00413456 f   mfc71d:MFC71D.DLL
 0001:0001245c       ?AfxGetApp@@YGPAVCWinApp@@XZ 0041345c f   mfc71d:MFC71D.DLL
 0001:00012462       ?RedrawWindow@CWnd@@QAEHPBUtagRECT@@PAVCRgn@@I@Z 00413462 f   mfc71d:MFC71D.DLL
 0001:00012468       ?LineScroll@CEdit@@QAEXHH@Z 00413468 f   mfc71d:MFC71D.DLL
 0001:0001246e       ?GetLineCount@CEdit@@QBEHXZ 0041346e f   mfc71d:MFC71D.DLL
 0001:00012474       ?GetText@CListBox@@QBEXHAAV?$CStringT@DV?$StrTraitMFC_DLL@DV?$ChTraitsCRT@D@ATL@@@@@ATL@@@Z 00413474 f   mfc71d:MFC71D.DLL
 0001:0001247a       ??4?$CStringT@DV?$StrTraitMFC_DLL@DV?$ChTraitsCRT@D@ATL@@@@@ATL@@QAEAAV01@PBD@Z 0041347a f   mfc71d:MFC71D.DLL
 0001:00012480       ??0?$CStringT@DV?$StrTraitMFC_DLL@DV?$ChTraitsCRT@D@ATL@@@@@ATL@@QAE@ABV01@@Z 00413480 f   mfc71d:MFC71D.DLL
 0001:00012486       ?Concatenate@?$CSimpleStringT@D$00@ATL@@KAXAAV12@PBDH1H@Z 00413486 f   mfc71d:MFC71D.DLL
 0001:0001248c       ??0?$CStringT@DV?$StrTraitMFC_DLL@DV?$ChTraitsCRT@D@ATL@@@@@ATL@@QAE@PAUIAtlStringMgr@1@@Z 0041348c f   mfc71d:MFC71D.DLL
 0001:00012492       ?GetManager@?$CSimpleStringT@D$00@ATL@@QBEPAUIAtlStringMgr@2@XZ 00413492 f   mfc71d:MFC71D.DLL
 0001:00012498       ?OnHelp@CWinApp@@IAEXXZ    00413498 f   mfc71d:MFC71D.DLL
 0001:0001249e       ?GetThisMessageMap@CWinApp@@KGPBUAFX_MSGMAP@@XZ 0041349e f   mfc71d:MFC71D.DLL
 0001:000124a4       ?LoadSysPolicies@CWinApp@@UAEHXZ 004134a4 f   mfc71d:MFC71D.DLL
 0001:000124aa       ?LoadAppLangResourceDLL@CWinApp@@UAEPAUHINSTANCE__@@XZ 004134aa f   mfc71d:MFC71D.DLL
 0001:000124b0       ?WinHelpInternal@CWinApp@@UAEXKI@Z 004134b0 f   mfc71d:MFC71D.DLL
 0001:000124b6       ?HtmlHelpA@CWinApp@@UAEXKI@Z 004134b6 f   mfc71d:MFC71D.DLL
 0001:000124bc       ?WinHelpA@CWinApp@@UAEXKI@Z 004134bc f   mfc71d:MFC71D.DLL
 0001:000124c2       ?OnDDECommand@CWinApp@@UAEHPAD@Z 004134c2 f   mfc71d:MFC71D.DLL
 0001:000124c8       ?DoWaitCursor@CWinApp@@UAEXH@Z 004134c8 f   mfc71d:MFC71D.DLL
 0001:000124ce       ?DoMessageBox@CWinApp@@UAEHPBDII@Z 004134ce f   mfc71d:MFC71D.DLL
 0001:000124d4       ?SaveAllModified@CWinApp@@UAEHXZ 004134d4 f   mfc71d:MFC71D.DLL
 0001:000124da       ?InitApplication@CWinApp@@UAEHXZ 004134da f   mfc71d:MFC71D.DLL
 0001:000124e0       ?AddToRecentFileList@CWinApp@@UAEXPBD@Z 004134e0 f   mfc71d:MFC71D.DLL
 0001:000124e6       ?OpenDocumentFile@CWinApp@@UAEPAVCDocument@@PBD@Z 004134e6 f   mfc71d:MFC71D.DLL
 0001:000124ec       ?Unregister@CWinApp@@UAEHXZ 004134ec f   mfc71d:MFC71D.DLL
 0001:000124f2       ?Register@CWinApp@@UAEHXZ  004134f2 f   mfc71d:MFC71D.DLL
 0001:000124f8       ?InitLibId@CWinApp@@UAEXXZ 004134f8 f   mfc71d:MFC71D.DLL
 0001:000124fe       ?Delete@CWinThread@@UAEXXZ 004134fe f   mfc71d:MFC71D.DLL
 0001:00012504       ?GetMainWnd@CWinThread@@UAEPAVCWnd@@XZ 00413504 f   mfc71d:MFC71D.DLL
 0001:0001250a       ?ProcessMessageFilter@CWinThread@@UAEHHPAUtagMSG@@@Z 0041350a f   mfc71d:MFC71D.DLL
 0001:00012510       ?ProcessWndProcException@CWinApp@@UAEJPAVCException@@PBUtagMSG@@@Z 00413510 f   mfc71d:MFC71D.DLL
 0001:00012516       ?ExitInstance@CWinApp@@UAEHXZ 00413516 f   mfc71d:MFC71D.DLL
 0001:0001251c       ?IsIdleMessage@CWinThread@@UAEHPAUtagMSG@@@Z 0041351c f   mfc71d:MFC71D.DLL
 0001:00012522       ?OnIdle@CWinApp@@UAEHJ@Z   00413522 f   mfc71d:MFC71D.DLL
 0001:00012528       ?PumpMessage@CWinThread@@UAEHXZ 00413528 f   mfc71d:MFC71D.DLL
 0001:0001252e       ?PreTranslateMessage@CWinThread@@UAEHPAUtagMSG@@@Z 0041352e f   mfc71d:MFC71D.DLL
 0001:00012534       ?Run@CWinApp@@UAEHXZ       00413534 f   mfc71d:MFC71D.DLL
 0001:0001253a       ?GetInterfaceMap@CCmdTarget@@MBEPBUAFX_INTERFACEMAP@@XZ 0041353a f   mfc71d:MFC71D.DLL
 0001:00012540       ?OnFinalRelease@CCmdTarget@@UAEXXZ 00413540 f   mfc71d:MFC71D.DLL
 0001:00012546       ?Dump@CWinApp@@UBEXAAVCDumpContext@@@Z 00413546 f   mfc71d:MFC71D.DLL
 0001:0001254c       ?AssertValid@CWinApp@@UBEXXZ 0041354c f   mfc71d:MFC71D.DLL
 0001:00012552       ?GetRuntimeClass@CWinApp@@UBEPAUCRuntimeClass@@XZ 00413552 f   mfc71d:MFC71D.DLL
 0001:00012558       ??0CWinApp@@QAE@PBD@Z      00413558 f   mfc71d:MFC71D.DLL
 0001:0001255e       ??1CWinApp@@UAE@XZ         0041355e f   mfc71d:MFC71D.DLL
 0001:00012564       ??1CProgressCtrl@@UAE@XZ   00413564 f   mfc71d:MFC71D.DLL
 0001:0001256a       ?LoadIconA@CWinApp@@QBEPAUHICON__@@I@Z 0041356a f   mfc71d:MFC71D.DLL
 0001:00012570       ??0CProgressCtrl@@QAE@XZ   00413570 f   mfc71d:MFC71D.DLL
 0001:00012576       ?DDX_Check@@YGXPAVCDataExchange@@HAAH@Z 00413576 f   mfc71d:MFC71D.DLL
 0001:0001257c       ?SendMessageA@CWnd@@QAEJIIJ@Z 0041357c f   mfc71d:MFC71D.DLL
 0001:00012582       ?SetBkColor@CProgressCtrl@@QAEKK@Z 00413582 f   mfc71d:MFC71D.DLL
 0001:00012588       ?SetRange@CProgressCtrl@@QAEXFF@Z 00413588 f   mfc71d:MFC71D.DLL
 0001:0001258e       ?LoadMenuA@CMenu@@QAEHI@Z  0041358e f   mfc71d:MFC71D.DLL
 0001:00012594       ??0CMenu@@QAE@XZ           00413594 f   mfc71d:MFC71D.DLL
 0001:0001259a       ?ModifyStyleEx@CWnd@@QAEHKKI@Z 0041359a f   mfc71d:MFC71D.DLL
 0001:000125a0       ?EnableToolTips@CWnd@@QAEHH@Z 004135a0 f   mfc71d:MFC71D.DLL
 0001:000125a6       ?SetIcon@CWnd@@QAEPAUHICON__@@PAU2@H@Z 004135a6 f   mfc71d:MFC71D.DLL
 0001:000125ac       ?OnDestroy@CWnd@@IAEXXZ    004135ac f   mfc71d:MFC71D.DLL
 0001:000125b2       ?OnPaint@CDialog@@IAEXXZ   004135b2 f   mfc71d:MFC71D.DLL
 0001:000125b8       ?DrawIcon@CDC@@QAEHHHPAUHICON__@@@Z 004135b8 f   mfc71d:MFC71D.DLL
 0001:000125be       ?GetSafeHdc@CDC@@QBEPAUHDC__@@XZ 004135be f   mfc71d:MFC71D.DLL
 0001:000125c4       ?IsIconic@CWnd@@QBEHXZ     004135c4 f   mfc71d:MFC71D.DLL
 0001:000125ca       ?Compare@?$CStringT@DV?$StrTraitMFC_DLL@DV?$ChTraitsCRT@D@ATL@@@@@ATL@@QBEHPBD@Z 004135ca f   mfc71d:MFC71D.DLL
 0001:000125d0       ?ShowWindow@CWnd@@QAEHH@Z  004135d0 f   mfc71d:MFC71D.DLL
 0001:000125d6       ?InsertString@CListBox@@QAEHHPBD@Z 004135d6 f   mfc71d:MFC71D.DLL
 0001:000125dc       ?SetDlgItemTextA@CWnd@@QAEXHPBD@Z 004135dc f   mfc71d:MFC71D.DLL
 0001:000125e2       ?GetWindowRect@CWnd@@QBEXPAUtagRECT@@@Z 004135e2 f   mfc71d:MFC71D.DLL
 0001:000125e8       ?GetWindowPlacement@CWnd@@QBEHPAUtagWINDOWPLACEMENT@@@Z 004135e8 f   mfc71d:MFC71D.DLL
[...]
   300 0001:00016e16   301 0001:00016e33   302 0001:00016e42   303 0001:00016e44
   304 0001:00016ea4   308 0001:00016eb0   310 0001:00016ec4   312 0001:00016ecb
   313 0001:00016ee4   315 0001:00016eee   317 0001:00016f12   319 0001:00016f27
   320 0001:00016f5c   321 0001:00016f65   322 0001:00016f6f   323 0001:00016f71
   326 0001:00016f83   328 0001:00016f9e   329 0001:00016fd4   330 0001:00016fdd
   331 0001:00016fe7   332 0001:00016fe9   335 0001:00016ffb   336 0001:00017025
   338 0001:00017029   339 0001:0001702f   340 0001:00017049   341 0001:0001704b
   343 0001:00017058   347 0001:00017070   349 0001:00017084   350 0001:0001708b
   351 0001:00017095   352 0001:000170af   354 0001:000170b9   356 0001:000170dd
   358 0001:000170f2   359 0001:00017127   360 0001:00017130   361 0001:0001713a
   362 0001:0001713c   365 0001:0001714e   367 0001:00017169   368 0001:0001719f
   369 0001:000171a8   370 0001:000171b2   371 0001:000171b4   374 0001:000171c6
   375 0001:000171f0   377 0001:000171f6   378 0001:000171fc   379 0001:00017216
   380 0001:00017218   383 0001:00017225   386 0001:00017240   387 0001:00017250
   390 0001:0001727d   391 0001:0001729c   392 0001:000172a0   394 0001:000172b3
   395 0001:000172db   398 0001:000172df   399 0001:000172e2   402 0001:00017300
   403 0001:00017306   404 0001:0001730c   405 0001:00017316   406 0001:0001733e
   409 0001:00017350   410 0001:00017354   411 0001:0001735a   412 0001:00017362
   415 0001:00017370   416 0001:00017376   418 0001:0001739d   419 0001:000173a3
   420 0001:000173cf   421 0001:000173da   423 0001:00017401   425 0001:0001740b
   426 0001:00017420   427 0001:00017439   428 0001:0001744a   429 0001:0001745c
   430 0001:0001746f   431 0001:00017482   432 0001:00017495   434 0001:000174a6
   435 0001:000174ab   438 0001:000174c0   439 0001:000174c6   440 0001:000174ed
   441 0001:000174f3   443 0001:000174f8   444 0001:000174fe   446 0001:0001752a
   447 0001:0001753b   448 0001:0001754d   449 0001:00017553   451 0001:00017558
   452 0001:0001756d   453 0001:0001758a   454 0001:00017599   455 0001:000175ab
   456 0001:000175b7   460 0001:000175cf   461 0001:000175dc   463 0001:000175de
   464 0001:000175eb   466 0001:000175ed   469 0001:000175fa   472 0001:00017600
   473 0001:00017606   475 0001:0001762d   476 0001:00017633   478 0001:0001765f
   479 0001:00017668   480 0001:00017677   481 0001:0001767d   483 0001:00017682
   485 0001:00017693   486 0001:0001769b   488 0001:000176b5   489 0001:000176bb
   490 0001:000176c0   491 0001:000176c9   492 0001:000176db   494 0001:000176dd
   495 0001:000176e3   497 0001:000176e8   498 0001:000176fd   499 0001:0001770b
   500 0001:0001771a   503 0001:00017737   504 0001:00017744   506 0001:00017746
   507 0001:00017753   509 0001:00017755   510 0001:00017762   512 0001:00017764
   515 0001:00017789   522 0001:00017790   523 0001:00017796   525 0001:0001779a
   526 0001:000177c7   527 0001:000177d0   529 0001:000177d9   530 0001:000177e6
   531 0001:0001780d   533 0001:00017821   534 0001:00017848   536 0001:00017852
   538 0001:0001785f   539 0001:00017873   541 0001:0001787d   542 0001:00017881
   547 0001:00017885   549 0001:000178b6   551 0001:000178ba   553 0001:000178bc
   555 0001:000178df   557 0001:000178e3   558 0001:000178e5   560 0001:000178f8
   563 0001:000178fc   565 0001:00017904   566 0001:0001791a   571 0001:0001791e
   572 0001:00017920

Line numbers for C:\Program Files\Microsoft Visual Studio .NET 2003\Vc7\atlmfc\lib\atlsd.lib(f:\vs70builds\6030\vc\mfcatl\ship\atlmfc\include\atlbase.h) segment .text

   191 0001:00018af0   192 0001:00018af3   193 0001:00018afc   194 0001:00018b00
   195 0001:00018b0d   197 0001:00018b20   198 0001:00018b26   199 0001:00018b2d
   200 0001:00018b36   201 0001:00018b3a   202 0001:00018b53   203 0001:00018b59
   204 0001:00018b7b   205 0001:00018b81   206 0001:00018b8d   207 0001:00018b90
   745 0001:00018ba0   754 0001:00018ba4   756 0001:00018be0   288 0001:00018bf0
   289 0001:00018c08   293 0001:00018c10   294 0001:00018c1b   296 0001:00018c21
   299 0001:00018c2a   303 0001:00018c40   304 0001:00018c47   306 0001:00018c52
   308 0001:00018c5a   328 0001:00018c60   329 0001:00018c67   330 0001:00018c93
   331 0001:00018c9d   332 0001:00018ca4   312 0001:00018cd0   315 0001:00018cd9
   316 0001:00018d05   317 0001:00018d12   319 0001:00018d18   321 0001:00018d1d
   323 0001:00018d24   324 0001:00018d26  2620 0001:0001bec0

Line numbers for C:\Program Files\Microsoft Visual Studio .NET 2003\Vc7\atlmfc\lib\atlsd.lib(f:\vs70builds\6030\vc\mfcatl\ship\atlmfc\include\atlcore.h) segment .text

   129 0001:00018a50   130 0001:00018a79   131 0001:00018a80   133 0001:00018a87
   136 0001:00018a9a   138 0001:00018aad   139 0001:00018ab6   140 0001:00018abd
   141 0001:00018abf   143 0001:00018acd   144 0001:00018ad0   124 0001:00018cb0
   125 0001:00018cb7   126 0001:00018cc1   127 0001:00018cc3   119 0001:00018d30
   120 0001:00018d37   121 0001:00018d41   122 0001:00018d43

Line numbers for C:\Program Files\Microsoft Visual Studio .NET 2003\Vc7\atlmfc\lib\atlsd.lib(f:\vs70builds\6030\vc\mfcatl\ship\atlmfc\include\atlcomcli.h) segment .text

   248 0001:00018870   250 0001:0001887f   126 0001:00018890   127 0001:00018897
   128 0001:0001889f   129 0001:000188af   142 0001:000188c0   143 0001:000188c7
   144 0001:000188f0   145 0001:000188f3   147 0001:00018900   148 0001:00018907
   149 0001:00018930   150 0001:00018935   248 0001:00018940   250 0001:0001894f
   126 0001:00018960   127 0001:00018967   128 0001:0001896f   129 0001:0001897f
   142 0001:00018990   143 0001:00018997   144 0001:000189c0   145 0001:000189c3
   147 0001:000189d0   148 0001:000189d7   149 0001:00018a00   150 0001:00018a05
   107 0001:00018a10   109 0001:00018a17   110 0001:00018a20   107 0001:00018a30
   109 0001:00018a37   110 0001:00018a40

Line numbers for C:\Program Files\Microsoft Visual Studio .NET 2003\Vc7\atlmfc\lib\atlsd.lib(f:\vs70builds\6030\devtools\common\win32sdk\include\guiddef.h) segment .text

   151 0001:00018810   156 0001:00018814   157 0001:0001885d

Line numbers for C:\Program Files\Microsoft Visual Studio .NET 2003\Vc7\atlmfc\lib\atlsd.lib(f:\vs70builds\6030\vc\mfcatl\ship\atlmfc\src\atl\atls\atlfuncs.cpp) segment .text

    31 0001:000187c0    28 0001:000187c0    32 0001:000187c4    33 0001:000187c7
    34 0001:000187cb    35 0001:000187ce

Line numbers for C:\Program Files\Microsoft Visual Studio .NET 2003\Vc7\atlmfc\lib\atlsd.lib(f:\vs70builds\6030\vc\mfcatl\ship\atlmfc\include\atlbase.inl) segment .text

    27 0001:00017ab0    28 0001:00017ab6    29 0001:00017abc    31 0001:00017ac6
    32 0001:00017ace    33 0001:00017ad6    34 0001:00017af2    35 0001:00017af8
    36 0001:00017b1f    37 0001:00017b25    38 0001:00017b47    39 0001:00017b60
    42 0001:00017b70    43 0001:00017b76    44 0001:00017b7c    46 0001:00017b86
    47 0001:00017b8e    48 0001:00017b96    49 0001:00017bb2    50 0001:00017bb8
    51 0001:00017bdf    52 0001:00017be5    53 0001:00017c03    54 0001:00017c1c
    62 0001:00017c30    63 0001:00017c36    66 0001:00017c3c    67 0001:00017c4a
    68 0001:00017c62    69 0001:00017c6c    71 0001:00017c78    72 0001:00017c7a
    75 0001:00017c80    76 0001:00017c84    77 0001:00017ca8    78 0001:00017cae
    80 0001:00017cb5    81 0001:00017cc6    84 0001:00017ccc    85 0001:00017ce9
    87 0001:00017cef    88 0001:00017cff    91 0001:00017d08    92 0001:00017d0b
    95 0001:00017d20    96 0001:00017d26    97 0001:00017d4a    98 0001:00017d50
   100 0001:00017d57   101 0001:00017d60   102 0001:00017d67   105 0001:00017d6d
   106 0001:00017d7b   107 0001:00017d93   109 0001:00017da8   110 0001:00017dab
   116 0001:00017dc0   117 0001:00017dc6   118 0001:00017dea   119 0001:00017df0
   120 0001:00017dfa   121 0001:00017e02   123 0001:00017e0c   124 0001:00017e12
   125 0001:00017e1c   127 0001:00017e25   129 0001:00017e2c   131 0001:00017e4f
   133 0001:00017e5b   134 0001:00017e63   136 0001:00017e8a   138 0001:00017e97
   139 0001:00017ea8   140 0001:00017eb3   142 0001:00017eb9   143 0001:00017ee6
   144 0001:00017f0b   146 0001:00017f15   147 0001:00017f1e   148 0001:00017f3a
   149 0001:00017f42   150 0001:00017f4b   151 0001:00017f67   154 0001:00017f69
   156 0001:00017f6e   157 0001:00017f7c   158 0001:00017f83   159 0001:00017f86
   162 0001:00017f90   163 0001:00017f96   164 0001:00017fbd   165 0001:00017fc3
   167 0001:00017fca   168 0001:00017fd1   170 0001:00017ff6   171 0001:00017ffe
   172 0001:00018014   173 0001:00018016   174 0001:00018019   177 0001:00018020
   178 0001:00018026   179 0001:0001804d   180 0001:00018053   182 0001:0001805a
   183 0001:00018061   185 0001:00018086   186 0001:0001808e   187 0001:0001809c
   188 0001:0001809e   189 0001:000180a1   192 0001:000180b0   196 0001:000180b6
   198 0001:000180c3   200 0001:000180db   201 0001:000180e1   203 0001:000180eb
   204 0001:000180f1   207 0001:000180f6   210 0001:00018110   213 0001:0001811d
   214 0001:00018123   215 0001:00018136   216 0001:00018138   218 0001:0001814b
   220 0001:00018151   222 0001:0001815b   223 0001:00018161   224 0001:0001816b
   225 0001:0001816d   228 0001:00018177   229 0001:00018187   230 0001:0001818e
   231 0001:00018193   232 0001:00018198   233 0001:0001819a   240 0001:000181a0
   241 0001:000181a6   242 0001:000181cd   244 0001:000181f4   245 0001:00018200
   248 0001:0001820a   249 0001:00018234   250 0001:0001823a   251 0001:00018244
   252 0001:0001824d   254 0001:0001825a   255 0001:00018266   256 0001:00018272
   257 0001:0001827a   259 0001:00018281   261 0001:0001828e   262 0001:0001829c
   264 0001:000182bc   266 0001:000182c5   267 0001:000182ec   268 0001:000182f8
   269 0001:00018304   270 0001:0001830c   275 0001:00018310   276 0001:0001832c
   277 0001:0001833e   280 0001:00018343   281 0001:0001834c   282 0001:00018351
   283 0001:00018356   286 0001:00018360   287 0001:00018363   288 0001:00018368
   294 0001:00018370   295 0001:00018376   296 0001:0001837c   298 0001:00018388
   299 0001:000183b5   300 0001:000183c1   302 0001:000183cd   303 0001:000183d5
   304 0001:000183e1   305 0001:000183f2   307 0001:000183fe   308 0001:0001842b
   309 0001:00018450   311 0001:0001845a   312 0001:00018466   313 0001:0001846f
   316 0001:00018480   317 0001:00018486   318 0001:0001848c   320 0001:00018493
   321 0001:0001849a   322 0001:000184ab   324 0001:000184b7   325 0001:000184e4
   326 0001:00018509   328 0001:0001851c   329 0001:00018525   331 0001:0001852b
   332 0001:00018534   333 0001:0001853b   335 0001:00018541   337 0001:0001854c
   338 0001:00018552   339 0001:0001855e   340 0001:00018560   341 0001:0001856c
   342 0001:00018574   344 0001:00018576   345 0001:0001857c   346 0001:00018585
   348 0001:00018587   349 0001:00018598   352 0001:000185a0   353 0001:000185a6
   354 0001:000185ac   357 0001:000185b6   358 0001:000185be   360 0001:000185c5
   362 0001:000185cf   363 0001:000185dd   365 0001:000185e3   366 0001:00018610
   368 0001:00018635   369 0001:00018638   375 0001:00018640   376 0001:00018646
   377 0001:0001864c   379 0001:00018656   380 0001:0001865d   381 0001:00018664
   382 0001:00018677   383 0001:0001867d   384 0001:00018684   386 0001:00018689
   387 0001:00018691   388 0001:0001869a   389 0001:000186ab   390 0001:000186b6
   392 0001:000186bc   393 0001:000186c8   395 0001:000186d1   397 0001:000186d3
   398 0001:000186e5   399 0001:00018712   401 0001:00018737   402 0001:0001873f
   403 0001:00018742   406 0001:00018750   407 0001:00018756   408 0001:0001875c
   410 0001:00018768   411 0001:00018771   412 0001:00018778   414 0001:0001877e
   415 0001:0001878a   416 0001:00018793   417 0001:000187a5   418 0001:000187ab
   419 0001:000187ad   420 0001:000187b7

Line numbers for C:\Program Files\Microsoft Visual Studio .NET 2003\Vc7\atlmfc\lib\atlsd.lib(f:\vs70builds\6030\vc\mfcatl\ship\atlmfc\include\atlbase.h) segment .text

  2620 0001:0001be80

Line numbers for C:\Program Files\Microsoft Visual Studio .NET 2003\Vc7\atlmfc\lib\atlsd.lib(f:\vs70builds\6030\vc\mfcatl\ship\atlmfc\include\atltrace.h) segment .text

   196 0001:000166f0   197 0001:00016700   198 0001:00016713   199 0001:00016729
    82 0001:00016740    84 0001:00016747    85 0001:00016760   131 0001:00016770

Line numbers for C:\Program Files\Microsoft Visual Studio .NET 2003\Vc7\atlmfc\lib\atlsd.lib(f:\vs70builds\6030\vc\mfcatl\ship\atlmfc\src\atl\atls\atltrace.cpp) segment .text

    22 0001:0001bb20    23 0001:0001bb40    24 0001:0001bb60    25 0001:0001bb80
    26 0001:0001bba0    27 0001:0001bbc0    28 0001:0001bbe0    29 0001:0001bc00
    30 0001:0001bc20    31 0001:0001bc40    32 0001:0001bc60    33 0001:0001bc80
    34 0001:0001bca0    35 0001:0001bcc0    36 0001:0001bce0    37 0001:0001bd00
    38 0001:0001bd20    39 0001:0001bd40    40 0001:0001bd60    41 0001:0001bd80
    42 0001:0001bda0    43 0001:0001bdc0    44 0001:0001bde0    47 0001:0001be00
    48 0001:0001be20    49 0001:0001be40    50 0001:0001be60

Line numbers for C:\Program Files\Microsoft Visual Studio .NET 2003\Vc7\atlmfc\lib\atlsd.lib(f:\vs70builds\6030\vc\mfcatl\ship\atlmfc\include\atlbase.h) segment .text

  2620 0001:0001ba80

Line numbers for C:\Program Files\Microsoft Visual Studio .NET 2003\Vc7\atlmfc\lib\atlsd.lib(f:\vs70builds\6030\vc\mfcatl\ship\atlmfc\include\atltypes.inl) segment .text

    22 0001:00014fc0    24 0001:00014fd0    26 0001:00015000    28 0001:00015020
    30 0001:00015040    31 0001:00015047    32 0001:00015057    33 0001:00015066
    35 0001:00015070    37 0001:000150b0    39 0001:000150f0    41 0001:00015120
    43 0001:00015150    45 0001:00015170    47 0001:000151a0    49 0001:000151d0
    51 0001:00015200    53 0001:00015230    55 0001:00015260    57 0001:000152a0
    61 0001:000152e0    63 0001:000152f0    65 0001:00015320    67 0001:00015340
    69 0001:00015360    70 0001:00015367    71 0001:00015377    72 0001:00015386
    74 0001:00015390    76 0001:000153c0    78 0001:000153f0    80 0001:00015420
    82 0001:00015440    84 0001:00015480    86 0001:000154c0    88 0001:000154f0
    90 0001:00015520    92 0001:00015550    94 0001:00015580    96 0001:000155b0
    98 0001:000155e0   100 0001:00015610   102 0001:00015640   104 0001:00015670
   106 0001:000156b0   110 0001:000156f0   112 0001:00015700   114 0001:00015740
   116 0001:00015760   118 0001:00015780   120 0001:000157c0   121 0001:000157d8
   123 0001:00015800   125 0001:00015820   127 0001:00015840   129 0001:00015880
   131 0001:00015890   133 0001:000158b0   135 0001:000158c0   137 0001:000158e0
   139 0001:00015920   141 0001:00015940   143 0001:00015970   145 0001:00015980
   147 0001:00015990   149 0001:000159b0   151 0001:00015a00   153 0001:00015a20
   155 0001:00015a50   157 0001:00015a80   159 0001:00015aa0   161 0001:00015ac0
   163 0001:00015ae0   165 0001:00015b00   167 0001:00015b20   169 0001:00015b50
   171 0001:00015b80   173 0001:00015ba0   175 0001:00015bc0   177 0001:00015be0
   179 0001:00015c10   181 0001:00015c40   183 0001:00015c70   185 0001:00015ca0
   187 0001:00015cc0   189 0001:00015ce0   191 0001:00015d00   193 0001:00015d20
   195 0001:00015d40   197 0001:00015d60   199 0001:00015d80   201 0001:00015da0
   203 0001:00015dd0   205 0001:00015e00   207 0001:00015e20   209 0001:00015e40
   211 0001:00015e60   213 0001:00015ec0   215 0001:00015f20   217 0001:00015f80
   219 0001:00015fe0   221 0001:00016030   223 0001:00016080   224 0001:000160a3
   226 0001:000160d0   227 0001:000160f3   229 0001:00016120   232 0001:00016140
   234 0001:00016149   236 0001:00016156   237 0001:0001615e   238 0001:00016169
   240 0001:00016172   242 0001:00016180   243 0001:00016189   244 0001:00016195
   246 0001:0001619e   249 0001:000161b0   250 0001:000161b7   251 0001:000161d8
   252 0001:000161fc   255 0001:00016210   256 0001:00016217   257 0001:00016233
   258 0001:00016251   261 0001:00016260   262 0001:00016267   263 0001:00016288
   264 0001:000162ac   267 0001:000162c0   268 0001:000162c7   269 0001:000162e3
   270 0001:00016301   273 0001:00016310   278 0001:00016317   279 0001:00016379

Line numbers for C:\Program Files\Microsoft Visual Studio .NET 2003\Vc7\atlmfc\lib\atlsd.lib(f:\vs70builds\6030\vc\mfcatl\ship\atlmfc\include\atlbase.h) segment .text

  2620 0001:0001bf40

Line numbers for C:\Program Files\Microsoft Visual Studio .NET 2003\Vc7\atlmfc\lib\atlsd.lib(f:\vs70builds\6030\vc\mfcatl\ship\atlmfc\src\atl\atls\atltracemodulemanager.h) segment .text

    44 0001:0001ad80    45 0001:0001adae

Line numbers for C:\Program Files\Microsoft Visual Studio .NET 2003\Vc7\atlmfc\lib\atlsd.lib(f:\vs70builds\6030\vc\mfcatl\ship\atlmfc\src\atl\atls\atltracemodulemanager.cpp) segment .text

    21 0001:0001a960    22 0001:0001a987    23 0001:0001a990    24 0001:0001a99c
    27 0001:0001a9b0    28 0001:0001a9ca    30 0001:0001a9e4    32 0001:0001a9f5
    34 0001:0001aa1e    36 0001:0001aa3c    37 0001:0001aa43    40 0001:0001aad0
    41 0001:0001aad2    43 0001:0001aae8    45 0001:0001aaee    46 0001:0001ab0c
    47 0001:0001ab2e    48 0001:0001ab4e    49 0001:0001ab5f    51 0001:0001ab7d
    52 0001:0001ab8c    53 0001:0001ab99    54 0001:0001aba5    59 0001:0001abc0
    60 0001:0001abd9    61 0001:0001abe8    64 0001:0001abf0    65 0001:0001abf7
    66 0001:0001ac0c    67 0001:0001ac15    72 0001:0001ac20    73 0001:0001ac4a
    76 0001:0001ac60    78 0001:0001ac69    82 0001:0001ac8a    91 0001:0001ac90
    92 0001:0001ad3d    94 0001:0001ad49    95 0001:0001ad53    98 0001:0001ad60
    99 0001:0001ad67   100 0001:0001ad76

Line numbers for C:\Program Files\Microsoft Visual Studio .NET 2003\Vc7\atlmfc\lib\atlsd.lib(f:\vs70builds\6030\vc\mfcatl\ship\atlmfc\include\atlbase.h) segment .text

  2620 0001:0001bb00

Line numbers for C:\Program Files\Microsoft Visual Studio .NET 2003\Vc7\atlmfc\lib\atlsd.lib(f:\vs70builds\6030\vc\mfcatl\ship\atlmfc\include\atltrace.h) segment .text

    70 0001:00016550    71 0001:0001656a    73 0001:0001657f    76 0001:000166d0
    77 0001:000166d7    78 0001:000166e3

Line numbers for C:\Program Files\Microsoft Visual Studio .NET 2003\Vc7\atlmfc\lib\atlsd.lib(f:\vs70builds\6030\vc\mfcatl\ship\atlmfc\include\atlexcept.h) segment .text

    40 0001:00016530    41 0001:0001653f

Line numbers for C:\Program Files\Microsoft Visual Studio .NET 2003\Vc7\atlmfc\lib\atlsd.lib(f:\vs70builds\6030\vc\mfcatl\ship\atlmfc\include\atlsimpcoll.h) segment .text

    97 0001:00016400    97 0001:00016430   100 0001:000165d0   101 0001:000165d7
   102 0001:000165df   100 0001:000165f0   101 0001:000165f7   102 0001:000165ff
   173 0001:00016610   174 0001:00016619   176 0001:00016621   177 0001:0001663e
   178 0001:00016640   179 0001:0001664e   181 0001:00016657   182 0001:00016661
   183 0001:0001666b   173 0001:00016670   174 0001:00016679   176 0001:00016681
   177 0001:0001669e   178 0001:000166a0   179 0001:000166ae   181 0001:000166b7
   182 0001:000166c1   183 0001:000166cb

Line numbers for C:\Program Files\Microsoft Visual Studio .NET 2003\Vc7\atlmfc\lib\atlsd.lib(f:\vs70builds\6030\vc\mfcatl\ship\atlmfc\src\atl\atls\allocate.h) segment .text

    42 0001:00016380    43 0001:000163bb    46 0001:00016590    47 0001:00016597
    48 0001:000165a1

Line numbers for C:\Program Files\Microsoft Visual Studio .NET 2003\Vc7\atlmfc\lib\atlsd.lib(f:\vs70builds\6030\vc\mfcatl\ship\atlmfc\src\atl\atls\externs.cpp) segment .text

    26 0001:00016460    30 0001:00016473    32 0001:0001649e    34 0001:000164ad
    37 0001:000164d6    39 0001:000164f3    42 0001:0001651c    43 0001:0001651e
    23 0001:0001baa0    45 0001:0001bac0    52 0001:0001bad0
