 SppConsole

 Timestamp is 499334f5 (Wed Feb 11 22:28:37 2009)

 Preferred load address is 00400000

 Start         Length     Name                   Class
 0001:00000000 0001b56cH .text                   CODE
 0001:0001b570 000009a5H .text$x                 CODE
 0001:0001bf20 00000556H .text$yc                CODE
 0001:0001c480 000000dfH .text$yd                CODE
 0002:00000000 000008c4H .idata$5                DATA
 0002:000008d0 0000c008H .rdata                  DATA
 0002:0000c8d8 00000053H .rdata$debug            DATA
 0002:0000c92c 00000044H .rdata$r                DATA
 0002:0000c970 00000120H .rdata$sxdata           DATA
 0002:0000ca90 00000004H .rtc$IAA                DATA
 0002:0000ca94 00000004H .rtc$IMZ                DATA
 0002:0000ca98 00000004H .rtc$IZZ                DATA
 0002:0000ca9c 00000004H .rtc$TAA                DATA
 0002:0000caa0 00000004H .rtc$TMZ                DATA
 0002:0000caa4 00000004H .rtc$TZZ                DATA
 0002:0000caa8 00000c38H .xdata$x                DATA
 0002:0000d6e0 00000004H ATL$__a                 DATA
 0002:0000d6e4 00000004H ATL$__z                 DATA
 0002:0000d6e8 000000f0H .idata$2                DATA
 0002:0000d7d8 00000014H .idata$3                DATA
 0002:0000d7ec 000008c4H .idata$4                DATA
 0002:0000e0b0 00000e6aH .idata$6                DATA
 0002:0000ef1a 00000000H .edata                  DATA
 0003:00000000 00000004H .CRT$XCA                DATA
 0003:00000004 00000004H .CRT$XCAA               DATA
 0003:00000008 0000000cH .CRT$XCC                DATA
 0003:00000014 00000074H .CRT$XCL                DATA
 0003:00000088 00000008H .CRT$XCU                DATA
 0003:00000090 00000004H .CRT$XCZ                DATA
 0003:00000094 00000004H .CRT$XIA                DATA
 0003:00000098 00000004H .CRT$XIZ                DATA
 0003:000000a0 00000fc0H .data                   DATA
 0003:00001060 000002c8H .bss                    DATA
 0004:00000000 00000550H .rsrc$01                DATA
 0004:00000550 00002908H .rsrc$02                DATA

  Address         Publics by Value              Rva+Base     Lib:Object

 0000:00000000       __except_list              00000000     <absolute>
 0000:00000048       ___safe_se_handler_count   00000048     <absolute>
 0000:00009876       __ldused                   00009876     <absolute>
 0000:00009876       __fltused                  00009876     <absolute>
 0000:00000000       ___ImageBase               00400000     <linker-defined>
 0001:00000000       ??0CAboutDlg@@QAE@PAVCWnd@@@Z 00401000 f   AboutDlg.obj
 0001:00000070       ?DoDataExchange@CAboutDlg@@MAEXPAVCDataExchange@@@Z 00401070 f   AboutDlg.obj
 0001:00000090       ?GetThisMessageMap@CAboutDlg@@KGPBUAFX_MSGMAP@@XZ 00401090 f   AboutDlg.obj
 0001:000000a0       ?GetMessageMap@CAboutDlg@@MBEPBUAFX_MSGMAP@@XZ 004010a0 f   AboutDlg.obj
 0001:000000b0       ?OnInitDialog@CAboutDlg@@MAEHXZ 004010b0 f   AboutDlg.obj
 0001:000001e0       ??_ECAboutDlg@@UAEPAXI@Z   004011e0 f i AboutDlg.obj
 0001:000001e0       ??_GCAboutDlg@@UAEPAXI@Z   004011e0 f i AboutDlg.obj
 0001:00000210       ??1CAboutDlg@@UAE@XZ       00401210 f i AboutDlg.obj
 0001:00000260       ??1CStaticLink@@UAE@XZ     00401260 f i AboutDlg.obj
 0001:000002c0       ?_AtlGetThreadACPThunk@ATL@@YGIXZ 004012c0 f i AboutDlg.obj
 0001:00000340       ?InterlockedExchangePointer@@YGPAXPAPAXPAX@Z 00401340 f i AboutDlg.obj
 0001:00000360       ?_AtlGetThreadACPFake@ATL@@YGIXZ 00401360 f i AboutDlg.obj
 0001:000003f0       ?_AtlGetThreadACPReal@ATL@@YGIXZ 004013f0 f i AboutDlg.obj
 0001:00000400       ?isSpk@@YA_NI@Z            00401400 f   AudioInput.obj
 0001:00000430       ?GetLineControlByID@@YAIPAUHMIXEROBJ__@@KPAUtagMIXERCONTROLA@@@Z 00401430 f   AudioInput.obj
 0001:00000480       ?Mute@@YAIPAUHMIXER__@@I_N@Z 00401480 f   AudioInput.obj
 0001:00000550       ?GetMuteValue@@YA_NPAUHMIXER__@@IPA_N@Z 00401550 f   AudioInput.obj
 0001:00000620       ?GetSelSrcLineID@@YAJPAUHMIXER__@@I@Z 00401620 f   AudioInput.obj
 0001:00000810       ?SetControlDetailList@@YAIPAUHMIXER__@@PAUtMIXERCONTROLDETAILS_BOOLEAN@@KI@Z 00401810 f   AudioInput.obj
 0001:00000860       ?SetControlDetailList@@YAIPAUHMIXER__@@PAUtMIXERCONTROLDETAILS_UNSIGNED@@KI@Z 00401860 f   AudioInput.obj
 0001:000008b0       ?GetLineControlList@@YAIPAUHMIXEROBJ__@@KPAUtagMIXERCONTROLA@@PAH@Z 004018b0 f   AudioInput.obj
 0001:00000970       ?GetControlDetailList@@YAIPAUHMIXER__@@PAUtagMIXERCONTROLDETAILS_LISTTEXTA@@KI@Z 00401970 f   AudioInput.obj
 0001:000009c0       ?GetControlDetailList@@YAIPAUHMIXER__@@PAUtMIXERCONTROLDETAILS_BOOLEAN@@KI@Z 004019c0 f   AudioInput.obj
 0001:00000a10       ?GetVolumeValue@@YA_NPAUHMIXER__@@IPAJ@Z 00401a10 f   AudioInput.obj
 0001:00000b40       ?SetVolumeValue@@YAHPAUHMIXER__@@IJ@Z 00401b40 f   AudioInput.obj
 0001:00000c50       ??0CAudioInput@@QAE@PAUHWND__@@@Z 00401c50 f   AudioInput.obj
 0001:00000d80       ??1CAudioInput@@UAE@XZ     00401d80 f   AudioInput.obj
 0001:00000e40       ?GetCountMixerDevice@CAudioInput@@QAEHXZ 00401e40 f   AudioInput.obj
 0001:00000e60       ?GetMixerDeviceName@CAudioInput@@QAEPBDH@Z 00401e60 f   AudioInput.obj
 0001:00000ea0       ?GetMixerDeviceInputLineName@CAudioInput@@QAEPBDHH@Z 00401ea0 f   AudioInput.obj
 0001:00000ef0       ?GetMixerDevice@CAudioInput@@QAEPAVCMixerDevice@1@H@Z 00401ef0 f   AudioInput.obj
 0001:00000f30       ?Restore@CAudioInput@@QAEXXZ 00401f30 f   AudioInput.obj
 0001:00000f90       ?GetPreferredMixerDeviceIndex@CAudioInput@@QAEHXZ 00401f90 f   AudioInput.obj
 0001:00001090       ?GetMixerDeviceIndex@CAudioInput@@QAEHPAD@Z 00402090 f   AudioInput.obj
 0001:00001100       ?GetMixerDeviceID@CAudioInput@@QAEHPAD@Z 00402100 f   AudioInput.obj
 0001:00001180       ?SetCurrentMixerDevice@CAudioInput@@QAE_NH@Z 00402180 f   AudioInput.obj
 0001:000011d0       ?GetCurrentMixerDevice@CAudioInput@@QAEHXZ 004021d0 f   AudioInput.obj
 0001:000011f0       ??0CMixerDevice@CAudioInput@@QAE@XZ 004021f0 f   AudioInput.obj
 0001:00001270       ??1CMixerDevice@CAudioInput@@UAE@XZ 00402270 f   AudioInput.obj
 0001:000013d0       ??0CMixerDevice@CAudioInput@@QAE@HPAUHWND__@@@Z 004023d0 f   AudioInput.obj
 0001:00001510       ?AdjustInputVolume@CMixerDevice@CAudioInput@@QAEXK@Z 00402510 f   AudioInput.obj
 0001:000015d0       ?CreateInputLineArray@CMixerDevice@CAudioInput@@IAEHXZ 004025d0 f   AudioInput.obj
 0001:00001940       ?CreatePhysicalDevArray@CMixerDevice@CAudioInput@@QAEHXZ 00402940 f   AudioInput.obj
 0001:00001c80       ?GetInputLineIndex@CMixerDevice@CAudioInput@@QAE_NIPAI@Z 00402c80 f   AudioInput.obj
 0001:00001cf0       ?GetInputLineName@CMixerDevice@CAudioInput@@QAEPBDH@Z 00402cf0 f   AudioInput.obj
 0001:00001d30       ?GetInputLineVolumeValue@CMixerDevice@CAudioInput@@QAEHH@Z 00402d30 f   AudioInput.obj
 0001:00001d70       ?GetInputLineSrcID@CMixerDevice@CAudioInput@@QAE_NPAII@Z 00402d70 f   AudioInput.obj
 0001:00001dd0       ?GetName@CMixerDevice@CAudioInput@@QAEPBDXZ 00402dd0 f   AudioInput.obj
 0001:00001df0       ?GetSelectedInputLine@CMixerDevice@CAudioInput@@QAE_NPAI@Z 00402df0 f   AudioInput.obj
 0001:00002080       ?MuteOutputLine@CMixerDevice@CAudioInput@@QAE_NK_N0@Z 00403080 f   AudioInput.obj
 0001:00002160       ?MuteSelectedInputLine@CMixerDevice@CAudioInput@@QAE_NI_N0@Z 00403160 f   AudioInput.obj
 0001:000021c0       ?RestoreSelectedInputLine@CMixerDevice@CAudioInput@@QAEXI@Z 004031c0 f   AudioInput.obj
 0001:00002220       ?Restore@CMixerDevice@CAudioInput@@QAEHXZ 00403220 f   AudioInput.obj
 0001:000022b0       ?SelectInputLine@CMixerDevice@CAudioInput@@QAEXI@Z 004032b0 f   AudioInput.obj
 0001:00002590       ?SetSelectedInputLine@CMixerDevice@CAudioInput@@QAE_NI@Z 00403590 f   AudioInput.obj
 0001:00002610       ?SetSpeakers@CMixerDevice@CAudioInput@@QAEH_N0@Z 00403610 f   AudioInput.obj
 0001:000026b0       ??0CInputLine@CMixerDevice@CAudioInput@@QAE@XZ 004036b0 f   AudioInput.obj
 0001:000026f0       ??1CInputLine@CMixerDevice@CAudioInput@@UAE@XZ 004036f0 f   AudioInput.obj
 0001:00002760       ??0CInputLine@CMixerDevice@CAudioInput@@QAE@PAUHMIXER__@@KPBDKJ@Z 00403760 f   AudioInput.obj
 0001:000028f0       ?GetVolumeValue@CInputLine@CMixerDevice@CAudioInput@@QAEHXZ 004038f0 f   AudioInput.obj
 0001:000029e0       ?CreateArrayMuteCtrl@CInputLine@CMixerDevice@CAudioInput@@IAEPAV?$CArray@UsMuteLine@CInputLine@CMixerDevice@CAudioInput@@U1234@@@KPBD@Z 004039e0 f   AudioInput.obj
 0001:00002e20       ?GetName@CInputLine@CMixerDevice@CAudioInput@@QAEPBDXZ 00403e20 f   AudioInput.obj
 0001:00002e40       ?GetSrcID@CInputLine@CMixerDevice@CAudioInput@@QAEKXZ 00403e40 f   AudioInput.obj
 0001:00002e60       ?isInitSelected@CInputLine@CMixerDevice@CAudioInput@@QAE_NXZ 00403e60 f   AudioInput.obj
 0001:00002e80       ?RestoreMute@CInputLine@CMixerDevice@CAudioInput@@QAEXXZ 00403e80 f   AudioInput.obj
 0001:00002ef0       ?RestoreVolume@CInputLine@CMixerDevice@CAudioInput@@QAEHXZ 00403ef0 f   AudioInput.obj
 0001:00002fd0       ?SetDefaultVolume@CInputLine@CMixerDevice@CAudioInput@@QAEXXZ 00403fd0 f   AudioInput.obj
 0001:000030d0       ?SetMute@CInputLine@CMixerDevice@CAudioInput@@QAE_N_N0@Z 004040d0 f   AudioInput.obj
 0001:000031a0       ?SetName@CInputLine@CMixerDevice@CAudioInput@@QAEXPBD@Z 004041a0 f   AudioInput.obj
 0001:000031c0       ?SetSrcType@CInputLine@CMixerDevice@CAudioInput@@QAEXK@Z 004041c0 f   AudioInput.obj
 0001:000031e0       ?StoreDefaultVolume@CInputLine@CMixerDevice@CAudioInput@@QAEHXZ 004041e0 f   AudioInput.obj
 0001:000032e0       ??0CPhysicalDevice@CMixerDevice@CAudioInput@@QAE@XZ 004042e0 f   AudioInput.obj
 0001:00003320       ??0CPhysicalDevice@CMixerDevice@CAudioInput@@QAE@PAUHMIXER__@@KK_NKH@Z 00404320 f   AudioInput.obj
 0001:00003370       ??1CPhysicalDevice@CMixerDevice@CAudioInput@@UAE@XZ 00404370 f   AudioInput.obj
 0001:00003390       ?restore@CPhysicalDevice@CMixerDevice@CAudioInput@@QAEXXZ 00404390 f   AudioInput.obj
 0001:000033f0       ?SetMute@CPhysicalDevice@CMixerDevice@CAudioInput@@QAEX_N@Z 004043f0 f   AudioInput.obj
 0001:00003420       ?SetVolume@CPhysicalDevice@CMixerDevice@CAudioInput@@QAEXH@Z 00404420 f   AudioInput.obj
 0001:00003450       ?isValid@CMixerDevice@CAudioInput@@QAE_NXZ 00404450 f   AudioInput.obj
 0001:00003470       ?GetID@CMixerDevice@CAudioInput@@QAEHXZ 00404470 f   AudioInput.obj
 0001:00003490       ??_GCAudioInput@@UAEPAXI@Z 00404490 f i AudioInput.obj
 0001:00003490       ??_ECAudioInput@@UAEPAXI@Z 00404490 f i AudioInput.obj
 0001:000034c0       ??_GCMixerDevice@CAudioInput@@UAEPAXI@Z 004044c0 f i AudioInput.obj
 0001:000034c0       ??_ECMixerDevice@CAudioInput@@UAEPAXI@Z 004044c0 f i AudioInput.obj
 0001:000034f0       ??_ECInputLine@CMixerDevice@CAudioInput@@UAEPAXI@Z 004044f0 f i AudioInput.obj
 0001:000034f0       ??_GCInputLine@CMixerDevice@CAudioInput@@UAEPAXI@Z 004044f0 f i AudioInput.obj
 0001:00003520       ??_GCPhysicalDevice@CMixerDevice@CAudioInput@@UAEPAXI@Z 00404520 f i AudioInput.obj
 0001:00003520       ??_ECPhysicalDevice@CMixerDevice@CAudioInput@@UAEPAXI@Z 00404520 f i AudioInput.obj
 0001:00003550       ??0?$CArray@PAVCInputLine@CMixerDevice@CAudioInput@@PAV123@@@QAE@XZ 00404550 f i AudioInput.obj
 0001:000035a0       ?GetSize@?$CArray@PAVCInputLine@CMixerDevice@CAudioInput@@PAV123@@@QBEHXZ 004045a0 f i AudioInput.obj
 0001:000035c0       ?RemoveAll@?$CArray@PAVCInputLine@CMixerDevice@CAudioInput@@PAV123@@@QAEXXZ 004045c0 f i AudioInput.obj
 0001:000035e0       ?GetAt@?$CArray@PAVCInputLine@CMixerDevice@CAudioInput@@PAV123@@@QAEAAPAVCInputLine@CMixerDevice@CAudioInput@@H@Z 004045e0 f i AudioInput.obj
 0001:00003640       ?Add@?$CArray@PAVCInputLine@CMixerDevice@CAudioInput@@PAV123@@@QAEHPAVCInputLine@CMixerDevice@CAudioInput@@@Z 00404640 f i AudioInput.obj
 0001:00003670       ?RemoveAt@?$CArray@PAVCInputLine@CMixerDevice@CAudioInput@@PAV123@@@QAEXHH@Z 00404670 f i AudioInput.obj
 0001:00003780       ??1?$CArray@PAVCInputLine@CMixerDevice@CAudioInput@@PAV123@@@UAE@XZ 00404780 f i AudioInput.obj
 0001:00003820       ?Serialize@?$CArray@PAVCInputLine@CMixerDevice@CAudioInput@@PAV123@@@UAEXAAVCArchive@@@Z 00404820 f i AudioInput.obj
 0001:000038a0       ?Dump@?$CArray@PAVCInputLine@CMixerDevice@CAudioInput@@PAV123@@@UBEXAAVCDumpContext@@@Z 004048a0 f i AudioInput.obj
 0001:00003920       ?AssertValid@?$CArray@PAVCInputLine@CMixerDevice@CAudioInput@@PAV123@@@UBEXXZ 00404920 f i AudioInput.obj
 0001:00003a10       ??0?$CArray@PAVCPhysicalDevice@CMixerDevice@CAudioInput@@PAV123@@@QAE@XZ 00404a10 f i AudioInput.obj
 0001:00003a60       ?GetSize@?$CArray@PAVCPhysicalDevice@CMixerDevice@CAudioInput@@PAV123@@@QBEHXZ 00404a60 f i AudioInput.obj
 0001:00003a80       ?RemoveAll@?$CArray@PAVCPhysicalDevice@CMixerDevice@CAudioInput@@PAV123@@@QAEXXZ 00404a80 f i AudioInput.obj
 0001:00003aa0       ?GetAt@?$CArray@PAVCPhysicalDevice@CMixerDevice@CAudioInput@@PAV123@@@QAEAAPAVCPhysicalDevice@CMixerDevice@CAudioInput@@H@Z 00404aa0 f i AudioInput.obj
 0001:00003b00       ?Add@?$CArray@PAVCPhysicalDevice@CMixerDevice@CAudioInput@@PAV123@@@QAEHPAVCPhysicalDevice@CMixerDevice@CAudioInput@@@Z 00404b00 f i AudioInput.obj
 0001:00003b30       ?RemoveAt@?$CArray@PAVCPhysicalDevice@CMixerDevice@CAudioInput@@PAV123@@@QAEXHH@Z 00404b30 f i AudioInput.obj
 0001:00003c40       ??1?$CArray@PAVCPhysicalDevice@CMixerDevice@CAudioInput@@PAV123@@@UAE@XZ 00404c40 f i AudioInput.obj
 0001:00003ce0       ?Serialize@?$CArray@PAVCPhysicalDevice@CMixerDevice@CAudioInput@@PAV123@@@UAEXAAVCArchive@@@Z 00404ce0 f i AudioInput.obj
 0001:00003d60       ?Dump@?$CArray@PAVCPhysicalDevice@CMixerDevice@CAudioInput@@PAV123@@@UBEXAAVCDumpContext@@@Z 00404d60 f i AudioInput.obj
 0001:00003de0       ?AssertValid@?$CArray@PAVCPhysicalDevice@CMixerDevice@CAudioInput@@PAV123@@@UBEXXZ 00404de0 f i AudioInput.obj
 0001:00003ed0       ??0?$CArray@PAVCMixerDevice@CAudioInput@@PAV12@@@QAE@XZ 00404ed0 f i AudioInput.obj
 0001:00003f20       ?GetSize@?$CArray@PAVCMixerDevice@CAudioInput@@PAV12@@@QBEHXZ 00404f20 f i AudioInput.obj
 0001:00003f40       ?RemoveAll@?$CArray@PAVCMixerDevice@CAudioInput@@PAV12@@@QAEXXZ 00404f40 f i AudioInput.obj
 0001:00003f60       ?GetAt@?$CArray@PAVCMixerDevice@CAudioInput@@PAV12@@@QAEAAPAVCMixerDevice@CAudioInput@@H@Z 00404f60 f i AudioInput.obj
 0001:00003fc0       ?Add@?$CArray@PAVCMixerDevice@CAudioInput@@PAV12@@@QAEHPAVCMixerDevice@CAudioInput@@@Z 00404fc0 f i AudioInput.obj
 0001:00003ff0       ?RemoveAt@?$CArray@PAVCMixerDevice@CAudioInput@@PAV12@@@QAEXHH@Z 00404ff0 f i AudioInput.obj
 0001:00004100       ??1?$CArray@PAVCMixerDevice@CAudioInput@@PAV12@@@UAE@XZ 00405100 f i AudioInput.obj
 0001:000041a0       ?Serialize@?$CArray@PAVCMixerDevice@CAudioInput@@PAV12@@@UAEXAAVCArchive@@@Z 004051a0 f i AudioInput.obj
 0001:00004220       ?Dump@?$CArray@PAVCMixerDevice@CAudioInput@@PAV12@@@UBEXAAVCDumpContext@@@Z 00405220 f i AudioInput.obj
 0001:000042a0       ?AssertValid@?$CArray@PAVCMixerDevice@CAudioInput@@PAV12@@@UBEXXZ 004052a0 f i AudioInput.obj
 0001:00004390       ??0?$CArray@UsMuteLine@CInputLine@CMixerDevice@CAudioInput@@U1234@@@QAE@XZ 00405390 f i AudioInput.obj
 0001:000043e0       ?GetSize@?$CArray@UsMuteLine@CInputLine@CMixerDevice@CAudioInput@@U1234@@@QBEHXZ 004053e0 f i AudioInput.obj
 0001:00004400       ?GetCount@?$CArray@UsMuteLine@CInputLine@CMixerDevice@CAudioInput@@U1234@@@QBEHXZ 00405400 f i AudioInput.obj
 0001:00004420       ?RemoveAll@?$CArray@UsMuteLine@CInputLine@CMixerDevice@CAudioInput@@U1234@@@QAEXXZ 00405420 f i AudioInput.obj
 0001:00004440       ?GetAt@?$CArray@UsMuteLine@CInputLine@CMixerDevice@CAudioInput@@U1234@@@QAEAAUsMuteLine@CInputLine@CMixerDevice@CAudioInput@@H@Z 00405440 f i AudioInput.obj
 0001:000044a0       ?SetAt@?$CArray@UsMuteLine@CInputLine@CMixerDevice@CAudioInput@@U1234@@@QAEXHUsMuteLine@CInputLine@CMixerDevice@CAudioInput@@@Z 004054a0 f i AudioInput.obj
 0001:00004510       ?Add@?$CArray@UsMuteLine@CInputLine@CMixerDevice@CAudioInput@@U1234@@@QAEHUsMuteLine@CInputLine@CMixerDevice@CAudioInput@@@Z 00405510 f i AudioInput.obj
 0001:00004550       ?Serialize@?$CArray@UsMuteLine@CInputLine@CMixerDevice@CAudioInput@@U1234@@@UAEXAAVCArchive@@@Z 00405550 f i AudioInput.obj
 0001:000045d0       ?Dump@?$CArray@UsMuteLine@CInputLine@CMixerDevice@CAudioInput@@U1234@@@UBEXAAVCDumpContext@@@Z 004055d0 f i AudioInput.obj
 0001:00004650       ?AssertValid@?$CArray@UsMuteLine@CInputLine@CMixerDevice@CAudioInput@@U1234@@@UBEXXZ 00405650 f i AudioInput.obj
 0001:00004740       ??_E?$CArray@PAVCInputLine@CMixerDevice@CAudioInput@@PAV123@@@UAEPAXI@Z 00405740 f i AudioInput.obj
 0001:00004740       ??_G?$CArray@PAVCInputLine@CMixerDevice@CAudioInput@@PAV123@@@UAEPAXI@Z 00405740 f i AudioInput.obj
 0001:00004770       ??_G?$CArray@PAVCPhysicalDevice@CMixerDevice@CAudioInput@@PAV123@@@UAEPAXI@Z 00405770 f i AudioInput.obj
 0001:00004770       ??_E?$CArray@PAVCPhysicalDevice@CMixerDevice@CAudioInput@@PAV123@@@UAEPAXI@Z 00405770 f i AudioInput.obj
 0001:000047a0       ??_E?$CArray@PAVCMixerDevice@CAudioInput@@PAV12@@@UAEPAXI@Z 004057a0 f i AudioInput.obj
 0001:000047a0       ??_G?$CArray@PAVCMixerDevice@CAudioInput@@PAV12@@@UAEPAXI@Z 004057a0 f i AudioInput.obj
 0001:000047d0       ??_G?$CArray@UsMuteLine@CInputLine@CMixerDevice@CAudioInput@@U1234@@@UAEPAXI@Z 004057d0 f i AudioInput.obj
 0001:000047d0       ??_E?$CArray@UsMuteLine@CInputLine@CMixerDevice@CAudioInput@@U1234@@@UAEPAXI@Z 004057d0 f i AudioInput.obj
 0001:00004800       ??1?$CArray@UsMuteLine@CInputLine@CMixerDevice@CAudioInput@@U1234@@@UAE@XZ 00405800 f i AudioInput.obj
 0001:000048a0       ?SetSize@?$CArray@PAVCInputLine@CMixerDevice@CAudioInput@@PAV123@@@QAEXHH@Z 004058a0 f i AudioInput.obj
 0001:00004cb0       ??2@YAPAXIPAX@Z            00405cb0 f i AudioInput.obj
 0001:00004cc0       ?SetAtGrow@?$CArray@PAVCInputLine@CMixerDevice@CAudioInput@@PAV123@@@QAEXHPAVCInputLine@CMixerDevice@CAudioInput@@@Z 00405cc0 f i AudioInput.obj
 0001:00004d30       ??$SerializeElements@PAVCInputLine@CMixerDevice@CAudioInput@@@@YGXAAVCArchive@@PAPAVCInputLine@CMixerDevice@CAudioInput@@H@Z 00405d30 f i AudioInput.obj
 0001:00004e30       ??$DumpElements@PAVCInputLine@CMixerDevice@CAudioInput@@@@YGXAAVCDumpContext@@PBQAVCInputLine@CMixerDevice@CAudioInput@@H@Z 00405e30 f i AudioInput.obj
 0001:00004e70       ?SetSize@?$CArray@PAVCPhysicalDevice@CMixerDevice@CAudioInput@@PAV123@@@QAEXHH@Z 00405e70 f i AudioInput.obj
 0001:00005280       ?SetAtGrow@?$CArray@PAVCPhysicalDevice@CMixerDevice@CAudioInput@@PAV123@@@QAEXHPAVCPhysicalDevice@CMixerDevice@CAudioInput@@@Z 00406280 f i AudioInput.obj
 0001:000052f0       ??$SerializeElements@PAVCPhysicalDevice@CMixerDevice@CAudioInput@@@@YGXAAVCArchive@@PAPAVCPhysicalDevice@CMixerDevice@CAudioInput@@H@Z 004062f0 f i AudioInput.obj
 0001:000053f0       ??$DumpElements@PAVCPhysicalDevice@CMixerDevice@CAudioInput@@@@YGXAAVCDumpContext@@PBQAVCPhysicalDevice@CMixerDevice@CAudioInput@@H@Z 004063f0 f i AudioInput.obj
 0001:00005430       ?SetSize@?$CArray@PAVCMixerDevice@CAudioInput@@PAV12@@@QAEXHH@Z 00406430 f i AudioInput.obj
 0001:00005840       ?SetAtGrow@?$CArray@PAVCMixerDevice@CAudioInput@@PAV12@@@QAEXHPAVCMixerDevice@CAudioInput@@@Z 00406840 f i AudioInput.obj
 0001:000058b0       ??$SerializeElements@PAVCMixerDevice@CAudioInput@@@@YGXAAVCArchive@@PAPAVCMixerDevice@CAudioInput@@H@Z 004068b0 f i AudioInput.obj
 0001:000059b0       ??$DumpElements@PAVCMixerDevice@CAudioInput@@@@YGXAAVCDumpContext@@PBQAVCMixerDevice@CAudioInput@@H@Z 004069b0 f i AudioInput.obj
 0001:000059f0       ?SetSize@?$CArray@UsMuteLine@CInputLine@CMixerDevice@CAudioInput@@U1234@@@QAEXHH@Z 004069f0 f i AudioInput.obj
 0001:00005e00       ?SetAtGrow@?$CArray@UsMuteLine@CInputLine@CMixerDevice@CAudioInput@@U1234@@@QAEXHUsMuteLine@CInputLine@CMixerDevice@CAudioInput@@@Z 00406e00 f i AudioInput.obj
 0001:00005e80       ??$SerializeElements@UsMuteLine@CInputLine@CMixerDevice@CAudioInput@@@@YGXAAVCArchive@@PAUsMuteLine@CInputLine@CMixerDevice@CAudioInput@@H@Z 00406e80 f i AudioInput.obj
 0001:00005f80       ??$DumpElements@UsMuteLine@CInputLine@CMixerDevice@CAudioInput@@@@YGXAAVCDumpContext@@PBUsMuteLine@CInputLine@CMixerDevice@CAudioInput@@H@Z 00406f80 f i AudioInput.obj
 0001:00005fc0       ??0CDefVolumeDlg@@QAE@PAVCWnd@@@Z 00406fc0 f   DefVolumeDlg.obj
 0001:000060e0       ?DoDataExchange@CDefVolumeDlg@@MAEXPAVCDataExchange@@@Z 004070e0 f   DefVolumeDlg.obj
 0001:000061c0       ?GetThisMessageMap@CDefVolumeDlg@@KGPBUAFX_MSGMAP@@XZ 004071c0 f   DefVolumeDlg.obj
 0001:000061d0       ?GetMessageMap@CDefVolumeDlg@@MBEPBUAFX_MSGMAP@@XZ 004071d0 f   DefVolumeDlg.obj
 0001:000061e0       ?OnHScroll@CDefVolumeDlg@@IAEXIIPAVCScrollBar@@@Z 004071e0 f   DefVolumeDlg.obj
 0001:00006330       ?OnInitDialog@CDefVolumeDlg@@MAEHXZ 00407330 f   DefVolumeDlg.obj
 0001:000064e0       ?ChangeEdt@CDefVolumeDlg@@IAEHHPAVCEdit@@PAVCSliderCtrl@@@Z 004074e0 f   DefVolumeDlg.obj
 0001:00006640       ?OnChangeEdtMic@CDefVolumeDlg@@IAEXXZ 00407640 f   DefVolumeDlg.obj
 0001:00006680       ?OnChangeEdtLin@CDefVolumeDlg@@IAEXXZ 00407680 f   DefVolumeDlg.obj
 0001:000066c0       ?OnChangeEdtAux@CDefVolumeDlg@@IAEXXZ 004076c0 f   DefVolumeDlg.obj
 0001:00006700       ?OnChangeEdtAnl@CDefVolumeDlg@@IAEXXZ 00407700 f   DefVolumeDlg.obj
 0001:00006740       ?GetDefaultVolumeValues@CDefVolumeDlg@@IAEXXZ 00407740 f   DefVolumeDlg.obj
 0001:000067b0       ?OnOK@CDefVolumeDlg@@MAEXXZ 004077b0 f   DefVolumeDlg.obj
 0001:00006820       ??_ECDefVolumeDlg@@UAEPAXI@Z 00407820 f i DefVolumeDlg.obj
 0001:00006820       ??_GCDefVolumeDlg@@UAEPAXI@Z 00407820 f i DefVolumeDlg.obj
 0001:00006850       ??1CDefVolumeDlg@@UAE@XZ   00407850 f i DefVolumeDlg.obj
 0001:00006920       ??0CDynamicLED@@QAE@XZ     00407920 f   DynamicLED.obj
 0001:00006a00       ??1CDynamicLED@@UAE@XZ     00407a00 f   DynamicLED.obj
 0001:00006ad0       ?GetThisMessageMap@CDynamicLED@@KGPBUAFX_MSGMAP@@XZ 00407ad0 f   DynamicLED.obj
 0001:00006ae0       ?GetMessageMap@CDynamicLED@@MBEPBUAFX_MSGMAP@@XZ 00407ae0 f   DynamicLED.obj
 0001:00006af0       ?InitLed@CDynamicLED@@QAEXPAVCWnd@@II@Z 00407af0 f   DynamicLED.obj
 0001:00006bb0       ?OnPaint@CDynamicLED@@IAEXXZ 00407bb0 f   DynamicLED.obj
 0001:00006c30       ?OnTimer@CDynamicLED@@IAEXI@Z 00407c30 f   DynamicLED.obj
 0001:00006ce0       ?Switch@CDynamicLED@@AAEXH@Z 00407ce0 f   DynamicLED.obj
 0001:00006db0       ?SwitchOn@CDynamicLED@@QAEXXZ 00407db0 f   DynamicLED.obj
 0001:00006dd0       ?SwitchOff@CDynamicLED@@QAEXXZ 00407dd0 f   DynamicLED.obj
 0001:00006df0       ?Blink@CDynamicLED@@QAEXH@Z 00407df0 f   DynamicLED.obj
 0001:00006e70       ?SetLedBright@CDynamicLED@@AAEHHH@Z 00407e70 f   DynamicLED.obj
 0001:00006f70       ?SetPenBrush@CDynamicLED@@AAEXXZ 00407f70 f   DynamicLED.obj
 0001:00007140       ?DrawRoundLed@CDynamicLED@@AAEXVCRect@@@Z 00408140 f   DynamicLED.obj
 0001:00007340       ?DrawSquareLed@CDynamicLED@@AAEXVCRect@@@Z 00408340 f   DynamicLED.obj
 0001:00007480       ??_ECDynamicLED@@UAEPAXI@Z 00408480 f i DynamicLED.obj
 0001:00007480       ??_GCDynamicLED@@UAEPAXI@Z 00408480 f i DynamicLED.obj
 0001:000074b0       ??0CLogAudioHdrs@@QAE@XZ   004084b0 f   LogAudioHdrs.obj
 0001:00007500       ??1CLogAudioHdrs@@UAE@XZ   00408500 f   LogAudioHdrs.obj
 0001:00007520       ?UpdateControls@CLogAudioHdrs@@MAEXXZ 00408520 f   LogAudioHdrs.obj
 0001:00007600       ?PostMessageStop@CLogAudioHdrs@@MAEXXZ 00408600 f   LogAudioHdrs.obj
 0001:00007630       ?PostMessageStart@CLogAudioHdrs@@MAEXXZ 00408630 f   LogAudioHdrs.obj
 0001:00007660       ?PostMessageCancel@CLogAudioHdrs@@MAEXXZ 00408660 f   LogAudioHdrs.obj
 0001:00007690       ?SppLoggerStop@CLogAudioHdrs@@MAEHXZ 00408690 f   LogAudioHdrs.obj
 0001:000076a0       ?SppLoggerStart@CLogAudioHdrs@@MAEHPAD@Z 004086a0 f   LogAudioHdrs.obj
 0001:000076c0       ?SppLoggerStat@CLogAudioHdrs@@MAEHPAH@Z 004086c0 f   LogAudioHdrs.obj
 0001:000076e0       ??_ECLogAudioHdrs@@UAEPAXI@Z 004086e0 f i LogAudioHdrs.obj
 0001:000076e0       ??_GCLogAudioHdrs@@UAEPAXI@Z 004086e0 f i LogAudioHdrs.obj
 0001:00007710       ??0CLogFmsConn@@QAE@XZ     00408710 f   LogFmsConn.obj
 0001:00007770       ??1CLogFmsConn@@UAE@XZ     00408770 f   LogFmsConn.obj
 0001:00007790       ?UpdateControls@CLogFmsConn@@MAEXXZ 00408790 f   LogFmsConn.obj
 0001:00007870       ?PostMessageStop@CLogFmsConn@@MAEXXZ 00408870 f   LogFmsConn.obj
 0001:000078a0       ?PostMessageStart@CLogFmsConn@@MAEXXZ 004088a0 f   LogFmsConn.obj
 0001:000078d0       ?PostMessageCancel@CLogFmsConn@@MAEXXZ 004088d0 f   LogFmsConn.obj
 0001:00007900       ?SppLoggerStop@CLogFmsConn@@MAEHXZ 00408900 f   LogFmsConn.obj
 0001:00007920       ?SppLoggerStart@CLogFmsConn@@MAEHPAD@Z 00408920 f   LogFmsConn.obj
 0001:00007940       ??_ECLogFmsConn@@UAEPAXI@Z 00408940 f i LogFmsConn.obj
 0001:00007940       ??_GCLogFmsConn@@UAEPAXI@Z 00408940 f i LogFmsConn.obj
 0001:00007970       ??0CLogPulse@@QAE@XZ       00408970 f   LogPulses.obj
 0001:000079c0       ??1CLogPulse@@UAE@XZ       004089c0 f   LogPulses.obj
 0001:000079e0       ?UpdateControls@CLogPulse@@MAEXXZ 004089e0 f   LogPulses.obj
 0001:00007ac0       ?PostMessageStop@CLogPulse@@MAEXXZ 00408ac0 f   LogPulses.obj
 0001:00007af0       ?PostMessageStart@CLogPulse@@MAEXXZ 00408af0 f   LogPulses.obj
 0001:00007b20       ?PostMessageCancel@CLogPulse@@MAEXXZ 00408b20 f   LogPulses.obj
 0001:00007b50       ?SppLoggerStop@CLogPulse@@MAEHXZ 00408b50 f   LogPulses.obj
 0001:00007b60       ?SppLoggerStart@CLogPulse@@MAEHPAD@Z 00408b60 f   LogPulses.obj
 0001:00007b80       ?SppLoggerStat@CLogPulse@@MAEHPAH@Z 00408b80 f   LogPulses.obj
 0001:00007ba0       ??_ECLogPulse@@UAEPAXI@Z   00408ba0 f i LogPulses.obj
 0001:00007ba0       ??_GCLogPulse@@UAEPAXI@Z   00408ba0 f i LogPulses.obj
 0001:00007bd0       ??0CLogRawPulse@@QAE@XZ    00408bd0 f   LogRawPulse.obj
 0001:00007c30       ??1CLogRawPulse@@UAE@XZ    00408c30 f   LogRawPulse.obj
 0001:00007c50       ?UpdateControls@CLogRawPulse@@MAEXXZ 00408c50 f   LogRawPulse.obj
 0001:00007d30       ?PostMessageStop@CLogRawPulse@@MAEXXZ 00408d30 f   LogRawPulse.obj
 0001:00007d60       ?PostMessageStart@CLogRawPulse@@MAEXXZ 00408d60 f   LogRawPulse.obj
 0001:00007d90       ?PostMessageCancel@CLogRawPulse@@MAEXXZ 00408d90 f   LogRawPulse.obj
 0001:00007dc0       ?SppLoggerStop@CLogRawPulse@@MAEHXZ 00408dc0 f   LogRawPulse.obj
 0001:00007dd0       ?SppLoggerStart@CLogRawPulse@@MAEHPAD@Z 00408dd0 f   LogRawPulse.obj
 0001:00007df0       ?SppLoggerStat@CLogRawPulse@@MAEHPAH@Z 00408df0 f   LogRawPulse.obj
 0001:00007e10       ??_ECLogRawPulse@@UAEPAXI@Z 00408e10 f i LogRawPulse.obj
 0001:00007e10       ??_GCLogRawPulse@@UAEPAXI@Z 00408e10 f i LogRawPulse.obj
 0001:00007e40       ?_GetBaseClass@CScanInputs@@KGPAUCRuntimeClass@@XZ 00408e40 f   ScanInputs.obj
 0001:00007e50       ?GetThisClass@CScanInputs@@SGPAUCRuntimeClass@@XZ 00408e50 f   ScanInputs.obj
 0001:00007e60       ?GetRuntimeClass@CScanInputs@@UBEPAUCRuntimeClass@@XZ 00408e60 f   ScanInputs.obj
 0001:00007e70       ??0CScanInputs@@QAE@PAVCWnd@@@Z 00408e70 f   ScanInputs.obj
 0001:00007fd0       ??1CScanInputs@@UAE@XZ     00408fd0 f   ScanInputs.obj
 0001:00008030       ?DoDataExchange@CScanInputs@@MAEXPAVCDataExchange@@@Z 00409030 f   ScanInputs.obj
 0001:00008060       ?GetThisMessageMap@CScanInputs@@KGPBUAFX_MSGMAP@@XZ 00409060 f   ScanInputs.obj
 0001:00008070       ?GetMessageMap@CScanInputs@@MBEPBUAFX_MSGMAP@@XZ 00409070 f   ScanInputs.obj
 0001:00008080       ?OnBnClickedCancel@CScanInputs@@QAEXXZ 00409080 f   ScanInputs.obj
 0001:00008120       ?OnBnClickedScan@CScanInputs@@QAEXXZ 00409120 f   ScanInputs.obj
 0001:00008280       ?OnBnClickedSaveLog@CScanInputs@@QAEXXZ 00409280 f   ScanInputs.obj
 0001:00008290       ?LogAudioLevel@CScanInputs@@IAEXHHH@Z 00409290 f   ScanInputs.obj
 0001:00008430       ?ScanModulationTypes@CScanInputs@@IAEHXZ 00409430 f   ScanInputs.obj
 0001:00008540       ?LogModulation@CScanInputs@@IAEXHH@Z 00409540 f   ScanInputs.obj
 0001:00008680       ?OnShowWindow@CScanInputs@@QAEXHI@Z 00409680 f   ScanInputs.obj
 0001:00008710       ?OnIdle@CScanInputs@@QAEHXZ 00409710 f   ScanInputs.obj
 0001:00008740       ??_ECScanInputs@@UAEPAXI@Z 00409740 f i ScanInputs.obj
 0001:00008740       ??_GCScanInputs@@UAEPAXI@Z 00409740 f i ScanInputs.obj
 0001:00008770       ??HATL@@YA?AV?$CStringT@DV?$StrTraitMFC_DLL@DV?$ChTraitsCRT@D@ATL@@@@@0@ABV10@0@Z 00409770 f i ScanInputs.obj
 0001:00008820       ?GetThisMessageMap@CSppConsoleApp@@KGPBUAFX_MSGMAP@@XZ 00409820 f   SppConsole.obj
 0001:00008830       ?GetMessageMap@CSppConsoleApp@@MBEPBUAFX_MSGMAP@@XZ 00409830 f   SppConsole.obj
 0001:00008840       ??0CSppConsoleApp@@QAE@XZ  00409840 f   SppConsole.obj
 0001:00008870       ?InitInstance@CSppConsoleApp@@UAEHXZ 00409870 f   SppConsole.obj
 0001:00008930       ?doStartIconified@CSppConsoleApp@@IAE_NXZ 00409930 f   SppConsole.obj
 0001:00008990       ?OnAbout@CSppConsoleApp@@QAEXXZ 00409990 f   SppConsole.obj
 0001:00008a00       ??_ECSppConsoleApp@@UAEPAXI@Z 00409a00 f i SppConsole.obj
 0001:00008a00       ??_GCSppConsoleApp@@UAEPAXI@Z 00409a00 f i SppConsole.obj
 0001:00008a30       ??1CSppConsoleApp@@UAE@XZ  00409a30 f i SppConsole.obj
 0001:00008a50       ??1CSppConsoleDlg@@UAE@XZ  00409a50 f i SppConsole.obj
 0001:00008ae0       ??0CSppConsoleDlg@@QAE@PAVCWnd@@@Z 00409ae0 f   SppConsoleDlg.obj
 0001:00008c90       ?DoDataExchange@CSppConsoleDlg@@MAEXPAVCDataExchange@@@Z 00409c90 f   SppConsoleDlg.obj
 0001:00008e00       ?GetThisMessageMap@CSppConsoleDlg@@KGPBUAFX_MSGMAP@@XZ 00409e00 f   SppConsoleDlg.obj
 0001:00008e10       ?GetMessageMap@CSppConsoleDlg@@MBEPBUAFX_MSGMAP@@XZ 00409e10 f   SppConsoleDlg.obj
 0001:00008e20       ?GetDllVersion@@YAKPBD@Z   00409e20 f   SppConsoleDlg.obj
 0001:00008eb0       ?ThreeBeeps@@YAXXZ         00409eb0 f   SppConsoleDlg.obj
 0001:00008f10       ?OneBeep@@YAXXZ            00409f10 f   SppConsoleDlg.obj
 0001:00008f40       ?OnInitDialog@CSppConsoleDlg@@MAEHXZ 00409f40 f   SppConsoleDlg.obj
 0001:00009410       ?OnDestroy@CSppConsoleDlg@@IAEXXZ 0040a410 f   SppConsoleDlg.obj
 0001:00009540       ?OnPaint@CSppConsoleDlg@@IAEXXZ 0040a540 f   SppConsoleDlg.obj
 0001:00009680       ?OnQueryDragIcon@CSppConsoleDlg@@IAEPAUHICON__@@XZ 0040a680 f   SppConsoleDlg.obj
 0001:000096a0       ?SomethingChanged@CSppConsoleDlg@@QAEXXZ 0040a6a0 f   SppConsoleDlg.obj
 0001:000096e0       ?OnSelchangeModType@CSppConsoleDlg@@IAEXXZ 0040a6e0 f   SppConsoleDlg.obj
 0001:00009830       ?GetModeTypeCtrl@CSppConsoleDlg@@QAEPAVCWnd@@XZ 0040a830 f   SppConsoleDlg.obj
 0001:00009850       ?OnShiftAuto@CSppConsoleDlg@@IAEXXZ 0040a850 f   SppConsoleDlg.obj
 0001:000098f0       ?GetShiftAutoCtrl@CSppConsoleDlg@@QAEPAVCWnd@@XZ 0040a8f0 f   SppConsoleDlg.obj
 0001:00009910       ?OnShiftPos@CSppConsoleDlg@@IAEXXZ 0040a910 f   SppConsoleDlg.obj
 0001:00009930       ?GetShiftPosCtrl@CSppConsoleDlg@@QAEPAVCWnd@@XZ 0040a930 f   SppConsoleDlg.obj
 0001:00009950       ?OnShiftNeg@CSppConsoleDlg@@IAEXXZ 0040a950 f   SppConsoleDlg.obj
 0001:00009970       ?OnHide@CSppConsoleDlg@@IAEXXZ 0040a970 f   SppConsoleDlg.obj
 0001:000099a0       ?OnShow@CSppConsoleDlg@@IAEXXZ 0040a9a0 f   SppConsoleDlg.obj
 0001:000099d0       ?PopulateModulation@CSppConsoleDlg@@IAEHXZ 0040a9d0 f   SppConsoleDlg.obj
 0001:00009bd0       ?ShowShiftRB@CSppConsoleDlg@@IAEX_N@Z 0040abd0 f   SppConsoleDlg.obj
 0001:00009c80       ?TaskBarAddIcon@CSppConsoleDlg@@IAEHIPAUHICON__@@PAD@Z 0040ac80 f   SppConsoleDlg.obj
 0001:00009e60       ?TaskBarDelIcon@CSppConsoleDlg@@IAEHI@Z 0040ae60 f   SppConsoleDlg.obj
 0001:00009ec0       ?TaskBarIconBaloon@CSppConsoleDlg@@IAEHIPBD0@Z 0040aec0 f   SppConsoleDlg.obj
 0001:00009fe0       ?TaskBarIconToolTip@CSppConsoleDlg@@IAEHIPBD@Z 0040afe0 f   SppConsoleDlg.obj
 0001:0000a070       ?StartIconified@CSppConsoleDlg@@QAEX_N@Z 0040b070 f   SppConsoleDlg.obj
 0001:0000a090       ?OnStatusAreaMessage@CSppConsoleDlg@@IAEJIJ@Z 0040b090 f   SppConsoleDlg.obj
 0001:0000a0f0       ?OnMixerLineChange@CSppConsoleDlg@@AAEJIJ@Z 0040b0f0 f   SppConsoleDlg.obj
 0001:0000a100       ?OnMixerControlChange@CSppConsoleDlg@@AAEJIJ@Z 0040b100 f   SppConsoleDlg.obj
 0001:0000a180       ?ShowTrayIconMenu@CSppConsoleDlg@@IAEXI@Z 0040b180 f   SppConsoleDlg.obj
 0001:0000a2e0       ?OnWindowPosChanging@CSppConsoleDlg@@IAEXPAUtagWINDOWPOS@@@Z 0040b2e0 f   SppConsoleDlg.obj
 0001:0000a320       ?OnInterSppConsole@CSppConsoleDlg@@IAEJIJ@Z 0040b320 f   SppConsoleDlg.obj
 0001:0000a350       ?OnInterSppApps@CSppConsoleDlg@@IAEJIJ@Z 0040b350 f   SppConsoleDlg.obj
 0001:0000a7b0       ?OnOK@CSppConsoleDlg@@MAEXXZ 0040b7b0 f   SppConsoleDlg.obj
 0001:0000a810       ?OnCancel@CSppConsoleDlg@@MAEXXZ 0040b810 f   SppConsoleDlg.obj
 0001:0000a830       ?isDllActive@CSppConsoleDlg@@IAE_NXZ 0040b830 f   SppConsoleDlg.obj
 0001:0000a880       ?GetStatusString@CSppConsoleDlg@@QAE?AV?$CStringT@DV?$StrTraitMFC_DLL@DV?$ChTraitsCRT@D@ATL@@@@@ATL@@XZ 0040b880 f   SppConsoleDlg.obj
 0001:0000ab80       ?OnToolTipNotify@CSppConsoleDlg@@IAEHIPAUtagNMHDR@@PAJ@Z 0040bb80 f   SppConsoleDlg.obj
 0001:0000abf0       ?GetFmsStatusString@CSppConsoleDlg@@IAEHAAV?$CStringT@DV?$StrTraitMFC_DLL@DV?$ChTraitsCRT@D@ATL@@@@@ATL@@@Z 0040bbf0 f   SppConsoleDlg.obj
 0001:0000ae60       ?PopulateAudioSource@CSppConsoleDlg@@IAEXXZ 0040be60 f   SppConsoleDlg.obj
 0001:0000af50       ?GetMixerDeviceCtrl@CSppConsoleDlg@@QAEPAVCWnd@@XZ 0040bf50 f   SppConsoleDlg.obj
 0001:0000af70       ?PopulateInputLines@CSppConsoleDlg@@IAEXXZ 0040bf70 f   SppConsoleDlg.obj
 0001:0000b050       ?GetAudioLinesCtrl@CSppConsoleDlg@@QAEPAVCWnd@@XZ 0040c050 f   SppConsoleDlg.obj
 0001:0000b070       ?OnSelchangeMixerdevice@CSppConsoleDlg@@IAEXXZ 0040c070 f   SppConsoleDlg.obj
 0001:0000b150       ?OnSelchangeAudioSrc@CSppConsoleDlg@@IAEXXZ 0040c150 f   SppConsoleDlg.obj
 0001:0000b220       ?OnEnableAudio@CSppConsoleDlg@@IAEXXZ 0040c220 f   SppConsoleDlg.obj
 0001:0000b2b0       ?EnableAudio@CSppConsoleDlg@@IAEXH@Z 0040c2b0 f   SppConsoleDlg.obj
 0001:0000b410       ?GetCurrentMixerDevice@CSppConsoleDlg@@IAEHXZ 0040c410 f   SppConsoleDlg.obj
 0001:0000b4a0       ?GetCurrentInputLine@CSppConsoleDlg@@IAEHXZ 0040c4a0 f   SppConsoleDlg.obj
 0001:0000b4e0       ?GetSavedCurrentInputLine@CSppConsoleDlg@@IAE_NPAI@Z 0040c4e0 f   SppConsoleDlg.obj
 0001:0000b550       ?GetCurrentInputLineFromSystem@CSppConsoleDlg@@IAE_NPAI@Z 0040c550 f   SppConsoleDlg.obj
 0001:0000b5b0       ?SetCurrentMixerDevice@CSppConsoleDlg@@IAEXI@Z 0040c5b0 f   SppConsoleDlg.obj
 0001:0000b600       ?SetCurrentInputLine@CSppConsoleDlg@@IAEXH@Z 0040c600 f   SppConsoleDlg.obj
 0001:0000b680       ?GetCheckAudioCtrl@CSppConsoleDlg@@QAEPAVCWnd@@XZ 0040c680 f   SppConsoleDlg.obj
 0001:0000b6a0       ?CheckAudioCB@CSppConsoleDlg@@IAEXXZ 0040c6a0 f   SppConsoleDlg.obj
 0001:0000b6d0       ?OnSetCursor@CSppConsoleDlg@@IAEHPAVCWnd@@II@Z 0040c6d0 f   SppConsoleDlg.obj
 0001:0000b760       ?HearTx@CSppConsoleDlg@@IAEX_N@Z 0040c760 f   SppConsoleDlg.obj
 0001:0000b830       ?OnSelSrc@CSppConsoleDlg@@IAEXXZ 0040c830 f   SppConsoleDlg.obj
 0001:0000b9c0       ?OnAudioDst@CSppConsoleDlg@@IAEXXZ 0040c9c0 f   SppConsoleDlg.obj
 0001:0000bb50       ?OnAudioVol@CSppConsoleDlg@@IAEXXZ 0040cb50 f   SppConsoleDlg.obj
 0001:0000bbe0       ?OnAudioPrint@CSppConsoleDlg@@IAEXXZ 0040cbe0 f   SppConsoleDlg.obj
 0001:0000bd00       ?PpJoyExShowCtrl@CSppConsoleDlg@@IAEXXZ 0040cd00 f   SppConsoleDlg.obj
 0001:0000bd40       ?OnPpjoyex@CSppConsoleDlg@@IAEXXZ 0040cd40 f   SppConsoleDlg.obj
 0001:0000be40       ?UpdateFilterMenu@CSppConsoleDlg@@IAEXXZ 0040ce40 f   SppConsoleDlg.obj
 0001:0000c150       ?OnFilterSelect@CSppConsoleDlg@@IAEXI@Z 0040d150 f   SppConsoleDlg.obj
 0001:0000c2d0       ?OnHideMsg@CSppConsoleDlg@@AAEJIJ@Z 0040d2d0 f   SppConsoleDlg.obj
 0001:0000c2f0       ?LocateDialogWindow@CSppConsoleDlg@@IAEHXZ 0040d2f0 f   SppConsoleDlg.obj
 0001:0000c370       ?StoreLocationDialogWindow@CSppConsoleDlg@@IAEHXZ 0040d370 f   SppConsoleDlg.obj
 0001:0000c3a0       ?OnTimer@CSppConsoleDlg@@QAEXI@Z 0040d3a0 f   SppConsoleDlg.obj
 0001:0000c4b0       ?InitJoyPosBars@CSppConsoleDlg@@IAEXXZ 0040d4b0 f   SppConsoleDlg.obj
 0001:0000c540       ?SetJoyPosBars@CSppConsoleDlg@@IAEXPAH@Z 0040d540 f   SppConsoleDlg.obj
 0001:0000c630       ?OnWaveRec@CSppConsoleDlg@@IAEXXZ 0040d630 f   SppConsoleDlg.obj
 0001:0000c710       ?OnWaveRecStart@CSppConsoleDlg@@AAEJIJ@Z 0040d710 f   SppConsoleDlg.obj
 0001:0000c770       ?OnWaveRecStop@CSppConsoleDlg@@AAEJIJ@Z 0040d770 f   SppConsoleDlg.obj
 0001:0000c7d0       ?OnWaveRecCancel@CSppConsoleDlg@@AAEJIJ@Z 0040d7d0 f   SppConsoleDlg.obj
 0001:0000c800       ?OnAdvancedJitter@CSppConsoleDlg@@QAEXXZ 0040d800 f   SppConsoleDlg.obj
 0001:0000c820       ?InitJitterStatus@CSppConsoleDlg@@IAEXXZ 0040d820 f   SppConsoleDlg.obj
 0001:0000c880       ?UpdateJitterStatus@CSppConsoleDlg@@IAEXHH@Z 0040d880 f   SppConsoleDlg.obj
 0001:0000ca90       ?UpdateFmsMenuItem@CSppConsoleDlg@@IAEXH@Z 0040da90 f   SppConsoleDlg.obj
 0001:0000cbb0       ?OnRunFms@CSppConsoleDlg@@QAEXXZ 0040dbb0 f   SppConsoleDlg.obj
 0001:0000ccd0       ?OnSysCommand@CSppConsoleDlg@@QAEXIJ@Z 0040dcd0 f   SppConsoleDlg.obj
 0001:0000cd00       ?OnLogAudioHdrs@CSppConsoleDlg@@QAEXXZ 0040dd00 f   SppConsoleDlg.obj
 0001:0000cde0       ?OnLogAudioHdrsCancel@CSppConsoleDlg@@AAEJIJ@Z 0040dde0 f   SppConsoleDlg.obj
 0001:0000ce10       ?OnLogPulse@CSppConsoleDlg@@QAEXXZ 0040de10 f   SppConsoleDlg.obj
 0001:0000cf50       ?OnLogPulseCancel@CSppConsoleDlg@@AAEJIJ@Z 0040df50 f   SppConsoleDlg.obj
 0001:0000cf80       ?OnLogFmsConn@CSppConsoleDlg@@QAEXXZ 0040df80 f   SppConsoleDlg.obj
 0001:0000d0a0       ?OnFmsConnStart@CSppConsoleDlg@@AAEJIJ@Z 0040e0a0 f   SppConsoleDlg.obj
 0001:0000d350       ?OnFmsConnStop@CSppConsoleDlg@@AAEJIJ@Z 0040e350 f   SppConsoleDlg.obj
 0001:0000d4a0       ?OnFmsConnCancel@CSppConsoleDlg@@AAEJIJ@Z 0040e4a0 f   SppConsoleDlg.obj
 0001:0000d4d0       ?OnLogRawPulse@CSppConsoleDlg@@QAEXXZ 0040e4d0 f   SppConsoleDlg.obj
 0001:0000d5f0       ?OnRawPulseCancel@CSppConsoleDlg@@AAEJIJ@Z 0040e5f0 f   SppConsoleDlg.obj
 0001:0000d620       ?OnBnClickedScandlg@CSppConsoleDlg@@QAEXXZ 0040e620 f   SppConsoleDlg.obj
 0001:0000d700       ?GetAudioLevel@CSppConsoleDlg@@QAEHXZ 0040e700 f   SppConsoleDlg.obj
 0001:0000d730       ?GetNumJoystickPos@CSppConsoleDlg@@QAEHXZ 0040e730 f   SppConsoleDlg.obj
 0001:0000d770       ?OnEnterIdle@CSppConsoleDlg@@QAEXIPAVCWnd@@@Z 0040e770 f   SppConsoleDlg.obj
 0001:0000d7b0       ??_ECSppConsoleDlg@@UAEPAXI@Z 0040e7b0 f i SppConsoleDlg.obj
 0001:0000d7b0       ??_GCSppConsoleDlg@@UAEPAXI@Z 0040e7b0 f i SppConsoleDlg.obj
 0001:0000d7e0       ??_GCFilterIf@@QAEPAXI@Z   0040e7e0 f i SppConsoleDlg.obj
 0001:0000d810       ?GetWindowInfo@CWnd@@QBEHPAUtagWINDOWINFO@@@Z 0040e810 f i SppConsoleDlg.obj
 0001:0000d850       ?_GetBaseClass@CStaticLink@@KGPAUCRuntimeClass@@XZ 0040e850 f   StatLink.obj
 0001:0000d860       ?GetThisClass@CStaticLink@@SGPAUCRuntimeClass@@XZ 0040e860 f   StatLink.obj
 0001:0000d870       ?GetRuntimeClass@CStaticLink@@UBEPAUCRuntimeClass@@XZ 0040e870 f   StatLink.obj
 0001:0000d880       ?GetThisMessageMap@CStaticLink@@KGPBUAFX_MSGMAP@@XZ 0040e880 f   StatLink.obj
 0001:0000d890       ?GetMessageMap@CStaticLink@@MBEPBUAFX_MSGMAP@@XZ 0040e890 f   StatLink.obj
 0001:0000d8a0       ??0CStaticLink@@QAE@XZ     0040e8a0 f   StatLink.obj
 0001:0000d930       ?CtlColor@CStaticLink@@QAEPAUHBRUSH__@@PAVCDC@@I@Z 0040e930 f   StatLink.obj
 0001:0000da50       ?OnClicked@CStaticLink@@QAEXXZ 0040ea50 f   StatLink.obj
 0001:0000db00       ?SetDefaultCursor@CStaticLink@@QAEXXZ 0040eb00 f   StatLink.obj
 0001:0000dbe0       ?OnSetCursor@CStaticLink@@QAEHPAVCWnd@@II@Z 0040ebe0 f   StatLink.obj
 0001:0000dc10       ?SetLink@CStaticLink@@QAE?AV?$CStringT@DV?$StrTraitMFC_DLL@DV?$ChTraitsCRT@D@ATL@@@@@ATL@@V23@@Z 0040ec10 f   StatLink.obj
 0001:0000dd00       ??_ECStaticLink@@UAEPAXI@Z 0040ed00 f i StatLink.obj
 0001:0000dd00       ??_GCStaticLink@@UAEPAXI@Z 0040ed00 f i StatLink.obj
 0001:0000dd30       ??0CTraceFileAndLineInfo@ATL@@QAE@PBDH@Z 0040ed30 f i StatLink.obj
 0001:0000dd60       ??RCTraceFileAndLineInfo@ATL@@QBAXPBDZZ 0040ed60 f i StatLink.obj
 0001:0000ddb0       ?TraceV@CTrace@ATL@@QBAXPBDHKI0PAD@Z 0040edb0 f i StatLink.obj
 0001:0000dde0       ??BCTraceCategory@ATL@@QBEKXZ 0040ede0 f i StatLink.obj
 0001:0000ddf0       ?GetEnvironmentVariableWThunk@ATL@@YGKPBGPAGK@Z 0040edf0 f i StdAfx.obj
 0001:0000de30       ?_AtlInstallStringThunk@ATL@@YAXPAPAXPAX1@Z 0040ee30 f i StdAfx.obj
 0001:0000de90       ?GetEnvironmentVariableWFake@ATL@@YGKPBGPAGK@Z 0040ee90 f i StdAfx.obj
 0001:0000e070       ?_AtlGetConversionACP@ATL@@YGIXZ 0040f070 f i StdAfx.obj
 0001:0000e080       ?CompareStringWThunk@ATL@@YGHKKPBGH0H@Z 0040f080 f i StdAfx.obj
 0001:0000e0c0       ?CompareStringWFake@ATL@@YGHKKPBGH0H@Z 0040f0c0 f i StdAfx.obj
 0001:0000e2a0       ?_AtlVerifyStackAvailable@_ATL_SAFE_ALLOCA_IMPL@ATL@@YA_NK@Z 0040f2a0 f i StdAfx.obj
 0001:0000e340       ?AtlW2AHelper@@YGPADPADPBGHI@Z 0040f340 f i StdAfx.obj
 0001:0000e410       ?AtlThrow@ATL@@YGXJ@Z      0040f410 f i StdAfx.obj
 0001:0000e470       ??RCTraceFileAndLineInfo@ATL@@QBAXKIPBDZZ 0040f470 f i StdAfx.obj
 0001:0000e4b0       ?GetStringTypeExWThunk@ATL@@YGHKKPBGHPAG@Z 0040f4b0 f i StdAfx.obj
 0001:0000e4f0       ?GetStringTypeExWFake@ATL@@YGHKKPBGHPAG@Z 0040f4f0 f i StdAfx.obj
 0001:0000e600       ?lstrcmpiWThunk@ATL@@YGHPBG0@Z 0040f600 f i StdAfx.obj
 0001:0000e630       ?lstrcmpiWFake@ATL@@YGHPBG0@Z 0040f630 f i StdAfx.obj
 0001:0000e710       ?CharLowerWThunk@ATL@@YGPAGPAG@Z 0040f710 f i StdAfx.obj
 0001:0000e740       ?CharLowerWFake@ATL@@YGPAGPAG@Z 0040f740 f i StdAfx.obj
 0001:0000e830       ?AtlA2WHelper@@YGPAGPAGPBDHI@Z 0040f830 f i StdAfx.obj
 0001:0000e900       ?CharUpperWThunk@ATL@@YGPAGPAG@Z 0040f900 f i StdAfx.obj
 0001:0000e930       ?CharUpperWFake@ATL@@YGPAGPAG@Z 0040f930 f i StdAfx.obj
 0001:0000ea20       ??_Estringdispid@CComTypeInfoHolder@ATL@@QAEPAXI@Z 0040fa20 f i StdAfx.obj
 0001:0000ea90       ??1stringdispid@CComTypeInfoHolder@ATL@@QAE@XZ 0040fa90 f i StdAfx.obj
 0001:0000eab0       ??1CComBSTR@ATL@@QAE@XZ    0040fab0 f i StdAfx.obj
 0001:0000ead0       ??0?$CAtlSafeAllocBufferManager@VCCRTAllocator@ATL@@@_ATL_SAFE_ALLOCA_IMPL@ATL@@QAE@XZ 0040fad0 f i StdAfx.obj
 0001:0000eaf0       ?Allocate@?$CAtlSafeAllocBufferManager@VCCRTAllocator@ATL@@@_ATL_SAFE_ALLOCA_IMPL@ATL@@QAEPAXK@Z 0040faf0 f i StdAfx.obj
 0001:0000eb40       ?Allocate@CCRTAllocator@ATL@@SAPAXI@Z 0040fb40 f i StdAfx.obj
 0001:0000eb60       ??1?$CAtlSafeAllocBufferManager@VCCRTAllocator@ATL@@@_ATL_SAFE_ALLOCA_IMPL@ATL@@QAE@XZ 0040fb60 f i StdAfx.obj
 0001:0000eba0       ?Free@CCRTAllocator@ATL@@SAXPAX@Z 0040fba0 f i StdAfx.obj
 0001:0000ebc0       ??0?$CTempBuffer@D$0IA@VCCRTAllocator@ATL@@@ATL@@QAE@XZ 0040fbc0 f i StdAfx.obj
 0001:0000ebe0       ??1?$CTempBuffer@D$0IA@VCCRTAllocator@ATL@@@ATL@@QAE@XZ 0040fbe0 f i StdAfx.obj
 0001:0000ec00       ??B?$CTempBuffer@D$0IA@VCCRTAllocator@ATL@@@ATL@@QBEPADXZ 0040fc00 f i StdAfx.obj
 0001:0000ec10       ?Allocate@?$CTempBuffer@D$0IA@VCCRTAllocator@ATL@@@ATL@@QAEPADI@Z 0040fc10 f i StdAfx.obj
 0001:0000ec30       ??0?$CW2AEX@$0IA@@ATL@@QAE@PBG@Z 0040fc30 f i StdAfx.obj
 0001:0000ec60       ??1?$CW2AEX@$0IA@@ATL@@QAE@XZ 0040fc60 f i StdAfx.obj
 0001:0000ec90       ??B?$CW2AEX@$0IA@@ATL@@QBEPADXZ 0040fc90 f i StdAfx.obj
 0001:0000eca0       ?AllocateBytes@?$CTempBuffer@D$0IA@VCCRTAllocator@ATL@@@ATL@@QAEPADI@Z 0040fca0 f i StdAfx.obj
 0001:0000ed00       ?FreeHeap@?$CTempBuffer@D$0IA@VCCRTAllocator@ATL@@@ATL@@AAEXXZ 0040fd00 f i StdAfx.obj
 0001:0000ed20       ?Init@?$CW2AEX@$0IA@@ATL@@AAEXPBGI@Z 0040fd20 f i StdAfx.obj
 0001:0000edb0       ?AtlThrowLastWin32@ATL@@YGXXZ 0040fdb0 f i StdAfx.obj
 0001:0000ee00       ?GetData@CAtlSafeAllocBufferNode@?$CAtlSafeAllocBufferManager@VCCRTAllocator@ATL@@@_ATL_SAFE_ALLOCA_IMPL@ATL@@QAEPAXXZ 0040fe00 f i StdAfx.obj
 0001:0000ee20       ?AllocateHeap@?$CTempBuffer@D$0IA@VCCRTAllocator@ATL@@@ATL@@AAEXI@Z 0040fe20 f i StdAfx.obj
 0001:0000ee60       ??0CAtlWinModule@ATL@@QAE@XZ 0040fe60 f i StdAfx.obj
 0001:0000eea0       ??0_ATL_WIN_MODULE70@ATL@@QAE@XZ 0040fea0 f i StdAfx.obj
 0001:0000eed0       ??0CComCriticalSection@ATL@@QAE@XZ 0040fed0 f i StdAfx.obj
 0001:0000eef0       ??0?$CSimpleArray@GV?$CSimpleArrayEqualHelper@G@ATL@@@ATL@@QAE@XZ 0040fef0 f i StdAfx.obj
 0001:0000ef20       ??1CAtlWinModule@ATL@@QAE@XZ 0040ff20 f i StdAfx.obj
 0001:0000ef70       ?Term@CAtlWinModule@ATL@@QAEXXZ 0040ff70 f i StdAfx.obj
 0001:0000ef90       ?GetModuleInstance@CAtlBaseModule@ATL@@QAEPAUHINSTANCE__@@XZ 0040ff90 f i StdAfx.obj
 0001:0000efb0       ??1_ATL_WIN_MODULE70@ATL@@QAE@XZ 0040ffb0 f i StdAfx.obj
 0001:0000efd0       ?AtlWinModuleTerm@ATL@@YGJPAU_ATL_WIN_MODULE70@1@PAUHINSTANCE__@@@Z 0040ffd0 f i StdAfx.obj
 0001:0000f070       ?Term@CComCriticalSection@ATL@@QAEJXZ 00410070 f i StdAfx.obj
 0001:0000f090       ??1?$CSimpleArray@GV?$CSimpleArrayEqualHelper@G@ATL@@@ATL@@QAE@XZ 00410090 f i StdAfx.obj
 0001:0000f0b0       ?GetSize@?$CSimpleArray@GV?$CSimpleArrayEqualHelper@G@ATL@@@ATL@@QBEHXZ 004100b0 f i StdAfx.obj
 0001:0000f0d0       ?RemoveAll@?$CSimpleArray@GV?$CSimpleArrayEqualHelper@G@ATL@@@ATL@@QAEXXZ 004100d0 f i StdAfx.obj
 0001:0000f130       ??A?$CSimpleArray@GV?$CSimpleArrayEqualHelper@G@ATL@@@ATL@@QAEAAGH@Z 00410130 f i StdAfx.obj
 0001:0000f1a0       ?_AtlRaiseException@ATL@@YAXKK@Z 004101a0 f i StdAfx.obj
 0001:0000f1c0       ?_GetBaseClass@CWaveRec@@KGPAUCRuntimeClass@@XZ 004101c0 f   WaveRec.obj
 0001:0000f1d0       ?GetThisClass@CWaveRec@@SGPAUCRuntimeClass@@XZ 004101d0 f   WaveRec.obj
 0001:0000f1e0       ?GetRuntimeClass@CWaveRec@@UBEPAUCRuntimeClass@@XZ 004101e0 f   WaveRec.obj
 0001:0000f1f0       ??0CWaveRec@@QAE@PAVCWnd@@@Z 004101f0 f   WaveRec.obj
 0001:0000f2c0       ??1CWaveRec@@UAE@XZ        004102c0 f   WaveRec.obj
 0001:0000f320       ?DoDataExchange@CWaveRec@@MAEXPAVCDataExchange@@@Z 00410320 f   WaveRec.obj
 0001:0000f360       ?GetThisMessageMap@CWaveRec@@KGPBUAFX_MSGMAP@@XZ 00410360 f   WaveRec.obj
 0001:0000f370       ?GetMessageMap@CWaveRec@@MBEPBUAFX_MSGMAP@@XZ 00410370 f   WaveRec.obj
 0001:0000f380       ?OnBnClickedRecStop@CWaveRec@@QAEXXZ 00410380 f   WaveRec.obj
 0001:0000f4a0       ?OnBnClickedRecStart@CWaveRec@@QAEXXZ 004104a0 f   WaveRec.obj
 0001:0000f5a0       ?UpdateControls@CWaveRec@@MAEXXZ 004105a0 f   WaveRec.obj
 0001:0000f6f0       ?OnInitDialog@CWaveRec@@UAEHXZ 004106f0 f   WaveRec.obj
 0001:0000f7a0       ?PostMessageStop@CWaveRec@@MAEXXZ 004107a0 f   WaveRec.obj
 0001:0000f7d0       ?PostMessageStart@CWaveRec@@MAEXXZ 004107d0 f   WaveRec.obj
 0001:0000f800       ?PostMessageCancel@CWaveRec@@MAEXXZ 00410800 f   WaveRec.obj
 0001:0000f830       ?PostMessagePlay@CWaveRec@@MAEXXZ 00410830 f   WaveRec.obj
 0001:0000f860       ?OnBnClickedCancel@CWaveRec@@QAEXXZ 00410860 f   WaveRec.obj
 0001:0000f8e0       ?RenameWaveFile@CWaveRec@@IAEXXZ 004108e0 f   WaveRec.obj
 0001:0000fa30       ?GetWaveFileName@CWaveRec@@IAE_NXZ 00410a30 f   WaveRec.obj
 0001:0000fb40       ?OnTimer@CWaveRec@@QAEXI@Z 00410b40 f   WaveRec.obj
 0001:0000fc10       ?OnBnClickedRecPlay@CWaveRec@@QAEXXZ 00410c10 f   WaveRec.obj
 0001:0000fd90       ?SppLoggerStop@CWaveRec@@MAEHXZ 00410d90 f   WaveRec.obj
 0001:0000fda0       ?SppLoggerPlay@CWaveRec@@MAEHPAD@Z 00410da0 f   WaveRec.obj
 0001:0000fdc0       ?SppLoggerStart@CWaveRec@@MAEHPAD@Z 00410dc0 f   WaveRec.obj
 0001:0000fde0       ?SppLoggerStat@CWaveRec@@MAEHPAH@Z 00410de0 f   WaveRec.obj
 0001:0000fe00       ?OnNcDestroy@CWaveRec@@QAEXXZ 00410e00 f   WaveRec.obj
 0001:0000fe40       ??_GCWaveRec@@UAEPAXI@Z    00410e40 f i WaveRec.obj
 0001:0000fe40       ??_ECWaveRec@@UAEPAXI@Z    00410e40 f i WaveRec.obj
 0001:0000fe70       __tcsncpy                  00410e70 f i WaveRec.obj
 0001:0000fe90       _SppMessageBoxWithErrorCode 00410e90 f   smartpropoplus:SmartPropoPlus.obj
 0001:0000ff20       _SetLocationDialogWindow   00410f20 f   smartpropoplus:SmartPropoPlus.obj
 0001:0000ff40       _GetLocationDialogWindow   00410f40 f   smartpropoplus:SmartPropoPlus.obj
 0001:0000ff60       _SetSelectedFilter         00410f60 f   smartpropoplus:SmartPropoPlus.obj
 0001:0000ff80       _SetActiveMode             00410f80 f   smartpropoplus:SmartPropoPlus.obj
 0001:0000ffa0       _SetShiftAutoDetect        00410fa0 f   smartpropoplus:SmartPropoPlus.obj
 0001:0000ffc0       _SetPositiveShift          00410fc0 f   smartpropoplus:SmartPropoPlus.obj
 0001:0000ffe0       _GetModulation             00410fe0 f   smartpropoplus:SmartPropoPlus.obj
 0001:00010000       _GetDebugLevel             00411000 f   smartpropoplus:SmartPropoPlus.obj
 0001:00010010       _ModeDisplayFromInternalName 00411010 f   smartpropoplus:SmartPropoPlus.obj
 0001:000100c0       _isBaseRegistryExist       004110c0 f   smartpropoplus:SmartPropoPlus.obj
 0001:00010110       _GetDefaultVolumeValue     00411110 f   smartpropoplus:SmartPropoPlus.obj
 0001:000101a0       _SetDefaultVolumeValue     004111a0 f   smartpropoplus:SmartPropoPlus.obj
 0001:000101c0       _GetCurrentAudioState      004111c0 f   smartpropoplus:SmartPropoPlus.obj
 0001:000101e0       _SetCurrentAudioState      004111e0 f   smartpropoplus:SmartPropoPlus.obj
 0001:00010200       _GetCurrentPpjoyState      00411200 f   smartpropoplus:SmartPropoPlus.obj
 0001:00010210       _SetCurrentPpjoyState      00411210 f   smartpropoplus:SmartPropoPlus.obj
 0001:00010230       _GetCurrentMixerDevice     00411230 f   smartpropoplus:SmartPropoPlus.obj
 0001:00010260       _GetCurrentInputLine       00411260 f   smartpropoplus:SmartPropoPlus.obj
 0001:00010280       _GetWaveInParams           00411280 f   smartpropoplus:SmartPropoPlus.obj
 0001:000102a0       _SetCurrentMixerDevice     004112a0 f   smartpropoplus:SmartPropoPlus.obj
 0001:000102c0       _SetCurrentInputLine       004112c0 f   smartpropoplus:SmartPropoPlus.obj
 0001:000102e0       _GetAntiJitterState        004112e0 f   smartpropoplus:SmartPropoPlus.obj
 0001:000102f0       _SetAntiJitterState        004112f0 f   smartpropoplus:SmartPropoPlus.obj
 0001:00010310       _GetSppConsoleFullPath     00411310 f   smartpropoplus:SmartPropoPlus.obj
 0001:00010330       _GetFmsFullPath            00411330 f   smartpropoplus:SmartPropoPlus.obj
 0001:00010440       _GetDefaultVolumeValueFromRegistry 00411440 f   smartpropoplus:SppRegistry.obj
 0001:00010510       _SetDefaultVolumeValueToRegistry 00411510 f   smartpropoplus:SppRegistry.obj
 0001:000105e0       _GetCurrentAudioStateFromRegistry 004115e0 f   smartpropoplus:SppRegistry.obj
 0001:00010670       _GetCurrentPpjoyStateFromRegistry 00411670 f   smartpropoplus:SppRegistry.obj
 0001:00010700       _CreateEmptyBaseRegistry   00411700 f   smartpropoplus:SppRegistry.obj
 0001:00010760       _CreateEmptyAudioRegistry  00411760 f   smartpropoplus:SppRegistry.obj
 0001:000107b0       _CreateDefaultSppRegistry  004117b0 f   smartpropoplus:SppRegistry.obj
 0001:00010850       _CreateDefaultModRegistry  00411850 f   smartpropoplus:SppRegistry.obj
 0001:00010980       _SetCurrentAudioStateToRegistry 00411980 f   smartpropoplus:SppRegistry.obj
 0001:00010a00       _SetCurrentPpjoyStateToRegistry 00411a00 f   smartpropoplus:SppRegistry.obj
 0001:00010a80       _GetCurrentMixerDeviceFromRegistry 00411a80 f   smartpropoplus:SppRegistry.obj
 0001:00010b50       _GetCurrentInputLineFromRegistry 00411b50 f   smartpropoplus:SppRegistry.obj
 0001:00010be0       _GetWaveInParamsFromRegistry 00411be0 f   smartpropoplus:SppRegistry.obj
 0001:00010d10       _SetCurrentMixerDeviceToRegistry 00411d10 f   smartpropoplus:SppRegistry.obj
 0001:00010d90       _SetCurrentInputLineToRegistry 00411d90 f   smartpropoplus:SppRegistry.obj
 0001:00010e10       _SetActiveModeToRegistry   00411e10 f   smartpropoplus:SppRegistry.obj
 0001:00010f60       _SetShiftAutoDetectToRegistry 00411f60 f   smartpropoplus:SppRegistry.obj
 0001:00010fd0       _SetPositiveShiftToRegistry 00411fd0 f   smartpropoplus:SppRegistry.obj
 0001:00011040       _isDebugEntryExist         00412040 f   smartpropoplus:SppRegistry.obj
 0001:000110d0       _GetDebugLevelFromRegistry 004120d0 f   smartpropoplus:SppRegistry.obj
 0001:000111d0       _GetModulationFromRegistry 004121d0 f   smartpropoplus:SppRegistry.obj
 0001:00011560       _isSppRegistryExist        00412560 f   smartpropoplus:SppRegistry.obj
 0001:000115b0       _isModRegistryUpdate       004125b0 f   smartpropoplus:SppRegistry.obj
 0001:00011780       _UpdateModRegistry         00412780 f   smartpropoplus:SppRegistry.obj
 0001:00011990       _isAudioRegistryExist      00412990 f   smartpropoplus:SppRegistry.obj
 0001:000119e0       _SetSelectedFilterNameToRegistry 004129e0 f   smartpropoplus:SppRegistry.obj
 0001:00011a60       _GetSelectedFilterNameFromRegistry 00412a60 f   smartpropoplus:SppRegistry.obj
 0001:00011b30       _GetLocationDialogWindowFromRegistry 00412b30 f   smartpropoplus:SppRegistry.obj
 0001:00011bd0       _SetLocationDialogWindowToRegistry 00412bd0 f   smartpropoplus:SppRegistry.obj
 0001:00011c50       _GetAntiJitterStateFromRegistry 00412c50 f   smartpropoplus:SppRegistry.obj
 0001:00011ce0       _SetAntiJitterStateToRegistry 00412ce0 f   smartpropoplus:SppRegistry.obj
 0001:00011d50       _GetSppConsoleFullPathFromRegistry 00412d50 f   smartpropoplus:SppRegistry.obj
 0001:00011ef0       _GetFmsFullPathFromRegistry 00412ef0 f   smartpropoplus:SppRegistry.obj
 0001:00011f92       _mixerGetLineControlsA@12  00412f92 f   winmm:WINMM.dll
 0001:00011f98       _mixerSetControlDetails@12 00412f98 f   winmm:WINMM.dll
 0001:00011f9e       _mixerGetControlDetailsA@12 00412f9e f   winmm:WINMM.dll
 0001:00011fa4       _mixerGetLineInfoA@12      00412fa4 f   winmm:WINMM.dll
 0001:00011faa       _waveInGetNumDevs@0        00412faa f   winmm:WINMM.dll
 0001:00011fb0       _mixerGetNumDevs@0         00412fb0 f   winmm:WINMM.dll
 0001:00011fb6       _waveInClose@4             00412fb6 f   winmm:WINMM.dll
 0001:00011fbc       _mixerGetID@12             00412fbc f   winmm:WINMM.dll
 0001:00011fc2       _waveInOpen@24             00412fc2 f   winmm:WINMM.dll
 0001:00011fc8       _mixerGetDevCapsA@12       00412fc8 f   winmm:WINMM.dll
 0001:00011fce       _mixerOpen@20              00412fce f   winmm:WINMM.dll
 0001:00011fd4       _SppAudioHdrLoggerStop@0   00412fd4 f   Wave2Joystick:Wave2Joystick.dll
 0001:00011fda       _SppAudioHdrLoggerStart@4  00412fda f   Wave2Joystick:Wave2Joystick.dll
 0001:00011fe0       _SppAudioHdrLoggerGetStat@4 00412fe0 f   Wave2Joystick:Wave2Joystick.dll
 0001:00011fe6       _SppPulseLoggerStop@0      00412fe6 f   Wave2Joystick:Wave2Joystick.dll
 0001:00011fec       _SppPulseLoggerStart@4     00412fec f   Wave2Joystick:Wave2Joystick.dll
 0001:00011ff2       _SppPulseLoggerGetStat@4   00412ff2 f   Wave2Joystick:Wave2Joystick.dll
 0001:00011ff8       _SppRawPulseLoggerStop@0   00412ff8 f   Wave2Joystick:Wave2Joystick.dll
 0001:00011ffe       _SppRawPulseLoggerStart@4  00412ffe f   Wave2Joystick:Wave2Joystick.dll
 0001:00012004       _SppRawPulseLoggerGetStat@4 00413004 f   Wave2Joystick:Wave2Joystick.dll
 0001:0001200a       _SppStart@0                0041300a f   Wave2Joystick:Wave2Joystick.dll
 0001:00012010       _SetFilterInterface@4      00413010 f   Wave2Joystick:Wave2Joystick.dll
 0001:00012016       _SppSetActiveAudioDevice@4 00413016 f   Wave2Joystick:Wave2Joystick.dll
 0001:0001201c       _GetWave2JoystickObject@0  0041301c f   Wave2Joystick:Wave2Joystick.dll
 0001:00012022       _SppSetModulation@4        00413022 f   Wave2Joystick:Wave2Joystick.dll
 0001:00012028       _SppSetShift@4             00413028 f   Wave2Joystick:Wave2Joystick.dll
 0001:0001202e       _SppStop@0                 0041302e f   Wave2Joystick:Wave2Joystick.dll
 0001:00012034       _StopInterfaces@0          00413034 f   Wave2Joystick:Wave2Joystick.dll
 0001:0001203a       _StopPPJoyInterface@4      0041303a f   Wave2Joystick:Wave2Joystick.dll
 0001:00012040       _StartPPJoyInterface@4     00413040 f   Wave2Joystick:Wave2Joystick.dll
 0001:00012046       _SppGetFilteredPos@4       00413046 f   Wave2Joystick:Wave2Joystick.dll
 0001:0001204c       _SppGetAudioLevel@4        0041304c f   Wave2Joystick:Wave2Joystick.dll
 0001:00012052       _TestPPJoyInterface@4      00413052 f   Wave2Joystick:Wave2Joystick.dll
 0001:00012058       _SppSetAntiJitter@4        00413058 f   Wave2Joystick:Wave2Joystick.dll
 0001:0001205e       _SppWaveLoggerGetStat@4    0041305e f   Wave2Joystick:Wave2Joystick.dll
 0001:00012064       _SppWaveLoggerStop@0       00413064 f   Wave2Joystick:Wave2Joystick.dll
 0001:0001206a       _SppWaveLoggerPlay@4       0041306a f   Wave2Joystick:Wave2Joystick.dll
 0001:00012070       _SppWaveLoggerStart@4      00413070 f   Wave2Joystick:Wave2Joystick.dll
 0001:00012080       ??0CFilterIf@@QAE@XZ       00413080 f   FilterIf:FilterIf.obj
 0001:000120c0       ??1CFilterIf@@QAE@XZ       004130c0 f   FilterIf:FilterIf.obj
 0001:000120e0       ?Init@CFilterIf@@QAE_NXZ   004130e0 f   FilterIf:FilterIf.obj
 0001:000121d0       ?GetNumberOfFilters@CFilterIf@@QAEHXZ 004131d0 f   FilterIf:FilterIf.obj
 0001:000121f0       ?GetIndexOfSelected@CFilterIf@@QAEHXZ 004131f0 f   FilterIf:FilterIf.obj
 0001:00012300       ?GetFilterName@CFilterIf@@QAEPADH@Z 00413300 f   FilterIf:FilterIf.obj
 0001:00012370       ?SetSelected@CFilterIf@@QAEHH@Z 00413370 f   FilterIf:FilterIf.obj
 0001:000123f0       ?Run@CFilterIf@@IAEPAXPAXHH@Z 004133f0 f   FilterIf:FilterIf.obj
 0001:00012460       ?Filter@CFilterIf@@QAEPAHPAH0HH@Z 00413460 f   FilterIf:FilterIf.obj
 0001:00012500       __tcscmp                   00413500 f i FilterIf:FilterIf.obj
 0001:00012528       ?GetThisMessageMap@CDialog@@KGPBUAFX_MSGMAP@@XZ 00413528 f   mfc71d:MFC71D.DLL
 0001:0001252e       ?PreInitDialog@CDialog@@MAEXXZ 0041352e f   mfc71d:MFC71D.DLL
 0001:00012534       ?OnCancel@CDialog@@MAEXXZ  00413534 f   mfc71d:MFC71D.DLL
 0001:0001253a       ?OnOK@CDialog@@MAEXXZ      0041353a f   mfc71d:MFC71D.DLL
 0001:00012540       ?OnSetFont@CDialog@@UAEXPAVCFont@@@Z 00413540 f   mfc71d:MFC71D.DLL
 0001:00012546       ?DoModal@CDialog@@UAEHXZ   00413546 f   mfc71d:MFC71D.DLL
 0001:0001254c       ?CreateIndirect@CDialog@@UAEHPBUDLGTEMPLATE@@PAVCWnd@@PAX@Z 0041354c f   mfc71d:MFC71D.DLL
 0001:00012552       ?CreateIndirect@CDialog@@UAEHPAXPAVCWnd@@@Z 00413552 f   mfc71d:MFC71D.DLL
 0001:00012558       ?Create@CDialog@@UAEHPBDPAVCWnd@@@Z 00413558 f   mfc71d:MFC71D.DLL
 0001:0001255e       ?Create@CDialog@@UAEHIPAVCWnd@@@Z 0041355e f   mfc71d:MFC71D.DLL
 0001:00012564       ?SetOccDialogInfo@CDialog@@MAEHPAU_AFX_OCC_DIALOG_INFO@@@Z 00413564 f   mfc71d:MFC71D.DLL
 0001:0001256a       ?CreateControlSite@CWnd@@MAEHPAVCOleControlContainer@@PAPAVCOleControlSite@@IABU_GUID@@@Z 0041356a f   mfc71d:MFC71D.DLL
 0001:00012570       ?CreateControlContainer@CWnd@@MAEHPAPAVCOleControlContainer@@@Z 00413570 f   mfc71d:MFC71D.DLL
 0001:00012576       ?IsFrameWnd@CWnd@@UBEHXZ   00413576 f   mfc71d:MFC71D.DLL
 0001:0001257c       ?CheckAutoCenter@CDialog@@UAEHXZ 0041357c f   mfc71d:MFC71D.DLL
 0001:00012582       ?OnChildNotify@CWnd@@MAEHIIJPAJ@Z 00413582 f   mfc71d:MFC71D.DLL
 0001:00012588       ?PostNcDestroy@CWnd@@MAEXXZ 00413588 f   mfc71d:MFC71D.DLL
 0001:0001258e       ?DefWindowProcA@CWnd@@MAEJIIJ@Z 0041358e f   mfc71d:MFC71D.DLL
 0001:00012594       ?OnWndMsg@CWnd@@MAEHIIJPAJ@Z 00413594 f   mfc71d:MFC71D.DLL
 0001:0001259a       ?WindowProc@CWnd@@MAEJIIJ@Z 0041359a f   mfc71d:MFC71D.DLL
 0001:000125a0       ?OnAmbientProperty@CWnd@@UAEHPAVCOleControlSite@@JPAUtagVARIANT@@@Z 004135a0 f   mfc71d:MFC71D.DLL
 0001:000125a6       ?PreTranslateMessage@CDialog@@UAEHPAUtagMSG@@@Z 004135a6 f   mfc71d:MFC71D.DLL
 0001:000125ac       ?EndModalState@CWnd@@UAEXXZ 004135ac f   mfc71d:MFC71D.DLL
 0001:000125b2       ?BeginModalState@CWnd@@UAEXXZ 004135b2 f   mfc71d:MFC71D.DLL
 0001:000125b8       ?GetSuperWndProcAddr@CWnd@@MAEPAP6GJPAUHWND__@@IIJ@ZXZ 004135b8 f   mfc71d:MFC71D.DLL
 0001:000125be       ?OnNotify@CWnd@@MAEHIJPAJ@Z 004135be f   mfc71d:MFC71D.DLL
 0001:000125c4       ?OnCommand@CWnd@@MAEHIJ@Z  004135c4 f   mfc71d:MFC71D.DLL
 0001:000125ca       ?CreateAccessibleProxy@CWnd@@UAEJIJPAJ@Z 004135ca f   mfc71d:MFC71D.DLL
 0001:000125d0       ?SetProxy@CWnd@@UAEJPAUIAccessibleProxy@@@Z 004135d0 f   mfc71d:MFC71D.DLL
 0001:000125e0       ?accDoDefaultAction@CWnd@@UAEJUtagVARIANT@@@Z 004135e0 f   mfc71d:MFC71D.DLL
 0001:000125e6       ?accHitTest@CWnd@@UAEJJJPAUtagVARIANT@@@Z 004135e6 f   mfc71d:MFC71D.DLL
 0001:000125ec       ?accNavigate@CWnd@@UAEJJUtagVARIANT@@PAU2@@Z 004135ec f   mfc71d:MFC71D.DLL
 0001:000125f2       ?accLocation@CWnd@@UAEJPAJ000UtagVARIANT@@@Z 004135f2 f   mfc71d:MFC71D.DLL
 0001:000125f8       ?accSelect@CWnd@@UAEJJUtagVARIANT@@@Z 004135f8 f   mfc71d:MFC71D.DLL
 0001:00012600       ?get_accSelection@CWnd@@UAEJPAUtagVARIANT@@@Z 00413600 f   mfc71d:MFC71D.DLL
 0001:00012606       ?get_accFocus@CWnd@@UAEJPAUtagVARIANT@@@Z 00413606 f   mfc71d:MFC71D.DLL
 0001:00012610       ?get_accState@CWnd@@UAEJUtagVARIANT@@PAU2@@Z 00413610 f   mfc71d:MFC71D.DLL
 0001:00012616       ?get_accRole@CWnd@@UAEJUtagVARIANT@@PAU2@@Z 00413616 f   mfc71d:MFC71D.DLL
 0001:00012620       ?get_accChild@CWnd@@UAEJUtagVARIANT@@PAPAUIDispatch@@@Z 00413620 f   mfc71d:MFC71D.DLL
 0001:00012626       ?get_accChildCount@CWnd@@UAEJPAJ@Z 00413626 f   mfc71d:MFC71D.DLL
 0001:0001262c       ?get_accParent@CWnd@@UAEJPAPAUIDispatch@@@Z 0041362c f   mfc71d:MFC71D.DLL
 0001:00012632       ?EnsureStdObj@CWnd@@UAEJXZ 00413632 f   mfc71d:MFC71D.DLL
 0001:00012638       ?EndModalLoop@CWnd@@UAEXH@Z 00413638 f   mfc71d:MFC71D.DLL
 0001:0001263e       ?ContinueModal@CWnd@@UAEHXZ 0041363e f   mfc71d:MFC71D.DLL
 0001:00012644       ?WinHelpInternal@CWnd@@UAEXKI@Z 00413644 f   mfc71d:MFC71D.DLL
 0001:0001264a       ?HtmlHelpA@CWnd@@UAEXKI@Z  0041364a f   mfc71d:MFC71D.DLL
 0001:00012650       ?WinHelpA@CWnd@@UAEXKI@Z   00413650 f   mfc71d:MFC71D.DLL
 0001:00012656       ?GetScrollBarCtrl@CWnd@@UBEPAVCScrollBar@@H@Z 00413656 f   mfc71d:MFC71D.DLL
 0001:0001265c       ?OnToolHitTest@CWnd@@UBEHVCPoint@@PAUtagTOOLINFOA@@@Z 0041365c f   mfc71d:MFC71D.DLL
 0001:00012662       ?CalcWindowRect@CWnd@@UAEXPAUtagRECT@@I@Z 00413662 f   mfc71d:MFC71D.DLL
 0001:00012668       ?PreCreateWindow@CWnd@@UAEHAAUtagCREATESTRUCTA@@@Z 00413668 f   mfc71d:MFC71D.DLL
 0001:0001266e       ?DestroyWindow@CWnd@@UAEHXZ 0041366e f   mfc71d:MFC71D.DLL
 0001:00012674       ?CreateEx@CWnd@@UAEHKPBD0KHHHHPAUHWND__@@PAUHMENU__@@PAX@Z 00413674 f   mfc71d:MFC71D.DLL
 0001:0001267a       ?CreateEx@CWnd@@UAEHKPBD0KABUtagRECT@@PAV1@IPAX@Z 0041367a f   mfc71d:MFC71D.DLL
 0001:00012680       ?Create@CWnd@@UAEHPBD0KABUtagRECT@@PAV1@IPAUCCreateContext@@@Z 00413680 f   mfc71d:MFC71D.DLL
 0001:00012686       ?PreSubclassWindow@CWnd@@UAEXXZ 00413686 f   mfc71d:MFC71D.DLL
 0001:0001268c       ?GetConnectionHook@CCmdTarget@@MAEPAUIConnectionPoint@@ABU_GUID@@@Z 0041368c f   mfc71d:MFC71D.DLL
 0001:00012692       ?GetExtraConnectionPoints@CCmdTarget@@MAEHPAVCPtrArray@@@Z 00413692 f   mfc71d:MFC71D.DLL
 0001:00012698       ?GetInterfaceHook@CCmdTarget@@UAEPAUIUnknown@@PBX@Z 00413698 f   mfc71d:MFC71D.DLL
 0001:0001269e       ?OnCreateAggregates@CCmdTarget@@UAEHXZ 0041369e f   mfc71d:MFC71D.DLL
 0001:000126a4       ?GetEventSinkMap@CCmdTarget@@MBEPBUAFX_EVENTSINKMAP@@XZ 004136a4 f   mfc71d:MFC71D.DLL
 0001:000126aa       ?GetInterfaceMap@CWnd@@MBEPBUAFX_INTERFACEMAP@@XZ 004136aa f   mfc71d:MFC71D.DLL
 0001:000126b0       ?GetConnectionMap@CCmdTarget@@MBEPBUAFX_CONNECTIONMAP@@XZ 004136b0 f   mfc71d:MFC71D.DLL
 0001:000126b6       ?GetDispatchMap@CCmdTarget@@MBEPBUAFX_DISPMAP@@XZ 004136b6 f   mfc71d:MFC71D.DLL
 0001:000126bc       ?GetCommandMap@CCmdTarget@@MBEPBUAFX_OLECMDMAP@@XZ 004136bc f   mfc71d:MFC71D.DLL
 0001:000126c2       ?GetTypeLib@CCmdTarget@@UAEJKPAPAUITypeLib@@@Z 004136c2 f   mfc71d:MFC71D.DLL
 0001:000126c8       ?GetTypeLibCache@CCmdTarget@@UAEPAVCTypeLibCache@@XZ 004136c8 f   mfc71d:MFC71D.DLL
 0001:000126ce       ?GetTypeInfoCount@CCmdTarget@@UAEIXZ 004136ce f   mfc71d:MFC71D.DLL
 0001:000126d4       ?GetDispatchIID@CCmdTarget@@UAEHPAU_GUID@@@Z 004136d4 f   mfc71d:MFC71D.DLL
 0001:000126da       ?IsInvokeAllowed@CCmdTarget@@UAEHJ@Z 004136da f   mfc71d:MFC71D.DLL
 0001:000126e0       ?OnFinalRelease@CWnd@@UAEXXZ 004136e0 f   mfc71d:MFC71D.DLL
 0001:000126e6       ?OnCmdMsg@CDialog@@UAEHIHPAXPAUAFX_CMDHANDLERINFO@@@Z 004136e6 f   mfc71d:MFC71D.DLL
 0001:000126ec       ?Dump@CDialog@@UBEXAAVCDumpContext@@@Z 004136ec f   mfc71d:MFC71D.DLL
 0001:000126f2       ?AssertValid@CDialog@@UBEXXZ 004136f2 f   mfc71d:MFC71D.DLL
 0001:000126f8       ?Serialize@CObject@@UAEXAAVCArchive@@@Z 004136f8 f   mfc71d:MFC71D.DLL
 0001:000126fe       ?GetRuntimeClass@CDialog@@UBEPAUCRuntimeClass@@XZ 004136fe f   mfc71d:MFC71D.DLL
 0001:00012704       ??1CDialog@@UAE@XZ         00413704 f   mfc71d:MFC71D.DLL
 0001:0001270a       ??0CDialog@@QAE@IPAVCWnd@@@Z 0041370a f   mfc71d:MFC71D.DLL
 0001:00012710       ??3CObject@@SGXPAX@Z       00413710 f   mfc71d:MFC71D.DLL
 0001:00012716       ??1CStatic@@UAE@XZ         00413716 f   mfc71d:MFC71D.DLL
 0001:0001271c       ??1?$CStringT@DV?$StrTraitMFC_DLL@DV?$ChTraitsCRT@D@ATL@@@@@ATL@@QAE@XZ 0041371c f   mfc71d:MFC71D.DLL
 0001:00012722       ??1CFont@@UAE@XZ           00413722 f   mfc71d:MFC71D.DLL
 0001:00012728       ?DoDataExchange@CWnd@@MAEXPAVCDataExchange@@@Z 00413728 f   mfc71d:MFC71D.DLL
 0001:0001272e       ?OnInitDialog@CDialog@@UAEHXZ 0041372e f   mfc71d:MFC71D.DLL
 0001:00012734       ??B?$CSimpleStringT@D$00@ATL@@QBEPBDXZ 00413734 f   mfc71d:MFC71D.DLL
 0001:0001273a       ?Format@?$CStringT@DV?$StrTraitMFC_DLL@DV?$ChTraitsCRT@D@ATL@@@@@ATL@@QAAXPBDZZ 0041373a f   mfc71d:MFC71D.DLL
 0001:00012740       ?GetDlgItem@CWnd@@QBEPAV1@H@Z 00413740 f   mfc71d:MFC71D.DLL
 0001:00012746       ??0?$CStringT@DV?$StrTraitMFC_DLL@DV?$ChTraitsCRT@D@ATL@@@@@ATL@@QAE@XZ 00413746 f   mfc71d:MFC71D.DLL
 0001:0001274c       ??0?$CStringT@DV?$StrTraitMFC_DLL@DV?$ChTraitsCRT@D@ATL@@@@@ATL@@QAE@PBD@Z 0041374c f   mfc71d:MFC71D.DLL
 0001:00012752       ?SetWindowTextA@CWnd@@QAEXPBD@Z 00413752 f   mfc71d:MFC71D.DLL
 0001:00012758       ?SubclassDlgItem@CWnd@@QAEHIPAV1@@Z 00413758 f   mfc71d:MFC71D.DLL
 0001:0001275e       ??3@YAXPAXPBDH@Z           0041375e f   mfc71d:MFC71D.DLL
 0001:00012764       ??2@YAPAXIPBDH@Z           00413764 f   mfc71d:MFC71D.DLL
 0001:0001276a       ??3@YAXPAX@Z               0041376a f   mfc71d:MFC71D.DLL
 0001:00012770       ??3CObject@@SGXPAXPBDH@Z   00413770 f   mfc71d:MFC71D.DLL
 0001:00012776       ??2CObject@@SGPAXIPBDH@Z   00413776 f   mfc71d:MFC71D.DLL
 0001:0001277c       ?GetRuntimeClass@CObject@@UBEPAUCRuntimeClass@@XZ 0041377c f   mfc71d:MFC71D.DLL
 0001:00012782       ??0CObject@@IAE@XZ         00413782 f   mfc71d:MFC71D.DLL
 0001:00012788       ?AfxThrowInvalidArgException@@YGXXZ 00413788 f   mfc71d:MFC71D.DLL
 0001:0001278e       ?AfxAssertFailedLine@@YGHPBDH@Z 0041378e f   mfc71d:MFC71D.DLL
 0001:00012794       ?AfxAssertValidObject@@YGXPBVCObject@@PBDH@Z 00413794 f   mfc71d:MFC71D.DLL
 0001:0001279a       ??1CObject@@UAE@XZ         0041379a f   mfc71d:MFC71D.DLL
 0001:000127a0       ??_V@YAXPAX@Z              004137a0 f   mfc71d:MFC71D.DLL
 0001:000127a6       ?ReadCount@CArchive@@QAEKXZ 004137a6 f   mfc71d:MFC71D.DLL
 0001:000127ac       ?WriteCount@CArchive@@QAEXK@Z 004137ac f   mfc71d:MFC71D.DLL
 0001:000127b2       ?IsStoring@CArchive@@QBEHXZ 004137b2 f   mfc71d:MFC71D.DLL
 0001:000127b8       ?GetDepth@CDumpContext@@QBEHXZ 004137b8 f   mfc71d:MFC71D.DLL
 0001:000127be       ??6CDumpContext@@QAEAAV0@H@Z 004137be f   mfc71d:MFC71D.DLL
 0001:000127c4       ??6CDumpContext@@QAEAAV0@PBD@Z 004137c4 f   mfc71d:MFC71D.DLL
 0001:000127ca       ?Dump@CObject@@UBEXAAVCDumpContext@@@Z 004137ca f   mfc71d:MFC71D.DLL
 0001:000127d0       ?AfxIsValidAddress@@YGHPBXIH@Z 004137d0 f   mfc71d:MFC71D.DLL
 0001:000127d6       ?AssertValid@CObject@@UBEXXZ 004137d6 f   mfc71d:MFC71D.DLL
 0001:000127dc       ??_U@YAPAXI@Z              004137dc f   mfc71d:MFC71D.DLL
 0001:000127e2       ??_U@YAPAXIPBDH@Z          004137e2 f   mfc71d:MFC71D.DLL
 0001:000127e8       ?Read@CArchive@@QAEIPAXI@Z 004137e8 f   mfc71d:MFC71D.DLL
 0001:000127ee       ?Write@CArchive@@QAEXPBXI@Z 004137ee f   mfc71d:MFC71D.DLL
 0001:000127f4       ??1CEdit@@UAE@XZ           004137f4 f   mfc71d:MFC71D.DLL
 0001:000127fa       ??1CSliderCtrl@@UAE@XZ     004137fa f   mfc71d:MFC71D.DLL
 0001:00012800       ??0CEdit@@QAE@XZ           00413800 f   mfc71d:MFC71D.DLL
 0001:00012806       ??0CSliderCtrl@@QAE@XZ     00413806 f   mfc71d:MFC71D.DLL
 0001:0001280c       ?DDX_Control@@YGXPAVCDataExchange@@HAAVCWnd@@@Z 0041380c f   mfc71d:MFC71D.DLL
 0001:00012812       ?OnHScroll@CWnd@@IAEXIIPAVCScrollBar@@@Z 00413812 f   mfc71d:MFC71D.DLL
 0001:00012818       ?GetDlgCtrlID@CWnd@@QBEHXZ 00413818 f   mfc71d:MFC71D.DLL
 0001:0001281e       ?SetTicFreq@CSliderCtrl@@QAEXH@Z 0041381e f   mfc71d:MFC71D.DLL
 0001:00012824       ?SetPos@CSliderCtrl@@QAEXH@Z 00413824 f   mfc71d:MFC71D.DLL
 0001:0001282a       ?SetLimitText@CEdit@@QAEXI@Z 0041382a f   mfc71d:MFC71D.DLL
 0001:00012830       ?SetSel@CEdit@@QAEXHHH@Z   00413830 f   mfc71d:MFC71D.DLL
 0001:00012836       ?GetLength@?$CSimpleStringT@D$00@ATL@@QBEHXZ 00413836 f   mfc71d:MFC71D.DLL
 0001:0001283c       ?GetWindowTextA@CWnd@@QBEXAAV?$CStringT@DV?$StrTraitMFC_DLL@DV?$ChTraitsCRT@D@ATL@@@@@ATL@@@Z 0041383c f   mfc71d:MFC71D.DLL
 0001:00012842       ?GetThisMessageMap@CWnd@@KGPBUAFX_MSGMAP@@XZ 00413842 f   mfc71d:MFC71D.DLL
 0001:00012848       ?DrawItem@CStatic@@UAEXPAUtagDRAWITEMSTRUCT@@@Z 00413848 f   mfc71d:MFC71D.DLL
 0001:0001284e       ?Create@CStatic@@UAEHPBDKABUtagRECT@@PAVCWnd@@I@Z 0041384e f   mfc71d:MFC71D.DLL
 0001:00012854       ?SetOccDialogInfo@CWnd@@MAEHPAU_AFX_OCC_DIALOG_INFO@@@Z 00413854 f   mfc71d:MFC71D.DLL
 0001:0001285a       ?CheckAutoCenter@CWnd@@UAEHXZ 0041385a f   mfc71d:MFC71D.DLL
 0001:00012860       ?OnChildNotify@CStatic@@MAEHIIJPAJ@Z 00413860 f   mfc71d:MFC71D.DLL
 0001:00012866       ?PreTranslateMessage@CWnd@@UAEHPAUtagMSG@@@Z 00413866 f   mfc71d:MFC71D.DLL
 0001:0001286c       ?OnCmdMsg@CCmdTarget@@UAEHIHPAXPAUAFX_CMDHANDLERINFO@@@Z 0041386c f   mfc71d:MFC71D.DLL
 0001:00012872       ?Dump@CWnd@@UBEXAAVCDumpContext@@@Z 00413872 f   mfc71d:MFC71D.DLL
 0001:00012878       ?AssertValid@CWnd@@UBEXXZ  00413878 f   mfc71d:MFC71D.DLL
 0001:0001287e       ?GetRuntimeClass@CStatic@@UBEPAUCRuntimeClass@@XZ 0041387e f   mfc71d:MFC71D.DLL
 0001:00012884       ??1CBrush@@UAE@XZ          00413884 f   mfc71d:MFC71D.DLL
 0001:0001288a       ??1CPen@@UAE@XZ            0041388a f   mfc71d:MFC71D.DLL
 0001:00012890       ??0CBrush@@QAE@XZ          00413890 f   mfc71d:MFC71D.DLL
 0001:00012896       ??0CPen@@QAE@XZ            00413896 f   mfc71d:MFC71D.DLL
 0001:0001289c       ??0CStatic@@QAE@XZ         0041389c f   mfc71d:MFC71D.DLL
 0001:000128a2       ??0CClientDC@@QAE@PAVCWnd@@@Z 004138a2 f   mfc71d:MFC71D.DLL
 0001:000128a8       ??1CPaintDC@@UAE@XZ        004138a8 f   mfc71d:MFC71D.DLL
 0001:000128ae       ??0CPaintDC@@QAE@PAVCWnd@@@Z 004138ae f   mfc71d:MFC71D.DLL
 0001:000128b4       ?OnTimer@CWnd@@IAEXI@Z     004138b4 f   mfc71d:MFC71D.DLL
 0001:000128ba       ?GetClientRect@CWnd@@QBEXPAUtagRECT@@@Z 004138ba f   mfc71d:MFC71D.DLL
 0001:000128c0       ?KillTimer@CWnd@@QAEHI@Z   004138c0 f   mfc71d:MFC71D.DLL
 0001:000128c6       ?SetTimer@CWnd@@QAEIIIP6GXPAUHWND__@@IIK@Z@Z 004138c6 f   mfc71d:MFC71D.DLL
 0001:000128cc       ?SelectObject@CDC@@QAEPAVCBrush@@PAV2@@Z 004138cc f   mfc71d:MFC71D.DLL
 0001:000128d2       ?SelectObject@CDC@@QAEPAVCPen@@PAV2@@Z 004138d2 f   mfc71d:MFC71D.DLL
 0001:000128d8       ?CreateSolidBrush@CBrush@@QAEHK@Z 004138d8 f   mfc71d:MFC71D.DLL
 0001:000128de       ?CreatePen@CPen@@QAEHHHK@Z 004138de f   mfc71d:MFC71D.DLL
 0001:000128e4       ?DeleteObject@CGdiObject@@QAEHXZ 004138e4 f   mfc71d:MFC71D.DLL
 0001:000128ea       ?Ellipse@CDC@@QAEHHHHH@Z   004138ea f   mfc71d:MFC71D.DLL
 0001:000128f0       ?Arc@CDC@@QAEHPBUtagRECT@@UtagPOINT@@1@Z 004138f0 f   mfc71d:MFC71D.DLL
 0001:000128f6       ?MoveTo@CDC@@QAE?AVCPoint@@UtagPOINT@@@Z 004138f6 f   mfc71d:MFC71D.DLL
 0001:000128fc       ?Ellipse@CDC@@QAEHPBUtagRECT@@@Z 004138fc f   mfc71d:MFC71D.DLL
 0001:00012902       ?LineTo@CDC@@QAEHHH@Z      00413902 f   mfc71d:MFC71D.DLL
 0001:00012908       ?MoveTo@CDC@@QAE?AVCPoint@@HH@Z 00413908 f   mfc71d:MFC71D.DLL
 0001:0001290e       ?FillRect@CDC@@QAEXPBUtagRECT@@PAVCBrush@@@Z 0041390e f   mfc71d:MFC71D.DLL
 0001:00012914       ?EnableWindow@CWnd@@QAEHH@Z 00413914 f   mfc71d:MFC71D.DLL
 0001:0001291a       ?PostMessageA@CWnd@@QAEHIIJ@Z 0041391a f   mfc71d:MFC71D.DLL
 0001:00012920       ?GetParent@CWnd@@QBEPAV1@XZ 00413920 f   mfc71d:MFC71D.DLL
 0001:00012926       ?GetThisClass@CDialog@@SGPAUCRuntimeClass@@XZ 00413926 f   mfc71d:MFC71D.DLL
 0001:0001292c       ?GetCheck@CButton@@QBEHXZ  0041392c f   mfc71d:MFC71D.DLL
 0001:00012932       ?GetCurSel@CListBox@@QBEHXZ 00413932 f   mfc71d:MFC71D.DLL
 0001:00012938       ?GetCurSel@CComboBox@@QBEHXZ 00413938 f   mfc71d:MFC71D.DLL
 0001:0001293e       ?SetCheck@CButton@@QAEXH@Z 0041393e f   mfc71d:MFC71D.DLL
 0001:00012944       ?SetCurSel@CListBox@@QAEHH@Z 00413944 f   mfc71d:MFC71D.DLL
 0001:0001294a       ?SetCurSel@CComboBox@@QAEHH@Z 0041394a f   mfc71d:MFC71D.DLL
 0001:00012950       ?GetCount@CListBox@@QBEHXZ 00413950 f   mfc71d:MFC71D.DLL
 0001:00012956       ?GetCount@CComboBox@@QBEHXZ 00413956 f   mfc71d:MFC71D.DLL
 0001:0001295c       ?AfxGetApp@@YGPAVCWinApp@@XZ 0041395c f   mfc71d:MFC71D.DLL
 0001:00012962       ?RedrawWindow@CWnd@@QAEHPBUtagRECT@@PAVCRgn@@I@Z 00413962 f   mfc71d:MFC71D.DLL
 0001:00012968       ?LineScroll@CEdit@@QAEXHH@Z 00413968 f   mfc71d:MFC71D.DLL
 0001:0001296e       ?GetLineCount@CEdit@@QBEHXZ 0041396e f   mfc71d:MFC71D.DLL
 0001:00012974       ?GetText@CListBox@@QBEXHAAV?$CStringT@DV?$StrTraitMFC_DLL@DV?$ChTraitsCRT@D@ATL@@@@@ATL@@@Z 00413974 f   mfc71d:MFC71D.DLL
 0001:0001297a       ??4?$CStringT@DV?$StrTraitMFC_DLL@DV?$ChTraitsCRT@D@ATL@@@@@ATL@@QAEAAV01@PBD@Z 0041397a f   mfc71d:MFC71D.DLL
 0001:00012980       ?MoveWindow@CWnd@@QAEXPBUtagRECT@@H@Z 00413980 f   mfc71d:MFC71D.DLL
 0001:00012986       ?GetWindowRect@CWnd@@QBEXPAUtagRECT@@@Z 00413986 f   mfc71d:MFC71D.DLL
 0001:0001298c       ?OnShowWindow@CWnd@@IAEXHI@Z 0041398c f   mfc71d:MFC71D.DLL
 0001:00012992       ??0?$CStringT@DV?$StrTraitMFC_DLL@DV?$ChTraitsCRT@D@ATL@@@@@ATL@@QAE@ABV01@@Z 00413992 f   mfc71d:MFC71D.DLL
 0001:00012998       ?Concatenate@?$CSimpleStringT@D$00@ATL@@KAXAAV12@PBDH1H@Z 00413998 f   mfc71d:MFC71D.DLL
 0001:0001299e       ??0?$CStringT@DV?$StrTraitMFC_DLL@DV?$ChTraitsCRT@D@ATL@@@@@ATL@@QAE@PAUIAtlStringMgr@1@@Z 0041399e f   mfc71d:MFC71D.DLL
 0001:000129a4       ?GetManager@?$CSimpleStringT@D$00@ATL@@QBEPAUIAtlStringMgr@2@XZ 004139a4 f   mfc71d:MFC71D.DLL
 0001:000129aa       ?OnHelp@CWinApp@@IAEXXZ    004139aa f   mfc71d:MFC71D.DLL
 0001:000129b0       ?GetThisMessageMap@CWinApp@@KGPBUAFX_MSGMAP@@XZ 004139b0 f   mfc71d:MFC71D.DLL
 0001:000129b6       ?LoadSysPolicies@CWinApp@@UAEHXZ 004139b6 f   mfc71d:MFC71D.DLL
 0001:000129bc       ?LoadAppLangResourceDLL@CWinApp@@UAEPAUHINSTANCE__@@XZ 004139bc f   mfc71d:MFC71D.DLL
 0001:000129c2       ?WinHelpInternal@CWinApp@@UAEXKI@Z 004139c2 f   mfc71d:MFC71D.DLL
 0001:000129c8       ?HtmlHelpA@CWinApp@@UAEXKI@Z 004139c8 f   mfc71d:MFC71D.DLL
 0001:000129ce       ?WinHelpA@CWinApp@@UAEXKI@Z 004139ce f   mfc71d:MFC71D.DLL
 0001:000129d4       ?OnDDECommand@CWinApp@@UAEHPAD@Z 004139d4 f   mfc71d:MFC71D.DLL
 0001:000129da       ?DoWaitCursor@CWinApp@@UAEXH@Z 004139da f   mfc71d:MFC71D.DLL
 0001:000129e0       ?DoMessageBox@CWinApp@@UAEHPBDII@Z 004139e0 f   mfc71d:MFC71D.DLL
 0001:000129e6       ?SaveAllModified@CWinApp@@UAEHXZ 004139e6 f   mfc71d:MFC71D.DLL
 0001:000129ec       ?InitApplication@CWinApp@@UAEHXZ 004139ec f   mfc71d:MFC71D.DLL
 0001:000129f2       ?AddToRecentFileList@CWinApp@@UAEXPBD@Z 004139f2 f   mfc71d:MFC71D.DLL
 0001:000129f8       ?OpenDocumentFile@CWinApp@@UAEPAVCDocument@@PBD@Z 004139f8 f   mfc71d:MFC71D.DLL
 0001:000129fe       ?Unregister@CWinApp@@UAEHXZ 004139fe f   mfc71d:MFC71D.DLL
 0001:00012a04       ?Register@CWinApp@@UAEHXZ  00413a04 f   mfc71d:MFC71D.DLL
 0001:00012a0a       ?InitLibId@CWinApp@@UAEXXZ 00413a0a f   mfc71d:MFC71D.DLL
 0001:00012a10       ?Delete@CWinThread@@UAEXXZ 00413a10 f   mfc71d:MFC71D.DLL
 0001:00012a16       ?GetMainWnd@CWinThread@@UAEPAVCWnd@@XZ 00413a16 f   mfc71d:MFC71D.DLL
 0001:00012a1c       ?ProcessMessageFilter@CWinThread@@UAEHHPAUtagMSG@@@Z 00413a1c f   mfc71d:MFC71D.DLL
 0001:00012a22       ?ProcessWndProcException@CWinApp@@UAEJPAVCException@@PBUtagMSG@@@Z 00413a22 f   mfc71d:MFC71D.DLL
 0001:00012a28       ?ExitInstance@CWinApp@@UAEHXZ 00413a28 f   mfc71d:MFC71D.DLL
 0001:00012a2e       ?IsIdleMessage@CWinThread@@UAEHPAUtagMSG@@@Z 00413a2e f   mfc71d:MFC71D.DLL
 0001:00012a34       ?OnIdle@CWinApp@@UAEHJ@Z   00413a34 f   mfc71d:MFC71D.DLL
 0001:00012a3a       ?PumpMessage@CWinThread@@UAEHXZ 00413a3a f   mfc71d:MFC71D.DLL
 0001:00012a40       ?PreTranslateMessage@CWinThread@@UAEHPAUtagMSG@@@Z 00413a40 f   mfc71d:MFC71D.DLL
 0001:00012a46       ?Run@CWinApp@@UAEHXZ       00413a46 f   mfc71d:MFC71D.DLL
 0001:00012a4c       ?GetInterfaceMap@CCmdTarget@@MBEPBUAFX_INTERFACEMAP@@XZ 00413a4c f   mfc71d:MFC71D.DLL
 0001:00012a52       ?OnFinalRelease@CCmdTarget@@UAEXXZ 00413a52 f   mfc71d:MFC71D.DLL
 0001:00012a58       ?Dump@CWinApp@@UBEXAAVCDumpContext@@@Z 00413a58 f   mfc71d:MFC71D.DLL
 0001:00012a5e       ?AssertValid@CWinApp@@UBEXXZ 00413a5e f   mfc71d:MFC71D.DLL
 0001:00012a64       ?GetRuntimeClass@CWinApp@@UBEPAUCRuntimeClass@@XZ 00413a64 f   mfc71d:MFC71D.DLL
 0001:00012a6a       ??0CWinApp@@QAE@PBD@Z      00413a6a f   mfc71d:MFC71D.DLL
 0001:00012a70       ??1CWinApp@@UAE@XZ         00413a70 f   mfc71d:MFC71D.DLL
 0001:00012a76       ??1CProgressCtrl@@UAE@XZ   00413a76 f   mfc71d:MFC71D.DLL
 0001:00012a7c       ?LoadIconA@CWinApp@@QBEPAUHICON__@@I@Z 00413a7c f   mfc71d:MFC71D.DLL
 0001:00012a82       ??0CProgressCtrl@@QAE@XZ   00413a82 f   mfc71d:MFC71D.DLL
 0001:00012a88       ?DDX_Check@@YGXPAVCDataExchange@@HAAH@Z 00413a88 f   mfc71d:MFC71D.DLL
 0001:00012a8e       ?SendMessageA@CWnd@@QAEJIIJ@Z 00413a8e f   mfc71d:MFC71D.DLL
 0001:00012a94       ?SetBkColor@CProgressCtrl@@QAEKK@Z 00413a94 f   mfc71d:MFC71D.DLL
 0001:00012a9a       ?SetRange@CProgressCtrl@@QAEXFF@Z 00413a9a f   mfc71d:MFC71D.DLL
 0001:00012aa0       ?LoadMenuA@CMenu@@QAEHI@Z  00413aa0 f   mfc71d:MFC71D.DLL
 0001:00012aa6       ??0CMenu@@QAE@XZ           00413aa6 f   mfc71d:MFC71D.DLL
 0001:00012aac       ?ModifyStyleEx@CWnd@@QAEHKKI@Z 00413aac f   mfc71d:MFC71D.DLL
 0001:00012ab2       ?EnableToolTips@CWnd@@QAEHH@Z 00413ab2 f   mfc71d:MFC71D.DLL
 0001:00012ab8       ?SetIcon@CWnd@@QAEPAUHICON__@@PAU2@H@Z 00413ab8 f   mfc71d:MFC71D.DLL
 0001:00012abe       ?OnDestroy@CWnd@@IAEXXZ    00413abe f   mfc71d:MFC71D.DLL
 0001:00012ac4       ?OnPaint@CDialog@@IAEXXZ   00413ac4 f   mfc71d:MFC71D.DLL
[...]
   300 0001:00017316   301 0001:00017333   302 0001:00017342   303 0001:00017344
   304 0001:000173a4   308 0001:000173b0   310 0001:000173c4   312 0001:000173cb
   313 0001:000173e4   315 0001:000173ee   317 0001:00017412   319 0001:00017427
   320 0001:0001745c   321 0001:00017465   322 0001:0001746f   323 0001:00017471
   326 0001:00017483   328 0001:0001749e   329 0001:000174d4   330 0001:000174dd
   331 0001:000174e7   332 0001:000174e9   335 0001:000174fb   336 0001:00017525
   338 0001:00017529   339 0001:0001752f   340 0001:00017549   341 0001:0001754b
   343 0001:00017558   347 0001:00017570   349 0001:00017584   350 0001:0001758b
   351 0001:00017595   352 0001:000175af   354 0001:000175b9   356 0001:000175dd
   358 0001:000175f2   359 0001:00017627   360 0001:00017630   361 0001:0001763a
   362 0001:0001763c   365 0001:0001764e   367 0001:00017669   368 0001:0001769f
   369 0001:000176a8   370 0001:000176b2   371 0001:000176b4   374 0001:000176c6
   375 0001:000176f0   377 0001:000176f6   378 0001:000176fc   379 0001:00017716
   380 0001:00017718   383 0001:00017725   386 0001:00017740   387 0001:00017750
   390 0001:0001777d   391 0001:0001779c   392 0001:000177a0   394 0001:000177b3
   395 0001:000177db   398 0001:000177df   399 0001:000177e2   402 0001:00017800
   403 0001:00017806   404 0001:0001780c   405 0001:00017816   406 0001:0001783e
   409 0001:00017850   410 0001:00017854   411 0001:0001785a   412 0001:00017862
   415 0001:00017870   416 0001:00017876   418 0001:0001789d   419 0001:000178a3
   420 0001:000178cf   421 0001:000178da   423 0001:00017901   425 0001:0001790b
   426 0001:00017920   427 0001:00017939   428 0001:0001794a   429 0001:0001795c
   430 0001:0001796f   431 0001:00017982   432 0001:00017995   434 0001:000179a6
   435 0001:000179ab   438 0001:000179c0   439 0001:000179c6   440 0001:000179ed
   441 0001:000179f3   443 0001:000179f8   444 0001:000179fe   446 0001:00017a2a
   447 0001:00017a3b   448 0001:00017a4d   449 0001:00017a53   451 0001:00017a58
   452 0001:00017a6d   453 0001:00017a8a   454 0001:00017a99   455 0001:00017aab
   456 0001:00017ab7   460 0001:00017acf   461 0001:00017adc   463 0001:00017ade
   464 0001:00017aeb   466 0001:00017aed   469 0001:00017afa   472 0001:00017b00
   473 0001:00017b06   475 0001:00017b2d   476 0001:00017b33   478 0001:00017b5f
   479 0001:00017b68   480 0001:00017b77   481 0001:00017b7d   483 0001:00017b82
   485 0001:00017b93   486 0001:00017b9b   488 0001:00017bb5   489 0001:00017bbb
   490 0001:00017bc0   491 0001:00017bc9   492 0001:00017bdb   494 0001:00017bdd
   495 0001:00017be3   497 0001:00017be8   498 0001:00017bfd   499 0001:00017c0b
   500 0001:00017c1a   503 0001:00017c37   504 0001:00017c44   506 0001:00017c46
   507 0001:00017c53   509 0001:00017c55   510 0001:00017c62   512 0001:00017c64
   515 0001:00017c89   522 0001:00017c90   523 0001:00017c96   525 0001:00017c9a
   526 0001:00017cc7   527 0001:00017cd0   529 0001:00017cd9   530 0001:00017ce6
   531 0001:00017d0d   533 0001:00017d21   534 0001:00017d48   536 0001:00017d52
   538 0001:00017d5f   539 0001:00017d73   541 0001:00017d7d   542 0001:00017d81
   547 0001:00017d85   549 0001:00017db6   551 0001:00017dba   553 0001:00017dbc
   555 0001:00017ddf   557 0001:00017de3   558 0001:00017de5   560 0001:00017df8
   563 0001:00017dfc   565 0001:00017e04   566 0001:00017e1a   571 0001:00017e1e
   572 0001:00017e20

Line numbers for C:\Program Files\Microsoft Visual Studio .NET 2003\Vc7\atlmfc\lib\atlsd.lib(f:\vs70builds\6030\vc\mfcatl\ship\atlmfc\include\atlbase.h) segment .text

   191 0001:00018ff0   192 0001:00018ff3   193 0001:00018ffc   194 0001:00019000
   195 0001:0001900d   197 0001:00019020   198 0001:00019026   199 0001:0001902d
   200 0001:00019036   201 0001:0001903a   202 0001:00019053   203 0001:00019059
   204 0001:0001907b   205 0001:00019081   206 0001:0001908d   207 0001:00019090
   745 0001:000190a0   754 0001:000190a4   756 0001:000190e0   288 0001:000190f0
   289 0001:00019108   293 0001:00019110   294 0001:0001911b   296 0001:00019121
   299 0001:0001912a   303 0001:00019140   304 0001:00019147   306 0001:00019152
   308 0001:0001915a   328 0001:00019160   329 0001:00019167   330 0001:00019193
   331 0001:0001919d   332 0001:000191a4   312 0001:000191d0   315 0001:000191d9
   316 0001:00019205   317 0001:00019212   319 0001:00019218   321 0001:0001921d
   323 0001:00019224   324 0001:00019226  2620 0001:0001c3c0

Line numbers for C:\Program Files\Microsoft Visual Studio .NET 2003\Vc7\atlmfc\lib\atlsd.lib(f:\vs70builds\6030\vc\mfcatl\ship\atlmfc\include\atlcore.h) segment .text

   129 0001:00018f50   130 0001:00018f79   131 0001:00018f80   133 0001:00018f87
   136 0001:00018f9a   138 0001:00018fad   139 0001:00018fb6   140 0001:00018fbd
   141 0001:00018fbf   143 0001:00018fcd   144 0001:00018fd0   124 0001:000191b0
   125 0001:000191b7   126 0001:000191c1   127 0001:000191c3   119 0001:00019230
   120 0001:00019237   121 0001:00019241   122 0001:00019243

Line numbers for C:\Program Files\Microsoft Visual Studio .NET 2003\Vc7\atlmfc\lib\atlsd.lib(f:\vs70builds\6030\vc\mfcatl\ship\atlmfc\include\atlcomcli.h) segment .text

   248 0001:00018d70   250 0001:00018d7f   126 0001:00018d90   127 0001:00018d97
   128 0001:00018d9f   129 0001:00018daf   142 0001:00018dc0   143 0001:00018dc7
   144 0001:00018df0   145 0001:00018df3   147 0001:00018e00   148 0001:00018e07
   149 0001:00018e30   150 0001:00018e35   248 0001:00018e40   250 0001:00018e4f
   126 0001:00018e60   127 0001:00018e67   128 0001:00018e6f   129 0001:00018e7f
   142 0001:00018e90   143 0001:00018e97   144 0001:00018ec0   145 0001:00018ec3
   147 0001:00018ed0   148 0001:00018ed7   149 0001:00018f00   150 0001:00018f05
   107 0001:00018f10   109 0001:00018f17   110 0001:00018f20   107 0001:00018f30
   109 0001:00018f37   110 0001:00018f40

Line numbers for C:\Program Files\Microsoft Visual Studio .NET 2003\Vc7\atlmfc\lib\atlsd.lib(f:\vs70builds\6030\devtools\common\win32sdk\include\guiddef.h) segment .text

   151 0001:00018d10   156 0001:00018d14   157 0001:00018d5d

Line numbers for C:\Program Files\Microsoft Visual Studio .NET 2003\Vc7\atlmfc\lib\atlsd.lib(f:\vs70builds\6030\vc\mfcatl\ship\atlmfc\src\atl\atls\atlfuncs.cpp) segment .text

    31 0001:00018cc0    28 0001:00018cc0    32 0001:00018cc4    33 0001:00018cc7
    34 0001:00018ccb    35 0001:00018cce

Line numbers for C:\Program Files\Microsoft Visual Studio .NET 2003\Vc7\atlmfc\lib\atlsd.lib(f:\vs70builds\6030\vc\mfcatl\ship\atlmfc\include\atlbase.inl) segment .text

    27 0001:00017fb0    28 0001:00017fb6    29 0001:00017fbc    31 0001:00017fc6
    32 0001:00017fce    33 0001:00017fd6    34 0001:00017ff2    35 0001:00017ff8
    36 0001:0001801f    37 0001:00018025    38 0001:00018047    39 0001:00018060
    42 0001:00018070    43 0001:00018076    44 0001:0001807c    46 0001:00018086
    47 0001:0001808e    48 0001:00018096    49 0001:000180b2    50 0001:000180b8
    51 0001:000180df    52 0001:000180e5    53 0001:00018103    54 0001:0001811c
    62 0001:00018130    63 0001:00018136    66 0001:0001813c    67 0001:0001814a
    68 0001:00018162    69 0001:0001816c    71 0001:00018178    72 0001:0001817a
    75 0001:00018180    76 0001:00018184    77 0001:000181a8    78 0001:000181ae
    80 0001:000181b5    81 0001:000181c6    84 0001:000181cc    85 0001:000181e9
    87 0001:000181ef    88 0001:000181ff    91 0001:00018208    92 0001:0001820b
    95 0001:00018220    96 0001:00018226    97 0001:0001824a    98 0001:00018250
   100 0001:00018257   101 0001:00018260   102 0001:00018267   105 0001:0001826d
   106 0001:0001827b   107 0001:00018293   109 0001:000182a8   110 0001:000182ab
   116 0001:000182c0   117 0001:000182c6   118 0001:000182ea   119 0001:000182f0
   120 0001:000182fa   121 0001:00018302   123 0001:0001830c   124 0001:00018312
   125 0001:0001831c   127 0001:00018325   129 0001:0001832c   131 0001:0001834f
   133 0001:0001835b   134 0001:00018363   136 0001:0001838a   138 0001:00018397
   139 0001:000183a8   140 0001:000183b3   142 0001:000183b9   143 0001:000183e6
   144 0001:0001840b   146 0001:00018415   147 0001:0001841e   148 0001:0001843a
   149 0001:00018442   150 0001:0001844b   151 0001:00018467   154 0001:00018469
   156 0001:0001846e   157 0001:0001847c   158 0001:00018483   159 0001:00018486
   162 0001:00018490   163 0001:00018496   164 0001:000184bd   165 0001:000184c3
   167 0001:000184ca   168 0001:000184d1   170 0001:000184f6   171 0001:000184fe
   172 0001:00018514   173 0001:00018516   174 0001:00018519   177 0001:00018520
   178 0001:00018526   179 0001:0001854d   180 0001:00018553   182 0001:0001855a
   183 0001:00018561   185 0001:00018586   186 0001:0001858e   187 0001:0001859c
   188 0001:0001859e   189 0001:000185a1   192 0001:000185b0   196 0001:000185b6
   198 0001:000185c3   200 0001:000185db   201 0001:000185e1   203 0001:000185eb
   204 0001:000185f1   207 0001:000185f6   210 0001:00018610   213 0001:0001861d
   214 0001:00018623   215 0001:00018636   216 0001:00018638   218 0001:0001864b
   220 0001:00018651   222 0001:0001865b   223 0001:00018661   224 0001:0001866b
   225 0001:0001866d   228 0001:00018677   229 0001:00018687   230 0001:0001868e
   231 0001:00018693   232 0001:00018698   233 0001:0001869a   240 0001:000186a0
   241 0001:000186a6   242 0001:000186cd   244 0001:000186f4   245 0001:00018700
   248 0001:0001870a   249 0001:00018734   250 0001:0001873a   251 0001:00018744
   252 0001:0001874d   254 0001:0001875a   255 0001:00018766   256 0001:00018772
   257 0001:0001877a   259 0001:00018781   261 0001:0001878e   262 0001:0001879c
   264 0001:000187bc   266 0001:000187c5   267 0001:000187ec   268 0001:000187f8
   269 0001:00018804   270 0001:0001880c   275 0001:00018810   276 0001:0001882c
   277 0001:0001883e   280 0001:00018843   281 0001:0001884c   282 0001:00018851
   283 0001:00018856   286 0001:00018860   287 0001:00018863   288 0001:00018868
   294 0001:00018870   295 0001:00018876   296 0001:0001887c   298 0001:00018888
   299 0001:000188b5   300 0001:000188c1   302 0001:000188cd   303 0001:000188d5
   304 0001:000188e1   305 0001:000188f2   307 0001:000188fe   308 0001:0001892b
   309 0001:00018950   311 0001:0001895a   312 0001:00018966   313 0001:0001896f
   316 0001:00018980   317 0001:00018986   318 0001:0001898c   320 0001:00018993
   321 0001:0001899a   322 0001:000189ab   324 0001:000189b7   325 0001:000189e4
   326 0001:00018a09   328 0001:00018a1c   329 0001:00018a25   331 0001:00018a2b
   332 0001:00018a34   333 0001:00018a3b   335 0001:00018a41   337 0001:00018a4c
   338 0001:00018a52   339 0001:00018a5e   340 0001:00018a60   341 0001:00018a6c
   342 0001:00018a74   344 0001:00018a76   345 0001:00018a7c   346 0001:00018a85
   348 0001:00018a87   349 0001:00018a98   352 0001:00018aa0   353 0001:00018aa6
   354 0001:00018aac   357 0001:00018ab6   358 0001:00018abe   360 0001:00018ac5
   362 0001:00018acf   363 0001:00018add   365 0001:00018ae3   366 0001:00018b10
   368 0001:00018b35   369 0001:00018b38   375 0001:00018b40   376 0001:00018b46
   377 0001:00018b4c   379 0001:00018b56   380 0001:00018b5d   381 0001:00018b64
   382 0001:00018b77   383 0001:00018b7d   384 0001:00018b84   386 0001:00018b89
   387 0001:00018b91   388 0001:00018b9a   389 0001:00018bab   390 0001:00018bb6
   392 0001:00018bbc   393 0001:00018bc8   395 0001:00018bd1   397 0001:00018bd3
   398 0001:00018be5   399 0001:00018c12   401 0001:00018c37   402 0001:00018c3f
   403 0001:00018c42   406 0001:00018c50   407 0001:00018c56   408 0001:00018c5c
   410 0001:00018c68   411 0001:00018c71   412 0001:00018c78   414 0001:00018c7e
   415 0001:00018c8a   416 0001:00018c93   417 0001:00018ca5   418 0001:00018cab
   419 0001:00018cad   420 0001:00018cb7

Line numbers for C:\Program Files\Microsoft Visual Studio .NET 2003\Vc7\atlmfc\lib\atlsd.lib(f:\vs70builds\6030\vc\mfcatl\ship\atlmfc\include\atlbase.h) segment .text

  2620 0001:0001c380

Line numbers for C:\Program Files\Microsoft Visual Studio .NET 2003\Vc7\atlmfc\lib\atlsd.lib(f:\vs70builds\6030\vc\mfcatl\ship\atlmfc\include\atltrace.h) segment .text

   196 0001:00016bf0   197 0001:00016c00   198 0001:00016c13   199 0001:00016c29
    82 0001:00016c40    84 0001:00016c47    85 0001:00016c60   131 0001:00016c70

Line numbers for C:\Program Files\Microsoft Visual Studio .NET 2003\Vc7\atlmfc\lib\atlsd.lib(f:\vs70builds\6030\vc\mfcatl\ship\atlmfc\src\atl\atls\atltrace.cpp) segment .text

    22 0001:0001c020    23 0001:0001c040    24 0001:0001c060    25 0001:0001c080
    26 0001:0001c0a0    27 0001:0001c0c0    28 0001:0001c0e0    29 0001:0001c100
    30 0001:0001c120    31 0001:0001c140    32 0001:0001c160    33 0001:0001c180
    34 0001:0001c1a0    35 0001:0001c1c0    36 0001:0001c1e0    37 0001:0001c200
    38 0001:0001c220    39 0001:0001c240    40 0001:0001c260    41 0001:0001c280
    42 0001:0001c2a0    43 0001:0001c2c0    44 0001:0001c2e0    47 0001:0001c300
    48 0001:0001c320    49 0001:0001c340    50 0001:0001c360

Line numbers for C:\Program Files\Microsoft Visual Studio .NET 2003\Vc7\atlmfc\lib\atlsd.lib(f:\vs70builds\6030\vc\mfcatl\ship\atlmfc\include\atlbase.h) segment .text

  2620 0001:0001bf80

Line numbers for C:\Program Files\Microsoft Visual Studio .NET 2003\Vc7\atlmfc\lib\atlsd.lib(f:\vs70builds\6030\vc\mfcatl\ship\atlmfc\include\atltypes.inl) segment .text

    22 0001:000154c0    24 0001:000154d0    26 0001:00015500    28 0001:00015520
    30 0001:00015540    31 0001:00015547    32 0001:00015557    33 0001:00015566
    35 0001:00015570    37 0001:000155b0    39 0001:000155f0    41 0001:00015620
    43 0001:00015650    45 0001:00015670    47 0001:000156a0    49 0001:000156d0
    51 0001:00015700    53 0001:00015730    55 0001:00015760    57 0001:000157a0
    61 0001:000157e0    63 0001:000157f0    65 0001:00015820    67 0001:00015840
    69 0001:00015860    70 0001:00015867    71 0001:00015877    72 0001:00015886
    74 0001:00015890    76 0001:000158c0    78 0001:000158f0    80 0001:00015920
    82 0001:00015940    84 0001:00015980    86 0001:000159c0    88 0001:000159f0
    90 0001:00015a20    92 0001:00015a50    94 0001:00015a80    96 0001:00015ab0
    98 0001:00015ae0   100 0001:00015b10   102 0001:00015b40   104 0001:00015b70
   106 0001:00015bb0   110 0001:00015bf0   112 0001:00015c00   114 0001:00015c40
   116 0001:00015c60   118 0001:00015c80   120 0001:00015cc0   121 0001:00015cd8
   123 0001:00015d00   125 0001:00015d20   127 0001:00015d40   129 0001:00015d80
   131 0001:00015d90   133 0001:00015db0   135 0001:00015dc0   137 0001:00015de0
   139 0001:00015e20   141 0001:00015e40   143 0001:00015e70   145 0001:00015e80
   147 0001:00015e90   149 0001:00015eb0   151 0001:00015f00   153 0001:00015f20
   155 0001:00015f50   157 0001:00015f80   159 0001:00015fa0   161 0001:00015fc0
   163 0001:00015fe0   165 0001:00016000   167 0001:00016020   169 0001:00016050
   171 0001:00016080   173 0001:000160a0   175 0001:000160c0   177 0001:000160e0
   179 0001:00016110   181 0001:00016140   183 0001:00016170   185 0001:000161a0
   187 0001:000161c0   189 0001:000161e0   191 0001:00016200   193 0001:00016220
   195 0001:00016240   197 0001:00016260   199 0001:00016280   201 0001:000162a0
   203 0001:000162d0   205 0001:00016300   207 0001:00016320   209 0001:00016340
   211 0001:00016360   213 0001:000163c0   215 0001:00016420   217 0001:00016480
   219 0001:000164e0   221 0001:00016530   223 0001:00016580   224 0001:000165a3
   226 0001:000165d0   227 0001:000165f3   229 0001:00016620   232 0001:00016640
   234 0001:00016649   236 0001:00016656   237 0001:0001665e   238 0001:00016669
   240 0001:00016672   242 0001:00016680   243 0001:00016689   244 0001:00016695
   246 0001:0001669e   249 0001:000166b0   250 0001:000166b7   251 0001:000166d8
   252 0001:000166fc   255 0001:00016710   256 0001:00016717   257 0001:00016733
   258 0001:00016751   261 0001:00016760   262 0001:00016767   263 0001:00016788
   264 0001:000167ac   267 0001:000167c0   268 0001:000167c7   269 0001:000167e3
   270 0001:00016801   273 0001:00016810   278 0001:00016817   279 0001:00016879

Line numbers for C:\Program Files\Microsoft Visual Studio .NET 2003\Vc7\atlmfc\lib\atlsd.lib(f:\vs70builds\6030\vc\mfcatl\ship\atlmfc\include\atlbase.h) segment .text

  2620 0001:0001c440

Line numbers for C:\Program Files\Microsoft Visual Studio .NET 2003\Vc7\atlmfc\lib\atlsd.lib(f:\vs70builds\6030\vc\mfcatl\ship\atlmfc\src\atl\atls\atltracemodulemanager.h) segment .text

    44 0001:0001b280    45 0001:0001b2ae

Line numbers for C:\Program Files\Microsoft Visual Studio .NET 2003\Vc7\atlmfc\lib\atlsd.lib(f:\vs70builds\6030\vc\mfcatl\ship\atlmfc\src\atl\atls\atltracemodulemanager.cpp) segment .text

    21 0001:0001ae60    22 0001:0001ae87    23 0001:0001ae90    24 0001:0001ae9c
    27 0001:0001aeb0    28 0001:0001aeca    30 0001:0001aee4    32 0001:0001aef5
    34 0001:0001af1e    36 0001:0001af3c    37 0001:0001af43    40 0001:0001afd0
    41 0001:0001afd2    43 0001:0001afe8    45 0001:0001afee    46 0001:0001b00c
    47 0001:0001b02e    48 0001:0001b04e    49 0001:0001b05f    51 0001:0001b07d
    52 0001:0001b08c    53 0001:0001b099    54 0001:0001b0a5    59 0001:0001b0c0
    60 0001:0001b0d9    61 0001:0001b0e8    64 0001:0001b0f0    65 0001:0001b0f7
    66 0001:0001b10c    67 0001:0001b115    72 0001:0001b120    73 0001:0001b14a
    76 0001:0001b160    78 0001:0001b169    82 0001:0001b18a    91 0001:0001b190
    92 0001:0001b23d    94 0001:0001b249    95 0001:0001b253    98 0001:0001b260
    99 0001:0001b267   100 0001:0001b276

Line numbers for C:\Program Files\Microsoft Visual Studio .NET 2003\Vc7\atlmfc\lib\atlsd.lib(f:\vs70builds\6030\vc\mfcatl\ship\atlmfc\include\atlbase.h) segment .text

  2620 0001:0001c000

Line numbers for C:\Program Files\Microsoft Visual Studio .NET 2003\Vc7\atlmfc\lib\atlsd.lib(f:\vs70builds\6030\vc\mfcatl\ship\atlmfc\include\atltrace.h) segment .text

    70 0001:00016a50    71 0001:00016a6a    73 0001:00016a7f    76 0001:00016bd0
    77 0001:00016bd7    78 0001:00016be3

Line numbers for C:\Program Files\Microsoft Visual Studio .NET 2003\Vc7\atlmfc\lib\atlsd.lib(f:\vs70builds\6030\vc\mfcatl\ship\atlmfc\include\atlexcept.h) segment .text

    40 0001:00016a30    41 0001:00016a3f

Line numbers for C:\Program Files\Microsoft Visual Studio .NET 2003\Vc7\atlmfc\lib\atlsd.lib(f:\vs70builds\6030\vc\mfcatl\ship\atlmfc\include\atlsimpcoll.h) segment .text

    97 0001:00016900    97 0001:00016930   100 0001:00016ad0   101 0001:00016ad7
   102 0001:00016adf   100 0001:00016af0   101 0001:00016af7   102 0001:00016aff
   173 0001:00016b10   174 0001:00016b19   176 0001:00016b21   177 0001:00016b3e
   178 0001:00016b40   179 0001:00016b4e   181 0001:00016b57   182 0001:00016b61
   183 0001:00016b6b   173 0001:00016b70   174 0001:00016b79   176 0001:00016b81
   177 0001:00016b9e   178 0001:00016ba0   179 0001:00016bae   181 0001:00016bb7
   182 0001:00016bc1   183 0001:00016bcb

Line numbers for C:\Program Files\Microsoft Visual Studio .NET 2003\Vc7\atlmfc\lib\atlsd.lib(f:\vs70builds\6030\vc\mfcatl\ship\atlmfc\src\atl\atls\allocate.h) segment .text

    42 0001:00016880    43 0001:000168bb    46 0001:00016a90    47 0001:00016a97
    48 0001:00016aa1

Line numbers for C:\Program Files\Microsoft Visual Studio .NET 2003\Vc7\atlmfc\lib\atlsd.lib(f:\vs70builds\6030\vc\mfcatl\ship\atlmfc\src\atl\atls\externs.cpp) segment .text

    26 0001:00016960    30 0001:00016973    32 0001:0001699e    34 0001:000169ad
    37 0001:000169d6    39 0001:000169f3    42 0001:00016a1c    43 0001:00016a1e
    23 0001:0001bfa0    45 0001:0001bfc0    52 0001:0001bfd0
