 SppConsole

 Timestamp is 49870a7f (Mon Feb 02 17:00:15 2009)

 Preferred load address is 00400000

 Start         Length     Name                   Class
 0001:00000000 0001b0ccH .text                   CODE
 0001:0001b0d0 000009a5H .text$x                 CODE
 0001:0001ba80 00000556H .text$yc                CODE
 0001:0001bfe0 000000dfH .text$yd                CODE
 0002:00000000 000008b0H .idata$5                DATA
 0002:000008b0 0000bfc0H .rdata                  DATA
 0002:0000c870 00000053H .rdata$debug            DATA
 0002:0000c8c4 00000044H .rdata$r                DATA
 0002:0000c910 00000120H .rdata$sxdata           DATA
 0002:0000ca30 00000004H .rtc$IAA                DATA
 0002:0000ca34 00000004H .rtc$IMZ                DATA
 0002:0000ca38 00000004H .rtc$IZZ                DATA
 0002:0000ca3c 00000004H .rtc$TAA                DATA
 0002:0000ca40 00000004H .rtc$TMZ                DATA
 0002:0000ca44 00000004H .rtc$TZZ                DATA
 0002:0000ca48 00000c38H .xdata$x                DATA
 0002:0000d680 00000004H ATL$__a                 DATA
 0002:0000d684 00000004H ATL$__z                 DATA
 0002:0000d688 000000f0H .idata$2                DATA
 0002:0000d778 00000014H .idata$3                DATA
 0002:0000d78c 000008b0H .idata$4                DATA
 0002:0000e03c 00000e44H .idata$6                DATA
 0002:0000ee80 00000000H .edata                  DATA
 0003:00000000 00000004H .CRT$XCA                DATA
 0003:00000004 00000004H .CRT$XCAA               DATA
 0003:00000008 0000000cH .CRT$XCC                DATA
 0003:00000014 00000074H .CRT$XCL                DATA
 0003:00000088 00000008H .CRT$XCU                DATA
 0003:00000090 00000004H .CRT$XCZ                DATA
 0003:00000094 00000004H .CRT$XIA                DATA
 0003:00000098 00000004H .CRT$XIZ                DATA
 0003:000000a0 00000fc0H .data                   DATA
 0003:00001060 000002ccH .bss                    DATA
 0004:00000000 00000550H .rsrc$01                DATA
 0004:00000550 00002908H .rsrc$02                DATA

  Address         Publics by Value              Rva+Base     Lib:Object

 0000:00000000       __except_list              00000000     <absolute>
 0000:00000048       ___safe_se_handler_count   00000048     <absolute>
 0000:00009876       __ldused                   00009876     <absolute>
 0000:00009876       __fltused                  00009876     <absolute>
 0000:00000000       ___ImageBase               00400000     <linker-defined>
 0001:00000000       ??0CAboutDlg@@QAE@PAVCWnd@@@Z 00401000 f   AboutDlg.obj
 0001:00000070       ?DoDataExchange@CAboutDlg@@MAEXPAVCDataExchange@@@Z 00401070 f   AboutDlg.obj
 0001:00000090       ?GetThisMessageMap@CAboutDlg@@KGPBUAFX_MSGMAP@@XZ 00401090 f   AboutDlg.obj
 0001:000000a0       ?GetMessageMap@CAboutDlg@@MBEPBUAFX_MSGMAP@@XZ 004010a0 f   AboutDlg.obj
 0001:000000b0       ?OnInitDialog@CAboutDlg@@MAEHXZ 004010b0 f   AboutDlg.obj
 0001:000001e0       ??_ECAboutDlg@@UAEPAXI@Z   004011e0 f i AboutDlg.obj
 0001:000001e0       ??_GCAboutDlg@@UAEPAXI@Z   004011e0 f i AboutDlg.obj
 0001:00000210       ??1CAboutDlg@@UAE@XZ       00401210 f i AboutDlg.obj
 0001:00000260       ??1CStaticLink@@UAE@XZ     00401260 f i AboutDlg.obj
 0001:000002c0       ?_AtlGetThreadACPThunk@ATL@@YGIXZ 004012c0 f i AboutDlg.obj
 0001:00000340       ?InterlockedExchangePointer@@YGPAXPAPAXPAX@Z 00401340 f i AboutDlg.obj
 0001:00000360       ?_AtlGetThreadACPFake@ATL@@YGIXZ 00401360 f i AboutDlg.obj
 0001:000003f0       ?_AtlGetThreadACPReal@ATL@@YGIXZ 004013f0 f i AboutDlg.obj
 0001:00000400       ?isSpk@@YA_NI@Z            00401400 f   AudioInput.obj
 0001:00000430       ?GetLineControlByID@@YAIPAUHMIXEROBJ__@@KPAUtagMIXERCONTROLA@@@Z 00401430 f   AudioInput.obj
 0001:00000480       ?Mute@@YAIPAUHMIXER__@@I_N@Z 00401480 f   AudioInput.obj
 0001:00000550       ?GetMuteValue@@YA_NPAUHMIXER__@@IPA_N@Z 00401550 f   AudioInput.obj
 0001:00000620       ?GetSelSrcLineID@@YAJPAUHMIXER__@@I@Z 00401620 f   AudioInput.obj
 0001:00000810       ?SetControlDetailList@@YAIPAUHMIXER__@@PAUtMIXERCONTROLDETAILS_BOOLEAN@@KI@Z 00401810 f   AudioInput.obj
 0001:00000860       ?SetControlDetailList@@YAIPAUHMIXER__@@PAUtMIXERCONTROLDETAILS_UNSIGNED@@KI@Z 00401860 f   AudioInput.obj
 0001:000008b0       ?GetLineControlList@@YAIPAUHMIXEROBJ__@@KPAUtagMIXERCONTROLA@@PAH@Z 004018b0 f   AudioInput.obj
 0001:00000970       ?GetControlDetailList@@YAIPAUHMIXER__@@PAUtagMIXERCONTROLDETAILS_LISTTEXTA@@KI@Z 00401970 f   AudioInput.obj
 0001:000009c0       ?GetControlDetailList@@YAIPAUHMIXER__@@PAUtMIXERCONTROLDETAILS_BOOLEAN@@KI@Z 004019c0 f   AudioInput.obj
 0001:00000a10       ?GetVolumeValue@@YA_NPAUHMIXER__@@IPAJ@Z 00401a10 f   AudioInput.obj
 0001:00000b40       ?SetVolumeValue@@YAHPAUHMIXER__@@IJ@Z 00401b40 f   AudioInput.obj
 0001:00000c50       ??0CAudioInput@@QAE@PAUHWND__@@@Z 00401c50 f   AudioInput.obj
 0001:00000d80       ??1CAudioInput@@UAE@XZ     00401d80 f   AudioInput.obj
 0001:00000e40       ?GetCountMixerDevice@CAudioInput@@QAEHXZ 00401e40 f   AudioInput.obj
 0001:00000e60       ?GetMixerDeviceName@CAudioInput@@QAEPBDH@Z 00401e60 f   AudioInput.obj
 0001:00000ea0       ?GetMixerDeviceInputLineName@CAudioInput@@QAEPBDHH@Z 00401ea0 f   AudioInput.obj
 0001:00000ef0       ?GetMixerDevice@CAudioInput@@QAEPAVCMixerDevice@1@H@Z 00401ef0 f   AudioInput.obj
 0001:00000f30       ?Restore@CAudioInput@@QAEXXZ 00401f30 f   AudioInput.obj
 0001:00000f90       ?GetPreferredMixerDeviceIndex@CAudioInput@@QAEHXZ 00401f90 f   AudioInput.obj
 0001:00001090       ?GetMixerDeviceIndex@CAudioInput@@QAEHPAD@Z 00402090 f   AudioInput.obj
 0001:00001100       ?GetMixerDeviceID@CAudioInput@@QAEHPAD@Z 00402100 f   AudioInput.obj
 0001:00001180       ?SetCurrentMixerDevice@CAudioInput@@QAE_NH@Z 00402180 f   AudioInput.obj
 0001:000011d0       ?GetCurrentMixerDevice@CAudioInput@@QAEHXZ 004021d0 f   AudioInput.obj
 0001:000011f0       ??0CMixerDevice@CAudioInput@@QAE@XZ 004021f0 f   AudioInput.obj
 0001:00001270       ??1CMixerDevice@CAudioInput@@UAE@XZ 00402270 f   AudioInput.obj
 0001:000013b0       ??0CMixerDevice@CAudioInput@@QAE@HPAUHWND__@@@Z 004023b0 f   AudioInput.obj
 0001:000014f0       ?AdjustInputVolume@CMixerDevice@CAudioInput@@QAEXK@Z 004024f0 f   AudioInput.obj
 0001:000015b0       ?CreateInputLineArray@CMixerDevice@CAudioInput@@IAEHXZ 004025b0 f   AudioInput.obj
 0001:00001920       ?CreatePhysicalDevArray@CMixerDevice@CAudioInput@@QAEHXZ 00402920 f   AudioInput.obj
 0001:00001c60       ?GetInputLineIndex@CMixerDevice@CAudioInput@@QAE_NIPAI@Z 00402c60 f   AudioInput.obj
 0001:00001cd0       ?GetInputLineName@CMixerDevice@CAudioInput@@QAEPBDH@Z 00402cd0 f   AudioInput.obj
 0001:00001d10       ?GetInputLineVolumeValue@CMixerDevice@CAudioInput@@QAEHH@Z 00402d10 f   AudioInput.obj
 0001:00001d50       ?GetInputLineSrcID@CMixerDevice@CAudioInput@@QAE_NPAII@Z 00402d50 f   AudioInput.obj
 0001:00001db0       ?GetName@CMixerDevice@CAudioInput@@QAEPBDXZ 00402db0 f   AudioInput.obj
 0001:00001dd0       ?GetSelectedInputLine@CMixerDevice@CAudioInput@@QAE_NPAI@Z 00402dd0 f   AudioInput.obj
 0001:00002060       ?MuteOutputLine@CMixerDevice@CAudioInput@@QAE_NK_N0@Z 00403060 f   AudioInput.obj
 0001:00002140       ?MuteSelectedInputLine@CMixerDevice@CAudioInput@@QAE_NI_N0@Z 00403140 f   AudioInput.obj
 0001:000021a0       ?RestoreSelectedInputLine@CMixerDevice@CAudioInput@@QAEXI@Z 004031a0 f   AudioInput.obj
 0001:00002200       ?Restore@CMixerDevice@CAudioInput@@QAEHXZ 00403200 f   AudioInput.obj
 0001:00002290       ?SelectInputLine@CMixerDevice@CAudioInput@@QAEXI@Z 00403290 f   AudioInput.obj
 0001:00002570       ?SetSelectedInputLine@CMixerDevice@CAudioInput@@QAE_NI@Z 00403570 f   AudioInput.obj
 0001:000025f0       ?SetSpeakers@CMixerDevice@CAudioInput@@QAEH_N0@Z 004035f0 f   AudioInput.obj
 0001:00002690       ??0CInputLine@CMixerDevice@CAudioInput@@QAE@XZ 00403690 f   AudioInput.obj
 0001:000026d0       ??1CInputLine@CMixerDevice@CAudioInput@@UAE@XZ 004036d0 f   AudioInput.obj
 0001:00002720       ??0CInputLine@CMixerDevice@CAudioInput@@QAE@PAUHMIXER__@@KPBDKJ@Z 00403720 f   AudioInput.obj
 0001:000028a0       ?GetVolumeValue@CInputLine@CMixerDevice@CAudioInput@@QAEHXZ 004038a0 f   AudioInput.obj
 0001:00002990       ?CreateArrayMuteCtrl@CInputLine@CMixerDevice@CAudioInput@@IAEPAV?$CArray@UsMuteLine@CInputLine@CMixerDevice@CAudioInput@@U1234@@@KPBD@Z 00403990 f   AudioInput.obj
 0001:00002dc0       ?GetName@CInputLine@CMixerDevice@CAudioInput@@QAEPBDXZ 00403dc0 f   AudioInput.obj
 0001:00002de0       ?GetSrcID@CInputLine@CMixerDevice@CAudioInput@@QAEKXZ 00403de0 f   AudioInput.obj
 0001:00002e00       ?isInitSelected@CInputLine@CMixerDevice@CAudioInput@@QAE_NXZ 00403e00 f   AudioInput.obj
 0001:00002e20       ?RestoreMute@CInputLine@CMixerDevice@CAudioInput@@QAEXXZ 00403e20 f   AudioInput.obj
 0001:00002e90       ?RestoreVolume@CInputLine@CMixerDevice@CAudioInput@@QAEHXZ 00403e90 f   AudioInput.obj
 0001:00002f70       ?SetDefaultVolume@CInputLine@CMixerDevice@CAudioInput@@QAEXXZ 00403f70 f   AudioInput.obj
 0001:00003070       ?SetMute@CInputLine@CMixerDevice@CAudioInput@@QAE_N_N0@Z 00404070 f   AudioInput.obj
 0001:00003140       ?SetName@CInputLine@CMixerDevice@CAudioInput@@QAEXPBD@Z 00404140 f   AudioInput.obj
 0001:00003160       ?SetSrcType@CInputLine@CMixerDevice@CAudioInput@@QAEXK@Z 00404160 f   AudioInput.obj
 0001:00003180       ?StoreDefaultVolume@CInputLine@CMixerDevice@CAudioInput@@QAEHXZ 00404180 f   AudioInput.obj
 0001:00003280       ??0CPhysicalDevice@CMixerDevice@CAudioInput@@QAE@XZ 00404280 f   AudioInput.obj
 0001:000032c0       ??0CPhysicalDevice@CMixerDevice@CAudioInput@@QAE@PAUHMIXER__@@KK_NKH@Z 004042c0 f   AudioInput.obj
 0001:00003310       ??1CPhysicalDevice@CMixerDevice@CAudioInput@@UAE@XZ 00404310 f   AudioInput.obj
 0001:00003330       ?restore@CPhysicalDevice@CMixerDevice@CAudioInput@@QAEXXZ 00404330 f   AudioInput.obj
 0001:00003390       ?SetMute@CPhysicalDevice@CMixerDevice@CAudioInput@@QAEX_N@Z 00404390 f   AudioInput.obj
 0001:000033c0       ?SetVolume@CPhysicalDevice@CMixerDevice@CAudioInput@@QAEXH@Z 004043c0 f   AudioInput.obj
 0001:000033f0       ?isValid@CMixerDevice@CAudioInput@@QAE_NXZ 004043f0 f   AudioInput.obj
 0001:00003410       ?GetID@CMixerDevice@CAudioInput@@QAEHXZ 00404410 f   AudioInput.obj
 0001:00003430       ??_GCAudioInput@@UAEPAXI@Z 00404430 f i AudioInput.obj
 0001:00003430       ??_ECAudioInput@@UAEPAXI@Z 00404430 f i AudioInput.obj
 0001:00003460       ??_ECMixerDevice@CAudioInput@@UAEPAXI@Z 00404460 f i AudioInput.obj
 0001:00003460       ??_GCMixerDevice@CAudioInput@@UAEPAXI@Z 00404460 f i AudioInput.obj
 0001:00003490       ??_ECInputLine@CMixerDevice@CAudioInput@@UAEPAXI@Z 00404490 f i AudioInput.obj
 0001:00003490       ??_GCInputLine@CMixerDevice@CAudioInput@@UAEPAXI@Z 00404490 f i AudioInput.obj
 0001:000034c0       ??_GCPhysicalDevice@CMixerDevice@CAudioInput@@UAEPAXI@Z 004044c0 f i AudioInput.obj
 0001:000034c0       ??_ECPhysicalDevice@CMixerDevice@CAudioInput@@UAEPAXI@Z 004044c0 f i AudioInput.obj
 0001:000034f0       ??0?$CArray@PAVCInputLine@CMixerDevice@CAudioInput@@PAV123@@@QAE@XZ 004044f0 f i AudioInput.obj
 0001:00003540       ?GetSize@?$CArray@PAVCInputLine@CMixerDevice@CAudioInput@@PAV123@@@QBEHXZ 00404540 f i AudioInput.obj
 0001:00003560       ?RemoveAll@?$CArray@PAVCInputLine@CMixerDevice@CAudioInput@@PAV123@@@QAEXXZ 00404560 f i AudioInput.obj
 0001:00003580       ?GetAt@?$CArray@PAVCInputLine@CMixerDevice@CAudioInput@@PAV123@@@QAEAAPAVCInputLine@CMixerDevice@CAudioInput@@H@Z 00404580 f i AudioInput.obj
 0001:000035e0       ?Add@?$CArray@PAVCInputLine@CMixerDevice@CAudioInput@@PAV123@@@QAEHPAVCInputLine@CMixerDevice@CAudioInput@@@Z 004045e0 f i AudioInput.obj
 0001:00003610       ?RemoveAt@?$CArray@PAVCInputLine@CMixerDevice@CAudioInput@@PAV123@@@QAEXHH@Z 00404610 f i AudioInput.obj
 0001:00003720       ??1?$CArray@PAVCInputLine@CMixerDevice@CAudioInput@@PAV123@@@UAE@XZ 00404720 f i AudioInput.obj
 0001:000037c0       ?Serialize@?$CArray@PAVCInputLine@CMixerDevice@CAudioInput@@PAV123@@@UAEXAAVCArchive@@@Z 004047c0 f i AudioInput.obj
 0001:00003840       ?Dump@?$CArray@PAVCInputLine@CMixerDevice@CAudioInput@@PAV123@@@UBEXAAVCDumpContext@@@Z 00404840 f i AudioInput.obj
 0001:000038c0       ?AssertValid@?$CArray@PAVCInputLine@CMixerDevice@CAudioInput@@PAV123@@@UBEXXZ 004048c0 f i AudioInput.obj
 0001:000039b0       ??0?$CArray@PAVCPhysicalDevice@CMixerDevice@CAudioInput@@PAV123@@@QAE@XZ 004049b0 f i AudioInput.obj
 0001:00003a00       ?GetSize@?$CArray@PAVCPhysicalDevice@CMixerDevice@CAudioInput@@PAV123@@@QBEHXZ 00404a00 f i AudioInput.obj
 0001:00003a20       ?RemoveAll@?$CArray@PAVCPhysicalDevice@CMixerDevice@CAudioInput@@PAV123@@@QAEXXZ 00404a20 f i AudioInput.obj
 0001:00003a40       ?GetAt@?$CArray@PAVCPhysicalDevice@CMixerDevice@CAudioInput@@PAV123@@@QAEAAPAVCPhysicalDevice@CMixerDevice@CAudioInput@@H@Z 00404a40 f i AudioInput.obj
 0001:00003aa0       ?Add@?$CArray@PAVCPhysicalDevice@CMixerDevice@CAudioInput@@PAV123@@@QAEHPAVCPhysicalDevice@CMixerDevice@CAudioInput@@@Z 00404aa0 f i AudioInput.obj
 0001:00003ad0       ?RemoveAt@?$CArray@PAVCPhysicalDevice@CMixerDevice@CAudioInput@@PAV123@@@QAEXHH@Z 00404ad0 f i AudioInput.obj
 0001:00003be0       ??1?$CArray@PAVCPhysicalDevice@CMixerDevice@CAudioInput@@PAV123@@@UAE@XZ 00404be0 f i AudioInput.obj
 0001:00003c80       ?Serialize@?$CArray@PAVCPhysicalDevice@CMixerDevice@CAudioInput@@PAV123@@@UAEXAAVCArchive@@@Z 00404c80 f i AudioInput.obj
 0001:00003d00       ?Dump@?$CArray@PAVCPhysicalDevice@CMixerDevice@CAudioInput@@PAV123@@@UBEXAAVCDumpContext@@@Z 00404d00 f i AudioInput.obj
 0001:00003d80       ?AssertValid@?$CArray@PAVCPhysicalDevice@CMixerDevice@CAudioInput@@PAV123@@@UBEXXZ 00404d80 f i AudioInput.obj
 0001:00003e70       ??0?$CArray@PAVCMixerDevice@CAudioInput@@PAV12@@@QAE@XZ 00404e70 f i AudioInput.obj
 0001:00003ec0       ?GetSize@?$CArray@PAVCMixerDevice@CAudioInput@@PAV12@@@QBEHXZ 00404ec0 f i AudioInput.obj
 0001:00003ee0       ?RemoveAll@?$CArray@PAVCMixerDevice@CAudioInput@@PAV12@@@QAEXXZ 00404ee0 f i AudioInput.obj
 0001:00003f00       ?GetAt@?$CArray@PAVCMixerDevice@CAudioInput@@PAV12@@@QAEAAPAVCMixerDevice@CAudioInput@@H@Z 00404f00 f i AudioInput.obj
 0001:00003f60       ?Add@?$CArray@PAVCMixerDevice@CAudioInput@@PAV12@@@QAEHPAVCMixerDevice@CAudioInput@@@Z 00404f60 f i AudioInput.obj
 0001:00003f90       ?RemoveAt@?$CArray@PAVCMixerDevice@CAudioInput@@PAV12@@@QAEXHH@Z 00404f90 f i AudioInput.obj
 0001:000040a0       ??1?$CArray@PAVCMixerDevice@CAudioInput@@PAV12@@@UAE@XZ 004050a0 f i AudioInput.obj
 0001:00004140       ?Serialize@?$CArray@PAVCMixerDevice@CAudioInput@@PAV12@@@UAEXAAVCArchive@@@Z 00405140 f i AudioInput.obj
 0001:000041c0       ?Dump@?$CArray@PAVCMixerDevice@CAudioInput@@PAV12@@@UBEXAAVCDumpContext@@@Z 004051c0 f i AudioInput.obj
 0001:00004240       ?AssertValid@?$CArray@PAVCMixerDevice@CAudioInput@@PAV12@@@UBEXXZ 00405240 f i AudioInput.obj
 0001:00004330       ??0?$CArray@UsMuteLine@CInputLine@CMixerDevice@CAudioInput@@U1234@@@QAE@XZ 00405330 f i AudioInput.obj
 0001:00004380       ?GetSize@?$CArray@UsMuteLine@CInputLine@CMixerDevice@CAudioInput@@U1234@@@QBEHXZ 00405380 f i AudioInput.obj
 0001:000043a0       ?RemoveAll@?$CArray@UsMuteLine@CInputLine@CMixerDevice@CAudioInput@@U1234@@@QAEXXZ 004053a0 f i AudioInput.obj
 0001:000043c0       ?GetAt@?$CArray@UsMuteLine@CInputLine@CMixerDevice@CAudioInput@@U1234@@@QAEAAUsMuteLine@CInputLine@CMixerDevice@CAudioInput@@H@Z 004053c0 f i AudioInput.obj
 0001:00004420       ?SetAt@?$CArray@UsMuteLine@CInputLine@CMixerDevice@CAudioInput@@U1234@@@QAEXHUsMuteLine@CInputLine@CMixerDevice@CAudioInput@@@Z 00405420 f i AudioInput.obj
 0001:00004490       ?Add@?$CArray@UsMuteLine@CInputLine@CMixerDevice@CAudioInput@@U1234@@@QAEHUsMuteLine@CInputLine@CMixerDevice@CAudioInput@@@Z 00405490 f i AudioInput.obj
 0001:000044d0       ?Serialize@?$CArray@UsMuteLine@CInputLine@CMixerDevice@CAudioInput@@U1234@@@UAEXAAVCArchive@@@Z 004054d0 f i AudioInput.obj
 0001:00004550       ?Dump@?$CArray@UsMuteLine@CInputLine@CMixerDevice@CAudioInput@@U1234@@@UBEXAAVCDumpContext@@@Z 00405550 f i AudioInput.obj
 0001:000045d0       ?AssertValid@?$CArray@UsMuteLine@CInputLine@CMixerDevice@CAudioInput@@U1234@@@UBEXXZ 004055d0 f i AudioInput.obj
 0001:000046c0       ??_G?$CArray@PAVCInputLine@CMixerDevice@CAudioInput@@PAV123@@@UAEPAXI@Z 004056c0 f i AudioInput.obj
 0001:000046c0       ??_E?$CArray@PAVCInputLine@CMixerDevice@CAudioInput@@PAV123@@@UAEPAXI@Z 004056c0 f i AudioInput.obj
 0001:000046f0       ??_E?$CArray@PAVCPhysicalDevice@CMixerDevice@CAudioInput@@PAV123@@@UAEPAXI@Z 004056f0 f i AudioInput.obj
 0001:000046f0       ??_G?$CArray@PAVCPhysicalDevice@CMixerDevice@CAudioInput@@PAV123@@@UAEPAXI@Z 004056f0 f i AudioInput.obj
 0001:00004720       ??_E?$CArray@PAVCMixerDevice@CAudioInput@@PAV12@@@UAEPAXI@Z 00405720 f i AudioInput.obj
 0001:00004720       ??_G?$CArray@PAVCMixerDevice@CAudioInput@@PAV12@@@UAEPAXI@Z 00405720 f i AudioInput.obj
 0001:00004750       ??_G?$CArray@UsMuteLine@CInputLine@CMixerDevice@CAudioInput@@U1234@@@UAEPAXI@Z 00405750 f i AudioInput.obj
 0001:00004750       ??_E?$CArray@UsMuteLine@CInputLine@CMixerDevice@CAudioInput@@U1234@@@UAEPAXI@Z 00405750 f i AudioInput.obj
 0001:00004780       ??1?$CArray@UsMuteLine@CInputLine@CMixerDevice@CAudioInput@@U1234@@@UAE@XZ 00405780 f i AudioInput.obj
 0001:00004820       ?SetSize@?$CArray@PAVCInputLine@CMixerDevice@CAudioInput@@PAV123@@@QAEXHH@Z 00405820 f i AudioInput.obj
 0001:00004c30       ??2@YAPAXIPAX@Z            00405c30 f i AudioInput.obj
 0001:00004c40       ?SetAtGrow@?$CArray@PAVCInputLine@CMixerDevice@CAudioInput@@PAV123@@@QAEXHPAVCInputLine@CMixerDevice@CAudioInput@@@Z 00405c40 f i AudioInput.obj
 0001:00004cb0       ??$SerializeElements@PAVCInputLine@CMixerDevice@CAudioInput@@@@YGXAAVCArchive@@PAPAVCInputLine@CMixerDevice@CAudioInput@@H@Z 00405cb0 f i AudioInput.obj
 0001:00004db0       ??$DumpElements@PAVCInputLine@CMixerDevice@CAudioInput@@@@YGXAAVCDumpContext@@PBQAVCInputLine@CMixerDevice@CAudioInput@@H@Z 00405db0 f i AudioInput.obj
 0001:00004df0       ?SetSize@?$CArray@PAVCPhysicalDevice@CMixerDevice@CAudioInput@@PAV123@@@QAEXHH@Z 00405df0 f i AudioInput.obj
 0001:00005200       ?SetAtGrow@?$CArray@PAVCPhysicalDevice@CMixerDevice@CAudioInput@@PAV123@@@QAEXHPAVCPhysicalDevice@CMixerDevice@CAudioInput@@@Z 00406200 f i AudioInput.obj
 0001:00005270       ??$SerializeElements@PAVCPhysicalDevice@CMixerDevice@CAudioInput@@@@YGXAAVCArchive@@PAPAVCPhysicalDevice@CMixerDevice@CAudioInput@@H@Z 00406270 f i AudioInput.obj
 0001:00005370       ??$DumpElements@PAVCPhysicalDevice@CMixerDevice@CAudioInput@@@@YGXAAVCDumpContext@@PBQAVCPhysicalDevice@CMixerDevice@CAudioInput@@H@Z 00406370 f i AudioInput.obj
 0001:000053b0       ?SetSize@?$CArray@PAVCMixerDevice@CAudioInput@@PAV12@@@QAEXHH@Z 004063b0 f i AudioInput.obj
 0001:000057c0       ?SetAtGrow@?$CArray@PAVCMixerDevice@CAudioInput@@PAV12@@@QAEXHPAVCMixerDevice@CAudioInput@@@Z 004067c0 f i AudioInput.obj
 0001:00005830       ??$SerializeElements@PAVCMixerDevice@CAudioInput@@@@YGXAAVCArchive@@PAPAVCMixerDevice@CAudioInput@@H@Z 00406830 f i AudioInput.obj
 0001:00005930       ??$DumpElements@PAVCMixerDevice@CAudioInput@@@@YGXAAVCDumpContext@@PBQAVCMixerDevice@CAudioInput@@H@Z 00406930 f i AudioInput.obj
 0001:00005970       ?SetSize@?$CArray@UsMuteLine@CInputLine@CMixerDevice@CAudioInput@@U1234@@@QAEXHH@Z 00406970 f i AudioInput.obj
 0001:00005d80       ?SetAtGrow@?$CArray@UsMuteLine@CInputLine@CMixerDevice@CAudioInput@@U1234@@@QAEXHUsMuteLine@CInputLine@CMixerDevice@CAudioInput@@@Z 00406d80 f i AudioInput.obj
 0001:00005e00       ??$SerializeElements@UsMuteLine@CInputLine@CMixerDevice@CAudioInput@@@@YGXAAVCArchive@@PAUsMuteLine@CInputLine@CMixerDevice@CAudioInput@@H@Z 00406e00 f i AudioInput.obj
 0001:00005f00       ??$DumpElements@UsMuteLine@CInputLine@CMixerDevice@CAudioInput@@@@YGXAAVCDumpContext@@PBUsMuteLine@CInputLine@CMixerDevice@CAudioInput@@H@Z 00406f00 f i AudioInput.obj
 0001:00005f40       ??0CDefVolumeDlg@@QAE@PAVCWnd@@@Z 00406f40 f   DefVolumeDlg.obj
 0001:00006060       ?DoDataExchange@CDefVolumeDlg@@MAEXPAVCDataExchange@@@Z 00407060 f   DefVolumeDlg.obj
 0001:00006140       ?GetThisMessageMap@CDefVolumeDlg@@KGPBUAFX_MSGMAP@@XZ 00407140 f   DefVolumeDlg.obj
 0001:00006150       ?GetMessageMap@CDefVolumeDlg@@MBEPBUAFX_MSGMAP@@XZ 00407150 f   DefVolumeDlg.obj
 0001:00006160       ?OnHScroll@CDefVolumeDlg@@IAEXIIPAVCScrollBar@@@Z 00407160 f   DefVolumeDlg.obj
 0001:000062b0       ?OnInitDialog@CDefVolumeDlg@@MAEHXZ 004072b0 f   DefVolumeDlg.obj
 0001:00006460       ?ChangeEdt@CDefVolumeDlg@@IAEHHPAVCEdit@@PAVCSliderCtrl@@@Z 00407460 f   DefVolumeDlg.obj
 0001:000065c0       ?OnChangeEdtMic@CDefVolumeDlg@@IAEXXZ 004075c0 f   DefVolumeDlg.obj
 0001:00006600       ?OnChangeEdtLin@CDefVolumeDlg@@IAEXXZ 00407600 f   DefVolumeDlg.obj
 0001:00006640       ?OnChangeEdtAux@CDefVolumeDlg@@IAEXXZ 00407640 f   DefVolumeDlg.obj
 0001:00006680       ?OnChangeEdtAnl@CDefVolumeDlg@@IAEXXZ 00407680 f   DefVolumeDlg.obj
 0001:000066c0       ?GetDefaultVolumeValues@CDefVolumeDlg@@IAEXXZ 004076c0 f   DefVolumeDlg.obj
 0001:00006730       ?OnOK@CDefVolumeDlg@@MAEXXZ 00407730 f   DefVolumeDlg.obj
 0001:000067a0       ??_GCDefVolumeDlg@@UAEPAXI@Z 004077a0 f i DefVolumeDlg.obj
 0001:000067a0       ??_ECDefVolumeDlg@@UAEPAXI@Z 004077a0 f i DefVolumeDlg.obj
 0001:000067d0       ??1CDefVolumeDlg@@UAE@XZ   004077d0 f i DefVolumeDlg.obj
 0001:000068a0       ??0CDynamicLED@@QAE@XZ     004078a0 f   DynamicLED.obj
 0001:00006980       ??1CDynamicLED@@UAE@XZ     00407980 f   DynamicLED.obj
 0001:00006a50       ?GetThisMessageMap@CDynamicLED@@KGPBUAFX_MSGMAP@@XZ 00407a50 f   DynamicLED.obj
 0001:00006a60       ?GetMessageMap@CDynamicLED@@MBEPBUAFX_MSGMAP@@XZ 00407a60 f   DynamicLED.obj
 0001:00006a70       ?InitLed@CDynamicLED@@QAEXPAVCWnd@@II@Z 00407a70 f   DynamicLED.obj
 0001:00006b30       ?OnPaint@CDynamicLED@@IAEXXZ 00407b30 f   DynamicLED.obj
 0001:00006bb0       ?OnTimer@CDynamicLED@@IAEXI@Z 00407bb0 f   DynamicLED.obj
 0001:00006c60       ?Switch@CDynamicLED@@AAEXH@Z 00407c60 f   DynamicLED.obj
 0001:00006d30       ?SwitchOn@CDynamicLED@@QAEXXZ 00407d30 f   DynamicLED.obj
 0001:00006d50       ?SwitchOff@CDynamicLED@@QAEXXZ 00407d50 f   DynamicLED.obj
 0001:00006d70       ?Blink@CDynamicLED@@QAEXH@Z 00407d70 f   DynamicLED.obj
 0001:00006df0       ?SetLedBright@CDynamicLED@@AAEHHH@Z 00407df0 f   DynamicLED.obj
 0001:00006ef0       ?SetPenBrush@CDynamicLED@@AAEXXZ 00407ef0 f   DynamicLED.obj
 0001:000070c0       ?DrawRoundLed@CDynamicLED@@AAEXVCRect@@@Z 004080c0 f   DynamicLED.obj
 0001:000072c0       ?DrawSquareLed@CDynamicLED@@AAEXVCRect@@@Z 004082c0 f   DynamicLED.obj
 0001:00007400       ??_GCDynamicLED@@UAEPAXI@Z 00408400 f i DynamicLED.obj
 0001:00007400       ??_ECDynamicLED@@UAEPAXI@Z 00408400 f i DynamicLED.obj
 0001:00007430       ??0CLogAudioHdrs@@QAE@XZ   00408430 f   LogAudioHdrs.obj
 0001:00007480       ??1CLogAudioHdrs@@UAE@XZ   00408480 f   LogAudioHdrs.obj
 0001:000074a0       ?UpdateControls@CLogAudioHdrs@@MAEXXZ 004084a0 f   LogAudioHdrs.obj
 0001:00007580       ?PostMessageStop@CLogAudioHdrs@@MAEXXZ 00408580 f   LogAudioHdrs.obj
 0001:000075b0       ?PostMessageStart@CLogAudioHdrs@@MAEXXZ 004085b0 f   LogAudioHdrs.obj
 0001:000075e0       ?PostMessageCancel@CLogAudioHdrs@@MAEXXZ 004085e0 f   LogAudioHdrs.obj
 0001:00007610       ?SppLoggerStop@CLogAudioHdrs@@MAEHXZ 00408610 f   LogAudioHdrs.obj
 0001:00007620       ?SppLoggerStart@CLogAudioHdrs@@MAEHPAD@Z 00408620 f   LogAudioHdrs.obj
 0001:00007640       ?SppLoggerStat@CLogAudioHdrs@@MAEHPAH@Z 00408640 f   LogAudioHdrs.obj
 0001:00007660       ??_GCLogAudioHdrs@@UAEPAXI@Z 00408660 f i LogAudioHdrs.obj
 0001:00007660       ??_ECLogAudioHdrs@@UAEPAXI@Z 00408660 f i LogAudioHdrs.obj
 0001:00007690       ??0CLogFmsConn@@QAE@XZ     00408690 f   LogFmsConn.obj
 0001:000076f0       ??1CLogFmsConn@@UAE@XZ     004086f0 f   LogFmsConn.obj
 0001:00007710       ?UpdateControls@CLogFmsConn@@MAEXXZ 00408710 f   LogFmsConn.obj
 0001:000077f0       ?PostMessageStop@CLogFmsConn@@MAEXXZ 004087f0 f   LogFmsConn.obj
 0001:00007820       ?PostMessageStart@CLogFmsConn@@MAEXXZ 00408820 f   LogFmsConn.obj
 0001:00007850       ?PostMessageCancel@CLogFmsConn@@MAEXXZ 00408850 f   LogFmsConn.obj
 0001:00007880       ?SppLoggerStop@CLogFmsConn@@MAEHXZ 00408880 f   LogFmsConn.obj
 0001:000078a0       ?SppLoggerStart@CLogFmsConn@@MAEHPAD@Z 004088a0 f   LogFmsConn.obj
 0001:000078c0       ??_GCLogFmsConn@@UAEPAXI@Z 004088c0 f i LogFmsConn.obj
 0001:000078c0       ??_ECLogFmsConn@@UAEPAXI@Z 004088c0 f i LogFmsConn.obj
 0001:000078f0       ??0CLogPulse@@QAE@XZ       004088f0 f   LogPulses.obj
 0001:00007940       ??1CLogPulse@@UAE@XZ       00408940 f   LogPulses.obj
 0001:00007960       ?UpdateControls@CLogPulse@@MAEXXZ 00408960 f   LogPulses.obj
 0001:00007a40       ?PostMessageStop@CLogPulse@@MAEXXZ 00408a40 f   LogPulses.obj
 0001:00007a70       ?PostMessageStart@CLogPulse@@MAEXXZ 00408a70 f   LogPulses.obj
 0001:00007aa0       ?PostMessageCancel@CLogPulse@@MAEXXZ 00408aa0 f   LogPulses.obj
 0001:00007ad0       ?SppLoggerStop@CLogPulse@@MAEHXZ 00408ad0 f   LogPulses.obj
 0001:00007ae0       ?SppLoggerStart@CLogPulse@@MAEHPAD@Z 00408ae0 f   LogPulses.obj
 0001:00007b00       ?SppLoggerStat@CLogPulse@@MAEHPAH@Z 00408b00 f   LogPulses.obj
 0001:00007b20       ??_ECLogPulse@@UAEPAXI@Z   00408b20 f i LogPulses.obj
 0001:00007b20       ??_GCLogPulse@@UAEPAXI@Z   00408b20 f i LogPulses.obj
 0001:00007b50       ??0CLogRawPulse@@QAE@XZ    00408b50 f   LogRawPulse.obj
 0001:00007bb0       ??1CLogRawPulse@@UAE@XZ    00408bb0 f   LogRawPulse.obj
 0001:00007bd0       ?UpdateControls@CLogRawPulse@@MAEXXZ 00408bd0 f   LogRawPulse.obj
 0001:00007cb0       ?PostMessageStop@CLogRawPulse@@MAEXXZ 00408cb0 f   LogRawPulse.obj
 0001:00007ce0       ?PostMessageStart@CLogRawPulse@@MAEXXZ 00408ce0 f   LogRawPulse.obj
 0001:00007d10       ?PostMessageCancel@CLogRawPulse@@MAEXXZ 00408d10 f   LogRawPulse.obj
 0001:00007d40       ?SppLoggerStop@CLogRawPulse@@MAEHXZ 00408d40 f   LogRawPulse.obj
 0001:00007d50       ?SppLoggerStart@CLogRawPulse@@MAEHPAD@Z 00408d50 f   LogRawPulse.obj
 0001:00007d70       ?SppLoggerStat@CLogRawPulse@@MAEHPAH@Z 00408d70 f   LogRawPulse.obj
 0001:00007d90       ??_GCLogRawPulse@@UAEPAXI@Z 00408d90 f i LogRawPulse.obj
 0001:00007d90       ??_ECLogRawPulse@@UAEPAXI@Z 00408d90 f i LogRawPulse.obj
 0001:00007dc0       ?_GetBaseClass@CScanInputs@@KGPAUCRuntimeClass@@XZ 00408dc0 f   ScanInputs.obj
 0001:00007dd0       ?GetThisClass@CScanInputs@@SGPAUCRuntimeClass@@XZ 00408dd0 f   ScanInputs.obj
 0001:00007de0       ?GetRuntimeClass@CScanInputs@@UBEPAUCRuntimeClass@@XZ 00408de0 f   ScanInputs.obj
 0001:00007df0       ??0CScanInputs@@QAE@PAVCWnd@@@Z 00408df0 f   ScanInputs.obj
 0001:00007f50       ??1CScanInputs@@UAE@XZ     00408f50 f   ScanInputs.obj
 0001:00007fb0       ?DoDataExchange@CScanInputs@@MAEXPAVCDataExchange@@@Z 00408fb0 f   ScanInputs.obj
 0001:00007fe0       ?GetThisMessageMap@CScanInputs@@KGPBUAFX_MSGMAP@@XZ 00408fe0 f   ScanInputs.obj
 0001:00007ff0       ?GetMessageMap@CScanInputs@@MBEPBUAFX_MSGMAP@@XZ 00408ff0 f   ScanInputs.obj
 0001:00008000       ?OnBnClickedCancel@CScanInputs@@QAEXXZ 00409000 f   ScanInputs.obj
 0001:000080a0       ?OnBnClickedScan@CScanInputs@@QAEXXZ 004090a0 f   ScanInputs.obj
 0001:00008200       ?OnBnClickedSaveLog@CScanInputs@@QAEXXZ 00409200 f   ScanInputs.obj
 0001:00008210       ?LogAudioLevel@CScanInputs@@IAEXHHH@Z 00409210 f   ScanInputs.obj
 0001:000083b0       ?ScanModulationTypes@CScanInputs@@IAEHXZ 004093b0 f   ScanInputs.obj
 0001:000084c0       ?LogModulation@CScanInputs@@IAEXHH@Z 004094c0 f   ScanInputs.obj
 0001:00008600       ??_ECScanInputs@@UAEPAXI@Z 00409600 f i ScanInputs.obj
 0001:00008600       ??_GCScanInputs@@UAEPAXI@Z 00409600 f i ScanInputs.obj
 0001:00008630       ??HATL@@YA?AV?$CStringT@DV?$StrTraitMFC_DLL@DV?$ChTraitsCRT@D@ATL@@@@@0@ABV10@0@Z 00409630 f i ScanInputs.obj
 0001:000086e0       ?GetThisMessageMap@CSppConsoleApp@@KGPBUAFX_MSGMAP@@XZ 004096e0 f   SppConsole.obj
 0001:000086f0       ?GetMessageMap@CSppConsoleApp@@MBEPBUAFX_MSGMAP@@XZ 004096f0 f   SppConsole.obj
 0001:00008700       ??0CSppConsoleApp@@QAE@XZ  00409700 f   SppConsole.obj
 0001:00008730       ?InitInstance@CSppConsoleApp@@UAEHXZ 00409730 f   SppConsole.obj
 0001:000087e0       ?doStartIconified@CSppConsoleApp@@IAE_NXZ 004097e0 f   SppConsole.obj
 0001:00008840       ?OnAbout@CSppConsoleApp@@QAEXXZ 00409840 f   SppConsole.obj
 0001:000088b0       ??_ECSppConsoleApp@@UAEPAXI@Z 004098b0 f i SppConsole.obj
 0001:000088b0       ??_GCSppConsoleApp@@UAEPAXI@Z 004098b0 f i SppConsole.obj
 0001:000088e0       ??1CSppConsoleApp@@UAE@XZ  004098e0 f i SppConsole.obj
 0001:00008900       ??1CSppConsoleDlg@@UAE@XZ  00409900 f i SppConsole.obj
 0001:00008990       ??0CSppConsoleDlg@@QAE@PAVCWnd@@@Z 00409990 f   SppConsoleDlg.obj
 0001:00008b30       ?DoDataExchange@CSppConsoleDlg@@MAEXPAVCDataExchange@@@Z 00409b30 f   SppConsoleDlg.obj
 0001:00008ca0       ?GetThisMessageMap@CSppConsoleDlg@@KGPBUAFX_MSGMAP@@XZ 00409ca0 f   SppConsoleDlg.obj
 0001:00008cb0       ?GetMessageMap@CSppConsoleDlg@@MBEPBUAFX_MSGMAP@@XZ 00409cb0 f   SppConsoleDlg.obj
 0001:00008cc0       ?GetDllVersion@@YAKPBD@Z   00409cc0 f   SppConsoleDlg.obj
 0001:00008d50       ?ThreeBeeps@@YAXXZ         00409d50 f   SppConsoleDlg.obj
 0001:00008db0       ?OneBeep@@YAXXZ            00409db0 f   SppConsoleDlg.obj
 0001:00008de0       ?OnInitDialog@CSppConsoleDlg@@MAEHXZ 00409de0 f   SppConsoleDlg.obj
 0001:00009280       ?OnDestroy@CSppConsoleDlg@@IAEXXZ 0040a280 f   SppConsoleDlg.obj
 0001:00009330       ?OnPaint@CSppConsoleDlg@@IAEXXZ 0040a330 f   SppConsoleDlg.obj
 0001:00009470       ?OnQueryDragIcon@CSppConsoleDlg@@IAEPAUHICON__@@XZ 0040a470 f   SppConsoleDlg.obj
 0001:00009490       ?SomethingChanged@CSppConsoleDlg@@QAEXXZ 0040a490 f   SppConsoleDlg.obj
 0001:000094d0       ?OnSelchangeModType@CSppConsoleDlg@@IAEXXZ 0040a4d0 f   SppConsoleDlg.obj
 0001:00009620       ?GetModeTypeCtrl@CSppConsoleDlg@@QAEPAVCWnd@@XZ 0040a620 f   SppConsoleDlg.obj
 0001:00009640       ?OnShiftAuto@CSppConsoleDlg@@IAEXXZ 0040a640 f   SppConsoleDlg.obj
 0001:000096e0       ?GetShiftAutoCtrl@CSppConsoleDlg@@QAEPAVCWnd@@XZ 0040a6e0 f   SppConsoleDlg.obj
 0001:00009700       ?OnShiftPos@CSppConsoleDlg@@IAEXXZ 0040a700 f   SppConsoleDlg.obj
 0001:00009720       ?GetShiftPosCtrl@CSppConsoleDlg@@QAEPAVCWnd@@XZ 0040a720 f   SppConsoleDlg.obj
 0001:00009740       ?OnShiftNeg@CSppConsoleDlg@@IAEXXZ 0040a740 f   SppConsoleDlg.obj
 0001:00009760       ?OnHide@CSppConsoleDlg@@IAEXXZ 0040a760 f   SppConsoleDlg.obj
 0001:00009790       ?OnShow@CSppConsoleDlg@@IAEXXZ 0040a790 f   SppConsoleDlg.obj
 0001:000097c0       ?PopulateModulation@CSppConsoleDlg@@IAEHXZ 0040a7c0 f   SppConsoleDlg.obj
 0001:00009910       ?ShowShiftRB@CSppConsoleDlg@@IAEX_N@Z 0040a910 f   SppConsoleDlg.obj
 0001:000099c0       ?TaskBarAddIcon@CSppConsoleDlg@@IAEHIPAUHICON__@@PAD@Z 0040a9c0 f   SppConsoleDlg.obj
 0001:00009ba0       ?TaskBarDelIcon@CSppConsoleDlg@@IAEHI@Z 0040aba0 f   SppConsoleDlg.obj
 0001:00009c00       ?TaskBarIconBaloon@CSppConsoleDlg@@IAEHIPBD0@Z 0040ac00 f   SppConsoleDlg.obj
 0001:00009d20       ?TaskBarIconToolTip@CSppConsoleDlg@@IAEHIPBD@Z 0040ad20 f   SppConsoleDlg.obj
 0001:00009db0       ?StartIconified@CSppConsoleDlg@@QAEX_N@Z 0040adb0 f   SppConsoleDlg.obj
 0001:00009dd0       ?OnStatusAreaMessage@CSppConsoleDlg@@IAEJIJ@Z 0040add0 f   SppConsoleDlg.obj
 0001:00009e30       ?OnMixerLineChange@CSppConsoleDlg@@AAEJIJ@Z 0040ae30 f   SppConsoleDlg.obj
 0001:00009e40       ?OnMixerControlChange@CSppConsoleDlg@@AAEJIJ@Z 0040ae40 f   SppConsoleDlg.obj
 0001:00009ec0       ?ShowTrayIconMenu@CSppConsoleDlg@@IAEXI@Z 0040aec0 f   SppConsoleDlg.obj
 0001:0000a020       ?OnWindowPosChanging@CSppConsoleDlg@@IAEXPAUtagWINDOWPOS@@@Z 0040b020 f   SppConsoleDlg.obj
 0001:0000a060       ?OnInterSppConsole@CSppConsoleDlg@@IAEJIJ@Z 0040b060 f   SppConsoleDlg.obj
 0001:0000a090       ?OnInterSppApps@CSppConsoleDlg@@IAEJIJ@Z 0040b090 f   SppConsoleDlg.obj
 0001:0000a4f0       ?OnOK@CSppConsoleDlg@@MAEXXZ 0040b4f0 f   SppConsoleDlg.obj
 0001:0000a540       ?OnCancel@CSppConsoleDlg@@MAEXXZ 0040b540 f   SppConsoleDlg.obj
 0001:0000a560       ?isDllActive@CSppConsoleDlg@@IAE_NXZ 0040b560 f   SppConsoleDlg.obj
 0001:0000a5b0       ?GetStatusString@CSppConsoleDlg@@QAE?AV?$CStringT@DV?$StrTraitMFC_DLL@DV?$ChTraitsCRT@D@ATL@@@@@ATL@@XZ 0040b5b0 f   SppConsoleDlg.obj
 0001:0000a8b0       ?OnToolTipNotify@CSppConsoleDlg@@IAEHIPAUtagNMHDR@@PAJ@Z 0040b8b0 f   SppConsoleDlg.obj
 0001:0000a920       ?GetFmsStatusString@CSppConsoleDlg@@IAEHAAV?$CStringT@DV?$StrTraitMFC_DLL@DV?$ChTraitsCRT@D@ATL@@@@@ATL@@@Z 0040b920 f   SppConsoleDlg.obj
 0001:0000ab90       ?PopulateAudioSource@CSppConsoleDlg@@IAEXXZ 0040bb90 f   SppConsoleDlg.obj
 0001:0000ac80       ?GetMixerDeviceCtrl@CSppConsoleDlg@@QAEPAVCWnd@@XZ 0040bc80 f   SppConsoleDlg.obj
 0001:0000aca0       ?PopulateInputLines@CSppConsoleDlg@@IAEXXZ 0040bca0 f   SppConsoleDlg.obj
 0001:0000ad80       ?GetAudioLinesCtrl@CSppConsoleDlg@@QAEPAVCWnd@@XZ 0040bd80 f   SppConsoleDlg.obj
 0001:0000ada0       ?OnSelchangeMixerdevice@CSppConsoleDlg@@IAEXXZ 0040bda0 f   SppConsoleDlg.obj
 0001:0000ae70       ?OnSelchangeAudioSrc@CSppConsoleDlg@@IAEXXZ 0040be70 f   SppConsoleDlg.obj
 0001:0000af40       ?OnEnableAudio@CSppConsoleDlg@@IAEXXZ 0040bf40 f   SppConsoleDlg.obj
 0001:0000afb0       ?EnableAudio@CSppConsoleDlg@@IAEXH@Z 0040bfb0 f   SppConsoleDlg.obj
 0001:0000b110       ?GetCurrentMixerDevice@CSppConsoleDlg@@IAEHXZ 0040c110 f   SppConsoleDlg.obj
 0001:0000b180       ?GetCurrentInputLine@CSppConsoleDlg@@IAEHXZ 0040c180 f   SppConsoleDlg.obj
 0001:0000b1c0       ?GetSavedCurrentInputLine@CSppConsoleDlg@@IAE_NPAI@Z 0040c1c0 f   SppConsoleDlg.obj
 0001:0000b230       ?GetCurrentInputLineFromSystem@CSppConsoleDlg@@IAE_NPAI@Z 0040c230 f   SppConsoleDlg.obj
 0001:0000b290       ?SetCurrentMixerDevice@CSppConsoleDlg@@IAEXI@Z 0040c290 f   SppConsoleDlg.obj
 0001:0000b2e0       ?SetCurrentInputLine@CSppConsoleDlg@@IAEXH@Z 0040c2e0 f   SppConsoleDlg.obj
 0001:0000b360       ?GetCheckAudioCtrl@CSppConsoleDlg@@QAEPAVCWnd@@XZ 0040c360 f   SppConsoleDlg.obj
 0001:0000b380       ?CheckAudioCB@CSppConsoleDlg@@IAEXXZ 0040c380 f   SppConsoleDlg.obj
 0001:0000b3b0       ?OnSetCursor@CSppConsoleDlg@@IAEHPAVCWnd@@II@Z 0040c3b0 f   SppConsoleDlg.obj
 0001:0000b440       ?HearTx@CSppConsoleDlg@@IAEX_N@Z 0040c440 f   SppConsoleDlg.obj
 0001:0000b510       ?OnSelSrc@CSppConsoleDlg@@IAEXXZ 0040c510 f   SppConsoleDlg.obj
 0001:0000b6a0       ?OnAudioDst@CSppConsoleDlg@@IAEXXZ 0040c6a0 f   SppConsoleDlg.obj
 0001:0000b830       ?OnAudioVol@CSppConsoleDlg@@IAEXXZ 0040c830 f   SppConsoleDlg.obj
 0001:0000b8c0       ?OnAudioPrint@CSppConsoleDlg@@IAEXXZ 0040c8c0 f   SppConsoleDlg.obj
 0001:0000b9e0       ?PpJoyExShowCtrl@CSppConsoleDlg@@IAEXXZ 0040c9e0 f   SppConsoleDlg.obj
 0001:0000ba20       ?OnPpjoyex@CSppConsoleDlg@@IAEXXZ 0040ca20 f   SppConsoleDlg.obj
 0001:0000bb20       ?UpdateFilterMenu@CSppConsoleDlg@@IAEXXZ 0040cb20 f   SppConsoleDlg.obj
 0001:0000be00       ?OnFilterSelect@CSppConsoleDlg@@IAEXI@Z 0040ce00 f   SppConsoleDlg.obj
 0001:0000bf80       ?OnHideMsg@CSppConsoleDlg@@AAEJIJ@Z 0040cf80 f   SppConsoleDlg.obj
 0001:0000bfa0       ?LocateDialogWindow@CSppConsoleDlg@@IAEHXZ 0040cfa0 f   SppConsoleDlg.obj
 0001:0000c020       ?StoreLocationDialogWindow@CSppConsoleDlg@@IAEHXZ 0040d020 f   SppConsoleDlg.obj
 0001:0000c050       ?OnTimer@CSppConsoleDlg@@QAEXI@Z 0040d050 f   SppConsoleDlg.obj
 0001:0000c160       ?InitJoyPosBars@CSppConsoleDlg@@IAEXXZ 0040d160 f   SppConsoleDlg.obj
 0001:0000c1f0       ?SetJoyPosBars@CSppConsoleDlg@@IAEXPAH@Z 0040d1f0 f   SppConsoleDlg.obj
 0001:0000c2e0       ?OnWaveRec@CSppConsoleDlg@@IAEXXZ 0040d2e0 f   SppConsoleDlg.obj
 0001:0000c3c0       ?OnWaveRecStart@CSppConsoleDlg@@AAEJIJ@Z 0040d3c0 f   SppConsoleDlg.obj
 0001:0000c420       ?OnWaveRecStop@CSppConsoleDlg@@AAEJIJ@Z 0040d420 f   SppConsoleDlg.obj
 0001:0000c480       ?OnWaveRecCancel@CSppConsoleDlg@@AAEJIJ@Z 0040d480 f   SppConsoleDlg.obj
 0001:0000c4a0       ?OnAdvancedJitter@CSppConsoleDlg@@QAEXXZ 0040d4a0 f   SppConsoleDlg.obj
 0001:0000c4c0       ?InitJitterStatus@CSppConsoleDlg@@IAEXXZ 0040d4c0 f   SppConsoleDlg.obj
 0001:0000c520       ?UpdateJitterStatus@CSppConsoleDlg@@IAEXHH@Z 0040d520 f   SppConsoleDlg.obj
 0001:0000c730       ?UpdateFmsMenuItem@CSppConsoleDlg@@IAEXH@Z 0040d730 f   SppConsoleDlg.obj
 0001:0000c850       ?OnRunFms@CSppConsoleDlg@@QAEXXZ 0040d850 f   SppConsoleDlg.obj
 0001:0000c970       ?OnSysCommand@CSppConsoleDlg@@QAEXIJ@Z 0040d970 f   SppConsoleDlg.obj
 0001:0000c9a0       ?OnLogAudioHdrs@CSppConsoleDlg@@QAEXXZ 0040d9a0 f   SppConsoleDlg.obj
 0001:0000ca80       ?OnLogAudioHdrsCancel@CSppConsoleDlg@@AAEJIJ@Z 0040da80 f   SppConsoleDlg.obj
 0001:0000caa0       ?OnLogPulse@CSppConsoleDlg@@QAEXXZ 0040daa0 f   SppConsoleDlg.obj
 0001:0000cbe0       ?OnLogPulseCancel@CSppConsoleDlg@@AAEJIJ@Z 0040dbe0 f   SppConsoleDlg.obj
 0001:0000cc00       ?OnLogFmsConn@CSppConsoleDlg@@QAEXXZ 0040dc00 f   SppConsoleDlg.obj
 0001:0000cd20       ?OnFmsConnStart@CSppConsoleDlg@@AAEJIJ@Z 0040dd20 f   SppConsoleDlg.obj
 0001:0000cfd0       ?OnFmsConnStop@CSppConsoleDlg@@AAEJIJ@Z 0040dfd0 f   SppConsoleDlg.obj
 0001:0000d120       ?OnFmsConnCancel@CSppConsoleDlg@@AAEJIJ@Z 0040e120 f   SppConsoleDlg.obj
 0001:0000d140       ?OnLogRawPulse@CSppConsoleDlg@@QAEXXZ 0040e140 f   SppConsoleDlg.obj
 0001:0000d260       ?OnRawPulseCancel@CSppConsoleDlg@@AAEJIJ@Z 0040e260 f   SppConsoleDlg.obj
 0001:0000d280       ?OnBnClickedScandlg@CSppConsoleDlg@@QAEXXZ 0040e280 f   SppConsoleDlg.obj
 0001:0000d350       ?GetAudioLevel@CSppConsoleDlg@@QAEHXZ 0040e350 f   SppConsoleDlg.obj
 0001:0000d380       ?GetNumJoystickPos@CSppConsoleDlg@@QAEHXZ 0040e380 f   SppConsoleDlg.obj
 0001:0000d3c0       ??_GCSppConsoleDlg@@UAEPAXI@Z 0040e3c0 f i SppConsoleDlg.obj
 0001:0000d3c0       ??_ECSppConsoleDlg@@UAEPAXI@Z 0040e3c0 f i SppConsoleDlg.obj
 0001:0000d3f0       ?GetWindowInfo@CWnd@@QBEHPAUtagWINDOWINFO@@@Z 0040e3f0 f i SppConsoleDlg.obj
 0001:0000d430       ?_GetBaseClass@CStaticLink@@KGPAUCRuntimeClass@@XZ 0040e430 f   StatLink.obj
 0001:0000d440       ?GetThisClass@CStaticLink@@SGPAUCRuntimeClass@@XZ 0040e440 f   StatLink.obj
 0001:0000d450       ?GetRuntimeClass@CStaticLink@@UBEPAUCRuntimeClass@@XZ 0040e450 f   StatLink.obj
 0001:0000d460       ?GetThisMessageMap@CStaticLink@@KGPBUAFX_MSGMAP@@XZ 0040e460 f   StatLink.obj
 0001:0000d470       ?GetMessageMap@CStaticLink@@MBEPBUAFX_MSGMAP@@XZ 0040e470 f   StatLink.obj
 0001:0000d480       ??0CStaticLink@@QAE@XZ     0040e480 f   StatLink.obj
 0001:0000d510       ?CtlColor@CStaticLink@@QAEPAUHBRUSH__@@PAVCDC@@I@Z 0040e510 f   StatLink.obj
 0001:0000d630       ?OnClicked@CStaticLink@@QAEXXZ 0040e630 f   StatLink.obj
 0001:0000d6e0       ?SetDefaultCursor@CStaticLink@@QAEXXZ 0040e6e0 f   StatLink.obj
 0001:0000d7c0       ?OnSetCursor@CStaticLink@@QAEHPAVCWnd@@II@Z 0040e7c0 f   StatLink.obj
 0001:0000d7f0       ?SetLink@CStaticLink@@QAE?AV?$CStringT@DV?$StrTraitMFC_DLL@DV?$ChTraitsCRT@D@ATL@@@@@ATL@@V23@@Z 0040e7f0 f   StatLink.obj
 0001:0000d8e0       ??_ECStaticLink@@UAEPAXI@Z 0040e8e0 f i StatLink.obj
 0001:0000d8e0       ??_GCStaticLink@@UAEPAXI@Z 0040e8e0 f i StatLink.obj
 0001:0000d910       ??0CTraceFileAndLineInfo@ATL@@QAE@PBDH@Z 0040e910 f i StatLink.obj
 0001:0000d940       ??RCTraceFileAndLineInfo@ATL@@QBAXPBDZZ 0040e940 f i StatLink.obj
 0001:0000d990       ?TraceV@CTrace@ATL@@QBAXPBDHKI0PAD@Z 0040e990 f i StatLink.obj
 0001:0000d9c0       ??BCTraceCategory@ATL@@QBEKXZ 0040e9c0 f i StatLink.obj
 0001:0000d9d0       ?GetEnvironmentVariableWThunk@ATL@@YGKPBGPAGK@Z 0040e9d0 f i StdAfx.obj
 0001:0000da10       ?_AtlInstallStringThunk@ATL@@YAXPAPAXPAX1@Z 0040ea10 f i StdAfx.obj
 0001:0000da70       ?GetEnvironmentVariableWFake@ATL@@YGKPBGPAGK@Z 0040ea70 f i StdAfx.obj
 0001:0000dc50       ?_AtlGetConversionACP@ATL@@YGIXZ 0040ec50 f i StdAfx.obj
 0001:0000dc60       ?CompareStringWThunk@ATL@@YGHKKPBGH0H@Z 0040ec60 f i StdAfx.obj
 0001:0000dca0       ?CompareStringWFake@ATL@@YGHKKPBGH0H@Z 0040eca0 f i StdAfx.obj
 0001:0000de80       ?_AtlVerifyStackAvailable@_ATL_SAFE_ALLOCA_IMPL@ATL@@YA_NK@Z 0040ee80 f i StdAfx.obj
 0001:0000df20       ?AtlW2AHelper@@YGPADPADPBGHI@Z 0040ef20 f i StdAfx.obj
 0001:0000dff0       ?AtlThrow@ATL@@YGXJ@Z      0040eff0 f i StdAfx.obj
 0001:0000e050       ??RCTraceFileAndLineInfo@ATL@@QBAXKIPBDZZ 0040f050 f i StdAfx.obj
 0001:0000e090       ?GetStringTypeExWThunk@ATL@@YGHKKPBGHPAG@Z 0040f090 f i StdAfx.obj
 0001:0000e0d0       ?GetStringTypeExWFake@ATL@@YGHKKPBGHPAG@Z 0040f0d0 f i StdAfx.obj
 0001:0000e1e0       ?lstrcmpiWThunk@ATL@@YGHPBG0@Z 0040f1e0 f i StdAfx.obj
 0001:0000e210       ?lstrcmpiWFake@ATL@@YGHPBG0@Z 0040f210 f i StdAfx.obj
 0001:0000e2f0       ?CharLowerWThunk@ATL@@YGPAGPAG@Z 0040f2f0 f i StdAfx.obj
 0001:0000e320       ?CharLowerWFake@ATL@@YGPAGPAG@Z 0040f320 f i StdAfx.obj
 0001:0000e410       ?AtlA2WHelper@@YGPAGPAGPBDHI@Z 0040f410 f i StdAfx.obj
 0001:0000e4e0       ?CharUpperWThunk@ATL@@YGPAGPAG@Z 0040f4e0 f i StdAfx.obj
 0001:0000e510       ?CharUpperWFake@ATL@@YGPAGPAG@Z 0040f510 f i StdAfx.obj
 0001:0000e600       ??_Estringdispid@CComTypeInfoHolder@ATL@@QAEPAXI@Z 0040f600 f i StdAfx.obj
 0001:0000e670       ??1stringdispid@CComTypeInfoHolder@ATL@@QAE@XZ 0040f670 f i StdAfx.obj
 0001:0000e690       ??1CComBSTR@ATL@@QAE@XZ    0040f690 f i StdAfx.obj
 0001:0000e6b0       ??0?$CAtlSafeAllocBufferManager@VCCRTAllocator@ATL@@@_ATL_SAFE_ALLOCA_IMPL@ATL@@QAE@XZ 0040f6b0 f i StdAfx.obj
 0001:0000e6d0       ?Allocate@?$CAtlSafeAllocBufferManager@VCCRTAllocator@ATL@@@_ATL_SAFE_ALLOCA_IMPL@ATL@@QAEPAXK@Z 0040f6d0 f i StdAfx.obj
 0001:0000e720       ?Allocate@CCRTAllocator@ATL@@SAPAXI@Z 0040f720 f i StdAfx.obj
 0001:0000e740       ??1?$CAtlSafeAllocBufferManager@VCCRTAllocator@ATL@@@_ATL_SAFE_ALLOCA_IMPL@ATL@@QAE@XZ 0040f740 f i StdAfx.obj
 0001:0000e780       ?Free@CCRTAllocator@ATL@@SAXPAX@Z 0040f780 f i StdAfx.obj
 0001:0000e7a0       ??0?$CTempBuffer@D$0IA@VCCRTAllocator@ATL@@@ATL@@QAE@XZ 0040f7a0 f i StdAfx.obj
 0001:0000e7c0       ??1?$CTempBuffer@D$0IA@VCCRTAllocator@ATL@@@ATL@@QAE@XZ 0040f7c0 f i StdAfx.obj
 0001:0000e7e0       ??B?$CTempBuffer@D$0IA@VCCRTAllocator@ATL@@@ATL@@QBEPADXZ 0040f7e0 f i StdAfx.obj
 0001:0000e7f0       ?Allocate@?$CTempBuffer@D$0IA@VCCRTAllocator@ATL@@@ATL@@QAEPADI@Z 0040f7f0 f i StdAfx.obj
 0001:0000e810       ??0?$CW2AEX@$0IA@@ATL@@QAE@PBG@Z 0040f810 f i StdAfx.obj
 0001:0000e840       ??1?$CW2AEX@$0IA@@ATL@@QAE@XZ 0040f840 f i StdAfx.obj
 0001:0000e870       ??B?$CW2AEX@$0IA@@ATL@@QBEPADXZ 0040f870 f i StdAfx.obj
 0001:0000e880       ?AllocateBytes@?$CTempBuffer@D$0IA@VCCRTAllocator@ATL@@@ATL@@QAEPADI@Z 0040f880 f i StdAfx.obj
 0001:0000e8e0       ?FreeHeap@?$CTempBuffer@D$0IA@VCCRTAllocator@ATL@@@ATL@@AAEXXZ 0040f8e0 f i StdAfx.obj
 0001:0000e900       ?Init@?$CW2AEX@$0IA@@ATL@@AAEXPBGI@Z 0040f900 f i StdAfx.obj
 0001:0000e990       ?AtlThrowLastWin32@ATL@@YGXXZ 0040f990 f i StdAfx.obj
 0001:0000e9e0       ?GetData@CAtlSafeAllocBufferNode@?$CAtlSafeAllocBufferManager@VCCRTAllocator@ATL@@@_ATL_SAFE_ALLOCA_IMPL@ATL@@QAEPAXXZ 0040f9e0 f i StdAfx.obj
 0001:0000ea00       ?AllocateHeap@?$CTempBuffer@D$0IA@VCCRTAllocator@ATL@@@ATL@@AAEXI@Z 0040fa00 f i StdAfx.obj
 0001:0000ea40       ??0CAtlWinModule@ATL@@QAE@XZ 0040fa40 f i StdAfx.obj
 0001:0000ea80       ??0_ATL_WIN_MODULE70@ATL@@QAE@XZ 0040fa80 f i StdAfx.obj
 0001:0000eab0       ??0CComCriticalSection@ATL@@QAE@XZ 0040fab0 f i StdAfx.obj
 0001:0000ead0       ??0?$CSimpleArray@GV?$CSimpleArrayEqualHelper@G@ATL@@@ATL@@QAE@XZ 0040fad0 f i StdAfx.obj
 0001:0000eb00       ??1CAtlWinModule@ATL@@QAE@XZ 0040fb00 f i StdAfx.obj
 0001:0000eb50       ?Term@CAtlWinModule@ATL@@QAEXXZ 0040fb50 f i StdAfx.obj
 0001:0000eb70       ?GetModuleInstance@CAtlBaseModule@ATL@@QAEPAUHINSTANCE__@@XZ 0040fb70 f i StdAfx.obj
 0001:0000eb90       ??1_ATL_WIN_MODULE70@ATL@@QAE@XZ 0040fb90 f i StdAfx.obj
 0001:0000ebb0       ?AtlWinModuleTerm@ATL@@YGJPAU_ATL_WIN_MODULE70@1@PAUHINSTANCE__@@@Z 0040fbb0 f i StdAfx.obj
 0001:0000ec50       ?Term@CComCriticalSection@ATL@@QAEJXZ 0040fc50 f i StdAfx.obj
 0001:0000ec70       ??1?$CSimpleArray@GV?$CSimpleArrayEqualHelper@G@ATL@@@ATL@@QAE@XZ 0040fc70 f i StdAfx.obj
 0001:0000ec90       ?GetSize@?$CSimpleArray@GV?$CSimpleArrayEqualHelper@G@ATL@@@ATL@@QBEHXZ 0040fc90 f i StdAfx.obj
 0001:0000ecb0       ?RemoveAll@?$CSimpleArray@GV?$CSimpleArrayEqualHelper@G@ATL@@@ATL@@QAEXXZ 0040fcb0 f i StdAfx.obj
 0001:0000ed10       ??A?$CSimpleArray@GV?$CSimpleArrayEqualHelper@G@ATL@@@ATL@@QAEAAGH@Z 0040fd10 f i StdAfx.obj
 0001:0000ed80       ?_AtlRaiseException@ATL@@YAXKK@Z 0040fd80 f i StdAfx.obj
 0001:0000eda0       ?_GetBaseClass@CWaveRec@@KGPAUCRuntimeClass@@XZ 0040fda0 f   WaveRec.obj
 0001:0000edb0       ?GetThisClass@CWaveRec@@SGPAUCRuntimeClass@@XZ 0040fdb0 f   WaveRec.obj
 0001:0000edc0       ?GetRuntimeClass@CWaveRec@@UBEPAUCRuntimeClass@@XZ 0040fdc0 f   WaveRec.obj
 0001:0000edd0       ??0CWaveRec@@QAE@PAVCWnd@@@Z 0040fdd0 f   WaveRec.obj
 0001:0000eea0       ??1CWaveRec@@UAE@XZ        0040fea0 f   WaveRec.obj
 0001:0000ef00       ?DoDataExchange@CWaveRec@@MAEXPAVCDataExchange@@@Z 0040ff00 f   WaveRec.obj
 0001:0000ef40       ?GetThisMessageMap@CWaveRec@@KGPBUAFX_MSGMAP@@XZ 0040ff40 f   WaveRec.obj
 0001:0000ef50       ?GetMessageMap@CWaveRec@@MBEPBUAFX_MSGMAP@@XZ 0040ff50 f   WaveRec.obj
 0001:0000ef60       ?OnBnClickedRecStop@CWaveRec@@QAEXXZ 0040ff60 f   WaveRec.obj
 0001:0000f080       ?OnBnClickedRecStart@CWaveRec@@QAEXXZ 00410080 f   WaveRec.obj
 0001:0000f180       ?UpdateControls@CWaveRec@@MAEXXZ 00410180 f   WaveRec.obj
 0001:0000f2d0       ?OnInitDialog@CWaveRec@@UAEHXZ 004102d0 f   WaveRec.obj
 0001:0000f380       ?PostMessageStop@CWaveRec@@MAEXXZ 00410380 f   WaveRec.obj
 0001:0000f3b0       ?PostMessageStart@CWaveRec@@MAEXXZ 004103b0 f   WaveRec.obj
 0001:0000f3e0       ?PostMessageCancel@CWaveRec@@MAEXXZ 004103e0 f   WaveRec.obj
 0001:0000f410       ?PostMessagePlay@CWaveRec@@MAEXXZ 00410410 f   WaveRec.obj
 0001:0000f440       ?OnBnClickedCancel@CWaveRec@@QAEXXZ 00410440 f   WaveRec.obj
 0001:0000f4e0       ?RenameWaveFile@CWaveRec@@IAEXXZ 004104e0 f   WaveRec.obj
 0001:0000f630       ?GetWaveFileName@CWaveRec@@IAE_NXZ 00410630 f   WaveRec.obj
 0001:0000f740       ?OnTimer@CWaveRec@@QAEXI@Z 00410740 f   WaveRec.obj
 0001:0000f810       ?OnBnClickedRecPlay@CWaveRec@@QAEXXZ 00410810 f   WaveRec.obj
 0001:0000f990       ?SppLoggerStop@CWaveRec@@MAEHXZ 00410990 f   WaveRec.obj
 0001:0000f9a0       ?SppLoggerPlay@CWaveRec@@MAEHPAD@Z 004109a0 f   WaveRec.obj
 0001:0000f9c0       ?SppLoggerStart@CWaveRec@@MAEHPAD@Z 004109c0 f   WaveRec.obj
 0001:0000f9e0       ?SppLoggerStat@CWaveRec@@MAEHPAH@Z 004109e0 f   WaveRec.obj
 0001:0000fa00       ??_ECWaveRec@@UAEPAXI@Z    00410a00 f i WaveRec.obj
 0001:0000fa00       ??_GCWaveRec@@UAEPAXI@Z    00410a00 f i WaveRec.obj
 0001:0000fa30       __tcsncpy                  00410a30 f i WaveRec.obj
 0001:0000fa50       _SppMessageBoxWithErrorCode 00410a50 f   smartpropoplus:SmartPropoPlus.obj
 0001:0000fae0       _SetLocationDialogWindow   00410ae0 f   smartpropoplus:SmartPropoPlus.obj
 0001:0000fb00       _GetLocationDialogWindow   00410b00 f   smartpropoplus:SmartPropoPlus.obj
 0001:0000fb20       _SetSelectedFilter         00410b20 f   smartpropoplus:SmartPropoPlus.obj
 0001:0000fb40       _SetActiveMode             00410b40 f   smartpropoplus:SmartPropoPlus.obj
 0001:0000fb60       _SetShiftAutoDetect        00410b60 f   smartpropoplus:SmartPropoPlus.obj
 0001:0000fb80       _SetPositiveShift          00410b80 f   smartpropoplus:SmartPropoPlus.obj
 0001:0000fba0       _GetModulation             00410ba0 f   smartpropoplus:SmartPropoPlus.obj
 0001:0000fbc0       _GetDebugLevel             00410bc0 f   smartpropoplus:SmartPropoPlus.obj
 0001:0000fbd0       _ModeDisplayFromInternalName 00410bd0 f   smartpropoplus:SmartPropoPlus.obj
 0001:0000fc80       _isBaseRegistryExist       00410c80 f   smartpropoplus:SmartPropoPlus.obj
 0001:0000fcd0       _GetDefaultVolumeValue     00410cd0 f   smartpropoplus:SmartPropoPlus.obj
 0001:0000fd60       _SetDefaultVolumeValue     00410d60 f   smartpropoplus:SmartPropoPlus.obj
 0001:0000fd80       _GetCurrentAudioState      00410d80 f   smartpropoplus:SmartPropoPlus.obj
 0001:0000fda0       _SetCurrentAudioState      00410da0 f   smartpropoplus:SmartPropoPlus.obj
 0001:0000fdc0       _GetCurrentPpjoyState      00410dc0 f   smartpropoplus:SmartPropoPlus.obj
 0001:0000fdd0       _SetCurrentPpjoyState      00410dd0 f   smartpropoplus:SmartPropoPlus.obj
 0001:0000fdf0       _GetCurrentMixerDevice     00410df0 f   smartpropoplus:SmartPropoPlus.obj
 0001:0000fe20       _GetCurrentInputLine       00410e20 f   smartpropoplus:SmartPropoPlus.obj
 0001:0000fe40       _GetWaveInParams           00410e40 f   smartpropoplus:SmartPropoPlus.obj
 0001:0000fe60       _SetCurrentMixerDevice     00410e60 f   smartpropoplus:SmartPropoPlus.obj
 0001:0000fe80       _SetCurrentInputLine       00410e80 f   smartpropoplus:SmartPropoPlus.obj
 0001:0000fea0       _GetAntiJitterState        00410ea0 f   smartpropoplus:SmartPropoPlus.obj
 0001:0000feb0       _SetAntiJitterState        00410eb0 f   smartpropoplus:SmartPropoPlus.obj
 0001:0000fed0       _GetSppConsoleFullPath     00410ed0 f   smartpropoplus:SmartPropoPlus.obj
 0001:0000fef0       _GetFmsFullPath            00410ef0 f   smartpropoplus:SmartPropoPlus.obj
 0001:00010000       _GetDefaultVolumeValueFromRegistry 00411000 f   smartpropoplus:SppRegistry.obj
 0001:000100d0       _SetDefaultVolumeValueToRegistry 004110d0 f   smartpropoplus:SppRegistry.obj
 0001:000101a0       _GetCurrentAudioStateFromRegistry 004111a0 f   smartpropoplus:SppRegistry.obj
 0001:00010230       _GetCurrentPpjoyStateFromRegistry 00411230 f   smartpropoplus:SppRegistry.obj
 0001:000102c0       _CreateEmptyBaseRegistry   004112c0 f   smartpropoplus:SppRegistry.obj
 0001:00010320       _CreateEmptyAudioRegistry  00411320 f   smartpropoplus:SppRegistry.obj
 0001:00010370       _CreateDefaultSppRegistry  00411370 f   smartpropoplus:SppRegistry.obj
 0001:00010410       _CreateDefaultModRegistry  00411410 f   smartpropoplus:SppRegistry.obj
 0001:00010540       _SetCurrentAudioStateToRegistry 00411540 f   smartpropoplus:SppRegistry.obj
 0001:000105c0       _SetCurrentPpjoyStateToRegistry 004115c0 f   smartpropoplus:SppRegistry.obj
 0001:00010640       _GetCurrentMixerDeviceFromRegistry 00411640 f   smartpropoplus:SppRegistry.obj
 0001:00010710       _GetCurrentInputLineFromRegistry 00411710 f   smartpropoplus:SppRegistry.obj
 0001:00010790       _GetWaveInParamsFromRegistry 00411790 f   smartpropoplus:SppRegistry.obj
 0001:000108c0       _SetCurrentMixerDeviceToRegistry 004118c0 f   smartpropoplus:SppRegistry.obj
 0001:00010940       _SetCurrentInputLineToRegistry 00411940 f   smartpropoplus:SppRegistry.obj
 0001:000109c0       _SetActiveModeToRegistry   004119c0 f   smartpropoplus:SppRegistry.obj
 0001:00010b10       _SetShiftAutoDetectToRegistry 00411b10 f   smartpropoplus:SppRegistry.obj
 0001:00010b80       _SetPositiveShiftToRegistry 00411b80 f   smartpropoplus:SppRegistry.obj
 0001:00010bf0       _isDebugEntryExist         00411bf0 f   smartpropoplus:SppRegistry.obj
 0001:00010c80       _GetDebugLevelFromRegistry 00411c80 f   smartpropoplus:SppRegistry.obj
 0001:00010d80       _GetModulationFromRegistry 00411d80 f   smartpropoplus:SppRegistry.obj
 0001:00011110       _isSppRegistryExist        00412110 f   smartpropoplus:SppRegistry.obj
 0001:00011160       _isModRegistryUpdate       00412160 f   smartpropoplus:SppRegistry.obj
 0001:00011330       _UpdateModRegistry         00412330 f   smartpropoplus:SppRegistry.obj
 0001:00011540       _isAudioRegistryExist      00412540 f   smartpropoplus:SppRegistry.obj
 0001:00011590       _SetSelectedFilterNameToRegistry 00412590 f   smartpropoplus:SppRegistry.obj
 0001:00011610       _GetSelectedFilterNameFromRegistry 00412610 f   smartpropoplus:SppRegistry.obj
 0001:000116e0       _GetLocationDialogWindowFromRegistry 004126e0 f   smartpropoplus:SppRegistry.obj
 0001:00011780       _SetLocationDialogWindowToRegistry 00412780 f   smartpropoplus:SppRegistry.obj
 0001:00011800       _GetAntiJitterStateFromRegistry 00412800 f   smartpropoplus:SppRegistry.obj
 0001:00011890       _SetAntiJitterStateToRegistry 00412890 f   smartpropoplus:SppRegistry.obj
 0001:00011900       _GetSppConsoleFullPathFromRegistry 00412900 f   smartpropoplus:SppRegistry.obj
 0001:00011aa0       _GetFmsFullPathFromRegistry 00412aa0 f   smartpropoplus:SppRegistry.obj
 0001:00011b42       _mixerGetLineControlsA@12  00412b42 f   winmm:WINMM.dll
 0001:00011b48       _mixerSetControlDetails@12 00412b48 f   winmm:WINMM.dll
 0001:00011b4e       _mixerGetControlDetailsA@12 00412b4e f   winmm:WINMM.dll
 0001:00011b54       _mixerGetLineInfoA@12      00412b54 f   winmm:WINMM.dll
 0001:00011b5a       _waveInGetNumDevs@0        00412b5a f   winmm:WINMM.dll
 0001:00011b60       _mixerGetNumDevs@0         00412b60 f   winmm:WINMM.dll
 0001:00011b66       _waveInClose@4             00412b66 f   winmm:WINMM.dll
 0001:00011b6c       _mixerGetID@12             00412b6c f   winmm:WINMM.dll
 0001:00011b72       _waveInOpen@24             00412b72 f   winmm:WINMM.dll
 0001:00011b78       _mixerGetDevCapsA@12       00412b78 f   winmm:WINMM.dll
 0001:00011b7e       _mixerOpen@20              00412b7e f   winmm:WINMM.dll
 0001:00011b84       _SppAudioHdrLoggerStop@0   00412b84 f   Wave2Joystick:Wave2Joystick.dll
 0001:00011b8a       _SppAudioHdrLoggerStart@4  00412b8a f   Wave2Joystick:Wave2Joystick.dll
 0001:00011b90       _SppAudioHdrLoggerGetStat@4 00412b90 f   Wave2Joystick:Wave2Joystick.dll
 0001:00011b96       _SppPulseLoggerStop@0      00412b96 f   Wave2Joystick:Wave2Joystick.dll
 0001:00011b9c       _SppPulseLoggerStart@4     00412b9c f   Wave2Joystick:Wave2Joystick.dll
 0001:00011ba2       _SppPulseLoggerGetStat@4   00412ba2 f   Wave2Joystick:Wave2Joystick.dll
 0001:00011ba8       _SppRawPulseLoggerStop@0   00412ba8 f   Wave2Joystick:Wave2Joystick.dll
 0001:00011bae       _SppRawPulseLoggerStart@4  00412bae f   Wave2Joystick:Wave2Joystick.dll
 0001:00011bb4       _SppRawPulseLoggerGetStat@4 00412bb4 f   Wave2Joystick:Wave2Joystick.dll
 0001:00011bba       _SppStart@0                00412bba f   Wave2Joystick:Wave2Joystick.dll
 0001:00011bc0       _SetFilterInterface@4      00412bc0 f   Wave2Joystick:Wave2Joystick.dll
 0001:00011bc6       _SppSetActiveAudioDevice@4 00412bc6 f   Wave2Joystick:Wave2Joystick.dll
 0001:00011bcc       _GetWave2JoystickObject@0  00412bcc f   Wave2Joystick:Wave2Joystick.dll
 0001:00011bd2       _SppSetModulation@4        00412bd2 f   Wave2Joystick:Wave2Joystick.dll
 0001:00011bd8       _SppSetShift@4             00412bd8 f   Wave2Joystick:Wave2Joystick.dll
 0001:00011bde       _StopInterfaces@0          00412bde f   Wave2Joystick:Wave2Joystick.dll
 0001:00011be4       _StopPPJoyInterface@4      00412be4 f   Wave2Joystick:Wave2Joystick.dll
 0001:00011bea       _StartPPJoyInterface@4     00412bea f   Wave2Joystick:Wave2Joystick.dll
 0001:00011bf0       _SppGetFilteredPos@4       00412bf0 f   Wave2Joystick:Wave2Joystick.dll
 0001:00011bf6       _SppGetAudioLevel@4        00412bf6 f   Wave2Joystick:Wave2Joystick.dll
 0001:00011bfc       _TestPPJoyInterface@4      00412bfc f   Wave2Joystick:Wave2Joystick.dll
 0001:00011c02       _SppSetAntiJitter@4        00412c02 f   Wave2Joystick:Wave2Joystick.dll
 0001:00011c08       _SppWaveLoggerGetStat@4    00412c08 f   Wave2Joystick:Wave2Joystick.dll
 0001:00011c0e       _SppWaveLoggerStop@0       00412c0e f   Wave2Joystick:Wave2Joystick.dll
 0001:00011c14       _SppWaveLoggerPlay@4       00412c14 f   Wave2Joystick:Wave2Joystick.dll
 0001:00011c1a       _SppWaveLoggerStart@4      00412c1a f   Wave2Joystick:Wave2Joystick.dll
 0001:00011c20       ??0CFilterIf@@QAE@XZ       00412c20 f   FilterIf:FilterIf.obj
 0001:00011c60       ??1CFilterIf@@QAE@XZ       00412c60 f   FilterIf:FilterIf.obj
 0001:00011c80       ?Init@CFilterIf@@QAE_NXZ   00412c80 f   FilterIf:FilterIf.obj
 0001:00011d70       ?GetNumberOfFilters@CFilterIf@@QAEHXZ 00412d70 f   FilterIf:FilterIf.obj
 0001:00011d90       ?GetIndexOfSelected@CFilterIf@@QAEHXZ 00412d90 f   FilterIf:FilterIf.obj
 0001:00011e60       ?GetFilterName@CFilterIf@@QAEPADH@Z 00412e60 f   FilterIf:FilterIf.obj
 0001:00011ed0       ?SetSelected@CFilterIf@@QAEHH@Z 00412ed0 f   FilterIf:FilterIf.obj
 0001:00011f50       ?Run@CFilterIf@@IAEPAXPAXHH@Z 00412f50 f   FilterIf:FilterIf.obj
 0001:00011fc0       ?Filter@CFilterIf@@QAEPAHPAH0HH@Z 00412fc0 f   FilterIf:FilterIf.obj
 0001:00012060       __tcscmp                   00413060 f i FilterIf:FilterIf.obj
 0001:00012088       ?GetThisMessageMap@CDialog@@KGPBUAFX_MSGMAP@@XZ 00413088 f   mfc71d:MFC71D.DLL
 0001:0001208e       ?PreInitDialog@CDialog@@MAEXXZ 0041308e f   mfc71d:MFC71D.DLL
 0001:00012094       ?OnCancel@CDialog@@MAEXXZ  00413094 f   mfc71d:MFC71D.DLL
 0001:0001209a       ?OnOK@CDialog@@MAEXXZ      0041309a f   mfc71d:MFC71D.DLL
 0001:000120a0       ?OnSetFont@CDialog@@UAEXPAVCFont@@@Z 004130a0 f   mfc71d:MFC71D.DLL
 0001:000120a6       ?DoModal@CDialog@@UAEHXZ   004130a6 f   mfc71d:MFC71D.DLL
 0001:000120ac       ?CreateIndirect@CDialog@@UAEHPBUDLGTEMPLATE@@PAVCWnd@@PAX@Z 004130ac f   mfc71d:MFC71D.DLL
 0001:000120b2       ?CreateIndirect@CDialog@@UAEHPAXPAVCWnd@@@Z 004130b2 f   mfc71d:MFC71D.DLL
 0001:000120b8       ?Create@CDialog@@UAEHPBDPAVCWnd@@@Z 004130b8 f   mfc71d:MFC71D.DLL
 0001:000120be       ?Create@CDialog@@UAEHIPAVCWnd@@@Z 004130be f   mfc71d:MFC71D.DLL
 0001:000120c4       ?SetOccDialogInfo@CDialog@@MAEHPAU_AFX_OCC_DIALOG_INFO@@@Z 004130c4 f   mfc71d:MFC71D.DLL
 0001:000120ca       ?CreateControlSite@CWnd@@MAEHPAVCOleControlContainer@@PAPAVCOleControlSite@@IABU_GUID@@@Z 004130ca f   mfc71d:MFC71D.DLL
 0001:000120d0       ?CreateControlContainer@CWnd@@MAEHPAPAVCOleControlContainer@@@Z 004130d0 f   mfc71d:MFC71D.DLL
 0001:000120d6       ?IsFrameWnd@CWnd@@UBEHXZ   004130d6 f   mfc71d:MFC71D.DLL
 0001:000120dc       ?CheckAutoCenter@CDialog@@UAEHXZ 004130dc f   mfc71d:MFC71D.DLL
 0001:000120e2       ?OnChildNotify@CWnd@@MAEHIIJPAJ@Z 004130e2 f   mfc71d:MFC71D.DLL
 0001:000120e8       ?PostNcDestroy@CWnd@@MAEXXZ 004130e8 f   mfc71d:MFC71D.DLL
 0001:000120ee       ?DefWindowProcA@CWnd@@MAEJIIJ@Z 004130ee f   mfc71d:MFC71D.DLL
 0001:000120f4       ?OnWndMsg@CWnd@@MAEHIIJPAJ@Z 004130f4 f   mfc71d:MFC71D.DLL
 0001:000120fa       ?WindowProc@CWnd@@MAEJIIJ@Z 004130fa f   mfc71d:MFC71D.DLL
 0001:00012100       ?OnAmbientProperty@CWnd@@UAEHPAVCOleControlSite@@JPAUtagVARIANT@@@Z 00413100 f   mfc71d:MFC71D.DLL
 0001:00012106       ?PreTranslateMessage@CDialog@@UAEHPAUtagMSG@@@Z 00413106 f   mfc71d:MFC71D.DLL
 0001:0001210c       ?EndModalState@CWnd@@UAEXXZ 0041310c f   mfc71d:MFC71D.DLL
 0001:00012112       ?BeginModalState@CWnd@@UAEXXZ 00413112 f   mfc71d:MFC71D.DLL
 0001:00012118       ?GetSuperWndProcAddr@CWnd@@MAEPAP6GJPAUHWND__@@IIJ@ZXZ 00413118 f   mfc71d:MFC71D.DLL
 0001:0001211e       ?OnNotify@CWnd@@MAEHIJPAJ@Z 0041311e f   mfc71d:MFC71D.DLL
 0001:00012124       ?OnCommand@CWnd@@MAEHIJ@Z  00413124 f   mfc71d:MFC71D.DLL
 0001:0001212a       ?CreateAccessibleProxy@CWnd@@UAEJIJPAJ@Z 0041312a f   mfc71d:MFC71D.DLL
 0001:00012130       ?SetProxy@CWnd@@UAEJPAUIAccessibleProxy@@@Z 00413130 f   mfc71d:MFC71D.DLL
 0001:00012140       ?accDoDefaultAction@CWnd@@UAEJUtagVARIANT@@@Z 00413140 f   mfc71d:MFC71D.DLL
 0001:00012146       ?accHitTest@CWnd@@UAEJJJPAUtagVARIANT@@@Z 00413146 f   mfc71d:MFC71D.DLL
 0001:0001214c       ?accNavigate@CWnd@@UAEJJUtagVARIANT@@PAU2@@Z 0041314c f   mfc71d:MFC71D.DLL
 0001:00012152       ?accLocation@CWnd@@UAEJPAJ000UtagVARIANT@@@Z 00413152 f   mfc71d:MFC71D.DLL
 0001:00012158       ?accSelect@CWnd@@UAEJJUtagVARIANT@@@Z 00413158 f   mfc71d:MFC71D.DLL
 0001:00012160       ?get_accSelection@CWnd@@UAEJPAUtagVARIANT@@@Z 00413160 f   mfc71d:MFC71D.DLL
 0001:00012166       ?get_accFocus@CWnd@@UAEJPAUtagVARIANT@@@Z 00413166 f   mfc71d:MFC71D.DLL
 0001:00012170       ?get_accState@CWnd@@UAEJUtagVARIANT@@PAU2@@Z 00413170 f   mfc71d:MFC71D.DLL
 0001:00012176       ?get_accRole@CWnd@@UAEJUtagVARIANT@@PAU2@@Z 00413176 f   mfc71d:MFC71D.DLL
 0001:00012180       ?get_accChild@CWnd@@UAEJUtagVARIANT@@PAPAUIDispatch@@@Z 00413180 f   mfc71d:MFC71D.DLL
 0001:00012186       ?get_accChildCount@CWnd@@UAEJPAJ@Z 00413186 f   mfc71d:MFC71D.DLL
 0001:0001218c       ?get_accParent@CWnd@@UAEJPAPAUIDispatch@@@Z 0041318c f   mfc71d:MFC71D.DLL
 0001:00012192       ?EnsureStdObj@CWnd@@UAEJXZ 00413192 f   mfc71d:MFC71D.DLL
 0001:00012198       ?EndModalLoop@CWnd@@UAEXH@Z 00413198 f   mfc71d:MFC71D.DLL
 0001:0001219e       ?ContinueModal@CWnd@@UAEHXZ 0041319e f   mfc71d:MFC71D.DLL
 0001:000121a4       ?WinHelpInternal@CWnd@@UAEXKI@Z 004131a4 f   mfc71d:MFC71D.DLL
 0001:000121aa       ?HtmlHelpA@CWnd@@UAEXKI@Z  004131aa f   mfc71d:MFC71D.DLL
 0001:000121b0       ?WinHelpA@CWnd@@UAEXKI@Z   004131b0 f   mfc71d:MFC71D.DLL
 0001:000121b6       ?GetScrollBarCtrl@CWnd@@UBEPAVCScrollBar@@H@Z 004131b6 f   mfc71d:MFC71D.DLL
 0001:000121bc       ?OnToolHitTest@CWnd@@UBEHVCPoint@@PAUtagTOOLINFOA@@@Z 004131bc f   mfc71d:MFC71D.DLL
 0001:000121c2       ?CalcWindowRect@CWnd@@UAEXPAUtagRECT@@I@Z 004131c2 f   mfc71d:MFC71D.DLL
 0001:000121c8       ?PreCreateWindow@CWnd@@UAEHAAUtagCREATESTRUCTA@@@Z 004131c8 f   mfc71d:MFC71D.DLL
 0001:000121ce       ?DestroyWindow@CWnd@@UAEHXZ 004131ce f   mfc71d:MFC71D.DLL
 0001:000121d4       ?CreateEx@CWnd@@UAEHKPBD0KHHHHPAUHWND__@@PAUHMENU__@@PAX@Z 004131d4 f   mfc71d:MFC71D.DLL
 0001:000121da       ?CreateEx@CWnd@@UAEHKPBD0KABUtagRECT@@PAV1@IPAX@Z 004131da f   mfc71d:MFC71D.DLL
 0001:000121e0       ?Create@CWnd@@UAEHPBD0KABUtagRECT@@PAV1@IPAUCCreateContext@@@Z 004131e0 f   mfc71d:MFC71D.DLL
 0001:000121e6       ?PreSubclassWindow@CWnd@@UAEXXZ 004131e6 f   mfc71d:MFC71D.DLL
 0001:000121ec       ?GetConnectionHook@CCmdTarget@@MAEPAUIConnectionPoint@@ABU_GUID@@@Z 004131ec f   mfc71d:MFC71D.DLL
 0001:000121f2       ?GetExtraConnectionPoints@CCmdTarget@@MAEHPAVCPtrArray@@@Z 004131f2 f   mfc71d:MFC71D.DLL
 0001:000121f8       ?GetInterfaceHook@CCmdTarget@@UAEPAUIUnknown@@PBX@Z 004131f8 f   mfc71d:MFC71D.DLL
 0001:000121fe       ?OnCreateAggregates@CCmdTarget@@UAEHXZ 004131fe f   mfc71d:MFC71D.DLL
 0001:00012204       ?GetEventSinkMap@CCmdTarget@@MBEPBUAFX_EVENTSINKMAP@@XZ 00413204 f   mfc71d:MFC71D.DLL
 0001:0001220a       ?GetInterfaceMap@CWnd@@MBEPBUAFX_INTERFACEMAP@@XZ 0041320a f   mfc71d:MFC71D.DLL
 0001:00012210       ?GetConnectionMap@CCmdTarget@@MBEPBUAFX_CONNECTIONMAP@@XZ 00413210 f   mfc71d:MFC71D.DLL
 0001:00012216       ?GetDispatchMap@CCmdTarget@@MBEPBUAFX_DISPMAP@@XZ 00413216 f   mfc71d:MFC71D.DLL
 0001:0001221c       ?GetCommandMap@CCmdTarget@@MBEPBUAFX_OLECMDMAP@@XZ 0041321c f   mfc71d:MFC71D.DLL
 0001:00012222       ?GetTypeLib@CCmdTarget@@UAEJKPAPAUITypeLib@@@Z 00413222 f   mfc71d:MFC71D.DLL
 0001:00012228       ?GetTypeLibCache@CCmdTarget@@UAEPAVCTypeLibCache@@XZ 00413228 f   mfc71d:MFC71D.DLL
 0001:0001222e       ?GetTypeInfoCount@CCmdTarget@@UAEIXZ 0041322e f   mfc71d:MFC71D.DLL
 0001:00012234       ?GetDispatchIID@CCmdTarget@@UAEHPAU_GUID@@@Z 00413234 f   mfc71d:MFC71D.DLL
 0001:0001223a       ?IsInvokeAllowed@CCmdTarget@@UAEHJ@Z 0041323a f   mfc71d:MFC71D.DLL
 0001:00012240       ?OnFinalRelease@CWnd@@UAEXXZ 00413240 f   mfc71d:MFC71D.DLL
 0001:00012246       ?OnCmdMsg@CDialog@@UAEHIHPAXPAUAFX_CMDHANDLERINFO@@@Z 00413246 f   mfc71d:MFC71D.DLL
 0001:0001224c       ?Dump@CDialog@@UBEXAAVCDumpContext@@@Z 0041324c f   mfc71d:MFC71D.DLL
 0001:00012252       ?AssertValid@CDialog@@UBEXXZ 00413252 f   mfc71d:MFC71D.DLL
 0001:00012258       ?Serialize@CObject@@UAEXAAVCArchive@@@Z 00413258 f   mfc71d:MFC71D.DLL
 0001:0001225e       ?GetRuntimeClass@CDialog@@UBEPAUCRuntimeClass@@XZ 0041325e f   mfc71d:MFC71D.DLL
 0001:00012264       ??1CDialog@@UAE@XZ         00413264 f   mfc71d:MFC71D.DLL
 0001:0001226a       ??0CDialog@@QAE@IPAVCWnd@@@Z 0041326a f   mfc71d:MFC71D.DLL
 0001:00012270       ??3CObject@@SGXPAX@Z       00413270 f   mfc71d:MFC71D.DLL
 0001:00012276       ??1CStatic@@UAE@XZ         00413276 f   mfc71d:MFC71D.DLL
 0001:0001227c       ??1?$CStringT@DV?$StrTraitMFC_DLL@DV?$ChTraitsCRT@D@ATL@@@@@ATL@@QAE@XZ 0041327c f   mfc71d:MFC71D.DLL
 0001:00012282       ??1CFont@@UAE@XZ           00413282 f   mfc71d:MFC71D.DLL
 0001:00012288       ?DoDataExchange@CWnd@@MAEXPAVCDataExchange@@@Z 00413288 f   mfc71d:MFC71D.DLL
 0001:0001228e       ?OnInitDialog@CDialog@@UAEHXZ 0041328e f   mfc71d:MFC71D.DLL
 0001:00012294       ??B?$CSimpleStringT@D$00@ATL@@QBEPBDXZ 00413294 f   mfc71d:MFC71D.DLL
 0001:0001229a       ?Format@?$CStringT@DV?$StrTraitMFC_DLL@DV?$ChTraitsCRT@D@ATL@@@@@ATL@@QAAXPBDZZ 0041329a f   mfc71d:MFC71D.DLL
 0001:000122a0       ?GetDlgItem@CWnd@@QBEPAV1@H@Z 004132a0 f   mfc71d:MFC71D.DLL
 0001:000122a6       ??0?$CStringT@DV?$StrTraitMFC_DLL@DV?$ChTraitsCRT@D@ATL@@@@@ATL@@QAE@XZ 004132a6 f   mfc71d:MFC71D.DLL
 0001:000122ac       ??0?$CStringT@DV?$StrTraitMFC_DLL@DV?$ChTraitsCRT@D@ATL@@@@@ATL@@QAE@PBD@Z 004132ac f   mfc71d:MFC71D.DLL
 0001:000122b2       ?SetWindowTextA@CWnd@@QAEXPBD@Z 004132b2 f   mfc71d:MFC71D.DLL
 0001:000122b8       ?SubclassDlgItem@CWnd@@QAEHIPAV1@@Z 004132b8 f   mfc71d:MFC71D.DLL
 0001:000122be       ??3@YAXPAXPBDH@Z           004132be f   mfc71d:MFC71D.DLL
 0001:000122c4       ??2@YAPAXIPBDH@Z           004132c4 f   mfc71d:MFC71D.DLL
 0001:000122ca       ??3@YAXPAX@Z               004132ca f   mfc71d:MFC71D.DLL
 0001:000122d0       ??3CObject@@SGXPAXPBDH@Z   004132d0 f   mfc71d:MFC71D.DLL
 0001:000122d6       ??2CObject@@SGPAXIPBDH@Z   004132d6 f   mfc71d:MFC71D.DLL
 0001:000122dc       ?GetRuntimeClass@CObject@@UBEPAUCRuntimeClass@@XZ 004132dc f   mfc71d:MFC71D.DLL
 0001:000122e2       ??0CObject@@IAE@XZ         004132e2 f   mfc71d:MFC71D.DLL
 0001:000122e8       ?AfxThrowInvalidArgException@@YGXXZ 004132e8 f   mfc71d:MFC71D.DLL
 0001:000122ee       ?AfxAssertFailedLine@@YGHPBDH@Z 004132ee f   mfc71d:MFC71D.DLL
 0001:000122f4       ?AfxAssertValidObject@@YGXPBVCObject@@PBDH@Z 004132f4 f   mfc71d:MFC71D.DLL
 0001:000122fa       ??1CObject@@UAE@XZ         004132fa f   mfc71d:MFC71D.DLL
 0001:00012300       ??_V@YAXPAX@Z              00413300 f   mfc71d:MFC71D.DLL
 0001:00012306       ?ReadCount@CArchive@@QAEKXZ 00413306 f   mfc71d:MFC71D.DLL
 0001:0001230c       ?WriteCount@CArchive@@QAEXK@Z 0041330c f   mfc71d:MFC71D.DLL
 0001:00012312       ?IsStoring@CArchive@@QBEHXZ 00413312 f   mfc71d:MFC71D.DLL
 0001:00012318       ?GetDepth@CDumpContext@@QBEHXZ 00413318 f   mfc71d:MFC71D.DLL
 0001:0001231e       ??6CDumpContext@@QAEAAV0@H@Z 0041331e f   mfc71d:MFC71D.DLL
 0001:00012324       ??6CDumpContext@@QAEAAV0@PBD@Z 00413324 f   mfc71d:MFC71D.DLL
 0001:0001232a       ?Dump@CObject@@UBEXAAVCDumpContext@@@Z 0041332a f   mfc71d:MFC71D.DLL
 0001:00012330       ?AfxIsValidAddress@@YGHPBXIH@Z 00413330 f   mfc71d:MFC71D.DLL
 0001:00012336       ?AssertValid@CObject@@UBEXXZ 00413336 f   mfc71d:MFC71D.DLL
 0001:0001233c       ??_U@YAPAXI@Z              0041333c f   mfc71d:MFC71D.DLL
 0001:00012342       ??_U@YAPAXIPBDH@Z          00413342 f   mfc71d:MFC71D.DLL
 0001:00012348       ?Read@CArchive@@QAEIPAXI@Z 00413348 f   mfc71d:MFC71D.DLL
 0001:0001234e       ?Write@CArchive@@QAEXPBXI@Z 0041334e f   mfc71d:MFC71D.DLL
 0001:00012354       ??1CEdit@@UAE@XZ           00413354 f   mfc71d:MFC71D.DLL
 0001:0001235a       ??1CSliderCtrl@@UAE@XZ     0041335a f   mfc71d:MFC71D.DLL
 0001:00012360       ??0CEdit@@QAE@XZ           00413360 f   mfc71d:MFC71D.DLL
 0001:00012366       ??0CSliderCtrl@@QAE@XZ     00413366 f   mfc71d:MFC71D.DLL
 0001:0001236c       ?DDX_Control@@YGXPAVCDataExchange@@HAAVCWnd@@@Z 0041336c f   mfc71d:MFC71D.DLL
 0001:00012372       ?OnHScroll@CWnd@@IAEXIIPAVCScrollBar@@@Z 00413372 f   mfc71d:MFC71D.DLL
 0001:00012378       ?GetDlgCtrlID@CWnd@@QBEHXZ 00413378 f   mfc71d:MFC71D.DLL
 0001:0001237e       ?SetTicFreq@CSliderCtrl@@QAEXH@Z 0041337e f   mfc71d:MFC71D.DLL
 0001:00012384       ?SetPos@CSliderCtrl@@QAEXH@Z 00413384 f   mfc71d:MFC71D.DLL
 0001:0001238a       ?SetLimitText@CEdit@@QAEXI@Z 0041338a f   mfc71d:MFC71D.DLL
 0001:00012390       ?SetSel@CEdit@@QAEXHHH@Z   00413390 f   mfc71d:MFC71D.DLL
 0001:00012396       ?GetLength@?$CSimpleStringT@D$00@ATL@@QBEHXZ 00413396 f   mfc71d:MFC71D.DLL
 0001:0001239c       ?GetWindowTextA@CWnd@@QBEXAAV?$CStringT@DV?$StrTraitMFC_DLL@DV?$ChTraitsCRT@D@ATL@@@@@ATL@@@Z 0041339c f   mfc71d:MFC71D.DLL
 0001:000123a2       ?GetThisMessageMap@CWnd@@KGPBUAFX_MSGMAP@@XZ 004133a2 f   mfc71d:MFC71D.DLL
 0001:000123a8       ?DrawItem@CStatic@@UAEXPAUtagDRAWITEMSTRUCT@@@Z 004133a8 f   mfc71d:MFC71D.DLL
 0001:000123ae       ?Create@CStatic@@UAEHPBDKABUtagRECT@@PAVCWnd@@I@Z 004133ae f   mfc71d:MFC71D.DLL
 0001:000123b4       ?SetOccDialogInfo@CWnd@@MAEHPAU_AFX_OCC_DIALOG_INFO@@@Z 004133b4 f   mfc71d:MFC71D.DLL
 0001:000123ba       ?CheckAutoCenter@CWnd@@UAEHXZ 004133ba f   mfc71d:MFC71D.DLL
 0001:000123c0       ?OnChildNotify@CStatic@@MAEHIIJPAJ@Z 004133c0 f   mfc71d:MFC71D.DLL
 0001:000123c6       ?PreTranslateMessage@CWnd@@UAEHPAUtagMSG@@@Z 004133c6 f   mfc71d:MFC71D.DLL
 0001:000123cc       ?OnCmdMsg@CCmdTarget@@UAEHIHPAXPAUAFX_CMDHANDLERINFO@@@Z 004133cc f   mfc71d:MFC71D.DLL
 0001:000123d2       ?Dump@CWnd@@UBEXAAVCDumpContext@@@Z 004133d2 f   mfc71d:MFC71D.DLL
 0001:000123d8       ?AssertValid@CWnd@@UBEXXZ  004133d8 f   mfc71d:MFC71D.DLL
 0001:000123de       ?GetRuntimeClass@CStatic@@UBEPAUCRuntimeClass@@XZ 004133de f   mfc71d:MFC71D.DLL
 0001:000123e4       ??1CBrush@@UAE@XZ          004133e4 f   mfc71d:MFC71D.DLL
 0001:000123ea       ??1CPen@@UAE@XZ            004133ea f   mfc71d:MFC71D.DLL
 0001:000123f0       ??0CBrush@@QAE@XZ          004133f0 f   mfc71d:MFC71D.DLL
 0001:000123f6       ??0CPen@@QAE@XZ            004133f6 f   mfc71d:MFC71D.DLL
 0001:000123fc       ??0CStatic@@QAE@XZ         004133fc f   mfc71d:MFC71D.DLL
 0001:00012402       ??0CClientDC@@QAE@PAVCWnd@@@Z 00413402 f   mfc71d:MFC71D.DLL
 0001:00012408       ??1CPaintDC@@UAE@XZ        00413408 f   mfc71d:MFC71D.DLL
 0001:0001240e       ??0CPaintDC@@QAE@PAVCWnd@@@Z 0041340e f   mfc71d:MFC71D.DLL
 0001:00012414       ?OnTimer@CWnd@@IAEXI@Z     00413414 f   mfc71d:MFC71D.DLL
 0001:0001241a       ?GetClientRect@CWnd@@QBEXPAUtagRECT@@@Z 0041341a f   mfc71d:MFC71D.DLL
 0001:00012420       ?KillTimer@CWnd@@QAEHI@Z   00413420 f   mfc71d:MFC71D.DLL
 0001:00012426       ?SetTimer@CWnd@@QAEIIIP6GXPAUHWND__@@IIK@Z@Z 00413426 f   mfc71d:MFC71D.DLL
 0001:0001242c       ?SelectObject@CDC@@QAEPAVCBrush@@PAV2@@Z 0041342c f   mfc71d:MFC71D.DLL
 0001:00012432       ?SelectObject@CDC@@QAEPAVCPen@@PAV2@@Z 00413432 f   mfc71d:MFC71D.DLL
 0001:00012438       ?CreateSolidBrush@CBrush@@QAEHK@Z 00413438 f   mfc71d:MFC71D.DLL
 0001:0001243e       ?CreatePen@CPen@@QAEHHHK@Z 0041343e f   mfc71d:MFC71D.DLL
 0001:00012444       ?DeleteObject@CGdiObject@@QAEHXZ 00413444 f   mfc71d:MFC71D.DLL
 0001:0001244a       ?Ellipse@CDC@@QAEHHHHH@Z   0041344a f   mfc71d:MFC71D.DLL
 0001:00012450       ?Arc@CDC@@QAEHPBUtagRECT@@UtagPOINT@@1@Z 00413450 f   mfc71d:MFC71D.DLL
 0001:00012456       ?MoveTo@CDC@@QAE?AVCPoint@@UtagPOINT@@@Z 00413456 f   mfc71d:MFC71D.DLL
 0001:0001245c       ?Ellipse@CDC@@QAEHPBUtagRECT@@@Z 0041345c f   mfc71d:MFC71D.DLL
 0001:00012462       ?LineTo@CDC@@QAEHHH@Z      00413462 f   mfc71d:MFC71D.DLL
 0001:00012468       ?MoveTo@CDC@@QAE?AVCPoint@@HH@Z 00413468 f   mfc71d:MFC71D.DLL
 0001:0001246e       ?FillRect@CDC@@QAEXPBUtagRECT@@PAVCBrush@@@Z 0041346e f   mfc71d:MFC71D.DLL
 0001:00012474       ?EnableWindow@CWnd@@QAEHH@Z 00413474 f   mfc71d:MFC71D.DLL
 0001:0001247a       ?PostMessageA@CWnd@@QAEHIIJ@Z 0041347a f   mfc71d:MFC71D.DLL
 0001:00012480       ?GetParent@CWnd@@QBEPAV1@XZ 00413480 f   mfc71d:MFC71D.DLL
 0001:00012486       ?GetThisClass@CDialog@@SGPAUCRuntimeClass@@XZ 00413486 f   mfc71d:MFC71D.DLL
 0001:0001248c       ?GetCheck@CButton@@QBEHXZ  0041348c f   mfc71d:MFC71D.DLL
 0001:00012492       ?GetCurSel@CListBox@@QBEHXZ 00413492 f   mfc71d:MFC71D.DLL
 0001:00012498       ?GetCurSel@CComboBox@@QBEHXZ 00413498 f   mfc71d:MFC71D.DLL
 0001:0001249e       ?SetCheck@CButton@@QAEXH@Z 0041349e f   mfc71d:MFC71D.DLL
 0001:000124a4       ?SetCurSel@CListBox@@QAEHH@Z 004134a4 f   mfc71d:MFC71D.DLL
 0001:000124aa       ?SetCurSel@CComboBox@@QAEHH@Z 004134aa f   mfc71d:MFC71D.DLL
 0001:000124b0       ?GetCount@CListBox@@QBEHXZ 004134b0 f   mfc71d:MFC71D.DLL
 0001:000124b6       ?GetCount@CComboBox@@QBEHXZ 004134b6 f   mfc71d:MFC71D.DLL
 0001:000124bc       ?AfxGetApp@@YGPAVCWinApp@@XZ 004134bc f   mfc71d:MFC71D.DLL
 0001:000124c2       ?RedrawWindow@CWnd@@QAEHPBUtagRECT@@PAVCRgn@@I@Z 004134c2 f   mfc71d:MFC71D.DLL
 0001:000124c8       ?LineScroll@CEdit@@QAEXHH@Z 004134c8 f   mfc71d:MFC71D.DLL
 0001:000124ce       ?GetLineCount@CEdit@@QBEHXZ 004134ce f   mfc71d:MFC71D.DLL
 0001:000124d4       ?GetText@CListBox@@QBEXHAAV?$CStringT@DV?$StrTraitMFC_DLL@DV?$ChTraitsCRT@D@ATL@@@@@ATL@@@Z 004134d4 f   mfc71d:MFC71D.DLL
 0001:000124da       ??4?$CStringT@DV?$StrTraitMFC_DLL@DV?$ChTraitsCRT@D@ATL@@@@@ATL@@QAEAAV01@PBD@Z 004134da f   mfc71d:MFC71D.DLL
 0001:000124e0       ??0?$CStringT@DV?$StrTraitMFC_DLL@DV?$ChTraitsCRT@D@ATL@@@@@ATL@@QAE@ABV01@@Z 004134e0 f   mfc71d:MFC71D.DLL
 0001:000124e6       ?Concatenate@?$CSimpleStringT@D$00@ATL@@KAXAAV12@PBDH1H@Z 004134e6 f   mfc71d:MFC71D.DLL
 0001:000124ec       ??0?$CStringT@DV?$StrTraitMFC_DLL@DV?$ChTraitsCRT@D@ATL@@@@@ATL@@QAE@PAUIAtlStringMgr@1@@Z 004134ec f   mfc71d:MFC71D.DLL
 0001:000124f2       ?GetManager@?$CSimpleStringT@D$00@ATL@@QBEPAUIAtlStringMgr@2@XZ 004134f2 f   mfc71d:MFC71D.DLL
 0001:000124f8       ?OnHelp@CWinApp@@IAEXXZ    004134f8 f   mfc71d:MFC71D.DLL
 0001:000124fe       ?GetThisMessageMap@CWinApp@@KGPBUAFX_MSGMAP@@XZ 004134fe f   mfc71d:MFC71D.DLL
 0001:00012504       ?LoadSysPolicies@CWinApp@@UAEHXZ 00413504 f   mfc71d:MFC71D.DLL
 0001:0001250a       ?LoadAppLangResourceDLL@CWinApp@@UAEPAUHINSTANCE__@@XZ 0041350a f   mfc71d:MFC71D.DLL
 0001:00012510       ?WinHelpInternal@CWinApp@@UAEXKI@Z 00413510 f   mfc71d:MFC71D.DLL
 0001:00012516       ?HtmlHelpA@CWinApp@@UAEXKI@Z 00413516 f   mfc71d:MFC71D.DLL
 0001:0001251c       ?WinHelpA@CWinApp@@UAEXKI@Z 0041351c f   mfc71d:MFC71D.DLL
 0001:00012522       ?OnDDECommand@CWinApp@@UAEHPAD@Z 00413522 f   mfc71d:MFC71D.DLL
 0001:00012528       ?DoWaitCursor@CWinApp@@UAEXH@Z 00413528 f   mfc71d:MFC71D.DLL
 0001:0001252e       ?DoMessageBox@CWinApp@@UAEHPBDII@Z 0041352e f   mfc71d:MFC71D.DLL
 0001:00012534       ?SaveAllModified@CWinApp@@UAEHXZ 00413534 f   mfc71d:MFC71D.DLL
 0001:0001253a       ?InitApplication@CWinApp@@UAEHXZ 0041353a f   mfc71d:MFC71D.DLL
 0001:00012540       ?AddToRecentFileList@CWinApp@@UAEXPBD@Z 00413540 f   mfc71d:MFC71D.DLL
 0001:00012546       ?OpenDocumentFile@CWinApp@@UAEPAVCDocument@@PBD@Z 00413546 f   mfc71d:MFC71D.DLL
 0001:0001254c       ?Unregister@CWinApp@@UAEHXZ 0041354c f   mfc71d:MFC71D.DLL
 0001:00012552       ?Register@CWinApp@@UAEHXZ  00413552 f   mfc71d:MFC71D.DLL
 0001:00012558       ?InitLibId@CWinApp@@UAEXXZ 00413558 f   mfc71d:MFC71D.DLL
 0001:0001255e       ?Delete@CWinThread@@UAEXXZ 0041355e f   mfc71d:MFC71D.DLL
 0001:00012564       ?GetMainWnd@CWinThread@@UAEPAVCWnd@@XZ 00413564 f   mfc71d:MFC71D.DLL
 0001:0001256a       ?ProcessMessageFilter@CWinThread@@UAEHHPAUtagMSG@@@Z 0041356a f   mfc71d:MFC71D.DLL
 0001:00012570       ?ProcessWndProcException@CWinApp@@UAEJPAVCException@@PBUtagMSG@@@Z 00413570 f   mfc71d:MFC71D.DLL
 0001:00012576       ?ExitInstance@CWinApp@@UAEHXZ 00413576 f   mfc71d:MFC71D.DLL
 0001:0001257c       ?IsIdleMessage@CWinThread@@UAEHPAUtagMSG@@@Z 0041357c f   mfc71d:MFC71D.DLL
 0001:00012582       ?OnIdle@CWinApp@@UAEHJ@Z   00413582 f   mfc71d:MFC71D.DLL
 0001:00012588       ?PumpMessage@CWinThread@@UAEHXZ 00413588 f   mfc71d:MFC71D.DLL
 0001:0001258e       ?PreTranslateMessage@CWinThread@@UAEHPAUtagMSG@@@Z 0041358e f   mfc71d:MFC71D.DLL
 0001:00012594       ?Run@CWinApp@@UAEHXZ       00413594 f   mfc71d:MFC71D.DLL
 0001:0001259a       ?GetInterfaceMap@CCmdTarget@@MBEPBUAFX_INTERFACEMAP@@XZ 0041359a f   mfc71d:MFC71D.DLL
 0001:000125a0       ?OnFinalRelease@CCmdTarget@@UAEXXZ 004135a0 f   mfc71d:MFC71D.DLL
 0001:000125a6       ?Dump@CWinApp@@UBEXAAVCDumpContext@@@Z 004135a6 f   mfc71d:MFC71D.DLL
 0001:000125ac       ?AssertValid@CWinApp@@UBEXXZ 004135ac f   mfc71d:MFC71D.DLL
 0001:000125b2       ?GetRuntimeClass@CWinApp@@UBEPAUCRuntimeClass@@XZ 004135b2 f   mfc71d:MFC71D.DLL
 0001:000125b8       ??0CWinApp@@QAE@PBD@Z      004135b8 f   mfc71d:MFC71D.DLL
 0001:000125be       ??1CWinApp@@UAE@XZ         004135be f   mfc71d:MFC71D.DLL
 0001:000125c4       ??1CProgressCtrl@@UAE@XZ   004135c4 f   mfc71d:MFC71D.DLL
 0001:000125ca       ?LoadIconA@CWinApp@@QBEPAUHICON__@@I@Z 004135ca f   mfc71d:MFC71D.DLL
 0001:000125d0       ??0CProgressCtrl@@QAE@XZ   004135d0 f   mfc71d:MFC71D.DLL
 0001:000125d6       ?DDX_Check@@YGXPAVCDataExchange@@HAAH@Z 004135d6 f   mfc71d:MFC71D.DLL
 0001:000125dc       ?SendMessageA@CWnd@@QAEJIIJ@Z 004135dc f   mfc71d:MFC71D.DLL
 0001:000125e2       ?SetBkColor@CProgressCtrl@@QAEKK@Z 004135e2 f   mfc71d:MFC71D.DLL
 0001:000125e8       ?SetRange@CProgressCtrl@@QAEXFF@Z 004135e8 f   mfc71d:MFC71D.DLL
 0001:000125ee       ?LoadMenuA@CMenu@@QAEHI@Z  004135ee f   mfc71d:MFC71D.DLL
 0001:000125f4       ??0CMenu@@QAE@XZ           004135f4 f   mfc71d:MFC71D.DLL
 0001:000125fa       ?ModifyStyleEx@CWnd@@QAEHKKI@Z 004135fa f   mfc71d:MFC71D.DLL
 0001:00012600       ?EnableToolTips@CWnd@@QAEHH@Z 00413600 f   mfc71d:MFC71D.DLL
 0001:00012606       ?SetIcon@CWnd@@QAEPAUHICON__@@PAU2@H@Z 00413606 f   mfc71d:MFC71D.DLL
 0001:0001260c       ?OnDestroy@CWnd@@IAEXXZ    0041360c f   mfc71d:MFC71D.DLL
 0001:00012612       ?OnPaint@CDialog@@IAEXXZ   00413612 f   mfc71d:MFC71D.DLL
 0001:00012618       ?DrawIcon@CDC@@QAEHHHPAUHICON__@@@Z 00413618 f   mfc71d:MFC71D.DLL
 0001:0001261e       ?GetSafeHdc@CDC@@QBEPAUHDC__@@XZ 0041361e f   mfc71d:MFC71D.DLL
 0001:00012624       ?IsIconic@CWnd@@QBEHXZ     00413624 f   mfc71d:MFC71D.DLL
 0001:0001262a       ?Compare@?$CStringT@DV?$StrTraitMFC_DLL@DV?$ChTraitsCRT@D@ATL@@@@@ATL@@QBEHPBD@Z 0041362a f   mfc71d:MFC71D.DLL
 0001:00012630       ?ShowWindow@CWnd@@QAEHH@Z  00413630 f   mfc71d:MFC71D.DLL
 0001:00012636       ?InsertString@CListBox@@QAEHHPBD@Z 00413636 f   mfc71d:MFC71D.DLL
 0001:0001263c       ?SetDlgItemTextA@CWnd@@QAEXHPBD@Z 0041363c f   mfc71d:MFC71D.DLL
 0001:00012642       ?GetWindowRect@CWnd@@QBEXPAUtagRECT@@@Z 00413642 f   mfc71d:MFC71D.DLL
 0001:00012648       ?GetWindowPlacement@CWnd@@QBEHPAUtagWINDOWPLACEMENT@@@Z 00413648 f   mfc71d:MFC71D.DLL
[...]
   300 0001:00016e76   301 0001:00016e93   302 0001:00016ea2   303 0001:00016ea4
   304 0001:00016f04   308 0001:00016f10   310 0001:00016f24   312 0001:00016f2b
   313 0001:00016f44   315 0001:00016f4e   317 0001:00016f72   319 0001:00016f87
   320 0001:00016fbc   321 0001:00016fc5   322 0001:00016fcf   323 0001:00016fd1
   326 0001:00016fe3   328 0001:00016ffe   329 0001:00017034   330 0001:0001703d
   331 0001:00017047   332 0001:00017049   335 0001:0001705b   336 0001:00017085
   338 0001:00017089   339 0001:0001708f   340 0001:000170a9   341 0001:000170ab
   343 0001:000170b8   347 0001:000170d0   349 0001:000170e4   350 0001:000170eb
   351 0001:000170f5   352 0001:0001710f   354 0001:00017119   356 0001:0001713d
   358 0001:00017152   359 0001:00017187   360 0001:00017190   361 0001:0001719a
   362 0001:0001719c   365 0001:000171ae   367 0001:000171c9   368 0001:000171ff
   369 0001:00017208   370 0001:00017212   371 0001:00017214   374 0001:00017226
   375 0001:00017250   377 0001:00017256   378 0001:0001725c   379 0001:00017276
   380 0001:00017278   383 0001:00017285   386 0001:000172a0   387 0001:000172b0
   390 0001:000172dd   391 0001:000172fc   392 0001:00017300   394 0001:00017313
   395 0001:0001733b   398 0001:0001733f   399 0001:00017342   402 0001:00017360
   403 0001:00017366   404 0001:0001736c   405 0001:00017376   406 0001:0001739e
   409 0001:000173b0   410 0001:000173b4   411 0001:000173ba   412 0001:000173c2
   415 0001:000173d0   416 0001:000173d6   418 0001:000173fd   419 0001:00017403
   420 0001:0001742f   421 0001:0001743a   423 0001:00017461   425 0001:0001746b
   426 0001:00017480   427 0001:00017499   428 0001:000174aa   429 0001:000174bc
   430 0001:000174cf   431 0001:000174e2   432 0001:000174f5   434 0001:00017506
   435 0001:0001750b   438 0001:00017520   439 0001:00017526   440 0001:0001754d
   441 0001:00017553   443 0001:00017558   444 0001:0001755e   446 0001:0001758a
   447 0001:0001759b   448 0001:000175ad   449 0001:000175b3   451 0001:000175b8
   452 0001:000175cd   453 0001:000175ea   454 0001:000175f9   455 0001:0001760b
   456 0001:00017617   460 0001:0001762f   461 0001:0001763c   463 0001:0001763e
   464 0001:0001764b   466 0001:0001764d   469 0001:0001765a   472 0001:00017660
   473 0001:00017666   475 0001:0001768d   476 0001:00017693   478 0001:000176bf
   479 0001:000176c8   480 0001:000176d7   481 0001:000176dd   483 0001:000176e2
   485 0001:000176f3   486 0001:000176fb   488 0001:00017715   489 0001:0001771b
   490 0001:00017720   491 0001:00017729   492 0001:0001773b   494 0001:0001773d
   495 0001:00017743   497 0001:00017748   498 0001:0001775d   499 0001:0001776b
   500 0001:0001777a   503 0001:00017797   504 0001:000177a4   506 0001:000177a6
   507 0001:000177b3   509 0001:000177b5   510 0001:000177c2   512 0001:000177c4
   515 0001:000177e9   522 0001:000177f0   523 0001:000177f6   525 0001:000177fa
   526 0001:00017827   527 0001:00017830   529 0001:00017839   530 0001:00017846
   531 0001:0001786d   533 0001:00017881   534 0001:000178a8   536 0001:000178b2
   538 0001:000178bf   539 0001:000178d3   541 0001:000178dd   542 0001:000178e1
   547 0001:000178e5   549 0001:00017916   551 0001:0001791a   553 0001:0001791c
   555 0001:0001793f   557 0001:00017943   558 0001:00017945   560 0001:00017958
   563 0001:0001795c   565 0001:00017964   566 0001:0001797a   571 0001:0001797e
   572 0001:00017980

Line numbers for C:\Program Files\Microsoft Visual Studio .NET 2003\Vc7\atlmfc\lib\atlsd.lib(f:\vs70builds\6030\vc\mfcatl\ship\atlmfc\include\atlbase.h) segment .text

   191 0001:00018b50   192 0001:00018b53   193 0001:00018b5c   194 0001:00018b60
   195 0001:00018b6d   197 0001:00018b80   198 0001:00018b86   199 0001:00018b8d
   200 0001:00018b96   201 0001:00018b9a   202 0001:00018bb3   203 0001:00018bb9
   204 0001:00018bdb   205 0001:00018be1   206 0001:00018bed   207 0001:00018bf0
   745 0001:00018c00   754 0001:00018c04   756 0001:00018c40   288 0001:00018c50
   289 0001:00018c68   293 0001:00018c70   294 0001:00018c7b   296 0001:00018c81
   299 0001:00018c8a   303 0001:00018ca0   304 0001:00018ca7   306 0001:00018cb2
   308 0001:00018cba   328 0001:00018cc0   329 0001:00018cc7   330 0001:00018cf3
   331 0001:00018cfd   332 0001:00018d04   312 0001:00018d30   315 0001:00018d39
   316 0001:00018d65   317 0001:00018d72   319 0001:00018d78   321 0001:00018d7d
   323 0001:00018d84   324 0001:00018d86  2620 0001:0001bf20

Line numbers for C:\Program Files\Microsoft Visual Studio .NET 2003\Vc7\atlmfc\lib\atlsd.lib(f:\vs70builds\6030\vc\mfcatl\ship\atlmfc\include\atlcore.h) segment .text

   129 0001:00018ab0   130 0001:00018ad9   131 0001:00018ae0   133 0001:00018ae7
   136 0001:00018afa   138 0001:00018b0d   139 0001:00018b16   140 0001:00018b1d
   141 0001:00018b1f   143 0001:00018b2d   144 0001:00018b30   124 0001:00018d10
   125 0001:00018d17   126 0001:00018d21   127 0001:00018d23   119 0001:00018d90
   120 0001:00018d97   121 0001:00018da1   122 0001:00018da3

Line numbers for C:\Program Files\Microsoft Visual Studio .NET 2003\Vc7\atlmfc\lib\atlsd.lib(f:\vs70builds\6030\vc\mfcatl\ship\atlmfc\include\atlcomcli.h) segment .text

   248 0001:000188d0   250 0001:000188df   126 0001:000188f0   127 0001:000188f7
   128 0001:000188ff   129 0001:0001890f   142 0001:00018920   143 0001:00018927
   144 0001:00018950   145 0001:00018953   147 0001:00018960   148 0001:00018967
   149 0001:00018990   150 0001:00018995   248 0001:000189a0   250 0001:000189af
   126 0001:000189c0   127 0001:000189c7   128 0001:000189cf   129 0001:000189df
   142 0001:000189f0   143 0001:000189f7   144 0001:00018a20   145 0001:00018a23
   147 0001:00018a30   148 0001:00018a37   149 0001:00018a60   150 0001:00018a65
   107 0001:00018a70   109 0001:00018a77   110 0001:00018a80   107 0001:00018a90
   109 0001:00018a97   110 0001:00018aa0

Line numbers for C:\Program Files\Microsoft Visual Studio .NET 2003\Vc7\atlmfc\lib\atlsd.lib(f:\vs70builds\6030\devtools\common\win32sdk\include\guiddef.h) segment .text

   151 0001:00018870   156 0001:00018874   157 0001:000188bd

Line numbers for C:\Program Files\Microsoft Visual Studio .NET 2003\Vc7\atlmfc\lib\atlsd.lib(f:\vs70builds\6030\vc\mfcatl\ship\atlmfc\src\atl\atls\atlfuncs.cpp) segment .text

    31 0001:00018820    28 0001:00018820    32 0001:00018824    33 0001:00018827
    34 0001:0001882b    35 0001:0001882e

Line numbers for C:\Program Files\Microsoft Visual Studio .NET 2003\Vc7\atlmfc\lib\atlsd.lib(f:\vs70builds\6030\vc\mfcatl\ship\atlmfc\include\atlbase.inl) segment .text

    27 0001:00017b10    28 0001:00017b16    29 0001:00017b1c    31 0001:00017b26
    32 0001:00017b2e    33 0001:00017b36    34 0001:00017b52    35 0001:00017b58
    36 0001:00017b7f    37 0001:00017b85    38 0001:00017ba7    39 0001:00017bc0
    42 0001:00017bd0    43 0001:00017bd6    44 0001:00017bdc    46 0001:00017be6
    47 0001:00017bee    48 0001:00017bf6    49 0001:00017c12    50 0001:00017c18
    51 0001:00017c3f    52 0001:00017c45    53 0001:00017c63    54 0001:00017c7c
    62 0001:00017c90    63 0001:00017c96    66 0001:00017c9c    67 0001:00017caa
    68 0001:00017cc2    69 0001:00017ccc    71 0001:00017cd8    72 0001:00017cda
    75 0001:00017ce0    76 0001:00017ce4    77 0001:00017d08    78 0001:00017d0e
    80 0001:00017d15    81 0001:00017d26    84 0001:00017d2c    85 0001:00017d49
    87 0001:00017d4f    88 0001:00017d5f    91 0001:00017d68    92 0001:00017d6b
    95 0001:00017d80    96 0001:00017d86    97 0001:00017daa    98 0001:00017db0
   100 0001:00017db7   101 0001:00017dc0   102 0001:00017dc7   105 0001:00017dcd
   106 0001:00017ddb   107 0001:00017df3   109 0001:00017e08   110 0001:00017e0b
   116 0001:00017e20   117 0001:00017e26   118 0001:00017e4a   119 0001:00017e50
   120 0001:00017e5a   121 0001:00017e62   123 0001:00017e6c   124 0001:00017e72
   125 0001:00017e7c   127 0001:00017e85   129 0001:00017e8c   131 0001:00017eaf
   133 0001:00017ebb   134 0001:00017ec3   136 0001:00017eea   138 0001:00017ef7
   139 0001:00017f08   140 0001:00017f13   142 0001:00017f19   143 0001:00017f46
   144 0001:00017f6b   146 0001:00017f75   147 0001:00017f7e   148 0001:00017f9a
   149 0001:00017fa2   150 0001:00017fab   151 0001:00017fc7   154 0001:00017fc9
   156 0001:00017fce   157 0001:00017fdc   158 0001:00017fe3   159 0001:00017fe6
   162 0001:00017ff0   163 0001:00017ff6   164 0001:0001801d   165 0001:00018023
   167 0001:0001802a   168 0001:00018031   170 0001:00018056   171 0001:0001805e
   172 0001:00018074   173 0001:00018076   174 0001:00018079   177 0001:00018080
   178 0001:00018086   179 0001:000180ad   180 0001:000180b3   182 0001:000180ba
   183 0001:000180c1   185 0001:000180e6   186 0001:000180ee   187 0001:000180fc
   188 0001:000180fe   189 0001:00018101   192 0001:00018110   196 0001:00018116
   198 0001:00018123   200 0001:0001813b   201 0001:00018141   203 0001:0001814b
   204 0001:00018151   207 0001:00018156   210 0001:00018170   213 0001:0001817d
   214 0001:00018183   215 0001:00018196   216 0001:00018198   218 0001:000181ab
   220 0001:000181b1   222 0001:000181bb   223 0001:000181c1   224 0001:000181cb
   225 0001:000181cd   228 0001:000181d7   229 0001:000181e7   230 0001:000181ee
   231 0001:000181f3   232 0001:000181f8   233 0001:000181fa   240 0001:00018200
   241 0001:00018206   242 0001:0001822d   244 0001:00018254   245 0001:00018260
   248 0001:0001826a   249 0001:00018294   250 0001:0001829a   251 0001:000182a4
   252 0001:000182ad   254 0001:000182ba   255 0001:000182c6   256 0001:000182d2
   257 0001:000182da   259 0001:000182e1   261 0001:000182ee   262 0001:000182fc
   264 0001:0001831c   266 0001:00018325   267 0001:0001834c   268 0001:00018358
   269 0001:00018364   270 0001:0001836c   275 0001:00018370   276 0001:0001838c
   277 0001:0001839e   280 0001:000183a3   281 0001:000183ac   282 0001:000183b1
   283 0001:000183b6   286 0001:000183c0   287 0001:000183c3   288 0001:000183c8
   294 0001:000183d0   295 0001:000183d6   296 0001:000183dc   298 0001:000183e8
   299 0001:00018415   300 0001:00018421   302 0001:0001842d   303 0001:00018435
   304 0001:00018441   305 0001:00018452   307 0001:0001845e   308 0001:0001848b
   309 0001:000184b0   311 0001:000184ba   312 0001:000184c6   313 0001:000184cf
   316 0001:000184e0   317 0001:000184e6   318 0001:000184ec   320 0001:000184f3
   321 0001:000184fa   322 0001:0001850b   324 0001:00018517   325 0001:00018544
   326 0001:00018569   328 0001:0001857c   329 0001:00018585   331 0001:0001858b
   332 0001:00018594   333 0001:0001859b   335 0001:000185a1   337 0001:000185ac
   338 0001:000185b2   339 0001:000185be   340 0001:000185c0   341 0001:000185cc
   342 0001:000185d4   344 0001:000185d6   345 0001:000185dc   346 0001:000185e5
   348 0001:000185e7   349 0001:000185f8   352 0001:00018600   353 0001:00018606
   354 0001:0001860c   357 0001:00018616   358 0001:0001861e   360 0001:00018625
   362 0001:0001862f   363 0001:0001863d   365 0001:00018643   366 0001:00018670
   368 0001:00018695   369 0001:00018698   375 0001:000186a0   376 0001:000186a6
   377 0001:000186ac   379 0001:000186b6   380 0001:000186bd   381 0001:000186c4
   382 0001:000186d7   383 0001:000186dd   384 0001:000186e4   386 0001:000186e9
   387 0001:000186f1   388 0001:000186fa   389 0001:0001870b   390 0001:00018716
   392 0001:0001871c   393 0001:00018728   395 0001:00018731   397 0001:00018733
   398 0001:00018745   399 0001:00018772   401 0001:00018797   402 0001:0001879f
   403 0001:000187a2   406 0001:000187b0   407 0001:000187b6   408 0001:000187bc
   410 0001:000187c8   411 0001:000187d1   412 0001:000187d8   414 0001:000187de
   415 0001:000187ea   416 0001:000187f3   417 0001:00018805   418 0001:0001880b
   419 0001:0001880d   420 0001:00018817

Line numbers for C:\Program Files\Microsoft Visual Studio .NET 2003\Vc7\atlmfc\lib\atlsd.lib(f:\vs70builds\6030\vc\mfcatl\ship\atlmfc\include\atlbase.h) segment .text

  2620 0001:0001bee0

Line numbers for C:\Program Files\Microsoft Visual Studio .NET 2003\Vc7\atlmfc\lib\atlsd.lib(f:\vs70builds\6030\vc\mfcatl\ship\atlmfc\include\atltrace.h) segment .text

   196 0001:00016750   197 0001:00016760   198 0001:00016773   199 0001:00016789
    82 0001:000167a0    84 0001:000167a7    85 0001:000167c0   131 0001:000167d0

Line numbers for C:\Program Files\Microsoft Visual Studio .NET 2003\Vc7\atlmfc\lib\atlsd.lib(f:\vs70builds\6030\vc\mfcatl\ship\atlmfc\src\atl\atls\atltrace.cpp) segment .text

    22 0001:0001bb80    23 0001:0001bba0    24 0001:0001bbc0    25 0001:0001bbe0
    26 0001:0001bc00    27 0001:0001bc20    28 0001:0001bc40    29 0001:0001bc60
    30 0001:0001bc80    31 0001:0001bca0    32 0001:0001bcc0    33 0001:0001bce0
    34 0001:0001bd00    35 0001:0001bd20    36 0001:0001bd40    37 0001:0001bd60
    38 0001:0001bd80    39 0001:0001bda0    40 0001:0001bdc0    41 0001:0001bde0
    42 0001:0001be00    43 0001:0001be20    44 0001:0001be40    47 0001:0001be60
    48 0001:0001be80    49 0001:0001bea0    50 0001:0001bec0

Line numbers for C:\Program Files\Microsoft Visual Studio .NET 2003\Vc7\atlmfc\lib\atlsd.lib(f:\vs70builds\6030\vc\mfcatl\ship\atlmfc\include\atlbase.h) segment .text

  2620 0001:0001bae0

Line numbers for C:\Program Files\Microsoft Visual Studio .NET 2003\Vc7\atlmfc\lib\atlsd.lib(f:\vs70builds\6030\vc\mfcatl\ship\atlmfc\include\atltypes.inl) segment .text

    22 0001:00015020    24 0001:00015030    26 0001:00015060    28 0001:00015080
    30 0001:000150a0    31 0001:000150a7    32 0001:000150b7    33 0001:000150c6
    35 0001:000150d0    37 0001:00015110    39 0001:00015150    41 0001:00015180
    43 0001:000151b0    45 0001:000151d0    47 0001:00015200    49 0001:00015230
    51 0001:00015260    53 0001:00015290    55 0001:000152c0    57 0001:00015300
    61 0001:00015340    63 0001:00015350    65 0001:00015380    67 0001:000153a0
    69 0001:000153c0    70 0001:000153c7    71 0001:000153d7    72 0001:000153e6
    74 0001:000153f0    76 0001:00015420    78 0001:00015450    80 0001:00015480
    82 0001:000154a0    84 0001:000154e0    86 0001:00015520    88 0001:00015550
    90 0001:00015580    92 0001:000155b0    94 0001:000155e0    96 0001:00015610
    98 0001:00015640   100 0001:00015670   102 0001:000156a0   104 0001:000156d0
   106 0001:00015710   110 0001:00015750   112 0001:00015760   114 0001:000157a0
   116 0001:000157c0   118 0001:000157e0   120 0001:00015820   121 0001:00015838
   123 0001:00015860   125 0001:00015880   127 0001:000158a0   129 0001:000158e0
   131 0001:000158f0   133 0001:00015910   135 0001:00015920   137 0001:00015940
   139 0001:00015980   141 0001:000159a0   143 0001:000159d0   145 0001:000159e0
   147 0001:000159f0   149 0001:00015a10   151 0001:00015a60   153 0001:00015a80
   155 0001:00015ab0   157 0001:00015ae0   159 0001:00015b00   161 0001:00015b20
   163 0001:00015b40   165 0001:00015b60   167 0001:00015b80   169 0001:00015bb0
   171 0001:00015be0   173 0001:00015c00   175 0001:00015c20   177 0001:00015c40
   179 0001:00015c70   181 0001:00015ca0   183 0001:00015cd0   185 0001:00015d00
   187 0001:00015d20   189 0001:00015d40   191 0001:00015d60   193 0001:00015d80
   195 0001:00015da0   197 0001:00015dc0   199 0001:00015de0   201 0001:00015e00
   203 0001:00015e30   205 0001:00015e60   207 0001:00015e80   209 0001:00015ea0
   211 0001:00015ec0   213 0001:00015f20   215 0001:00015f80   217 0001:00015fe0
   219 0001:00016040   221 0001:00016090   223 0001:000160e0   224 0001:00016103
   226 0001:00016130   227 0001:00016153   229 0001:00016180   232 0001:000161a0
   234 0001:000161a9   236 0001:000161b6   237 0001:000161be   238 0001:000161c9
   240 0001:000161d2   242 0001:000161e0   243 0001:000161e9   244 0001:000161f5
   246 0001:000161fe   249 0001:00016210   250 0001:00016217   251 0001:00016238
   252 0001:0001625c   255 0001:00016270   256 0001:00016277   257 0001:00016293
   258 0001:000162b1   261 0001:000162c0   262 0001:000162c7   263 0001:000162e8
   264 0001:0001630c   267 0001:00016320   268 0001:00016327   269 0001:00016343
   270 0001:00016361   273 0001:00016370   278 0001:00016377   279 0001:000163d9

Line numbers for C:\Program Files\Microsoft Visual Studio .NET 2003\Vc7\atlmfc\lib\atlsd.lib(f:\vs70builds\6030\vc\mfcatl\ship\atlmfc\include\atlbase.h) segment .text

  2620 0001:0001bfa0

Line numbers for C:\Program Files\Microsoft Visual Studio .NET 2003\Vc7\atlmfc\lib\atlsd.lib(f:\vs70builds\6030\vc\mfcatl\ship\atlmfc\src\atl\atls\atltracemodulemanager.h) segment .text

    44 0001:0001ade0    45 0001:0001ae0e

Line numbers for C:\Program Files\Microsoft Visual Studio .NET 2003\Vc7\atlmfc\lib\atlsd.lib(f:\vs70builds\6030\vc\mfcatl\ship\atlmfc\src\atl\atls\atltracemodulemanager.cpp) segment .text

    21 0001:0001a9c0    22 0001:0001a9e7    23 0001:0001a9f0    24 0001:0001a9fc
    27 0001:0001aa10    28 0001:0001aa2a    30 0001:0001aa44    32 0001:0001aa55
    34 0001:0001aa7e    36 0001:0001aa9c    37 0001:0001aaa3    40 0001:0001ab30
    41 0001:0001ab32    43 0001:0001ab48    45 0001:0001ab4e    46 0001:0001ab6c
    47 0001:0001ab8e    48 0001:0001abae    49 0001:0001abbf    51 0001:0001abdd
    52 0001:0001abec    53 0001:0001abf9    54 0001:0001ac05    59 0001:0001ac20
    60 0001:0001ac39    61 0001:0001ac48    64 0001:0001ac50    65 0001:0001ac57
    66 0001:0001ac6c    67 0001:0001ac75    72 0001:0001ac80    73 0001:0001acaa
    76 0001:0001acc0    78 0001:0001acc9    82 0001:0001acea    91 0001:0001acf0
    92 0001:0001ad9d    94 0001:0001ada9    95 0001:0001adb3    98 0001:0001adc0
    99 0001:0001adc7   100 0001:0001add6

Line numbers for C:\Program Files\Microsoft Visual Studio .NET 2003\Vc7\atlmfc\lib\atlsd.lib(f:\vs70builds\6030\vc\mfcatl\ship\atlmfc\include\atlbase.h) segment .text

  2620 0001:0001bb60

Line numbers for C:\Program Files\Microsoft Visual Studio .NET 2003\Vc7\atlmfc\lib\atlsd.lib(f:\vs70builds\6030\vc\mfcatl\ship\atlmfc\include\atltrace.h) segment .text

    70 0001:000165b0    71 0001:000165ca    73 0001:000165df    76 0001:00016730
    77 0001:00016737    78 0001:00016743

Line numbers for C:\Program Files\Microsoft Visual Studio .NET 2003\Vc7\atlmfc\lib\atlsd.lib(f:\vs70builds\6030\vc\mfcatl\ship\atlmfc\include\atlexcept.h) segment .text

    40 0001:00016590    41 0001:0001659f

Line numbers for C:\Program Files\Microsoft Visual Studio .NET 2003\Vc7\atlmfc\lib\atlsd.lib(f:\vs70builds\6030\vc\mfcatl\ship\atlmfc\include\atlsimpcoll.h) segment .text

    97 0001:00016460    97 0001:00016490   100 0001:00016630   101 0001:00016637
   102 0001:0001663f   100 0001:00016650   101 0001:00016657   102 0001:0001665f
   173 0001:00016670   174 0001:00016679   176 0001:00016681   177 0001:0001669e
   178 0001:000166a0   179 0001:000166ae   181 0001:000166b7   182 0001:000166c1
   183 0001:000166cb   173 0001:000166d0   174 0001:000166d9   176 0001:000166e1
   177 0001:000166fe   178 0001:00016700   179 0001:0001670e   181 0001:00016717
   182 0001:00016721   183 0001:0001672b

Line numbers for C:\Program Files\Microsoft Visual Studio .NET 2003\Vc7\atlmfc\lib\atlsd.lib(f:\vs70builds\6030\vc\mfcatl\ship\atlmfc\src\atl\atls\allocate.h) segment .text

    42 0001:000163e0    43 0001:0001641b    46 0001:000165f0    47 0001:000165f7
    48 0001:00016601

Line numbers for C:\Program Files\Microsoft Visual Studio .NET 2003\Vc7\atlmfc\lib\atlsd.lib(f:\vs70builds\6030\vc\mfcatl\ship\atlmfc\src\atl\atls\externs.cpp) segment .text

    26 0001:000164c0    30 0001:000164d3    32 0001:000164fe    34 0001:0001650d
    37 0001:00016536    39 0001:00016553    42 0001:0001657c    43 0001:0001657e
    23 0001:0001bb00    45 0001:0001bb20    52 0001:0001bb30
