 SppConsole

 Timestamp is 498f469f (Sun Feb 08 22:54:55 2009)

 Preferred load address is 00400000

 Start         Length     Name                   Class
 0001:00000000 0001b3dcH .text                   CODE
 0001:0001b3e0 000009a5H .text$x                 CODE
 0001:0001bd90 00000556H .text$yc                CODE
 0001:0001c2f0 000000dfH .text$yd                CODE
 0002:00000000 000008c8H .idata$5                DATA
 0002:000008d0 0000bfd8H .rdata                  DATA
 0002:0000c8a8 00000053H .rdata$debug            DATA
 0002:0000c8fc 00000044H .rdata$r                DATA
 0002:0000c940 00000120H .rdata$sxdata           DATA
 0002:0000ca60 00000004H .rtc$IAA                DATA
 0002:0000ca64 00000004H .rtc$IMZ                DATA
 0002:0000ca68 00000004H .rtc$IZZ                DATA
 0002:0000ca6c 00000004H .rtc$TAA                DATA
 0002:0000ca70 00000004H .rtc$TMZ                DATA
 0002:0000ca74 00000004H .rtc$TZZ                DATA
 0002:0000ca78 00000c38H .xdata$x                DATA
 0002:0000d6b0 00000004H ATL$__a                 DATA
 0002:0000d6b4 00000004H ATL$__z                 DATA
 0002:0000d6b8 000000f0H .idata$2                DATA
 0002:0000d7a8 00000014H .idata$3                DATA
 0002:0000d7bc 000008c8H .idata$4                DATA
 0002:0000e084 00000e88H .idata$6                DATA
 0002:0000ef0c 00000000H .edata                  DATA
 0003:00000000 00000004H .CRT$XCA                DATA
 0003:00000004 00000004H .CRT$XCAA               DATA
 0003:00000008 0000000cH .CRT$XCC                DATA
 0003:00000014 00000074H .CRT$XCL                DATA
 0003:00000088 00000008H .CRT$XCU                DATA
 0003:00000090 00000004H .CRT$XCZ                DATA
 0003:00000094 00000004H .CRT$XIA                DATA
 0003:00000098 00000004H .CRT$XIZ                DATA
 0003:000000a0 00000fc0H .data                   DATA
 0003:00001060 000002ccH .bss                    DATA
 0004:00000000 00000550H .rsrc$01                DATA
 0004:00000550 00002908H .rsrc$02                DATA

  Address         Publics by Value              Rva+Base     Lib:Object

 0000:00000000       __except_list              00000000     <absolute>
 0000:00000048       ___safe_se_handler_count   00000048     <absolute>
 0000:00009876       __ldused                   00009876     <absolute>
 0000:00009876       __fltused                  00009876     <absolute>
 0000:00000000       ___ImageBase               00400000     <linker-defined>
 0001:00000000       ??0CAboutDlg@@QAE@PAVCWnd@@@Z 00401000 f   AboutDlg.obj
 0001:00000070       ?DoDataExchange@CAboutDlg@@MAEXPAVCDataExchange@@@Z 00401070 f   AboutDlg.obj
 0001:00000090       ?GetThisMessageMap@CAboutDlg@@KGPBUAFX_MSGMAP@@XZ 00401090 f   AboutDlg.obj
 0001:000000a0       ?GetMessageMap@CAboutDlg@@MBEPBUAFX_MSGMAP@@XZ 004010a0 f   AboutDlg.obj
 0001:000000b0       ?OnInitDialog@CAboutDlg@@MAEHXZ 004010b0 f   AboutDlg.obj
 0001:000001e0       ??_GCAboutDlg@@UAEPAXI@Z   004011e0 f i AboutDlg.obj
 0001:000001e0       ??_ECAboutDlg@@UAEPAXI@Z   004011e0 f i AboutDlg.obj
 0001:00000210       ??1CAboutDlg@@UAE@XZ       00401210 f i AboutDlg.obj
 0001:00000260       ??1CStaticLink@@UAE@XZ     00401260 f i AboutDlg.obj
 0001:000002c0       ?_AtlGetThreadACPThunk@ATL@@YGIXZ 004012c0 f i AboutDlg.obj
 0001:00000340       ?InterlockedExchangePointer@@YGPAXPAPAXPAX@Z 00401340 f i AboutDlg.obj
 0001:00000360       ?_AtlGetThreadACPFake@ATL@@YGIXZ 00401360 f i AboutDlg.obj
 0001:000003f0       ?_AtlGetThreadACPReal@ATL@@YGIXZ 004013f0 f i AboutDlg.obj
 0001:00000400       ?isSpk@@YA_NI@Z            00401400 f   AudioInput.obj
 0001:00000430       ?GetLineControlByID@@YAIPAUHMIXEROBJ__@@KPAUtagMIXERCONTROLA@@@Z 00401430 f   AudioInput.obj
 0001:00000480       ?Mute@@YAIPAUHMIXER__@@I_N@Z 00401480 f   AudioInput.obj
 0001:00000550       ?GetMuteValue@@YA_NPAUHMIXER__@@IPA_N@Z 00401550 f   AudioInput.obj
 0001:00000620       ?GetSelSrcLineID@@YAJPAUHMIXER__@@I@Z 00401620 f   AudioInput.obj
 0001:00000810       ?SetControlDetailList@@YAIPAUHMIXER__@@PAUtMIXERCONTROLDETAILS_BOOLEAN@@KI@Z 00401810 f   AudioInput.obj
 0001:00000860       ?SetControlDetailList@@YAIPAUHMIXER__@@PAUtMIXERCONTROLDETAILS_UNSIGNED@@KI@Z 00401860 f   AudioInput.obj
 0001:000008b0       ?GetLineControlList@@YAIPAUHMIXEROBJ__@@KPAUtagMIXERCONTROLA@@PAH@Z 004018b0 f   AudioInput.obj
 0001:00000970       ?GetControlDetailList@@YAIPAUHMIXER__@@PAUtagMIXERCONTROLDETAILS_LISTTEXTA@@KI@Z 00401970 f   AudioInput.obj
 0001:000009c0       ?GetControlDetailList@@YAIPAUHMIXER__@@PAUtMIXERCONTROLDETAILS_BOOLEAN@@KI@Z 004019c0 f   AudioInput.obj
 0001:00000a10       ?GetVolumeValue@@YA_NPAUHMIXER__@@IPAJ@Z 00401a10 f   AudioInput.obj
 0001:00000b40       ?SetVolumeValue@@YAHPAUHMIXER__@@IJ@Z 00401b40 f   AudioInput.obj
 0001:00000c50       ??0CAudioInput@@QAE@PAUHWND__@@@Z 00401c50 f   AudioInput.obj
 0001:00000d80       ??1CAudioInput@@UAE@XZ     00401d80 f   AudioInput.obj
 0001:00000e40       ?GetCountMixerDevice@CAudioInput@@QAEHXZ 00401e40 f   AudioInput.obj
 0001:00000e60       ?GetMixerDeviceName@CAudioInput@@QAEPBDH@Z 00401e60 f   AudioInput.obj
 0001:00000ea0       ?GetMixerDeviceInputLineName@CAudioInput@@QAEPBDHH@Z 00401ea0 f   AudioInput.obj
 0001:00000ef0       ?GetMixerDevice@CAudioInput@@QAEPAVCMixerDevice@1@H@Z 00401ef0 f   AudioInput.obj
 0001:00000f30       ?Restore@CAudioInput@@QAEXXZ 00401f30 f   AudioInput.obj
 0001:00000f90       ?GetPreferredMixerDeviceIndex@CAudioInput@@QAEHXZ 00401f90 f   AudioInput.obj
 0001:00001090       ?GetMixerDeviceIndex@CAudioInput@@QAEHPAD@Z 00402090 f   AudioInput.obj
 0001:00001100       ?GetMixerDeviceID@CAudioInput@@QAEHPAD@Z 00402100 f   AudioInput.obj
 0001:00001180       ?SetCurrentMixerDevice@CAudioInput@@QAE_NH@Z 00402180 f   AudioInput.obj
 0001:000011d0       ?GetCurrentMixerDevice@CAudioInput@@QAEHXZ 004021d0 f   AudioInput.obj
 0001:000011f0       ??0CMixerDevice@CAudioInput@@QAE@XZ 004021f0 f   AudioInput.obj
 0001:00001270       ??1CMixerDevice@CAudioInput@@UAE@XZ 00402270 f   AudioInput.obj
 0001:000013d0       ??0CMixerDevice@CAudioInput@@QAE@HPAUHWND__@@@Z 004023d0 f   AudioInput.obj
 0001:00001510       ?AdjustInputVolume@CMixerDevice@CAudioInput@@QAEXK@Z 00402510 f   AudioInput.obj
 0001:000015d0       ?CreateInputLineArray@CMixerDevice@CAudioInput@@IAEHXZ 004025d0 f   AudioInput.obj
 0001:00001940       ?CreatePhysicalDevArray@CMixerDevice@CAudioInput@@QAEHXZ 00402940 f   AudioInput.obj
 0001:00001c80       ?GetInputLineIndex@CMixerDevice@CAudioInput@@QAE_NIPAI@Z 00402c80 f   AudioInput.obj
 0001:00001cf0       ?GetInputLineName@CMixerDevice@CAudioInput@@QAEPBDH@Z 00402cf0 f   AudioInput.obj
 0001:00001d30       ?GetInputLineVolumeValue@CMixerDevice@CAudioInput@@QAEHH@Z 00402d30 f   AudioInput.obj
 0001:00001d70       ?GetInputLineSrcID@CMixerDevice@CAudioInput@@QAE_NPAII@Z 00402d70 f   AudioInput.obj
 0001:00001dd0       ?GetName@CMixerDevice@CAudioInput@@QAEPBDXZ 00402dd0 f   AudioInput.obj
 0001:00001df0       ?GetSelectedInputLine@CMixerDevice@CAudioInput@@QAE_NPAI@Z 00402df0 f   AudioInput.obj
 0001:00002080       ?MuteOutputLine@CMixerDevice@CAudioInput@@QAE_NK_N0@Z 00403080 f   AudioInput.obj
 0001:00002160       ?MuteSelectedInputLine@CMixerDevice@CAudioInput@@QAE_NI_N0@Z 00403160 f   AudioInput.obj
 0001:000021c0       ?RestoreSelectedInputLine@CMixerDevice@CAudioInput@@QAEXI@Z 004031c0 f   AudioInput.obj
 0001:00002220       ?Restore@CMixerDevice@CAudioInput@@QAEHXZ 00403220 f   AudioInput.obj
 0001:000022b0       ?SelectInputLine@CMixerDevice@CAudioInput@@QAEXI@Z 004032b0 f   AudioInput.obj
 0001:00002590       ?SetSelectedInputLine@CMixerDevice@CAudioInput@@QAE_NI@Z 00403590 f   AudioInput.obj
 0001:00002610       ?SetSpeakers@CMixerDevice@CAudioInput@@QAEH_N0@Z 00403610 f   AudioInput.obj
 0001:000026b0       ??0CInputLine@CMixerDevice@CAudioInput@@QAE@XZ 004036b0 f   AudioInput.obj
 0001:000026f0       ??1CInputLine@CMixerDevice@CAudioInput@@UAE@XZ 004036f0 f   AudioInput.obj
 0001:00002760       ??0CInputLine@CMixerDevice@CAudioInput@@QAE@PAUHMIXER__@@KPBDKJ@Z 00403760 f   AudioInput.obj
 0001:000028f0       ?GetVolumeValue@CInputLine@CMixerDevice@CAudioInput@@QAEHXZ 004038f0 f   AudioInput.obj
 0001:000029e0       ?CreateArrayMuteCtrl@CInputLine@CMixerDevice@CAudioInput@@IAEPAV?$CArray@UsMuteLine@CInputLine@CMixerDevice@CAudioInput@@U1234@@@KPBD@Z 004039e0 f   AudioInput.obj
 0001:00002e20       ?GetName@CInputLine@CMixerDevice@CAudioInput@@QAEPBDXZ 00403e20 f   AudioInput.obj
 0001:00002e40       ?GetSrcID@CInputLine@CMixerDevice@CAudioInput@@QAEKXZ 00403e40 f   AudioInput.obj
 0001:00002e60       ?isInitSelected@CInputLine@CMixerDevice@CAudioInput@@QAE_NXZ 00403e60 f   AudioInput.obj
 0001:00002e80       ?RestoreMute@CInputLine@CMixerDevice@CAudioInput@@QAEXXZ 00403e80 f   AudioInput.obj
 0001:00002ef0       ?RestoreVolume@CInputLine@CMixerDevice@CAudioInput@@QAEHXZ 00403ef0 f   AudioInput.obj
 0001:00002fd0       ?SetDefaultVolume@CInputLine@CMixerDevice@CAudioInput@@QAEXXZ 00403fd0 f   AudioInput.obj
 0001:000030d0       ?SetMute@CInputLine@CMixerDevice@CAudioInput@@QAE_N_N0@Z 004040d0 f   AudioInput.obj
 0001:000031a0       ?SetName@CInputLine@CMixerDevice@CAudioInput@@QAEXPBD@Z 004041a0 f   AudioInput.obj
 0001:000031c0       ?SetSrcType@CInputLine@CMixerDevice@CAudioInput@@QAEXK@Z 004041c0 f   AudioInput.obj
 0001:000031e0       ?StoreDefaultVolume@CInputLine@CMixerDevice@CAudioInput@@QAEHXZ 004041e0 f   AudioInput.obj
 0001:000032e0       ??0CPhysicalDevice@CMixerDevice@CAudioInput@@QAE@XZ 004042e0 f   AudioInput.obj
 0001:00003320       ??0CPhysicalDevice@CMixerDevice@CAudioInput@@QAE@PAUHMIXER__@@KK_NKH@Z 00404320 f   AudioInput.obj
 0001:00003370       ??1CPhysicalDevice@CMixerDevice@CAudioInput@@UAE@XZ 00404370 f   AudioInput.obj
 0001:00003390       ?restore@CPhysicalDevice@CMixerDevice@CAudioInput@@QAEXXZ 00404390 f   AudioInput.obj
 0001:000033f0       ?SetMute@CPhysicalDevice@CMixerDevice@CAudioInput@@QAEX_N@Z 004043f0 f   AudioInput.obj
 0001:00003420       ?SetVolume@CPhysicalDevice@CMixerDevice@CAudioInput@@QAEXH@Z 00404420 f   AudioInput.obj
 0001:00003450       ?isValid@CMixerDevice@CAudioInput@@QAE_NXZ 00404450 f   AudioInput.obj
 0001:00003470       ?GetID@CMixerDevice@CAudioInput@@QAEHXZ 00404470 f   AudioInput.obj
 0001:00003490       ??_GCAudioInput@@UAEPAXI@Z 00404490 f i AudioInput.obj
 0001:00003490       ??_ECAudioInput@@UAEPAXI@Z 00404490 f i AudioInput.obj
 0001:000034c0       ??_ECMixerDevice@CAudioInput@@UAEPAXI@Z 004044c0 f i AudioInput.obj
 0001:000034c0       ??_GCMixerDevice@CAudioInput@@UAEPAXI@Z 004044c0 f i AudioInput.obj
 0001:000034f0       ??_ECInputLine@CMixerDevice@CAudioInput@@UAEPAXI@Z 004044f0 f i AudioInput.obj
 0001:000034f0       ??_GCInputLine@CMixerDevice@CAudioInput@@UAEPAXI@Z 004044f0 f i AudioInput.obj
 0001:00003520       ??_ECPhysicalDevice@CMixerDevice@CAudioInput@@UAEPAXI@Z 00404520 f i AudioInput.obj
 0001:00003520       ??_GCPhysicalDevice@CMixerDevice@CAudioInput@@UAEPAXI@Z 00404520 f i AudioInput.obj
 0001:00003550       ??0?$CArray@PAVCInputLine@CMixerDevice@CAudioInput@@PAV123@@@QAE@XZ 00404550 f i AudioInput.obj
 0001:000035a0       ?GetSize@?$CArray@PAVCInputLine@CMixerDevice@CAudioInput@@PAV123@@@QBEHXZ 004045a0 f i AudioInput.obj
 0001:000035c0       ?RemoveAll@?$CArray@PAVCInputLine@CMixerDevice@CAudioInput@@PAV123@@@QAEXXZ 004045c0 f i AudioInput.obj
 0001:000035e0       ?GetAt@?$CArray@PAVCInputLine@CMixerDevice@CAudioInput@@PAV123@@@QAEAAPAVCInputLine@CMixerDevice@CAudioInput@@H@Z 004045e0 f i AudioInput.obj
 0001:00003640       ?Add@?$CArray@PAVCInputLine@CMixerDevice@CAudioInput@@PAV123@@@QAEHPAVCInputLine@CMixerDevice@CAudioInput@@@Z 00404640 f i AudioInput.obj
 0001:00003670       ?RemoveAt@?$CArray@PAVCInputLine@CMixerDevice@CAudioInput@@PAV123@@@QAEXHH@Z 00404670 f i AudioInput.obj
 0001:00003780       ??1?$CArray@PAVCInputLine@CMixerDevice@CAudioInput@@PAV123@@@UAE@XZ 00404780 f i AudioInput.obj
 0001:00003820       ?Serialize@?$CArray@PAVCInputLine@CMixerDevice@CAudioInput@@PAV123@@@UAEXAAVCArchive@@@Z 00404820 f i AudioInput.obj
 0001:000038a0       ?Dump@?$CArray@PAVCInputLine@CMixerDevice@CAudioInput@@PAV123@@@UBEXAAVCDumpContext@@@Z 004048a0 f i AudioInput.obj
 0001:00003920       ?AssertValid@?$CArray@PAVCInputLine@CMixerDevice@CAudioInput@@PAV123@@@UBEXXZ 00404920 f i AudioInput.obj
 0001:00003a10       ??0?$CArray@PAVCPhysicalDevice@CMixerDevice@CAudioInput@@PAV123@@@QAE@XZ 00404a10 f i AudioInput.obj
 0001:00003a60       ?GetSize@?$CArray@PAVCPhysicalDevice@CMixerDevice@CAudioInput@@PAV123@@@QBEHXZ 00404a60 f i AudioInput.obj
 0001:00003a80       ?RemoveAll@?$CArray@PAVCPhysicalDevice@CMixerDevice@CAudioInput@@PAV123@@@QAEXXZ 00404a80 f i AudioInput.obj
 0001:00003aa0       ?GetAt@?$CArray@PAVCPhysicalDevice@CMixerDevice@CAudioInput@@PAV123@@@QAEAAPAVCPhysicalDevice@CMixerDevice@CAudioInput@@H@Z 00404aa0 f i AudioInput.obj
 0001:00003b00       ?Add@?$CArray@PAVCPhysicalDevice@CMixerDevice@CAudioInput@@PAV123@@@QAEHPAVCPhysicalDevice@CMixerDevice@CAudioInput@@@Z 00404b00 f i AudioInput.obj
 0001:00003b30       ?RemoveAt@?$CArray@PAVCPhysicalDevice@CMixerDevice@CAudioInput@@PAV123@@@QAEXHH@Z 00404b30 f i AudioInput.obj
 0001:00003c40       ??1?$CArray@PAVCPhysicalDevice@CMixerDevice@CAudioInput@@PAV123@@@UAE@XZ 00404c40 f i AudioInput.obj
 0001:00003ce0       ?Serialize@?$CArray@PAVCPhysicalDevice@CMixerDevice@CAudioInput@@PAV123@@@UAEXAAVCArchive@@@Z 00404ce0 f i AudioInput.obj
 0001:00003d60       ?Dump@?$CArray@PAVCPhysicalDevice@CMixerDevice@CAudioInput@@PAV123@@@UBEXAAVCDumpContext@@@Z 00404d60 f i AudioInput.obj
 0001:00003de0       ?AssertValid@?$CArray@PAVCPhysicalDevice@CMixerDevice@CAudioInput@@PAV123@@@UBEXXZ 00404de0 f i AudioInput.obj
 0001:00003ed0       ??0?$CArray@PAVCMixerDevice@CAudioInput@@PAV12@@@QAE@XZ 00404ed0 f i AudioInput.obj
 0001:00003f20       ?GetSize@?$CArray@PAVCMixerDevice@CAudioInput@@PAV12@@@QBEHXZ 00404f20 f i AudioInput.obj
 0001:00003f40       ?RemoveAll@?$CArray@PAVCMixerDevice@CAudioInput@@PAV12@@@QAEXXZ 00404f40 f i AudioInput.obj
 0001:00003f60       ?GetAt@?$CArray@PAVCMixerDevice@CAudioInput@@PAV12@@@QAEAAPAVCMixerDevice@CAudioInput@@H@Z 00404f60 f i AudioInput.obj
 0001:00003fc0       ?Add@?$CArray@PAVCMixerDevice@CAudioInput@@PAV12@@@QAEHPAVCMixerDevice@CAudioInput@@@Z 00404fc0 f i AudioInput.obj
 0001:00003ff0       ?RemoveAt@?$CArray@PAVCMixerDevice@CAudioInput@@PAV12@@@QAEXHH@Z 00404ff0 f i AudioInput.obj
 0001:00004100       ??1?$CArray@PAVCMixerDevice@CAudioInput@@PAV12@@@UAE@XZ 00405100 f i AudioInput.obj
 0001:000041a0       ?Serialize@?$CArray@PAVCMixerDevice@CAudioInput@@PAV12@@@UAEXAAVCArchive@@@Z 004051a0 f i AudioInput.obj
 0001:00004220       ?Dump@?$CArray@PAVCMixerDevice@CAudioInput@@PAV12@@@UBEXAAVCDumpContext@@@Z 00405220 f i AudioInput.obj
 0001:000042a0       ?AssertValid@?$CArray@PAVCMixerDevice@CAudioInput@@PAV12@@@UBEXXZ 004052a0 f i AudioInput.obj
 0001:00004390       ??0?$CArray@UsMuteLine@CInputLine@CMixerDevice@CAudioInput@@U1234@@@QAE@XZ 00405390 f i AudioInput.obj
 0001:000043e0       ?GetSize@?$CArray@UsMuteLine@CInputLine@CMixerDevice@CAudioInput@@U1234@@@QBEHXZ 004053e0 f i AudioInput.obj
 0001:00004400       ?GetCount@?$CArray@UsMuteLine@CInputLine@CMixerDevice@CAudioInput@@U1234@@@QBEHXZ 00405400 f i AudioInput.obj
 0001:00004420       ?RemoveAll@?$CArray@UsMuteLine@CInputLine@CMixerDevice@CAudioInput@@U1234@@@QAEXXZ 00405420 f i AudioInput.obj
 0001:00004440       ?GetAt@?$CArray@UsMuteLine@CInputLine@CMixerDevice@CAudioInput@@U1234@@@QAEAAUsMuteLine@CInputLine@CMixerDevice@CAudioInput@@H@Z 00405440 f i AudioInput.obj
 0001:000044a0       ?SetAt@?$CArray@UsMuteLine@CInputLine@CMixerDevice@CAudioInput@@U1234@@@QAEXHUsMuteLine@CInputLine@CMixerDevice@CAudioInput@@@Z 004054a0 f i AudioInput.obj
 0001:00004510       ?Add@?$CArray@UsMuteLine@CInputLine@CMixerDevice@CAudioInput@@U1234@@@QAEHUsMuteLine@CInputLine@CMixerDevice@CAudioInput@@@Z 00405510 f i AudioInput.obj
 0001:00004550       ?Serialize@?$CArray@UsMuteLine@CInputLine@CMixerDevice@CAudioInput@@U1234@@@UAEXAAVCArchive@@@Z 00405550 f i AudioInput.obj
 0001:000045d0       ?Dump@?$CArray@UsMuteLine@CInputLine@CMixerDevice@CAudioInput@@U1234@@@UBEXAAVCDumpContext@@@Z 004055d0 f i AudioInput.obj
 0001:00004650       ?AssertValid@?$CArray@UsMuteLine@CInputLine@CMixerDevice@CAudioInput@@U1234@@@UBEXXZ 00405650 f i AudioInput.obj
 0001:00004740       ??_G?$CArray@PAVCInputLine@CMixerDevice@CAudioInput@@PAV123@@@UAEPAXI@Z 00405740 f i AudioInput.obj
 0001:00004740       ??_E?$CArray@PAVCInputLine@CMixerDevice@CAudioInput@@PAV123@@@UAEPAXI@Z 00405740 f i AudioInput.obj
 0001:00004770       ??_G?$CArray@PAVCPhysicalDevice@CMixerDevice@CAudioInput@@PAV123@@@UAEPAXI@Z 00405770 f i AudioInput.obj
 0001:00004770       ??_E?$CArray@PAVCPhysicalDevice@CMixerDevice@CAudioInput@@PAV123@@@UAEPAXI@Z 00405770 f i AudioInput.obj
 0001:000047a0       ??_E?$CArray@PAVCMixerDevice@CAudioInput@@PAV12@@@UAEPAXI@Z 004057a0 f i AudioInput.obj
 0001:000047a0       ??_G?$CArray@PAVCMixerDevice@CAudioInput@@PAV12@@@UAEPAXI@Z 004057a0 f i AudioInput.obj
 0001:000047d0       ??_E?$CArray@UsMuteLine@CInputLine@CMixerDevice@CAudioInput@@U1234@@@UAEPAXI@Z 004057d0 f i AudioInput.obj
 0001:000047d0       ??_G?$CArray@UsMuteLine@CInputLine@CMixerDevice@CAudioInput@@U1234@@@UAEPAXI@Z 004057d0 f i AudioInput.obj
 0001:00004800       ??1?$CArray@UsMuteLine@CInputLine@CMixerDevice@CAudioInput@@U1234@@@UAE@XZ 00405800 f i AudioInput.obj
 0001:000048a0       ?SetSize@?$CArray@PAVCInputLine@CMixerDevice@CAudioInput@@PAV123@@@QAEXHH@Z 004058a0 f i AudioInput.obj
 0001:00004cb0       ??2@YAPAXIPAX@Z            00405cb0 f i AudioInput.obj
 0001:00004cc0       ?SetAtGrow@?$CArray@PAVCInputLine@CMixerDevice@CAudioInput@@PAV123@@@QAEXHPAVCInputLine@CMixerDevice@CAudioInput@@@Z 00405cc0 f i AudioInput.obj
 0001:00004d30       ??$SerializeElements@PAVCInputLine@CMixerDevice@CAudioInput@@@@YGXAAVCArchive@@PAPAVCInputLine@CMixerDevice@CAudioInput@@H@Z 00405d30 f i AudioInput.obj
 0001:00004e30       ??$DumpElements@PAVCInputLine@CMixerDevice@CAudioInput@@@@YGXAAVCDumpContext@@PBQAVCInputLine@CMixerDevice@CAudioInput@@H@Z 00405e30 f i AudioInput.obj
 0001:00004e70       ?SetSize@?$CArray@PAVCPhysicalDevice@CMixerDevice@CAudioInput@@PAV123@@@QAEXHH@Z 00405e70 f i AudioInput.obj
 0001:00005280       ?SetAtGrow@?$CArray@PAVCPhysicalDevice@CMixerDevice@CAudioInput@@PAV123@@@QAEXHPAVCPhysicalDevice@CMixerDevice@CAudioInput@@@Z 00406280 f i AudioInput.obj
 0001:000052f0       ??$SerializeElements@PAVCPhysicalDevice@CMixerDevice@CAudioInput@@@@YGXAAVCArchive@@PAPAVCPhysicalDevice@CMixerDevice@CAudioInput@@H@Z 004062f0 f i AudioInput.obj
 0001:000053f0       ??$DumpElements@PAVCPhysicalDevice@CMixerDevice@CAudioInput@@@@YGXAAVCDumpContext@@PBQAVCPhysicalDevice@CMixerDevice@CAudioInput@@H@Z 004063f0 f i AudioInput.obj
 0001:00005430       ?SetSize@?$CArray@PAVCMixerDevice@CAudioInput@@PAV12@@@QAEXHH@Z 00406430 f i AudioInput.obj
 0001:00005840       ?SetAtGrow@?$CArray@PAVCMixerDevice@CAudioInput@@PAV12@@@QAEXHPAVCMixerDevice@CAudioInput@@@Z 00406840 f i AudioInput.obj
 0001:000058b0       ??$SerializeElements@PAVCMixerDevice@CAudioInput@@@@YGXAAVCArchive@@PAPAVCMixerDevice@CAudioInput@@H@Z 004068b0 f i AudioInput.obj
 0001:000059b0       ??$DumpElements@PAVCMixerDevice@CAudioInput@@@@YGXAAVCDumpContext@@PBQAVCMixerDevice@CAudioInput@@H@Z 004069b0 f i AudioInput.obj
 0001:000059f0       ?SetSize@?$CArray@UsMuteLine@CInputLine@CMixerDevice@CAudioInput@@U1234@@@QAEXHH@Z 004069f0 f i AudioInput.obj
 0001:00005e00       ?SetAtGrow@?$CArray@UsMuteLine@CInputLine@CMixerDevice@CAudioInput@@U1234@@@QAEXHUsMuteLine@CInputLine@CMixerDevice@CAudioInput@@@Z 00406e00 f i AudioInput.obj
 0001:00005e80       ??$SerializeElements@UsMuteLine@CInputLine@CMixerDevice@CAudioInput@@@@YGXAAVCArchive@@PAUsMuteLine@CInputLine@CMixerDevice@CAudioInput@@H@Z 00406e80 f i AudioInput.obj
 0001:00005f80       ??$DumpElements@UsMuteLine@CInputLine@CMixerDevice@CAudioInput@@@@YGXAAVCDumpContext@@PBUsMuteLine@CInputLine@CMixerDevice@CAudioInput@@H@Z 00406f80 f i AudioInput.obj
 0001:00005fc0       ??0CDefVolumeDlg@@QAE@PAVCWnd@@@Z 00406fc0 f   DefVolumeDlg.obj
 0001:000060e0       ?DoDataExchange@CDefVolumeDlg@@MAEXPAVCDataExchange@@@Z 004070e0 f   DefVolumeDlg.obj
 0001:000061c0       ?GetThisMessageMap@CDefVolumeDlg@@KGPBUAFX_MSGMAP@@XZ 004071c0 f   DefVolumeDlg.obj
 0001:000061d0       ?GetMessageMap@CDefVolumeDlg@@MBEPBUAFX_MSGMAP@@XZ 004071d0 f   DefVolumeDlg.obj
 0001:000061e0       ?OnHScroll@CDefVolumeDlg@@IAEXIIPAVCScrollBar@@@Z 004071e0 f   DefVolumeDlg.obj
 0001:00006330       ?OnInitDialog@CDefVolumeDlg@@MAEHXZ 00407330 f   DefVolumeDlg.obj
 0001:000064e0       ?ChangeEdt@CDefVolumeDlg@@IAEHHPAVCEdit@@PAVCSliderCtrl@@@Z 004074e0 f   DefVolumeDlg.obj
 0001:00006640       ?OnChangeEdtMic@CDefVolumeDlg@@IAEXXZ 00407640 f   DefVolumeDlg.obj
 0001:00006680       ?OnChangeEdtLin@CDefVolumeDlg@@IAEXXZ 00407680 f   DefVolumeDlg.obj
 0001:000066c0       ?OnChangeEdtAux@CDefVolumeDlg@@IAEXXZ 004076c0 f   DefVolumeDlg.obj
 0001:00006700       ?OnChangeEdtAnl@CDefVolumeDlg@@IAEXXZ 00407700 f   DefVolumeDlg.obj
 0001:00006740       ?GetDefaultVolumeValues@CDefVolumeDlg@@IAEXXZ 00407740 f   DefVolumeDlg.obj
 0001:000067b0       ?OnOK@CDefVolumeDlg@@MAEXXZ 004077b0 f   DefVolumeDlg.obj
 0001:00006820       ??_ECDefVolumeDlg@@UAEPAXI@Z 00407820 f i DefVolumeDlg.obj
 0001:00006820       ??_GCDefVolumeDlg@@UAEPAXI@Z 00407820 f i DefVolumeDlg.obj
 0001:00006850       ??1CDefVolumeDlg@@UAE@XZ   00407850 f i DefVolumeDlg.obj
 0001:00006920       ??0CDynamicLED@@QAE@XZ     00407920 f   DynamicLED.obj
 0001:00006a00       ??1CDynamicLED@@UAE@XZ     00407a00 f   DynamicLED.obj
 0001:00006ad0       ?GetThisMessageMap@CDynamicLED@@KGPBUAFX_MSGMAP@@XZ 00407ad0 f   DynamicLED.obj
 0001:00006ae0       ?GetMessageMap@CDynamicLED@@MBEPBUAFX_MSGMAP@@XZ 00407ae0 f   DynamicLED.obj
 0001:00006af0       ?InitLed@CDynamicLED@@QAEXPAVCWnd@@II@Z 00407af0 f   DynamicLED.obj
 0001:00006bb0       ?OnPaint@CDynamicLED@@IAEXXZ 00407bb0 f   DynamicLED.obj
 0001:00006c30       ?OnTimer@CDynamicLED@@IAEXI@Z 00407c30 f   DynamicLED.obj
 0001:00006ce0       ?Switch@CDynamicLED@@AAEXH@Z 00407ce0 f   DynamicLED.obj
 0001:00006db0       ?SwitchOn@CDynamicLED@@QAEXXZ 00407db0 f   DynamicLED.obj
 0001:00006dd0       ?SwitchOff@CDynamicLED@@QAEXXZ 00407dd0 f   DynamicLED.obj
 0001:00006df0       ?Blink@CDynamicLED@@QAEXH@Z 00407df0 f   DynamicLED.obj
 0001:00006e70       ?SetLedBright@CDynamicLED@@AAEHHH@Z 00407e70 f   DynamicLED.obj
 0001:00006f70       ?SetPenBrush@CDynamicLED@@AAEXXZ 00407f70 f   DynamicLED.obj
 0001:00007140       ?DrawRoundLed@CDynamicLED@@AAEXVCRect@@@Z 00408140 f   DynamicLED.obj
 0001:00007340       ?DrawSquareLed@CDynamicLED@@AAEXVCRect@@@Z 00408340 f   DynamicLED.obj
 0001:00007480       ??_GCDynamicLED@@UAEPAXI@Z 00408480 f i DynamicLED.obj
 0001:00007480       ??_ECDynamicLED@@UAEPAXI@Z 00408480 f i DynamicLED.obj
 0001:000074b0       ??0CLogAudioHdrs@@QAE@XZ   004084b0 f   LogAudioHdrs.obj
 0001:00007500       ??1CLogAudioHdrs@@UAE@XZ   00408500 f   LogAudioHdrs.obj
 0001:00007520       ?UpdateControls@CLogAudioHdrs@@MAEXXZ 00408520 f   LogAudioHdrs.obj
 0001:00007600       ?PostMessageStop@CLogAudioHdrs@@MAEXXZ 00408600 f   LogAudioHdrs.obj
 0001:00007630       ?PostMessageStart@CLogAudioHdrs@@MAEXXZ 00408630 f   LogAudioHdrs.obj
 0001:00007660       ?PostMessageCancel@CLogAudioHdrs@@MAEXXZ 00408660 f   LogAudioHdrs.obj
 0001:00007690       ?SppLoggerStop@CLogAudioHdrs@@MAEHXZ 00408690 f   LogAudioHdrs.obj
 0001:000076a0       ?SppLoggerStart@CLogAudioHdrs@@MAEHPAD@Z 004086a0 f   LogAudioHdrs.obj
 0001:000076c0       ?SppLoggerStat@CLogAudioHdrs@@MAEHPAH@Z 004086c0 f   LogAudioHdrs.obj
 0001:000076e0       ??_GCLogAudioHdrs@@UAEPAXI@Z 004086e0 f i LogAudioHdrs.obj
 0001:000076e0       ??_ECLogAudioHdrs@@UAEPAXI@Z 004086e0 f i LogAudioHdrs.obj
 0001:00007710       ??0CLogFmsConn@@QAE@XZ     00408710 f   LogFmsConn.obj
 0001:00007770       ??1CLogFmsConn@@UAE@XZ     00408770 f   LogFmsConn.obj
 0001:00007790       ?UpdateControls@CLogFmsConn@@MAEXXZ 00408790 f   LogFmsConn.obj
 0001:00007870       ?PostMessageStop@CLogFmsConn@@MAEXXZ 00408870 f   LogFmsConn.obj
 0001:000078a0       ?PostMessageStart@CLogFmsConn@@MAEXXZ 004088a0 f   LogFmsConn.obj
 0001:000078d0       ?PostMessageCancel@CLogFmsConn@@MAEXXZ 004088d0 f   LogFmsConn.obj
 0001:00007900       ?SppLoggerStop@CLogFmsConn@@MAEHXZ 00408900 f   LogFmsConn.obj
 0001:00007920       ?SppLoggerStart@CLogFmsConn@@MAEHPAD@Z 00408920 f   LogFmsConn.obj
 0001:00007940       ??_GCLogFmsConn@@UAEPAXI@Z 00408940 f i LogFmsConn.obj
 0001:00007940       ??_ECLogFmsConn@@UAEPAXI@Z 00408940 f i LogFmsConn.obj
 0001:00007970       ??0CLogPulse@@QAE@XZ       00408970 f   LogPulses.obj
 0001:000079c0       ??1CLogPulse@@UAE@XZ       004089c0 f   LogPulses.obj
 0001:000079e0       ?UpdateControls@CLogPulse@@MAEXXZ 004089e0 f   LogPulses.obj
 0001:00007ac0       ?PostMessageStop@CLogPulse@@MAEXXZ 00408ac0 f   LogPulses.obj
 0001:00007af0       ?PostMessageStart@CLogPulse@@MAEXXZ 00408af0 f   LogPulses.obj
 0001:00007b20       ?PostMessageCancel@CLogPulse@@MAEXXZ 00408b20 f   LogPulses.obj
 0001:00007b50       ?SppLoggerStop@CLogPulse@@MAEHXZ 00408b50 f   LogPulses.obj
 0001:00007b60       ?SppLoggerStart@CLogPulse@@MAEHPAD@Z 00408b60 f   LogPulses.obj
 0001:00007b80       ?SppLoggerStat@CLogPulse@@MAEHPAH@Z 00408b80 f   LogPulses.obj
 0001:00007ba0       ??_ECLogPulse@@UAEPAXI@Z   00408ba0 f i LogPulses.obj
 0001:00007ba0       ??_GCLogPulse@@UAEPAXI@Z   00408ba0 f i LogPulses.obj
 0001:00007bd0       ??0CLogRawPulse@@QAE@XZ    00408bd0 f   LogRawPulse.obj
 0001:00007c30       ??1CLogRawPulse@@UAE@XZ    00408c30 f   LogRawPulse.obj
 0001:00007c50       ?UpdateControls@CLogRawPulse@@MAEXXZ 00408c50 f   LogRawPulse.obj
 0001:00007d30       ?PostMessageStop@CLogRawPulse@@MAEXXZ 00408d30 f   LogRawPulse.obj
 0001:00007d60       ?PostMessageStart@CLogRawPulse@@MAEXXZ 00408d60 f   LogRawPulse.obj
 0001:00007d90       ?PostMessageCancel@CLogRawPulse@@MAEXXZ 00408d90 f   LogRawPulse.obj
 0001:00007dc0       ?SppLoggerStop@CLogRawPulse@@MAEHXZ 00408dc0 f   LogRawPulse.obj
 0001:00007dd0       ?SppLoggerStart@CLogRawPulse@@MAEHPAD@Z 00408dd0 f   LogRawPulse.obj
 0001:00007df0       ?SppLoggerStat@CLogRawPulse@@MAEHPAH@Z 00408df0 f   LogRawPulse.obj
 0001:00007e10       ??_ECLogRawPulse@@UAEPAXI@Z 00408e10 f i LogRawPulse.obj
 0001:00007e10       ??_GCLogRawPulse@@UAEPAXI@Z 00408e10 f i LogRawPulse.obj
 0001:00007e40       ?_GetBaseClass@CScanInputs@@KGPAUCRuntimeClass@@XZ 00408e40 f   ScanInputs.obj
 0001:00007e50       ?GetThisClass@CScanInputs@@SGPAUCRuntimeClass@@XZ 00408e50 f   ScanInputs.obj
 0001:00007e60       ?GetRuntimeClass@CScanInputs@@UBEPAUCRuntimeClass@@XZ 00408e60 f   ScanInputs.obj
 0001:00007e70       ??0CScanInputs@@QAE@PAVCWnd@@@Z 00408e70 f   ScanInputs.obj
 0001:00007fd0       ??1CScanInputs@@UAE@XZ     00408fd0 f   ScanInputs.obj
 0001:00008030       ?DoDataExchange@CScanInputs@@MAEXPAVCDataExchange@@@Z 00409030 f   ScanInputs.obj
 0001:00008060       ?GetThisMessageMap@CScanInputs@@KGPBUAFX_MSGMAP@@XZ 00409060 f   ScanInputs.obj
 0001:00008070       ?GetMessageMap@CScanInputs@@MBEPBUAFX_MSGMAP@@XZ 00409070 f   ScanInputs.obj
 0001:00008080       ?OnBnClickedCancel@CScanInputs@@QAEXXZ 00409080 f   ScanInputs.obj
 0001:00008120       ?OnBnClickedScan@CScanInputs@@QAEXXZ 00409120 f   ScanInputs.obj
 0001:00008280       ?OnBnClickedSaveLog@CScanInputs@@QAEXXZ 00409280 f   ScanInputs.obj
 0001:00008290       ?LogAudioLevel@CScanInputs@@IAEXHHH@Z 00409290 f   ScanInputs.obj
 0001:00008430       ?ScanModulationTypes@CScanInputs@@IAEHXZ 00409430 f   ScanInputs.obj
 0001:00008540       ?LogModulation@CScanInputs@@IAEXHH@Z 00409540 f   ScanInputs.obj
 0001:00008680       ?OnShowWindow@CScanInputs@@QAEXHI@Z 00409680 f   ScanInputs.obj
 0001:00008710       ??_ECScanInputs@@UAEPAXI@Z 00409710 f i ScanInputs.obj
 0001:00008710       ??_GCScanInputs@@UAEPAXI@Z 00409710 f i ScanInputs.obj
 0001:00008740       ??HATL@@YA?AV?$CStringT@DV?$StrTraitMFC_DLL@DV?$ChTraitsCRT@D@ATL@@@@@0@ABV10@0@Z 00409740 f i ScanInputs.obj
 0001:000087f0       ?GetThisMessageMap@CSppConsoleApp@@KGPBUAFX_MSGMAP@@XZ 004097f0 f   SppConsole.obj
 0001:00008800       ?GetMessageMap@CSppConsoleApp@@MBEPBUAFX_MSGMAP@@XZ 00409800 f   SppConsole.obj
 0001:00008810       ??0CSppConsoleApp@@QAE@XZ  00409810 f   SppConsole.obj
 0001:00008840       ?InitInstance@CSppConsoleApp@@UAEHXZ 00409840 f   SppConsole.obj
 0001:00008900       ?doStartIconified@CSppConsoleApp@@IAE_NXZ 00409900 f   SppConsole.obj
 0001:00008960       ?OnAbout@CSppConsoleApp@@QAEXXZ 00409960 f   SppConsole.obj
 0001:000089d0       ??_GCSppConsoleApp@@UAEPAXI@Z 004099d0 f i SppConsole.obj
 0001:000089d0       ??_ECSppConsoleApp@@UAEPAXI@Z 004099d0 f i SppConsole.obj
 0001:00008a00       ??1CSppConsoleApp@@UAE@XZ  00409a00 f i SppConsole.obj
 0001:00008a20       ??1CSppConsoleDlg@@UAE@XZ  00409a20 f i SppConsole.obj
 0001:00008ab0       ??0CSppConsoleDlg@@QAE@PAVCWnd@@@Z 00409ab0 f   SppConsoleDlg.obj
 0001:00008c50       ?DoDataExchange@CSppConsoleDlg@@MAEXPAVCDataExchange@@@Z 00409c50 f   SppConsoleDlg.obj
 0001:00008dc0       ?GetThisMessageMap@CSppConsoleDlg@@KGPBUAFX_MSGMAP@@XZ 00409dc0 f   SppConsoleDlg.obj
 0001:00008dd0       ?GetMessageMap@CSppConsoleDlg@@MBEPBUAFX_MSGMAP@@XZ 00409dd0 f   SppConsoleDlg.obj
 0001:00008de0       ?GetDllVersion@@YAKPBD@Z   00409de0 f   SppConsoleDlg.obj
 0001:00008e70       ?ThreeBeeps@@YAXXZ         00409e70 f   SppConsoleDlg.obj
 0001:00008ed0       ?OneBeep@@YAXXZ            00409ed0 f   SppConsoleDlg.obj
 0001:00008f00       ?OnInitDialog@CSppConsoleDlg@@MAEHXZ 00409f00 f   SppConsoleDlg.obj
 0001:000093a0       ?OnDestroy@CSppConsoleDlg@@IAEXXZ 0040a3a0 f   SppConsoleDlg.obj
 0001:000094d0       ?OnPaint@CSppConsoleDlg@@IAEXXZ 0040a4d0 f   SppConsoleDlg.obj
 0001:00009610       ?OnQueryDragIcon@CSppConsoleDlg@@IAEPAUHICON__@@XZ 0040a610 f   SppConsoleDlg.obj
 0001:00009630       ?SomethingChanged@CSppConsoleDlg@@QAEXXZ 0040a630 f   SppConsoleDlg.obj
 0001:00009670       ?OnSelchangeModType@CSppConsoleDlg@@IAEXXZ 0040a670 f   SppConsoleDlg.obj
 0001:000097c0       ?GetModeTypeCtrl@CSppConsoleDlg@@QAEPAVCWnd@@XZ 0040a7c0 f   SppConsoleDlg.obj
 0001:000097e0       ?OnShiftAuto@CSppConsoleDlg@@IAEXXZ 0040a7e0 f   SppConsoleDlg.obj
 0001:00009880       ?GetShiftAutoCtrl@CSppConsoleDlg@@QAEPAVCWnd@@XZ 0040a880 f   SppConsoleDlg.obj
 0001:000098a0       ?OnShiftPos@CSppConsoleDlg@@IAEXXZ 0040a8a0 f   SppConsoleDlg.obj
 0001:000098c0       ?GetShiftPosCtrl@CSppConsoleDlg@@QAEPAVCWnd@@XZ 0040a8c0 f   SppConsoleDlg.obj
 0001:000098e0       ?OnShiftNeg@CSppConsoleDlg@@IAEXXZ 0040a8e0 f   SppConsoleDlg.obj
 0001:00009900       ?OnHide@CSppConsoleDlg@@IAEXXZ 0040a900 f   SppConsoleDlg.obj
 0001:00009930       ?OnShow@CSppConsoleDlg@@IAEXXZ 0040a930 f   SppConsoleDlg.obj
 0001:00009960       ?PopulateModulation@CSppConsoleDlg@@IAEHXZ 0040a960 f   SppConsoleDlg.obj
 0001:00009b20       ?ShowShiftRB@CSppConsoleDlg@@IAEX_N@Z 0040ab20 f   SppConsoleDlg.obj
 0001:00009bd0       ?TaskBarAddIcon@CSppConsoleDlg@@IAEHIPAUHICON__@@PAD@Z 0040abd0 f   SppConsoleDlg.obj
 0001:00009db0       ?TaskBarDelIcon@CSppConsoleDlg@@IAEHI@Z 0040adb0 f   SppConsoleDlg.obj
 0001:00009e10       ?TaskBarIconBaloon@CSppConsoleDlg@@IAEHIPBD0@Z 0040ae10 f   SppConsoleDlg.obj
 0001:00009f30       ?TaskBarIconToolTip@CSppConsoleDlg@@IAEHIPBD@Z 0040af30 f   SppConsoleDlg.obj
 0001:00009fc0       ?StartIconified@CSppConsoleDlg@@QAEX_N@Z 0040afc0 f   SppConsoleDlg.obj
 0001:00009fe0       ?OnStatusAreaMessage@CSppConsoleDlg@@IAEJIJ@Z 0040afe0 f   SppConsoleDlg.obj
 0001:0000a040       ?OnMixerLineChange@CSppConsoleDlg@@AAEJIJ@Z 0040b040 f   SppConsoleDlg.obj
 0001:0000a050       ?OnMixerControlChange@CSppConsoleDlg@@AAEJIJ@Z 0040b050 f   SppConsoleDlg.obj
 0001:0000a0d0       ?ShowTrayIconMenu@CSppConsoleDlg@@IAEXI@Z 0040b0d0 f   SppConsoleDlg.obj
 0001:0000a230       ?OnWindowPosChanging@CSppConsoleDlg@@IAEXPAUtagWINDOWPOS@@@Z 0040b230 f   SppConsoleDlg.obj
 0001:0000a270       ?OnInterSppConsole@CSppConsoleDlg@@IAEJIJ@Z 0040b270 f   SppConsoleDlg.obj
 0001:0000a2a0       ?OnInterSppApps@CSppConsoleDlg@@IAEJIJ@Z 0040b2a0 f   SppConsoleDlg.obj
 0001:0000a700       ?OnOK@CSppConsoleDlg@@MAEXXZ 0040b700 f   SppConsoleDlg.obj
 0001:0000a760       ?OnCancel@CSppConsoleDlg@@MAEXXZ 0040b760 f   SppConsoleDlg.obj
 0001:0000a780       ?isDllActive@CSppConsoleDlg@@IAE_NXZ 0040b780 f   SppConsoleDlg.obj
 0001:0000a7d0       ?GetStatusString@CSppConsoleDlg@@QAE?AV?$CStringT@DV?$StrTraitMFC_DLL@DV?$ChTraitsCRT@D@ATL@@@@@ATL@@XZ 0040b7d0 f   SppConsoleDlg.obj
 0001:0000aad0       ?OnToolTipNotify@CSppConsoleDlg@@IAEHIPAUtagNMHDR@@PAJ@Z 0040bad0 f   SppConsoleDlg.obj
 0001:0000ab40       ?GetFmsStatusString@CSppConsoleDlg@@IAEHAAV?$CStringT@DV?$StrTraitMFC_DLL@DV?$ChTraitsCRT@D@ATL@@@@@ATL@@@Z 0040bb40 f   SppConsoleDlg.obj
 0001:0000adb0       ?PopulateAudioSource@CSppConsoleDlg@@IAEXXZ 0040bdb0 f   SppConsoleDlg.obj
 0001:0000aea0       ?GetMixerDeviceCtrl@CSppConsoleDlg@@QAEPAVCWnd@@XZ 0040bea0 f   SppConsoleDlg.obj
 0001:0000aec0       ?PopulateInputLines@CSppConsoleDlg@@IAEXXZ 0040bec0 f   SppConsoleDlg.obj
 0001:0000afa0       ?GetAudioLinesCtrl@CSppConsoleDlg@@QAEPAVCWnd@@XZ 0040bfa0 f   SppConsoleDlg.obj
 0001:0000afc0       ?OnSelchangeMixerdevice@CSppConsoleDlg@@IAEXXZ 0040bfc0 f   SppConsoleDlg.obj
 0001:0000b090       ?OnSelchangeAudioSrc@CSppConsoleDlg@@IAEXXZ 0040c090 f   SppConsoleDlg.obj
 0001:0000b160       ?OnEnableAudio@CSppConsoleDlg@@IAEXXZ 0040c160 f   SppConsoleDlg.obj
 0001:0000b1d0       ?EnableAudio@CSppConsoleDlg@@IAEXH@Z 0040c1d0 f   SppConsoleDlg.obj
 0001:0000b330       ?GetCurrentMixerDevice@CSppConsoleDlg@@IAEHXZ 0040c330 f   SppConsoleDlg.obj
 0001:0000b3c0       ?GetCurrentInputLine@CSppConsoleDlg@@IAEHXZ 0040c3c0 f   SppConsoleDlg.obj
 0001:0000b400       ?GetSavedCurrentInputLine@CSppConsoleDlg@@IAE_NPAI@Z 0040c400 f   SppConsoleDlg.obj
 0001:0000b470       ?GetCurrentInputLineFromSystem@CSppConsoleDlg@@IAE_NPAI@Z 0040c470 f   SppConsoleDlg.obj
 0001:0000b4d0       ?SetCurrentMixerDevice@CSppConsoleDlg@@IAEXI@Z 0040c4d0 f   SppConsoleDlg.obj
 0001:0000b520       ?SetCurrentInputLine@CSppConsoleDlg@@IAEXH@Z 0040c520 f   SppConsoleDlg.obj
 0001:0000b5a0       ?GetCheckAudioCtrl@CSppConsoleDlg@@QAEPAVCWnd@@XZ 0040c5a0 f   SppConsoleDlg.obj
 0001:0000b5c0       ?CheckAudioCB@CSppConsoleDlg@@IAEXXZ 0040c5c0 f   SppConsoleDlg.obj
 0001:0000b5f0       ?OnSetCursor@CSppConsoleDlg@@IAEHPAVCWnd@@II@Z 0040c5f0 f   SppConsoleDlg.obj
 0001:0000b680       ?HearTx@CSppConsoleDlg@@IAEX_N@Z 0040c680 f   SppConsoleDlg.obj
 0001:0000b750       ?OnSelSrc@CSppConsoleDlg@@IAEXXZ 0040c750 f   SppConsoleDlg.obj
 0001:0000b8e0       ?OnAudioDst@CSppConsoleDlg@@IAEXXZ 0040c8e0 f   SppConsoleDlg.obj
 0001:0000ba70       ?OnAudioVol@CSppConsoleDlg@@IAEXXZ 0040ca70 f   SppConsoleDlg.obj
 0001:0000bb00       ?OnAudioPrint@CSppConsoleDlg@@IAEXXZ 0040cb00 f   SppConsoleDlg.obj
 0001:0000bc20       ?PpJoyExShowCtrl@CSppConsoleDlg@@IAEXXZ 0040cc20 f   SppConsoleDlg.obj
 0001:0000bc60       ?OnPpjoyex@CSppConsoleDlg@@IAEXXZ 0040cc60 f   SppConsoleDlg.obj
 0001:0000bd60       ?UpdateFilterMenu@CSppConsoleDlg@@IAEXXZ 0040cd60 f   SppConsoleDlg.obj
 0001:0000c070       ?OnFilterSelect@CSppConsoleDlg@@IAEXI@Z 0040d070 f   SppConsoleDlg.obj
 0001:0000c1f0       ?OnHideMsg@CSppConsoleDlg@@AAEJIJ@Z 0040d1f0 f   SppConsoleDlg.obj
 0001:0000c210       ?LocateDialogWindow@CSppConsoleDlg@@IAEHXZ 0040d210 f   SppConsoleDlg.obj
 0001:0000c290       ?StoreLocationDialogWindow@CSppConsoleDlg@@IAEHXZ 0040d290 f   SppConsoleDlg.obj
 0001:0000c2c0       ?OnTimer@CSppConsoleDlg@@QAEXI@Z 0040d2c0 f   SppConsoleDlg.obj
 0001:0000c3d0       ?InitJoyPosBars@CSppConsoleDlg@@IAEXXZ 0040d3d0 f   SppConsoleDlg.obj
 0001:0000c460       ?SetJoyPosBars@CSppConsoleDlg@@IAEXPAH@Z 0040d460 f   SppConsoleDlg.obj
 0001:0000c550       ?OnWaveRec@CSppConsoleDlg@@IAEXXZ 0040d550 f   SppConsoleDlg.obj
 0001:0000c630       ?OnWaveRecStart@CSppConsoleDlg@@AAEJIJ@Z 0040d630 f   SppConsoleDlg.obj
 0001:0000c690       ?OnWaveRecStop@CSppConsoleDlg@@AAEJIJ@Z 0040d690 f   SppConsoleDlg.obj
 0001:0000c6f0       ?OnWaveRecCancel@CSppConsoleDlg@@AAEJIJ@Z 0040d6f0 f   SppConsoleDlg.obj
 0001:0000c710       ?OnAdvancedJitter@CSppConsoleDlg@@QAEXXZ 0040d710 f   SppConsoleDlg.obj
 0001:0000c730       ?InitJitterStatus@CSppConsoleDlg@@IAEXXZ 0040d730 f   SppConsoleDlg.obj
 0001:0000c790       ?UpdateJitterStatus@CSppConsoleDlg@@IAEXHH@Z 0040d790 f   SppConsoleDlg.obj
 0001:0000c9a0       ?UpdateFmsMenuItem@CSppConsoleDlg@@IAEXH@Z 0040d9a0 f   SppConsoleDlg.obj
 0001:0000cac0       ?OnRunFms@CSppConsoleDlg@@QAEXXZ 0040dac0 f   SppConsoleDlg.obj
 0001:0000cbe0       ?OnSysCommand@CSppConsoleDlg@@QAEXIJ@Z 0040dbe0 f   SppConsoleDlg.obj
 0001:0000cc10       ?OnLogAudioHdrs@CSppConsoleDlg@@QAEXXZ 0040dc10 f   SppConsoleDlg.obj
 0001:0000ccf0       ?OnLogAudioHdrsCancel@CSppConsoleDlg@@AAEJIJ@Z 0040dcf0 f   SppConsoleDlg.obj
 0001:0000cd10       ?OnLogPulse@CSppConsoleDlg@@QAEXXZ 0040dd10 f   SppConsoleDlg.obj
 0001:0000ce50       ?OnLogPulseCancel@CSppConsoleDlg@@AAEJIJ@Z 0040de50 f   SppConsoleDlg.obj
 0001:0000ce70       ?OnLogFmsConn@CSppConsoleDlg@@QAEXXZ 0040de70 f   SppConsoleDlg.obj
 0001:0000cf90       ?OnFmsConnStart@CSppConsoleDlg@@AAEJIJ@Z 0040df90 f   SppConsoleDlg.obj
 0001:0000d240       ?OnFmsConnStop@CSppConsoleDlg@@AAEJIJ@Z 0040e240 f   SppConsoleDlg.obj
 0001:0000d390       ?OnFmsConnCancel@CSppConsoleDlg@@AAEJIJ@Z 0040e390 f   SppConsoleDlg.obj
 0001:0000d3b0       ?OnLogRawPulse@CSppConsoleDlg@@QAEXXZ 0040e3b0 f   SppConsoleDlg.obj
 0001:0000d4d0       ?OnRawPulseCancel@CSppConsoleDlg@@AAEJIJ@Z 0040e4d0 f   SppConsoleDlg.obj
 0001:0000d4f0       ?OnBnClickedScandlg@CSppConsoleDlg@@QAEXXZ 0040e4f0 f   SppConsoleDlg.obj
 0001:0000d5c0       ?GetAudioLevel@CSppConsoleDlg@@QAEHXZ 0040e5c0 f   SppConsoleDlg.obj
 0001:0000d5f0       ?GetNumJoystickPos@CSppConsoleDlg@@QAEHXZ 0040e5f0 f   SppConsoleDlg.obj
 0001:0000d630       ??_GCSppConsoleDlg@@UAEPAXI@Z 0040e630 f i SppConsoleDlg.obj
 0001:0000d630       ??_ECSppConsoleDlg@@UAEPAXI@Z 0040e630 f i SppConsoleDlg.obj
 0001:0000d660       ??_GCFilterIf@@QAEPAXI@Z   0040e660 f i SppConsoleDlg.obj
 0001:0000d690       ?GetWindowInfo@CWnd@@QBEHPAUtagWINDOWINFO@@@Z 0040e690 f i SppConsoleDlg.obj
 0001:0000d6d0       ?_GetBaseClass@CStaticLink@@KGPAUCRuntimeClass@@XZ 0040e6d0 f   StatLink.obj
 0001:0000d6e0       ?GetThisClass@CStaticLink@@SGPAUCRuntimeClass@@XZ 0040e6e0 f   StatLink.obj
 0001:0000d6f0       ?GetRuntimeClass@CStaticLink@@UBEPAUCRuntimeClass@@XZ 0040e6f0 f   StatLink.obj
 0001:0000d700       ?GetThisMessageMap@CStaticLink@@KGPBUAFX_MSGMAP@@XZ 0040e700 f   StatLink.obj
 0001:0000d710       ?GetMessageMap@CStaticLink@@MBEPBUAFX_MSGMAP@@XZ 0040e710 f   StatLink.obj
 0001:0000d720       ??0CStaticLink@@QAE@XZ     0040e720 f   StatLink.obj
 0001:0000d7b0       ?CtlColor@CStaticLink@@QAEPAUHBRUSH__@@PAVCDC@@I@Z 0040e7b0 f   StatLink.obj
 0001:0000d8d0       ?OnClicked@CStaticLink@@QAEXXZ 0040e8d0 f   StatLink.obj
 0001:0000d980       ?SetDefaultCursor@CStaticLink@@QAEXXZ 0040e980 f   StatLink.obj
 0001:0000da60       ?OnSetCursor@CStaticLink@@QAEHPAVCWnd@@II@Z 0040ea60 f   StatLink.obj
 0001:0000da90       ?SetLink@CStaticLink@@QAE?AV?$CStringT@DV?$StrTraitMFC_DLL@DV?$ChTraitsCRT@D@ATL@@@@@ATL@@V23@@Z 0040ea90 f   StatLink.obj
 0001:0000db80       ??_ECStaticLink@@UAEPAXI@Z 0040eb80 f i StatLink.obj
 0001:0000db80       ??_GCStaticLink@@UAEPAXI@Z 0040eb80 f i StatLink.obj
 0001:0000dbb0       ??0CTraceFileAndLineInfo@ATL@@QAE@PBDH@Z 0040ebb0 f i StatLink.obj
 0001:0000dbe0       ??RCTraceFileAndLineInfo@ATL@@QBAXPBDZZ 0040ebe0 f i StatLink.obj
 0001:0000dc30       ?TraceV@CTrace@ATL@@QBAXPBDHKI0PAD@Z 0040ec30 f i StatLink.obj
 0001:0000dc60       ??BCTraceCategory@ATL@@QBEKXZ 0040ec60 f i StatLink.obj
 0001:0000dc70       ?GetEnvironmentVariableWThunk@ATL@@YGKPBGPAGK@Z 0040ec70 f i StdAfx.obj
 0001:0000dcb0       ?_AtlInstallStringThunk@ATL@@YAXPAPAXPAX1@Z 0040ecb0 f i StdAfx.obj
 0001:0000dd10       ?GetEnvironmentVariableWFake@ATL@@YGKPBGPAGK@Z 0040ed10 f i StdAfx.obj
 0001:0000def0       ?_AtlGetConversionACP@ATL@@YGIXZ 0040eef0 f i StdAfx.obj
 0001:0000df00       ?CompareStringWThunk@ATL@@YGHKKPBGH0H@Z 0040ef00 f i StdAfx.obj
 0001:0000df40       ?CompareStringWFake@ATL@@YGHKKPBGH0H@Z 0040ef40 f i StdAfx.obj
 0001:0000e120       ?_AtlVerifyStackAvailable@_ATL_SAFE_ALLOCA_IMPL@ATL@@YA_NK@Z 0040f120 f i StdAfx.obj
 0001:0000e1c0       ?AtlW2AHelper@@YGPADPADPBGHI@Z 0040f1c0 f i StdAfx.obj
 0001:0000e290       ?AtlThrow@ATL@@YGXJ@Z      0040f290 f i StdAfx.obj
 0001:0000e2f0       ??RCTraceFileAndLineInfo@ATL@@QBAXKIPBDZZ 0040f2f0 f i StdAfx.obj
 0001:0000e330       ?GetStringTypeExWThunk@ATL@@YGHKKPBGHPAG@Z 0040f330 f i StdAfx.obj
 0001:0000e370       ?GetStringTypeExWFake@ATL@@YGHKKPBGHPAG@Z 0040f370 f i StdAfx.obj
 0001:0000e480       ?lstrcmpiWThunk@ATL@@YGHPBG0@Z 0040f480 f i StdAfx.obj
 0001:0000e4b0       ?lstrcmpiWFake@ATL@@YGHPBG0@Z 0040f4b0 f i StdAfx.obj
 0001:0000e590       ?CharLowerWThunk@ATL@@YGPAGPAG@Z 0040f590 f i StdAfx.obj
 0001:0000e5c0       ?CharLowerWFake@ATL@@YGPAGPAG@Z 0040f5c0 f i StdAfx.obj
 0001:0000e6b0       ?AtlA2WHelper@@YGPAGPAGPBDHI@Z 0040f6b0 f i StdAfx.obj
 0001:0000e780       ?CharUpperWThunk@ATL@@YGPAGPAG@Z 0040f780 f i StdAfx.obj
 0001:0000e7b0       ?CharUpperWFake@ATL@@YGPAGPAG@Z 0040f7b0 f i StdAfx.obj
 0001:0000e8a0       ??_Estringdispid@CComTypeInfoHolder@ATL@@QAEPAXI@Z 0040f8a0 f i StdAfx.obj
 0001:0000e910       ??1stringdispid@CComTypeInfoHolder@ATL@@QAE@XZ 0040f910 f i StdAfx.obj
 0001:0000e930       ??1CComBSTR@ATL@@QAE@XZ    0040f930 f i StdAfx.obj
 0001:0000e950       ??0?$CAtlSafeAllocBufferManager@VCCRTAllocator@ATL@@@_ATL_SAFE_ALLOCA_IMPL@ATL@@QAE@XZ 0040f950 f i StdAfx.obj
 0001:0000e970       ?Allocate@?$CAtlSafeAllocBufferManager@VCCRTAllocator@ATL@@@_ATL_SAFE_ALLOCA_IMPL@ATL@@QAEPAXK@Z 0040f970 f i StdAfx.obj
 0001:0000e9c0       ?Allocate@CCRTAllocator@ATL@@SAPAXI@Z 0040f9c0 f i StdAfx.obj
 0001:0000e9e0       ??1?$CAtlSafeAllocBufferManager@VCCRTAllocator@ATL@@@_ATL_SAFE_ALLOCA_IMPL@ATL@@QAE@XZ 0040f9e0 f i StdAfx.obj
 0001:0000ea20       ?Free@CCRTAllocator@ATL@@SAXPAX@Z 0040fa20 f i StdAfx.obj
 0001:0000ea40       ??0?$CTempBuffer@D$0IA@VCCRTAllocator@ATL@@@ATL@@QAE@XZ 0040fa40 f i StdAfx.obj
 0001:0000ea60       ??1?$CTempBuffer@D$0IA@VCCRTAllocator@ATL@@@ATL@@QAE@XZ 0040fa60 f i StdAfx.obj
 0001:0000ea80       ??B?$CTempBuffer@D$0IA@VCCRTAllocator@ATL@@@ATL@@QBEPADXZ 0040fa80 f i StdAfx.obj
 0001:0000ea90       ?Allocate@?$CTempBuffer@D$0IA@VCCRTAllocator@ATL@@@ATL@@QAEPADI@Z 0040fa90 f i StdAfx.obj
 0001:0000eab0       ??0?$CW2AEX@$0IA@@ATL@@QAE@PBG@Z 0040fab0 f i StdAfx.obj
 0001:0000eae0       ??1?$CW2AEX@$0IA@@ATL@@QAE@XZ 0040fae0 f i StdAfx.obj
 0001:0000eb10       ??B?$CW2AEX@$0IA@@ATL@@QBEPADXZ 0040fb10 f i StdAfx.obj
 0001:0000eb20       ?AllocateBytes@?$CTempBuffer@D$0IA@VCCRTAllocator@ATL@@@ATL@@QAEPADI@Z 0040fb20 f i StdAfx.obj
 0001:0000eb80       ?FreeHeap@?$CTempBuffer@D$0IA@VCCRTAllocator@ATL@@@ATL@@AAEXXZ 0040fb80 f i StdAfx.obj
 0001:0000eba0       ?Init@?$CW2AEX@$0IA@@ATL@@AAEXPBGI@Z 0040fba0 f i StdAfx.obj
 0001:0000ec30       ?AtlThrowLastWin32@ATL@@YGXXZ 0040fc30 f i StdAfx.obj
 0001:0000ec80       ?GetData@CAtlSafeAllocBufferNode@?$CAtlSafeAllocBufferManager@VCCRTAllocator@ATL@@@_ATL_SAFE_ALLOCA_IMPL@ATL@@QAEPAXXZ 0040fc80 f i StdAfx.obj
 0001:0000eca0       ?AllocateHeap@?$CTempBuffer@D$0IA@VCCRTAllocator@ATL@@@ATL@@AAEXI@Z 0040fca0 f i StdAfx.obj
 0001:0000ece0       ??0CAtlWinModule@ATL@@QAE@XZ 0040fce0 f i StdAfx.obj
 0001:0000ed20       ??0_ATL_WIN_MODULE70@ATL@@QAE@XZ 0040fd20 f i StdAfx.obj
 0001:0000ed50       ??0CComCriticalSection@ATL@@QAE@XZ 0040fd50 f i StdAfx.obj
 0001:0000ed70       ??0?$CSimpleArray@GV?$CSimpleArrayEqualHelper@G@ATL@@@ATL@@QAE@XZ 0040fd70 f i StdAfx.obj
 0001:0000eda0       ??1CAtlWinModule@ATL@@QAE@XZ 0040fda0 f i StdAfx.obj
 0001:0000edf0       ?Term@CAtlWinModule@ATL@@QAEXXZ 0040fdf0 f i StdAfx.obj
 0001:0000ee10       ?GetModuleInstance@CAtlBaseModule@ATL@@QAEPAUHINSTANCE__@@XZ 0040fe10 f i StdAfx.obj
 0001:0000ee30       ??1_ATL_WIN_MODULE70@ATL@@QAE@XZ 0040fe30 f i StdAfx.obj
 0001:0000ee50       ?AtlWinModuleTerm@ATL@@YGJPAU_ATL_WIN_MODULE70@1@PAUHINSTANCE__@@@Z 0040fe50 f i StdAfx.obj
 0001:0000eef0       ?Term@CComCriticalSection@ATL@@QAEJXZ 0040fef0 f i StdAfx.obj
 0001:0000ef10       ??1?$CSimpleArray@GV?$CSimpleArrayEqualHelper@G@ATL@@@ATL@@QAE@XZ 0040ff10 f i StdAfx.obj
 0001:0000ef30       ?GetSize@?$CSimpleArray@GV?$CSimpleArrayEqualHelper@G@ATL@@@ATL@@QBEHXZ 0040ff30 f i StdAfx.obj
 0001:0000ef50       ?RemoveAll@?$CSimpleArray@GV?$CSimpleArrayEqualHelper@G@ATL@@@ATL@@QAEXXZ 0040ff50 f i StdAfx.obj
 0001:0000efb0       ??A?$CSimpleArray@GV?$CSimpleArrayEqualHelper@G@ATL@@@ATL@@QAEAAGH@Z 0040ffb0 f i StdAfx.obj
 0001:0000f020       ?_AtlRaiseException@ATL@@YAXKK@Z 00410020 f i StdAfx.obj
 0001:0000f040       ?_GetBaseClass@CWaveRec@@KGPAUCRuntimeClass@@XZ 00410040 f   WaveRec.obj
 0001:0000f050       ?GetThisClass@CWaveRec@@SGPAUCRuntimeClass@@XZ 00410050 f   WaveRec.obj
 0001:0000f060       ?GetRuntimeClass@CWaveRec@@UBEPAUCRuntimeClass@@XZ 00410060 f   WaveRec.obj
 0001:0000f070       ??0CWaveRec@@QAE@PAVCWnd@@@Z 00410070 f   WaveRec.obj
 0001:0000f140       ??1CWaveRec@@UAE@XZ        00410140 f   WaveRec.obj
 0001:0000f1a0       ?DoDataExchange@CWaveRec@@MAEXPAVCDataExchange@@@Z 004101a0 f   WaveRec.obj
 0001:0000f1e0       ?GetThisMessageMap@CWaveRec@@KGPBUAFX_MSGMAP@@XZ 004101e0 f   WaveRec.obj
 0001:0000f1f0       ?GetMessageMap@CWaveRec@@MBEPBUAFX_MSGMAP@@XZ 004101f0 f   WaveRec.obj
 0001:0000f200       ?OnBnClickedRecStop@CWaveRec@@QAEXXZ 00410200 f   WaveRec.obj
 0001:0000f320       ?OnBnClickedRecStart@CWaveRec@@QAEXXZ 00410320 f   WaveRec.obj
 0001:0000f420       ?UpdateControls@CWaveRec@@MAEXXZ 00410420 f   WaveRec.obj
 0001:0000f570       ?OnInitDialog@CWaveRec@@UAEHXZ 00410570 f   WaveRec.obj
 0001:0000f620       ?PostMessageStop@CWaveRec@@MAEXXZ 00410620 f   WaveRec.obj
 0001:0000f650       ?PostMessageStart@CWaveRec@@MAEXXZ 00410650 f   WaveRec.obj
 0001:0000f680       ?PostMessageCancel@CWaveRec@@MAEXXZ 00410680 f   WaveRec.obj
 0001:0000f6b0       ?PostMessagePlay@CWaveRec@@MAEXXZ 004106b0 f   WaveRec.obj
 0001:0000f6e0       ?OnBnClickedCancel@CWaveRec@@QAEXXZ 004106e0 f   WaveRec.obj
 0001:0000f780       ?RenameWaveFile@CWaveRec@@IAEXXZ 00410780 f   WaveRec.obj
 0001:0000f8d0       ?GetWaveFileName@CWaveRec@@IAE_NXZ 004108d0 f   WaveRec.obj
 0001:0000f9e0       ?OnTimer@CWaveRec@@QAEXI@Z 004109e0 f   WaveRec.obj
 0001:0000fab0       ?OnBnClickedRecPlay@CWaveRec@@QAEXXZ 00410ab0 f   WaveRec.obj
 0001:0000fc30       ?SppLoggerStop@CWaveRec@@MAEHXZ 00410c30 f   WaveRec.obj
 0001:0000fc40       ?SppLoggerPlay@CWaveRec@@MAEHPAD@Z 00410c40 f   WaveRec.obj
 0001:0000fc60       ?SppLoggerStart@CWaveRec@@MAEHPAD@Z 00410c60 f   WaveRec.obj
 0001:0000fc80       ?SppLoggerStat@CWaveRec@@MAEHPAH@Z 00410c80 f   WaveRec.obj
 0001:0000fca0       ??_GCWaveRec@@UAEPAXI@Z    00410ca0 f i WaveRec.obj
 0001:0000fca0       ??_ECWaveRec@@UAEPAXI@Z    00410ca0 f i WaveRec.obj
 0001:0000fcd0       __tcsncpy                  00410cd0 f i WaveRec.obj
 0001:0000fcf0       _SppMessageBoxWithErrorCode 00410cf0 f   smartpropoplus:SmartPropoPlus.obj
 0001:0000fd80       _SetLocationDialogWindow   00410d80 f   smartpropoplus:SmartPropoPlus.obj
 0001:0000fda0       _GetLocationDialogWindow   00410da0 f   smartpropoplus:SmartPropoPlus.obj
 0001:0000fdc0       _SetSelectedFilter         00410dc0 f   smartpropoplus:SmartPropoPlus.obj
 0001:0000fde0       _SetActiveMode             00410de0 f   smartpropoplus:SmartPropoPlus.obj
 0001:0000fe00       _SetShiftAutoDetect        00410e00 f   smartpropoplus:SmartPropoPlus.obj
 0001:0000fe20       _SetPositiveShift          00410e20 f   smartpropoplus:SmartPropoPlus.obj
 0001:0000fe40       _GetModulation             00410e40 f   smartpropoplus:SmartPropoPlus.obj
 0001:0000fe60       _GetDebugLevel             00410e60 f   smartpropoplus:SmartPropoPlus.obj
 0001:0000fe70       _ModeDisplayFromInternalName 00410e70 f   smartpropoplus:SmartPropoPlus.obj
 0001:0000ff20       _isBaseRegistryExist       00410f20 f   smartpropoplus:SmartPropoPlus.obj
 0001:0000ff70       _GetDefaultVolumeValue     00410f70 f   smartpropoplus:SmartPropoPlus.obj
 0001:00010000       _SetDefaultVolumeValue     00411000 f   smartpropoplus:SmartPropoPlus.obj
 0001:00010020       _GetCurrentAudioState      00411020 f   smartpropoplus:SmartPropoPlus.obj
 0001:00010040       _SetCurrentAudioState      00411040 f   smartpropoplus:SmartPropoPlus.obj
 0001:00010060       _GetCurrentPpjoyState      00411060 f   smartpropoplus:SmartPropoPlus.obj
 0001:00010070       _SetCurrentPpjoyState      00411070 f   smartpropoplus:SmartPropoPlus.obj
 0001:00010090       _GetCurrentMixerDevice     00411090 f   smartpropoplus:SmartPropoPlus.obj
 0001:000100c0       _GetCurrentInputLine       004110c0 f   smartpropoplus:SmartPropoPlus.obj
 0001:000100e0       _GetWaveInParams           004110e0 f   smartpropoplus:SmartPropoPlus.obj
 0001:00010100       _SetCurrentMixerDevice     00411100 f   smartpropoplus:SmartPropoPlus.obj
 0001:00010120       _SetCurrentInputLine       00411120 f   smartpropoplus:SmartPropoPlus.obj
 0001:00010140       _GetAntiJitterState        00411140 f   smartpropoplus:SmartPropoPlus.obj
 0001:00010150       _SetAntiJitterState        00411150 f   smartpropoplus:SmartPropoPlus.obj
 0001:00010170       _GetSppConsoleFullPath     00411170 f   smartpropoplus:SmartPropoPlus.obj
 0001:00010190       _GetFmsFullPath            00411190 f   smartpropoplus:SmartPropoPlus.obj
 0001:000102a0       _GetDefaultVolumeValueFromRegistry 004112a0 f   smartpropoplus:SppRegistry.obj
 0001:00010370       _SetDefaultVolumeValueToRegistry 00411370 f   smartpropoplus:SppRegistry.obj
 0001:00010440       _GetCurrentAudioStateFromRegistry 00411440 f   smartpropoplus:SppRegistry.obj
 0001:000104d0       _GetCurrentPpjoyStateFromRegistry 004114d0 f   smartpropoplus:SppRegistry.obj
 0001:00010560       _CreateEmptyBaseRegistry   00411560 f   smartpropoplus:SppRegistry.obj
 0001:000105c0       _CreateEmptyAudioRegistry  004115c0 f   smartpropoplus:SppRegistry.obj
 0001:00010610       _CreateDefaultSppRegistry  00411610 f   smartpropoplus:SppRegistry.obj
 0001:000106b0       _CreateDefaultModRegistry  004116b0 f   smartpropoplus:SppRegistry.obj
 0001:000107e0       _SetCurrentAudioStateToRegistry 004117e0 f   smartpropoplus:SppRegistry.obj
 0001:00010860       _SetCurrentPpjoyStateToRegistry 00411860 f   smartpropoplus:SppRegistry.obj
 0001:000108e0       _GetCurrentMixerDeviceFromRegistry 004118e0 f   smartpropoplus:SppRegistry.obj
 0001:000109b0       _GetCurrentInputLineFromRegistry 004119b0 f   smartpropoplus:SppRegistry.obj
 0001:00010a40       _GetWaveInParamsFromRegistry 00411a40 f   smartpropoplus:SppRegistry.obj
 0001:00010b70       _SetCurrentMixerDeviceToRegistry 00411b70 f   smartpropoplus:SppRegistry.obj
 0001:00010bf0       _SetCurrentInputLineToRegistry 00411bf0 f   smartpropoplus:SppRegistry.obj
 0001:00010c70       _SetActiveModeToRegistry   00411c70 f   smartpropoplus:SppRegistry.obj
 0001:00010dc0       _SetShiftAutoDetectToRegistry 00411dc0 f   smartpropoplus:SppRegistry.obj
 0001:00010e30       _SetPositiveShiftToRegistry 00411e30 f   smartpropoplus:SppRegistry.obj
 0001:00010ea0       _isDebugEntryExist         00411ea0 f   smartpropoplus:SppRegistry.obj
 0001:00010f30       _GetDebugLevelFromRegistry 00411f30 f   smartpropoplus:SppRegistry.obj
 0001:00011030       _GetModulationFromRegistry 00412030 f   smartpropoplus:SppRegistry.obj
 0001:000113c0       _isSppRegistryExist        004123c0 f   smartpropoplus:SppRegistry.obj
 0001:00011410       _isModRegistryUpdate       00412410 f   smartpropoplus:SppRegistry.obj
 0001:000115e0       _UpdateModRegistry         004125e0 f   smartpropoplus:SppRegistry.obj
 0001:000117f0       _isAudioRegistryExist      004127f0 f   smartpropoplus:SppRegistry.obj
 0001:00011840       _SetSelectedFilterNameToRegistry 00412840 f   smartpropoplus:SppRegistry.obj
 0001:000118c0       _GetSelectedFilterNameFromRegistry 004128c0 f   smartpropoplus:SppRegistry.obj
 0001:00011990       _GetLocationDialogWindowFromRegistry 00412990 f   smartpropoplus:SppRegistry.obj
 0001:00011a30       _SetLocationDialogWindowToRegistry 00412a30 f   smartpropoplus:SppRegistry.obj
 0001:00011ab0       _GetAntiJitterStateFromRegistry 00412ab0 f   smartpropoplus:SppRegistry.obj
 0001:00011b40       _SetAntiJitterStateToRegistry 00412b40 f   smartpropoplus:SppRegistry.obj
 0001:00011bb0       _GetSppConsoleFullPathFromRegistry 00412bb0 f   smartpropoplus:SppRegistry.obj
 0001:00011d50       _GetFmsFullPathFromRegistry 00412d50 f   smartpropoplus:SppRegistry.obj
 0001:00011df2       _mixerGetLineControlsA@12  00412df2 f   winmm:WINMM.dll
 0001:00011df8       _mixerSetControlDetails@12 00412df8 f   winmm:WINMM.dll
 0001:00011dfe       _mixerGetControlDetailsA@12 00412dfe f   winmm:WINMM.dll
 0001:00011e04       _mixerGetLineInfoA@12      00412e04 f   winmm:WINMM.dll
 0001:00011e0a       _waveInGetNumDevs@0        00412e0a f   winmm:WINMM.dll
 0001:00011e10       _mixerGetNumDevs@0         00412e10 f   winmm:WINMM.dll
 0001:00011e16       _waveInClose@4             00412e16 f   winmm:WINMM.dll
 0001:00011e1c       _mixerGetID@12             00412e1c f   winmm:WINMM.dll
 0001:00011e22       _waveInOpen@24             00412e22 f   winmm:WINMM.dll
 0001:00011e28       _mixerGetDevCapsA@12       00412e28 f   winmm:WINMM.dll
 0001:00011e2e       _mixerOpen@20              00412e2e f   winmm:WINMM.dll
 0001:00011e34       _SppAudioHdrLoggerStop@0   00412e34 f   Wave2Joystick:Wave2Joystick.dll
 0001:00011e3a       _SppAudioHdrLoggerStart@4  00412e3a f   Wave2Joystick:Wave2Joystick.dll
 0001:00011e40       _SppAudioHdrLoggerGetStat@4 00412e40 f   Wave2Joystick:Wave2Joystick.dll
 0001:00011e46       _SppPulseLoggerStop@0      00412e46 f   Wave2Joystick:Wave2Joystick.dll
 0001:00011e4c       _SppPulseLoggerStart@4     00412e4c f   Wave2Joystick:Wave2Joystick.dll
 0001:00011e52       _SppPulseLoggerGetStat@4   00412e52 f   Wave2Joystick:Wave2Joystick.dll
 0001:00011e58       _SppRawPulseLoggerStop@0   00412e58 f   Wave2Joystick:Wave2Joystick.dll
 0001:00011e5e       _SppRawPulseLoggerStart@4  00412e5e f   Wave2Joystick:Wave2Joystick.dll
 0001:00011e64       _SppRawPulseLoggerGetStat@4 00412e64 f   Wave2Joystick:Wave2Joystick.dll
 0001:00011e6a       _SppStart@0                00412e6a f   Wave2Joystick:Wave2Joystick.dll
 0001:00011e70       _SetFilterInterface@4      00412e70 f   Wave2Joystick:Wave2Joystick.dll
 0001:00011e76       _SppSetActiveAudioDevice@4 00412e76 f   Wave2Joystick:Wave2Joystick.dll
 0001:00011e7c       _GetWave2JoystickObject@0  00412e7c f   Wave2Joystick:Wave2Joystick.dll
 0001:00011e82       _SppSetModulation@4        00412e82 f   Wave2Joystick:Wave2Joystick.dll
 0001:00011e88       _SppSetShift@4             00412e88 f   Wave2Joystick:Wave2Joystick.dll
 0001:00011e8e       _SppStop@0                 00412e8e f   Wave2Joystick:Wave2Joystick.dll
 0001:00011e94       _StopInterfaces@0          00412e94 f   Wave2Joystick:Wave2Joystick.dll
 0001:00011e9a       _StopPPJoyInterface@4      00412e9a f   Wave2Joystick:Wave2Joystick.dll
 0001:00011ea0       _StartPPJoyInterface@4     00412ea0 f   Wave2Joystick:Wave2Joystick.dll
 0001:00011ea6       _SppGetFilteredPos@4       00412ea6 f   Wave2Joystick:Wave2Joystick.dll
 0001:00011eac       _SppGetAudioLevel@4        00412eac f   Wave2Joystick:Wave2Joystick.dll
 0001:00011eb2       _TestPPJoyInterface@4      00412eb2 f   Wave2Joystick:Wave2Joystick.dll
 0001:00011eb8       _SppSetAntiJitter@4        00412eb8 f   Wave2Joystick:Wave2Joystick.dll
 0001:00011ebe       _SppWaveLoggerGetStat@4    00412ebe f   Wave2Joystick:Wave2Joystick.dll
 0001:00011ec4       _SppWaveLoggerStop@0       00412ec4 f   Wave2Joystick:Wave2Joystick.dll
 0001:00011eca       _SppWaveLoggerPlay@4       00412eca f   Wave2Joystick:Wave2Joystick.dll
 0001:00011ed0       _SppWaveLoggerStart@4      00412ed0 f   Wave2Joystick:Wave2Joystick.dll
 0001:00011ee0       ??0CFilterIf@@QAE@XZ       00412ee0 f   FilterIf:FilterIf.obj
 0001:00011f20       ??1CFilterIf@@QAE@XZ       00412f20 f   FilterIf:FilterIf.obj
 0001:00011f40       ?Init@CFilterIf@@QAE_NXZ   00412f40 f   FilterIf:FilterIf.obj
 0001:00012030       ?GetNumberOfFilters@CFilterIf@@QAEHXZ 00413030 f   FilterIf:FilterIf.obj
 0001:00012050       ?GetIndexOfSelected@CFilterIf@@QAEHXZ 00413050 f   FilterIf:FilterIf.obj
 0001:00012160       ?GetFilterName@CFilterIf@@QAEPADH@Z 00413160 f   FilterIf:FilterIf.obj
 0001:000121d0       ?SetSelected@CFilterIf@@QAEHH@Z 004131d0 f   FilterIf:FilterIf.obj
 0001:00012250       ?Run@CFilterIf@@IAEPAXPAXHH@Z 00413250 f   FilterIf:FilterIf.obj
 0001:000122c0       ?Filter@CFilterIf@@QAEPAHPAH0HH@Z 004132c0 f   FilterIf:FilterIf.obj
 0001:00012360       __tcscmp                   00413360 f i FilterIf:FilterIf.obj
 0001:00012388       ?GetThisMessageMap@CDialog@@KGPBUAFX_MSGMAP@@XZ 00413388 f   mfc71d:MFC71D.DLL
 0001:0001238e       ?PreInitDialog@CDialog@@MAEXXZ 0041338e f   mfc71d:MFC71D.DLL
 0001:00012394       ?OnCancel@CDialog@@MAEXXZ  00413394 f   mfc71d:MFC71D.DLL
 0001:0001239a       ?OnOK@CDialog@@MAEXXZ      0041339a f   mfc71d:MFC71D.DLL
 0001:000123a0       ?OnSetFont@CDialog@@UAEXPAVCFont@@@Z 004133a0 f   mfc71d:MFC71D.DLL
 0001:000123a6       ?DoModal@CDialog@@UAEHXZ   004133a6 f   mfc71d:MFC71D.DLL
 0001:000123ac       ?CreateIndirect@CDialog@@UAEHPBUDLGTEMPLATE@@PAVCWnd@@PAX@Z 004133ac f   mfc71d:MFC71D.DLL
 0001:000123b2       ?CreateIndirect@CDialog@@UAEHPAXPAVCWnd@@@Z 004133b2 f   mfc71d:MFC71D.DLL
 0001:000123b8       ?Create@CDialog@@UAEHPBDPAVCWnd@@@Z 004133b8 f   mfc71d:MFC71D.DLL
 0001:000123be       ?Create@CDialog@@UAEHIPAVCWnd@@@Z 004133be f   mfc71d:MFC71D.DLL
 0001:000123c4       ?SetOccDialogInfo@CDialog@@MAEHPAU_AFX_OCC_DIALOG_INFO@@@Z 004133c4 f   mfc71d:MFC71D.DLL
 0001:000123ca       ?CreateControlSite@CWnd@@MAEHPAVCOleControlContainer@@PAPAVCOleControlSite@@IABU_GUID@@@Z 004133ca f   mfc71d:MFC71D.DLL
 0001:000123d0       ?CreateControlContainer@CWnd@@MAEHPAPAVCOleControlContainer@@@Z 004133d0 f   mfc71d:MFC71D.DLL
 0001:000123d6       ?IsFrameWnd@CWnd@@UBEHXZ   004133d6 f   mfc71d:MFC71D.DLL
 0001:000123dc       ?CheckAutoCenter@CDialog@@UAEHXZ 004133dc f   mfc71d:MFC71D.DLL
 0001:000123e2       ?OnChildNotify@CWnd@@MAEHIIJPAJ@Z 004133e2 f   mfc71d:MFC71D.DLL
 0001:000123e8       ?PostNcDestroy@CWnd@@MAEXXZ 004133e8 f   mfc71d:MFC71D.DLL
 0001:000123ee       ?DefWindowProcA@CWnd@@MAEJIIJ@Z 004133ee f   mfc71d:MFC71D.DLL
 0001:000123f4       ?OnWndMsg@CWnd@@MAEHIIJPAJ@Z 004133f4 f   mfc71d:MFC71D.DLL
 0001:000123fa       ?WindowProc@CWnd@@MAEJIIJ@Z 004133fa f   mfc71d:MFC71D.DLL
 0001:00012400       ?OnAmbientProperty@CWnd@@UAEHPAVCOleControlSite@@JPAUtagVARIANT@@@Z 00413400 f   mfc71d:MFC71D.DLL
 0001:00012406       ?PreTranslateMessage@CDialog@@UAEHPAUtagMSG@@@Z 00413406 f   mfc71d:MFC71D.DLL
 0001:0001240c       ?EndModalState@CWnd@@UAEXXZ 0041340c f   mfc71d:MFC71D.DLL
 0001:00012412       ?BeginModalState@CWnd@@UAEXXZ 00413412 f   mfc71d:MFC71D.DLL
 0001:00012418       ?GetSuperWndProcAddr@CWnd@@MAEPAP6GJPAUHWND__@@IIJ@ZXZ 00413418 f   mfc71d:MFC71D.DLL
 0001:0001241e       ?OnNotify@CWnd@@MAEHIJPAJ@Z 0041341e f   mfc71d:MFC71D.DLL
 0001:00012424       ?OnCommand@CWnd@@MAEHIJ@Z  00413424 f   mfc71d:MFC71D.DLL
 0001:0001242a       ?CreateAccessibleProxy@CWnd@@UAEJIJPAJ@Z 0041342a f   mfc71d:MFC71D.DLL
 0001:00012430       ?SetProxy@CWnd@@UAEJPAUIAccessibleProxy@@@Z 00413430 f   mfc71d:MFC71D.DLL
 0001:00012440       ?accDoDefaultAction@CWnd@@UAEJUtagVARIANT@@@Z 00413440 f   mfc71d:MFC71D.DLL
 0001:00012446       ?accHitTest@CWnd@@UAEJJJPAUtagVARIANT@@@Z 00413446 f   mfc71d:MFC71D.DLL
 0001:0001244c       ?accNavigate@CWnd@@UAEJJUtagVARIANT@@PAU2@@Z 0041344c f   mfc71d:MFC71D.DLL
 0001:00012452       ?accLocation@CWnd@@UAEJPAJ000UtagVARIANT@@@Z 00413452 f   mfc71d:MFC71D.DLL
 0001:00012458       ?accSelect@CWnd@@UAEJJUtagVARIANT@@@Z 00413458 f   mfc71d:MFC71D.DLL
 0001:00012460       ?get_accSelection@CWnd@@UAEJPAUtagVARIANT@@@Z 00413460 f   mfc71d:MFC71D.DLL
 0001:00012466       ?get_accFocus@CWnd@@UAEJPAUtagVARIANT@@@Z 00413466 f   mfc71d:MFC71D.DLL
 0001:00012470       ?get_accState@CWnd@@UAEJUtagVARIANT@@PAU2@@Z 00413470 f   mfc71d:MFC71D.DLL
 0001:00012476       ?get_accRole@CWnd@@UAEJUtagVARIANT@@PAU2@@Z 00413476 f   mfc71d:MFC71D.DLL
 0001:00012480       ?get_accChild@CWnd@@UAEJUtagVARIANT@@PAPAUIDispatch@@@Z 00413480 f   mfc71d:MFC71D.DLL
 0001:00012486       ?get_accChildCount@CWnd@@UAEJPAJ@Z 00413486 f   mfc71d:MFC71D.DLL
 0001:0001248c       ?get_accParent@CWnd@@UAEJPAPAUIDispatch@@@Z 0041348c f   mfc71d:MFC71D.DLL
 0001:00012492       ?EnsureStdObj@CWnd@@UAEJXZ 00413492 f   mfc71d:MFC71D.DLL
 0001:00012498       ?EndModalLoop@CWnd@@UAEXH@Z 00413498 f   mfc71d:MFC71D.DLL
 0001:0001249e       ?ContinueModal@CWnd@@UAEHXZ 0041349e f   mfc71d:MFC71D.DLL
 0001:000124a4       ?WinHelpInternal@CWnd@@UAEXKI@Z 004134a4 f   mfc71d:MFC71D.DLL
 0001:000124aa       ?HtmlHelpA@CWnd@@UAEXKI@Z  004134aa f   mfc71d:MFC71D.DLL
 0001:000124b0       ?WinHelpA@CWnd@@UAEXKI@Z   004134b0 f   mfc71d:MFC71D.DLL
 0001:000124b6       ?GetScrollBarCtrl@CWnd@@UBEPAVCScrollBar@@H@Z 004134b6 f   mfc71d:MFC71D.DLL
 0001:000124bc       ?OnToolHitTest@CWnd@@UBEHVCPoint@@PAUtagTOOLINFOA@@@Z 004134bc f   mfc71d:MFC71D.DLL
 0001:000124c2       ?CalcWindowRect@CWnd@@UAEXPAUtagRECT@@I@Z 004134c2 f   mfc71d:MFC71D.DLL
 0001:000124c8       ?PreCreateWindow@CWnd@@UAEHAAUtagCREATESTRUCTA@@@Z 004134c8 f   mfc71d:MFC71D.DLL
 0001:000124ce       ?DestroyWindow@CWnd@@UAEHXZ 004134ce f   mfc71d:MFC71D.DLL
 0001:000124d4       ?CreateEx@CWnd@@UAEHKPBD0KHHHHPAUHWND__@@PAUHMENU__@@PAX@Z 004134d4 f   mfc71d:MFC71D.DLL
 0001:000124da       ?CreateEx@CWnd@@UAEHKPBD0KABUtagRECT@@PAV1@IPAX@Z 004134da f   mfc71d:MFC71D.DLL
 0001:000124e0       ?Create@CWnd@@UAEHPBD0KABUtagRECT@@PAV1@IPAUCCreateContext@@@Z 004134e0 f   mfc71d:MFC71D.DLL
 0001:000124e6       ?PreSubclassWindow@CWnd@@UAEXXZ 004134e6 f   mfc71d:MFC71D.DLL
 0001:000124ec       ?GetConnectionHook@CCmdTarget@@MAEPAUIConnectionPoint@@ABU_GUID@@@Z 004134ec f   mfc71d:MFC71D.DLL
 0001:000124f2       ?GetExtraConnectionPoints@CCmdTarget@@MAEHPAVCPtrArray@@@Z 004134f2 f   mfc71d:MFC71D.DLL
 0001:000124f8       ?GetInterfaceHook@CCmdTarget@@UAEPAUIUnknown@@PBX@Z 004134f8 f   mfc71d:MFC71D.DLL
 0001:000124fe       ?OnCreateAggregates@CCmdTarget@@UAEHXZ 004134fe f   mfc71d:MFC71D.DLL
 0001:00012504       ?GetEventSinkMap@CCmdTarget@@MBEPBUAFX_EVENTSINKMAP@@XZ 00413504 f   mfc71d:MFC71D.DLL
 0001:0001250a       ?GetInterfaceMap@CWnd@@MBEPBUAFX_INTERFACEMAP@@XZ 0041350a f   mfc71d:MFC71D.DLL
 0001:00012510       ?GetConnectionMap@CCmdTarget@@MBEPBUAFX_CONNECTIONMAP@@XZ 00413510 f   mfc71d:MFC71D.DLL
 0001:00012516       ?GetDispatchMap@CCmdTarget@@MBEPBUAFX_DISPMAP@@XZ 00413516 f   mfc71d:MFC71D.DLL
 0001:0001251c       ?GetCommandMap@CCmdTarget@@MBEPBUAFX_OLECMDMAP@@XZ 0041351c f   mfc71d:MFC71D.DLL
 0001:00012522       ?GetTypeLib@CCmdTarget@@UAEJKPAPAUITypeLib@@@Z 00413522 f   mfc71d:MFC71D.DLL
 0001:00012528       ?GetTypeLibCache@CCmdTarget@@UAEPAVCTypeLibCache@@XZ 00413528 f   mfc71d:MFC71D.DLL
 0001:0001252e       ?GetTypeInfoCount@CCmdTarget@@UAEIXZ 0041352e f   mfc71d:MFC71D.DLL
 0001:00012534       ?GetDispatchIID@CCmdTarget@@UAEHPAU_GUID@@@Z 00413534 f   mfc71d:MFC71D.DLL
 0001:0001253a       ?IsInvokeAllowed@CCmdTarget@@UAEHJ@Z 0041353a f   mfc71d:MFC71D.DLL
 0001:00012540       ?OnFinalRelease@CWnd@@UAEXXZ 00413540 f   mfc71d:MFC71D.DLL
 0001:00012546       ?OnCmdMsg@CDialog@@UAEHIHPAXPAUAFX_CMDHANDLERINFO@@@Z 00413546 f   mfc71d:MFC71D.DLL
 0001:0001254c       ?Dump@CDialog@@UBEXAAVCDumpContext@@@Z 0041354c f   mfc71d:MFC71D.DLL
 0001:00012552       ?AssertValid@CDialog@@UBEXXZ 00413552 f   mfc71d:MFC71D.DLL
 0001:00012558       ?Serialize@CObject@@UAEXAAVCArchive@@@Z 00413558 f   mfc71d:MFC71D.DLL
 0001:0001255e       ?GetRuntimeClass@CDialog@@UBEPAUCRuntimeClass@@XZ 0041355e f   mfc71d:MFC71D.DLL
 0001:00012564       ??1CDialog@@UAE@XZ         00413564 f   mfc71d:MFC71D.DLL
 0001:0001256a       ??0CDialog@@QAE@IPAVCWnd@@@Z 0041356a f   mfc71d:MFC71D.DLL
 0001:00012570       ??3CObject@@SGXPAX@Z       00413570 f   mfc71d:MFC71D.DLL
 0001:00012576       ??1CStatic@@UAE@XZ         00413576 f   mfc71d:MFC71D.DLL
 0001:0001257c       ??1?$CStringT@DV?$StrTraitMFC_DLL@DV?$ChTraitsCRT@D@ATL@@@@@ATL@@QAE@XZ 0041357c f   mfc71d:MFC71D.DLL
 0001:00012582       ??1CFont@@UAE@XZ           00413582 f   mfc71d:MFC71D.DLL
 0001:00012588       ?DoDataExchange@CWnd@@MAEXPAVCDataExchange@@@Z 00413588 f   mfc71d:MFC71D.DLL
 0001:0001258e       ?OnInitDialog@CDialog@@UAEHXZ 0041358e f   mfc71d:MFC71D.DLL
 0001:00012594       ??B?$CSimpleStringT@D$00@ATL@@QBEPBDXZ 00413594 f   mfc71d:MFC71D.DLL
 0001:0001259a       ?Format@?$CStringT@DV?$StrTraitMFC_DLL@DV?$ChTraitsCRT@D@ATL@@@@@ATL@@QAAXPBDZZ 0041359a f   mfc71d:MFC71D.DLL
 0001:000125a0       ?GetDlgItem@CWnd@@QBEPAV1@H@Z 004135a0 f   mfc71d:MFC71D.DLL
 0001:000125a6       ??0?$CStringT@DV?$StrTraitMFC_DLL@DV?$ChTraitsCRT@D@ATL@@@@@ATL@@QAE@XZ 004135a6 f   mfc71d:MFC71D.DLL
 0001:000125ac       ??0?$CStringT@DV?$StrTraitMFC_DLL@DV?$ChTraitsCRT@D@ATL@@@@@ATL@@QAE@PBD@Z 004135ac f   mfc71d:MFC71D.DLL
 0001:000125b2       ?SetWindowTextA@CWnd@@QAEXPBD@Z 004135b2 f   mfc71d:MFC71D.DLL
 0001:000125b8       ?SubclassDlgItem@CWnd@@QAEHIPAV1@@Z 004135b8 f   mfc71d:MFC71D.DLL
 0001:000125be       ??3@YAXPAXPBDH@Z           004135be f   mfc71d:MFC71D.DLL
 0001:000125c4       ??2@YAPAXIPBDH@Z           004135c4 f   mfc71d:MFC71D.DLL
 0001:000125ca       ??3@YAXPAX@Z               004135ca f   mfc71d:MFC71D.DLL
 0001:000125d0       ??3CObject@@SGXPAXPBDH@Z   004135d0 f   mfc71d:MFC71D.DLL
 0001:000125d6       ??2CObject@@SGPAXIPBDH@Z   004135d6 f   mfc71d:MFC71D.DLL
 0001:000125dc       ?GetRuntimeClass@CObject@@UBEPAUCRuntimeClass@@XZ 004135dc f   mfc71d:MFC71D.DLL
 0001:000125e2       ??0CObject@@IAE@XZ         004135e2 f   mfc71d:MFC71D.DLL
 0001:000125e8       ?AfxThrowInvalidArgException@@YGXXZ 004135e8 f   mfc71d:MFC71D.DLL
 0001:000125ee       ?AfxAssertFailedLine@@YGHPBDH@Z 004135ee f   mfc71d:MFC71D.DLL
 0001:000125f4       ?AfxAssertValidObject@@YGXPBVCObject@@PBDH@Z 004135f4 f   mfc71d:MFC71D.DLL
 0001:000125fa       ??1CObject@@UAE@XZ         004135fa f   mfc71d:MFC71D.DLL
 0001:00012600       ??_V@YAXPAX@Z              00413600 f   mfc71d:MFC71D.DLL
 0001:00012606       ?ReadCount@CArchive@@QAEKXZ 00413606 f   mfc71d:MFC71D.DLL
 0001:0001260c       ?WriteCount@CArchive@@QAEXK@Z 0041360c f   mfc71d:MFC71D.DLL
 0001:00012612       ?IsStoring@CArchive@@QBEHXZ 00413612 f   mfc71d:MFC71D.DLL
 0001:00012618       ?GetDepth@CDumpContext@@QBEHXZ 00413618 f   mfc71d:MFC71D.DLL
 0001:0001261e       ??6CDumpContext@@QAEAAV0@H@Z 0041361e f   mfc71d:MFC71D.DLL
 0001:00012624       ??6CDumpContext@@QAEAAV0@PBD@Z 00413624 f   mfc71d:MFC71D.DLL
 0001:0001262a       ?Dump@CObject@@UBEXAAVCDumpContext@@@Z 0041362a f   mfc71d:MFC71D.DLL
 0001:00012630       ?AfxIsValidAddress@@YGHPBXIH@Z 00413630 f   mfc71d:MFC71D.DLL
 0001:00012636       ?AssertValid@CObject@@UBEXXZ 00413636 f   mfc71d:MFC71D.DLL
 0001:0001263c       ??_U@YAPAXI@Z              0041363c f   mfc71d:MFC71D.DLL
 0001:00012642       ??_U@YAPAXIPBDH@Z          00413642 f   mfc71d:MFC71D.DLL
 0001:00012648       ?Read@CArchive@@QAEIPAXI@Z 00413648 f   mfc71d:MFC71D.DLL
 0001:0001264e       ?Write@CArchive@@QAEXPBXI@Z 0041364e f   mfc71d:MFC71D.DLL
 0001:00012654       ??1CEdit@@UAE@XZ           00413654 f   mfc71d:MFC71D.DLL
 0001:0001265a       ??1CSliderCtrl@@UAE@XZ     0041365a f   mfc71d:MFC71D.DLL
 0001:00012660       ??0CEdit@@QAE@XZ           00413660 f   mfc71d:MFC71D.DLL
 0001:00012666       ??0CSliderCtrl@@QAE@XZ     00413666 f   mfc71d:MFC71D.DLL
 0001:0001266c       ?DDX_Control@@YGXPAVCDataExchange@@HAAVCWnd@@@Z 0041366c f   mfc71d:MFC71D.DLL
 0001:00012672       ?OnHScroll@CWnd@@IAEXIIPAVCScrollBar@@@Z 00413672 f   mfc71d:MFC71D.DLL
 0001:00012678       ?GetDlgCtrlID@CWnd@@QBEHXZ 00413678 f   mfc71d:MFC71D.DLL
 0001:0001267e       ?SetTicFreq@CSliderCtrl@@QAEXH@Z 0041367e f   mfc71d:MFC71D.DLL
 0001:00012684       ?SetPos@CSliderCtrl@@QAEXH@Z 00413684 f   mfc71d:MFC71D.DLL
 0001:0001268a       ?SetLimitText@CEdit@@QAEXI@Z 0041368a f   mfc71d:MFC71D.DLL
 0001:00012690       ?SetSel@CEdit@@QAEXHHH@Z   00413690 f   mfc71d:MFC71D.DLL
 0001:00012696       ?GetLength@?$CSimpleStringT@D$00@ATL@@QBEHXZ 00413696 f   mfc71d:MFC71D.DLL
 0001:0001269c       ?GetWindowTextA@CWnd@@QBEXAAV?$CStringT@DV?$StrTraitMFC_DLL@DV?$ChTraitsCRT@D@ATL@@@@@ATL@@@Z 0041369c f   mfc71d:MFC71D.DLL
 0001:000126a2       ?GetThisMessageMap@CWnd@@KGPBUAFX_MSGMAP@@XZ 004136a2 f   mfc71d:MFC71D.DLL
 0001:000126a8       ?DrawItem@CStatic@@UAEXPAUtagDRAWITEMSTRUCT@@@Z 004136a8 f   mfc71d:MFC71D.DLL
 0001:000126ae       ?Create@CStatic@@UAEHPBDKABUtagRECT@@PAVCWnd@@I@Z 004136ae f   mfc71d:MFC71D.DLL
 0001:000126b4       ?SetOccDialogInfo@CWnd@@MAEHPAU_AFX_OCC_DIALOG_INFO@@@Z 004136b4 f   mfc71d:MFC71D.DLL
 0001:000126ba       ?CheckAutoCenter@CWnd@@UAEHXZ 004136ba f   mfc71d:MFC71D.DLL
 0001:000126c0       ?OnChildNotify@CStatic@@MAEHIIJPAJ@Z 004136c0 f   mfc71d:MFC71D.DLL
 0001:000126c6       ?PreTranslateMessage@CWnd@@UAEHPAUtagMSG@@@Z 004136c6 f   mfc71d:MFC71D.DLL
 0001:000126cc       ?OnCmdMsg@CCmdTarget@@UAEHIHPAXPAUAFX_CMDHANDLERINFO@@@Z 004136cc f   mfc71d:MFC71D.DLL
 0001:000126d2       ?Dump@CWnd@@UBEXAAVCDumpContext@@@Z 004136d2 f   mfc71d:MFC71D.DLL
 0001:000126d8       ?AssertValid@CWnd@@UBEXXZ  004136d8 f   mfc71d:MFC71D.DLL
 0001:000126de       ?GetRuntimeClass@CStatic@@UBEPAUCRuntimeClass@@XZ 004136de f   mfc71d:MFC71D.DLL
 0001:000126e4       ??1CBrush@@UAE@XZ          004136e4 f   mfc71d:MFC71D.DLL
 0001:000126ea       ??1CPen@@UAE@XZ            004136ea f   mfc71d:MFC71D.DLL
 0001:000126f0       ??0CBrush@@QAE@XZ          004136f0 f   mfc71d:MFC71D.DLL
 0001:000126f6       ??0CPen@@QAE@XZ            004136f6 f   mfc71d:MFC71D.DLL
 0001:000126fc       ??0CStatic@@QAE@XZ         004136fc f   mfc71d:MFC71D.DLL
 0001:00012702       ??0CClientDC@@QAE@PAVCWnd@@@Z 00413702 f   mfc71d:MFC71D.DLL
 0001:00012708       ??1CPaintDC@@UAE@XZ        00413708 f   mfc71d:MFC71D.DLL
 0001:0001270e       ??0CPaintDC@@QAE@PAVCWnd@@@Z 0041370e f   mfc71d:MFC71D.DLL
 0001:00012714       ?OnTimer@CWnd@@IAEXI@Z     00413714 f   mfc71d:MFC71D.DLL
 0001:0001271a       ?GetClientRect@CWnd@@QBEXPAUtagRECT@@@Z 0041371a f   mfc71d:MFC71D.DLL
 0001:00012720       ?KillTimer@CWnd@@QAEHI@Z   00413720 f   mfc71d:MFC71D.DLL
 0001:00012726       ?SetTimer@CWnd@@QAEIIIP6GXPAUHWND__@@IIK@Z@Z 00413726 f   mfc71d:MFC71D.DLL
 0001:0001272c       ?SelectObject@CDC@@QAEPAVCBrush@@PAV2@@Z 0041372c f   mfc71d:MFC71D.DLL
 0001:00012732       ?SelectObject@CDC@@QAEPAVCPen@@PAV2@@Z 00413732 f   mfc71d:MFC71D.DLL
 0001:00012738       ?CreateSolidBrush@CBrush@@QAEHK@Z 00413738 f   mfc71d:MFC71D.DLL
 0001:0001273e       ?CreatePen@CPen@@QAEHHHK@Z 0041373e f   mfc71d:MFC71D.DLL
 0001:00012744       ?DeleteObject@CGdiObject@@QAEHXZ 00413744 f   mfc71d:MFC71D.DLL
 0001:0001274a       ?Ellipse@CDC@@QAEHHHHH@Z   0041374a f   mfc71d:MFC71D.DLL
 0001:00012750       ?Arc@CDC@@QAEHPBUtagRECT@@UtagPOINT@@1@Z 00413750 f   mfc71d:MFC71D.DLL
 0001:00012756       ?MoveTo@CDC@@QAE?AVCPoint@@UtagPOINT@@@Z 00413756 f   mfc71d:MFC71D.DLL
 0001:0001275c       ?Ellipse@CDC@@QAEHPBUtagRECT@@@Z 0041375c f   mfc71d:MFC71D.DLL
 0001:00012762       ?LineTo@CDC@@QAEHHH@Z      00413762 f   mfc71d:MFC71D.DLL
 0001:00012768       ?MoveTo@CDC@@QAE?AVCPoint@@HH@Z 00413768 f   mfc71d:MFC71D.DLL
 0001:0001276e       ?FillRect@CDC@@QAEXPBUtagRECT@@PAVCBrush@@@Z 0041376e f   mfc71d:MFC71D.DLL
 0001:00012774       ?EnableWindow@CWnd@@QAEHH@Z 00413774 f   mfc71d:MFC71D.DLL
 0001:0001277a       ?PostMessageA@CWnd@@QAEHIIJ@Z 0041377a f   mfc71d:MFC71D.DLL
 0001:00012780       ?GetParent@CWnd@@QBEPAV1@XZ 00413780 f   mfc71d:MFC71D.DLL
 0001:00012786       ?GetThisClass@CDialog@@SGPAUCRuntimeClass@@XZ 00413786 f   mfc71d:MFC71D.DLL
 0001:0001278c       ?GetCheck@CButton@@QBEHXZ  0041378c f   mfc71d:MFC71D.DLL
 0001:00012792       ?GetCurSel@CListBox@@QBEHXZ 00413792 f   mfc71d:MFC71D.DLL
 0001:00012798       ?GetCurSel@CComboBox@@QBEHXZ 00413798 f   mfc71d:MFC71D.DLL
 0001:0001279e       ?SetCheck@CButton@@QAEXH@Z 0041379e f   mfc71d:MFC71D.DLL
 0001:000127a4       ?SetCurSel@CListBox@@QAEHH@Z 004137a4 f   mfc71d:MFC71D.DLL
 0001:000127aa       ?SetCurSel@CComboBox@@QAEHH@Z 004137aa f   mfc71d:MFC71D.DLL
 0001:000127b0       ?GetCount@CListBox@@QBEHXZ 004137b0 f   mfc71d:MFC71D.DLL
 0001:000127b6       ?GetCount@CComboBox@@QBEHXZ 004137b6 f   mfc71d:MFC71D.DLL
 0001:000127bc       ?AfxGetApp@@YGPAVCWinApp@@XZ 004137bc f   mfc71d:MFC71D.DLL
 0001:000127c2       ?RedrawWindow@CWnd@@QAEHPBUtagRECT@@PAVCRgn@@I@Z 004137c2 f   mfc71d:MFC71D.DLL
 0001:000127c8       ?LineScroll@CEdit@@QAEXHH@Z 004137c8 f   mfc71d:MFC71D.DLL
 0001:000127ce       ?GetLineCount@CEdit@@QBEHXZ 004137ce f   mfc71d:MFC71D.DLL
 0001:000127d4       ?GetText@CListBox@@QBEXHAAV?$CStringT@DV?$StrTraitMFC_DLL@DV?$ChTraitsCRT@D@ATL@@@@@ATL@@@Z 004137d4 f   mfc71d:MFC71D.DLL
 0001:000127da       ??4?$CStringT@DV?$StrTraitMFC_DLL@DV?$ChTraitsCRT@D@ATL@@@@@ATL@@QAEAAV01@PBD@Z 004137da f   mfc71d:MFC71D.DLL
 0001:000127e0       ?MoveWindow@CWnd@@QAEXPBUtagRECT@@H@Z 004137e0 f   mfc71d:MFC71D.DLL
 0001:000127e6       ?GetWindowRect@CWnd@@QBEXPAUtagRECT@@@Z 004137e6 f   mfc71d:MFC71D.DLL
 0001:000127ec       ?OnShowWindow@CWnd@@IAEXHI@Z 004137ec f   mfc71d:MFC71D.DLL
 0001:000127f2       ??0?$CStringT@DV?$StrTraitMFC_DLL@DV?$ChTraitsCRT@D@ATL@@@@@ATL@@QAE@ABV01@@Z 004137f2 f   mfc71d:MFC71D.DLL
 0001:000127f8       ?Concatenate@?$CSimpleStringT@D$00@ATL@@KAXAAV12@PBDH1H@Z 004137f8 f   mfc71d:MFC71D.DLL
 0001:000127fe       ??0?$CStringT@DV?$StrTraitMFC_DLL@DV?$ChTraitsCRT@D@ATL@@@@@ATL@@QAE@PAUIAtlStringMgr@1@@Z 004137fe f   mfc71d:MFC71D.DLL
 0001:00012804       ?GetManager@?$CSimpleStringT@D$00@ATL@@QBEPAUIAtlStringMgr@2@XZ 00413804 f   mfc71d:MFC71D.DLL
 0001:0001280a       ?OnHelp@CWinApp@@IAEXXZ    0041380a f   mfc71d:MFC71D.DLL
 0001:00012810       ?GetThisMessageMap@CWinApp@@KGPBUAFX_MSGMAP@@XZ 00413810 f   mfc71d:MFC71D.DLL
 0001:00012816       ?LoadSysPolicies@CWinApp@@UAEHXZ 00413816 f   mfc71d:MFC71D.DLL
 0001:0001281c       ?LoadAppLangResourceDLL@CWinApp@@UAEPAUHINSTANCE__@@XZ 0041381c f   mfc71d:MFC71D.DLL
 0001:00012822       ?WinHelpInternal@CWinApp@@UAEXKI@Z 00413822 f   mfc71d:MFC71D.DLL
 0001:00012828       ?HtmlHelpA@CWinApp@@UAEXKI@Z 00413828 f   mfc71d:MFC71D.DLL
 0001:0001282e       ?WinHelpA@CWinApp@@UAEXKI@Z 0041382e f   mfc71d:MFC71D.DLL
 0001:00012834       ?OnDDECommand@CWinApp@@UAEHPAD@Z 00413834 f   mfc71d:MFC71D.DLL
 0001:0001283a       ?DoWaitCursor@CWinApp@@UAEXH@Z 0041383a f   mfc71d:MFC71D.DLL
 0001:00012840       ?DoMessageBox@CWinApp@@UAEHPBDII@Z 00413840 f   mfc71d:MFC71D.DLL
 0001:00012846       ?SaveAllModified@CWinApp@@UAEHXZ 00413846 f   mfc71d:MFC71D.DLL
 0001:0001284c       ?InitApplication@CWinApp@@UAEHXZ 0041384c f   mfc71d:MFC71D.DLL
 0001:00012852       ?AddToRecentFileList@CWinApp@@UAEXPBD@Z 00413852 f   mfc71d:MFC71D.DLL
 0001:00012858       ?OpenDocumentFile@CWinApp@@UAEPAVCDocument@@PBD@Z 00413858 f   mfc71d:MFC71D.DLL
 0001:0001285e       ?Unregister@CWinApp@@UAEHXZ 0041385e f   mfc71d:MFC71D.DLL
 0001:00012864       ?Register@CWinApp@@UAEHXZ  00413864 f   mfc71d:MFC71D.DLL
 0001:0001286a       ?InitLibId@CWinApp@@UAEXXZ 0041386a f   mfc71d:MFC71D.DLL
 0001:00012870       ?Delete@CWinThread@@UAEXXZ 00413870 f   mfc71d:MFC71D.DLL
 0001:00012876       ?GetMainWnd@CWinThread@@UAEPAVCWnd@@XZ 00413876 f   mfc71d:MFC71D.DLL
 0001:0001287c       ?ProcessMessageFilter@CWinThread@@UAEHHPAUtagMSG@@@Z 0041387c f   mfc71d:MFC71D.DLL
 0001:00012882       ?ProcessWndProcException@CWinApp@@UAEJPAVCException@@PBUtagMSG@@@Z 00413882 f   mfc71d:MFC71D.DLL
 0001:00012888       ?ExitInstance@CWinApp@@UAEHXZ 00413888 f   mfc71d:MFC71D.DLL
 0001:0001288e       ?IsIdleMessage@CWinThread@@UAEHPAUtagMSG@@@Z 0041388e f   mfc71d:MFC71D.DLL
 0001:00012894       ?OnIdle@CWinApp@@UAEHJ@Z   00413894 f   mfc71d:MFC71D.DLL
 0001:0001289a       ?PumpMessage@CWinThread@@UAEHXZ 0041389a f   mfc71d:MFC71D.DLL
 0001:000128a0       ?PreTranslateMessage@CWinThread@@UAEHPAUtagMSG@@@Z 004138a0 f   mfc71d:MFC71D.DLL
 0001:000128a6       ?Run@CWinApp@@UAEHXZ       004138a6 f   mfc71d:MFC71D.DLL
 0001:000128ac       ?GetInterfaceMap@CCmdTarget@@MBEPBUAFX_INTERFACEMAP@@XZ 004138ac f   mfc71d:MFC71D.DLL
 0001:000128b2       ?OnFinalRelease@CCmdTarget@@UAEXXZ 004138b2 f   mfc71d:MFC71D.DLL
 0001:000128b8       ?Dump@CWinApp@@UBEXAAVCDumpContext@@@Z 004138b8 f   mfc71d:MFC71D.DLL
 0001:000128be       ?AssertValid@CWinApp@@UBEXXZ 004138be f   mfc71d:MFC71D.DLL
 0001:000128c4       ?GetRuntimeClass@CWinApp@@UBEPAUCRuntimeClass@@XZ 004138c4 f   mfc71d:MFC71D.DLL
 0001:000128ca       ??0CWinApp@@QAE@PBD@Z      004138ca f   mfc71d:MFC71D.DLL
 0001:000128d0       ??1CWinApp@@UAE@XZ         004138d0 f   mfc71d:MFC71D.DLL
 0001:000128d6       ??1CProgressCtrl@@UAE@XZ   004138d6 f   mfc71d:MFC71D.DLL
 0001:000128dc       ?LoadIconA@CWinApp@@QBEPAUHICON__@@I@Z 004138dc f   mfc71d:MFC71D.DLL
 0001:000128e2       ??0CProgressCtrl@@QAE@XZ   004138e2 f   mfc71d:MFC71D.DLL
 0001:000128e8       ?DDX_Check@@YGXPAVCDataExchange@@HAAH@Z 004138e8 f   mfc71d:MFC71D.DLL
 0001:000128ee       ?SendMessageA@CWnd@@QAEJIIJ@Z 004138ee f   mfc71d:MFC71D.DLL
 0001:000128f4       ?SetBkColor@CProgressCtrl@@QAEKK@Z 004138f4 f   mfc71d:MFC71D.DLL
 0001:000128fa       ?SetRange@CProgressCtrl@@QAEXFF@Z 004138fa f   mfc71d:MFC71D.DLL
 0001:00012900       ?LoadMenuA@CMenu@@QAEHI@Z  00413900 f   mfc71d:MFC71D.DLL
 0001:00012906       ??0CMenu@@QAE@XZ           00413906 f   mfc71d:MFC71D.DLL
 0001:0001290c       ?ModifyStyleEx@CWnd@@QAEHKKI@Z 0041390c f   mfc71d:MFC71D.DLL
 0001:00012912       ?EnableToolTips@CWnd@@QAEHH@Z 00413912 f   mfc71d:MFC71D.DLL
 0001:00012918       ?SetIcon@CWnd@@QAEPAUHICON__@@PAU2@H@Z 00413918 f   mfc71d:MFC71D.DLL
 0001:0001291e       ?OnDestroy@CWnd@@IAEXXZ    0041391e f   mfc71d:MFC71D.DLL
 0001:00012924       ?OnPaint@CDialog@@IAEXXZ   00413924 f   mfc71d:MFC71D.DLL
 0001:0001292a       ?DrawIcon@CDC@@QAEHHHPAUHICON__@@@Z 0041392a f   mfc71d:MFC71D.DLL
 0001:00012930       ?GetSafeHdc@CDC@@QBEPAUHDC__@@XZ 00413930 f   mfc71d:MFC71D.DLL
 0001:00012936       ?IsIconic@CWnd@@QBEHXZ     00413936 f   mfc71d:MFC71D.DLL
[...]
   300 0001:00017186   301 0001:000171a3   302 0001:000171b2   303 0001:000171b4
   304 0001:00017214   308 0001:00017220   310 0001:00017234   312 0001:0001723b
   313 0001:00017254   315 0001:0001725e   317 0001:00017282   319 0001:00017297
   320 0001:000172cc   321 0001:000172d5   322 0001:000172df   323 0001:000172e1
   326 0001:000172f3   328 0001:0001730e   329 0001:00017344   330 0001:0001734d
   331 0001:00017357   332 0001:00017359   335 0001:0001736b   336 0001:00017395
   338 0001:00017399   339 0001:0001739f   340 0001:000173b9   341 0001:000173bb
   343 0001:000173c8   347 0001:000173e0   349 0001:000173f4   350 0001:000173fb
   351 0001:00017405   352 0001:0001741f   354 0001:00017429   356 0001:0001744d
   358 0001:00017462   359 0001:00017497   360 0001:000174a0   361 0001:000174aa
   362 0001:000174ac   365 0001:000174be   367 0001:000174d9   368 0001:0001750f
   369 0001:00017518   370 0001:00017522   371 0001:00017524   374 0001:00017536
   375 0001:00017560   377 0001:00017566   378 0001:0001756c   379 0001:00017586
   380 0001:00017588   383 0001:00017595   386 0001:000175b0   387 0001:000175c0
   390 0001:000175ed   391 0001:0001760c   392 0001:00017610   394 0001:00017623
   395 0001:0001764b   398 0001:0001764f   399 0001:00017652   402 0001:00017670
   403 0001:00017676   404 0001:0001767c   405 0001:00017686   406 0001:000176ae
   409 0001:000176c0   410 0001:000176c4   411 0001:000176ca   412 0001:000176d2
   415 0001:000176e0   416 0001:000176e6   418 0001:0001770d   419 0001:00017713
   420 0001:0001773f   421 0001:0001774a   423 0001:00017771   425 0001:0001777b
   426 0001:00017790   427 0001:000177a9   428 0001:000177ba   429 0001:000177cc
   430 0001:000177df   431 0001:000177f2   432 0001:00017805   434 0001:00017816
   435 0001:0001781b   438 0001:00017830   439 0001:00017836   440 0001:0001785d
   441 0001:00017863   443 0001:00017868   444 0001:0001786e   446 0001:0001789a
   447 0001:000178ab   448 0001:000178bd   449 0001:000178c3   451 0001:000178c8
   452 0001:000178dd   453 0001:000178fa   454 0001:00017909   455 0001:0001791b
   456 0001:00017927   460 0001:0001793f   461 0001:0001794c   463 0001:0001794e
   464 0001:0001795b   466 0001:0001795d   469 0001:0001796a   472 0001:00017970
   473 0001:00017976   475 0001:0001799d   476 0001:000179a3   478 0001:000179cf
   479 0001:000179d8   480 0001:000179e7   481 0001:000179ed   483 0001:000179f2
   485 0001:00017a03   486 0001:00017a0b   488 0001:00017a25   489 0001:00017a2b
   490 0001:00017a30   491 0001:00017a39   492 0001:00017a4b   494 0001:00017a4d
   495 0001:00017a53   497 0001:00017a58   498 0001:00017a6d   499 0001:00017a7b
   500 0001:00017a8a   503 0001:00017aa7   504 0001:00017ab4   506 0001:00017ab6
   507 0001:00017ac3   509 0001:00017ac5   510 0001:00017ad2   512 0001:00017ad4
   515 0001:00017af9   522 0001:00017b00   523 0001:00017b06   525 0001:00017b0a
   526 0001:00017b37   527 0001:00017b40   529 0001:00017b49   530 0001:00017b56
   531 0001:00017b7d   533 0001:00017b91   534 0001:00017bb8   536 0001:00017bc2
   538 0001:00017bcf   539 0001:00017be3   541 0001:00017bed   542 0001:00017bf1
   547 0001:00017bf5   549 0001:00017c26   551 0001:00017c2a   553 0001:00017c2c
   555 0001:00017c4f   557 0001:00017c53   558 0001:00017c55   560 0001:00017c68
   563 0001:00017c6c   565 0001:00017c74   566 0001:00017c8a   571 0001:00017c8e
   572 0001:00017c90

Line numbers for C:\Program Files\Microsoft Visual Studio .NET 2003\Vc7\atlmfc\lib\atlsd.lib(f:\vs70builds\6030\vc\mfcatl\ship\atlmfc\include\atlbase.h) segment .text

   191 0001:00018e60   192 0001:00018e63   193 0001:00018e6c   194 0001:00018e70
   195 0001:00018e7d   197 0001:00018e90   198 0001:00018e96   199 0001:00018e9d
   200 0001:00018ea6   201 0001:00018eaa   202 0001:00018ec3   203 0001:00018ec9
   204 0001:00018eeb   205 0001:00018ef1   206 0001:00018efd   207 0001:00018f00
   745 0001:00018f10   754 0001:00018f14   756 0001:00018f50   288 0001:00018f60
   289 0001:00018f78   293 0001:00018f80   294 0001:00018f8b   296 0001:00018f91
   299 0001:00018f9a   303 0001:00018fb0   304 0001:00018fb7   306 0001:00018fc2
   308 0001:00018fca   328 0001:00018fd0   329 0001:00018fd7   330 0001:00019003
   331 0001:0001900d   332 0001:00019014   312 0001:00019040   315 0001:00019049
   316 0001:00019075   317 0001:00019082   319 0001:00019088   321 0001:0001908d
   323 0001:00019094   324 0001:00019096  2620 0001:0001c230

Line numbers for C:\Program Files\Microsoft Visual Studio .NET 2003\Vc7\atlmfc\lib\atlsd.lib(f:\vs70builds\6030\vc\mfcatl\ship\atlmfc\include\atlcore.h) segment .text

   129 0001:00018dc0   130 0001:00018de9   131 0001:00018df0   133 0001:00018df7
   136 0001:00018e0a   138 0001:00018e1d   139 0001:00018e26   140 0001:00018e2d
   141 0001:00018e2f   143 0001:00018e3d   144 0001:00018e40   124 0001:00019020
   125 0001:00019027   126 0001:00019031   127 0001:00019033   119 0001:000190a0
   120 0001:000190a7   121 0001:000190b1   122 0001:000190b3

Line numbers for C:\Program Files\Microsoft Visual Studio .NET 2003\Vc7\atlmfc\lib\atlsd.lib(f:\vs70builds\6030\vc\mfcatl\ship\atlmfc\include\atlcomcli.h) segment .text

   248 0001:00018be0   250 0001:00018bef   126 0001:00018c00   127 0001:00018c07
   128 0001:00018c0f   129 0001:00018c1f   142 0001:00018c30   143 0001:00018c37
   144 0001:00018c60   145 0001:00018c63   147 0001:00018c70   148 0001:00018c77
   149 0001:00018ca0   150 0001:00018ca5   248 0001:00018cb0   250 0001:00018cbf
   126 0001:00018cd0   127 0001:00018cd7   128 0001:00018cdf   129 0001:00018cef
   142 0001:00018d00   143 0001:00018d07   144 0001:00018d30   145 0001:00018d33
   147 0001:00018d40   148 0001:00018d47   149 0001:00018d70   150 0001:00018d75
   107 0001:00018d80   109 0001:00018d87   110 0001:00018d90   107 0001:00018da0
   109 0001:00018da7   110 0001:00018db0

Line numbers for C:\Program Files\Microsoft Visual Studio .NET 2003\Vc7\atlmfc\lib\atlsd.lib(f:\vs70builds\6030\devtools\common\win32sdk\include\guiddef.h) segment .text

   151 0001:00018b80   156 0001:00018b84   157 0001:00018bcd

Line numbers for C:\Program Files\Microsoft Visual Studio .NET 2003\Vc7\atlmfc\lib\atlsd.lib(f:\vs70builds\6030\vc\mfcatl\ship\atlmfc\src\atl\atls\atlfuncs.cpp) segment .text

    31 0001:00018b30    28 0001:00018b30    32 0001:00018b34    33 0001:00018b37
    34 0001:00018b3b    35 0001:00018b3e

Line numbers for C:\Program Files\Microsoft Visual Studio .NET 2003\Vc7\atlmfc\lib\atlsd.lib(f:\vs70builds\6030\vc\mfcatl\ship\atlmfc\include\atlbase.inl) segment .text

    27 0001:00017e20    28 0001:00017e26    29 0001:00017e2c    31 0001:00017e36
    32 0001:00017e3e    33 0001:00017e46    34 0001:00017e62    35 0001:00017e68
    36 0001:00017e8f    37 0001:00017e95    38 0001:00017eb7    39 0001:00017ed0
    42 0001:00017ee0    43 0001:00017ee6    44 0001:00017eec    46 0001:00017ef6
    47 0001:00017efe    48 0001:00017f06    49 0001:00017f22    50 0001:00017f28
    51 0001:00017f4f    52 0001:00017f55    53 0001:00017f73    54 0001:00017f8c
    62 0001:00017fa0    63 0001:00017fa6    66 0001:00017fac    67 0001:00017fba
    68 0001:00017fd2    69 0001:00017fdc    71 0001:00017fe8    72 0001:00017fea
    75 0001:00017ff0    76 0001:00017ff4    77 0001:00018018    78 0001:0001801e
    80 0001:00018025    81 0001:00018036    84 0001:0001803c    85 0001:00018059
    87 0001:0001805f    88 0001:0001806f    91 0001:00018078    92 0001:0001807b
    95 0001:00018090    96 0001:00018096    97 0001:000180ba    98 0001:000180c0
   100 0001:000180c7   101 0001:000180d0   102 0001:000180d7   105 0001:000180dd
   106 0001:000180eb   107 0001:00018103   109 0001:00018118   110 0001:0001811b
   116 0001:00018130   117 0001:00018136   118 0001:0001815a   119 0001:00018160
   120 0001:0001816a   121 0001:00018172   123 0001:0001817c   124 0001:00018182
   125 0001:0001818c   127 0001:00018195   129 0001:0001819c   131 0001:000181bf
   133 0001:000181cb   134 0001:000181d3   136 0001:000181fa   138 0001:00018207
   139 0001:00018218   140 0001:00018223   142 0001:00018229   143 0001:00018256
   144 0001:0001827b   146 0001:00018285   147 0001:0001828e   148 0001:000182aa
   149 0001:000182b2   150 0001:000182bb   151 0001:000182d7   154 0001:000182d9
   156 0001:000182de   157 0001:000182ec   158 0001:000182f3   159 0001:000182f6
   162 0001:00018300   163 0001:00018306   164 0001:0001832d   165 0001:00018333
   167 0001:0001833a   168 0001:00018341   170 0001:00018366   171 0001:0001836e
   172 0001:00018384   173 0001:00018386   174 0001:00018389   177 0001:00018390
   178 0001:00018396   179 0001:000183bd   180 0001:000183c3   182 0001:000183ca
   183 0001:000183d1   185 0001:000183f6   186 0001:000183fe   187 0001:0001840c
   188 0001:0001840e   189 0001:00018411   192 0001:00018420   196 0001:00018426
   198 0001:00018433   200 0001:0001844b   201 0001:00018451   203 0001:0001845b
   204 0001:00018461   207 0001:00018466   210 0001:00018480   213 0001:0001848d
   214 0001:00018493   215 0001:000184a6   216 0001:000184a8   218 0001:000184bb
   220 0001:000184c1   222 0001:000184cb   223 0001:000184d1   224 0001:000184db
   225 0001:000184dd   228 0001:000184e7   229 0001:000184f7   230 0001:000184fe
   231 0001:00018503   232 0001:00018508   233 0001:0001850a   240 0001:00018510
   241 0001:00018516   242 0001:0001853d   244 0001:00018564   245 0001:00018570
   248 0001:0001857a   249 0001:000185a4   250 0001:000185aa   251 0001:000185b4
   252 0001:000185bd   254 0001:000185ca   255 0001:000185d6   256 0001:000185e2
   257 0001:000185ea   259 0001:000185f1   261 0001:000185fe   262 0001:0001860c
   264 0001:0001862c   266 0001:00018635   267 0001:0001865c   268 0001:00018668
   269 0001:00018674   270 0001:0001867c   275 0001:00018680   276 0001:0001869c
   277 0001:000186ae   280 0001:000186b3   281 0001:000186bc   282 0001:000186c1
   283 0001:000186c6   286 0001:000186d0   287 0001:000186d3   288 0001:000186d8
   294 0001:000186e0   295 0001:000186e6   296 0001:000186ec   298 0001:000186f8
   299 0001:00018725   300 0001:00018731   302 0001:0001873d   303 0001:00018745
   304 0001:00018751   305 0001:00018762   307 0001:0001876e   308 0001:0001879b
   309 0001:000187c0   311 0001:000187ca   312 0001:000187d6   313 0001:000187df
   316 0001:000187f0   317 0001:000187f6   318 0001:000187fc   320 0001:00018803
   321 0001:0001880a   322 0001:0001881b   324 0001:00018827   325 0001:00018854
   326 0001:00018879   328 0001:0001888c   329 0001:00018895   331 0001:0001889b
   332 0001:000188a4   333 0001:000188ab   335 0001:000188b1   337 0001:000188bc
   338 0001:000188c2   339 0001:000188ce   340 0001:000188d0   341 0001:000188dc
   342 0001:000188e4   344 0001:000188e6   345 0001:000188ec   346 0001:000188f5
   348 0001:000188f7   349 0001:00018908   352 0001:00018910   353 0001:00018916
   354 0001:0001891c   357 0001:00018926   358 0001:0001892e   360 0001:00018935
   362 0001:0001893f   363 0001:0001894d   365 0001:00018953   366 0001:00018980
   368 0001:000189a5   369 0001:000189a8   375 0001:000189b0   376 0001:000189b6
   377 0001:000189bc   379 0001:000189c6   380 0001:000189cd   381 0001:000189d4
   382 0001:000189e7   383 0001:000189ed   384 0001:000189f4   386 0001:000189f9
   387 0001:00018a01   388 0001:00018a0a   389 0001:00018a1b   390 0001:00018a26
   392 0001:00018a2c   393 0001:00018a38   395 0001:00018a41   397 0001:00018a43
   398 0001:00018a55   399 0001:00018a82   401 0001:00018aa7   402 0001:00018aaf
   403 0001:00018ab2   406 0001:00018ac0   407 0001:00018ac6   408 0001:00018acc
   410 0001:00018ad8   411 0001:00018ae1   412 0001:00018ae8   414 0001:00018aee
   415 0001:00018afa   416 0001:00018b03   417 0001:00018b15   418 0001:00018b1b
   419 0001:00018b1d   420 0001:00018b27

Line numbers for C:\Program Files\Microsoft Visual Studio .NET 2003\Vc7\atlmfc\lib\atlsd.lib(f:\vs70builds\6030\vc\mfcatl\ship\atlmfc\include\atlbase.h) segment .text

  2620 0001:0001c1f0

Line numbers for C:\Program Files\Microsoft Visual Studio .NET 2003\Vc7\atlmfc\lib\atlsd.lib(f:\vs70builds\6030\vc\mfcatl\ship\atlmfc\include\atltrace.h) segment .text

   196 0001:00016a60   197 0001:00016a70   198 0001:00016a83   199 0001:00016a99
    82 0001:00016ab0    84 0001:00016ab7    85 0001:00016ad0   131 0001:00016ae0

Line numbers for C:\Program Files\Microsoft Visual Studio .NET 2003\Vc7\atlmfc\lib\atlsd.lib(f:\vs70builds\6030\vc\mfcatl\ship\atlmfc\src\atl\atls\atltrace.cpp) segment .text

    22 0001:0001be90    23 0001:0001beb0    24 0001:0001bed0    25 0001:0001bef0
    26 0001:0001bf10    27 0001:0001bf30    28 0001:0001bf50    29 0001:0001bf70
    30 0001:0001bf90    31 0001:0001bfb0    32 0001:0001bfd0    33 0001:0001bff0
    34 0001:0001c010    35 0001:0001c030    36 0001:0001c050    37 0001:0001c070
    38 0001:0001c090    39 0001:0001c0b0    40 0001:0001c0d0    41 0001:0001c0f0
    42 0001:0001c110    43 0001:0001c130    44 0001:0001c150    47 0001:0001c170
    48 0001:0001c190    49 0001:0001c1b0    50 0001:0001c1d0

Line numbers for C:\Program Files\Microsoft Visual Studio .NET 2003\Vc7\atlmfc\lib\atlsd.lib(f:\vs70builds\6030\vc\mfcatl\ship\atlmfc\include\atlbase.h) segment .text

  2620 0001:0001bdf0

Line numbers for C:\Program Files\Microsoft Visual Studio .NET 2003\Vc7\atlmfc\lib\atlsd.lib(f:\vs70builds\6030\vc\mfcatl\ship\atlmfc\include\atltypes.inl) segment .text

    22 0001:00015330    24 0001:00015340    26 0001:00015370    28 0001:00015390
    30 0001:000153b0    31 0001:000153b7    32 0001:000153c7    33 0001:000153d6
    35 0001:000153e0    37 0001:00015420    39 0001:00015460    41 0001:00015490
    43 0001:000154c0    45 0001:000154e0    47 0001:00015510    49 0001:00015540
    51 0001:00015570    53 0001:000155a0    55 0001:000155d0    57 0001:00015610
    61 0001:00015650    63 0001:00015660    65 0001:00015690    67 0001:000156b0
    69 0001:000156d0    70 0001:000156d7    71 0001:000156e7    72 0001:000156f6
    74 0001:00015700    76 0001:00015730    78 0001:00015760    80 0001:00015790
    82 0001:000157b0    84 0001:000157f0    86 0001:00015830    88 0001:00015860
    90 0001:00015890    92 0001:000158c0    94 0001:000158f0    96 0001:00015920
    98 0001:00015950   100 0001:00015980   102 0001:000159b0   104 0001:000159e0
   106 0001:00015a20   110 0001:00015a60   112 0001:00015a70   114 0001:00015ab0
   116 0001:00015ad0   118 0001:00015af0   120 0001:00015b30   121 0001:00015b48
   123 0001:00015b70   125 0001:00015b90   127 0001:00015bb0   129 0001:00015bf0
   131 0001:00015c00   133 0001:00015c20   135 0001:00015c30   137 0001:00015c50
   139 0001:00015c90   141 0001:00015cb0   143 0001:00015ce0   145 0001:00015cf0
   147 0001:00015d00   149 0001:00015d20   151 0001:00015d70   153 0001:00015d90
   155 0001:00015dc0   157 0001:00015df0   159 0001:00015e10   161 0001:00015e30
   163 0001:00015e50   165 0001:00015e70   167 0001:00015e90   169 0001:00015ec0
   171 0001:00015ef0   173 0001:00015f10   175 0001:00015f30   177 0001:00015f50
   179 0001:00015f80   181 0001:00015fb0   183 0001:00015fe0   185 0001:00016010
   187 0001:00016030   189 0001:00016050   191 0001:00016070   193 0001:00016090
   195 0001:000160b0   197 0001:000160d0   199 0001:000160f0   201 0001:00016110
   203 0001:00016140   205 0001:00016170   207 0001:00016190   209 0001:000161b0
   211 0001:000161d0   213 0001:00016230   215 0001:00016290   217 0001:000162f0
   219 0001:00016350   221 0001:000163a0   223 0001:000163f0   224 0001:00016413
   226 0001:00016440   227 0001:00016463   229 0001:00016490   232 0001:000164b0
   234 0001:000164b9   236 0001:000164c6   237 0001:000164ce   238 0001:000164d9
   240 0001:000164e2   242 0001:000164f0   243 0001:000164f9   244 0001:00016505
   246 0001:0001650e   249 0001:00016520   250 0001:00016527   251 0001:00016548
   252 0001:0001656c   255 0001:00016580   256 0001:00016587   257 0001:000165a3
   258 0001:000165c1   261 0001:000165d0   262 0001:000165d7   263 0001:000165f8
   264 0001:0001661c   267 0001:00016630   268 0001:00016637   269 0001:00016653
   270 0001:00016671   273 0001:00016680   278 0001:00016687   279 0001:000166e9

Line numbers for C:\Program Files\Microsoft Visual Studio .NET 2003\Vc7\atlmfc\lib\atlsd.lib(f:\vs70builds\6030\vc\mfcatl\ship\atlmfc\include\atlbase.h) segment .text

  2620 0001:0001c2b0

Line numbers for C:\Program Files\Microsoft Visual Studio .NET 2003\Vc7\atlmfc\lib\atlsd.lib(f:\vs70builds\6030\vc\mfcatl\ship\atlmfc\src\atl\atls\atltracemodulemanager.h) segment .text

    44 0001:0001b0f0    45 0001:0001b11e

Line numbers for C:\Program Files\Microsoft Visual Studio .NET 2003\Vc7\atlmfc\lib\atlsd.lib(f:\vs70builds\6030\vc\mfcatl\ship\atlmfc\src\atl\atls\atltracemodulemanager.cpp) segment .text

    21 0001:0001acd0    22 0001:0001acf7    23 0001:0001ad00    24 0001:0001ad0c
    27 0001:0001ad20    28 0001:0001ad3a    30 0001:0001ad54    32 0001:0001ad65
    34 0001:0001ad8e    36 0001:0001adac    37 0001:0001adb3    40 0001:0001ae40
    41 0001:0001ae42    43 0001:0001ae58    45 0001:0001ae5e    46 0001:0001ae7c
    47 0001:0001ae9e    48 0001:0001aebe    49 0001:0001aecf    51 0001:0001aeed
    52 0001:0001aefc    53 0001:0001af09    54 0001:0001af15    59 0001:0001af30
    60 0001:0001af49    61 0001:0001af58    64 0001:0001af60    65 0001:0001af67
    66 0001:0001af7c    67 0001:0001af85    72 0001:0001af90    73 0001:0001afba
    76 0001:0001afd0    78 0001:0001afd9    82 0001:0001affa    91 0001:0001b000
    92 0001:0001b0ad    94 0001:0001b0b9    95 0001:0001b0c3    98 0001:0001b0d0
    99 0001:0001b0d7   100 0001:0001b0e6

Line numbers for C:\Program Files\Microsoft Visual Studio .NET 2003\Vc7\atlmfc\lib\atlsd.lib(f:\vs70builds\6030\vc\mfcatl\ship\atlmfc\include\atlbase.h) segment .text

  2620 0001:0001be70

Line numbers for C:\Program Files\Microsoft Visual Studio .NET 2003\Vc7\atlmfc\lib\atlsd.lib(f:\vs70builds\6030\vc\mfcatl\ship\atlmfc\include\atltrace.h) segment .text

    70 0001:000168c0    71 0001:000168da    73 0001:000168ef    76 0001:00016a40
    77 0001:00016a47    78 0001:00016a53

Line numbers for C:\Program Files\Microsoft Visual Studio .NET 2003\Vc7\atlmfc\lib\atlsd.lib(f:\vs70builds\6030\vc\mfcatl\ship\atlmfc\include\atlexcept.h) segment .text

    40 0001:000168a0    41 0001:000168af

Line numbers for C:\Program Files\Microsoft Visual Studio .NET 2003\Vc7\atlmfc\lib\atlsd.lib(f:\vs70builds\6030\vc\mfcatl\ship\atlmfc\include\atlsimpcoll.h) segment .text

    97 0001:00016770    97 0001:000167a0   100 0001:00016940   101 0001:00016947
   102 0001:0001694f   100 0001:00016960   101 0001:00016967   102 0001:0001696f
   173 0001:00016980   174 0001:00016989   176 0001:00016991   177 0001:000169ae
   178 0001:000169b0   179 0001:000169be   181 0001:000169c7   182 0001:000169d1
   183 0001:000169db   173 0001:000169e0   174 0001:000169e9   176 0001:000169f1
   177 0001:00016a0e   178 0001:00016a10   179 0001:00016a1e   181 0001:00016a27
   182 0001:00016a31   183 0001:00016a3b

Line numbers for C:\Program Files\Microsoft Visual Studio .NET 2003\Vc7\atlmfc\lib\atlsd.lib(f:\vs70builds\6030\vc\mfcatl\ship\atlmfc\src\atl\atls\allocate.h) segment .text

    42 0001:000166f0    43 0001:0001672b    46 0001:00016900    47 0001:00016907
    48 0001:00016911

Line numbers for C:\Program Files\Microsoft Visual Studio .NET 2003\Vc7\atlmfc\lib\atlsd.lib(f:\vs70builds\6030\vc\mfcatl\ship\atlmfc\src\atl\atls\externs.cpp) segment .text

    26 0001:000167d0    30 0001:000167e3    32 0001:0001680e    34 0001:0001681d
    37 0001:00016846    39 0001:00016863    42 0001:0001688c    43 0001:0001688e
    23 0001:0001be10    45 0001:0001be30    52 0001:0001be40
