 SppConsole

 Timestamp is 4991e154 (Tue Feb 10 22:19:32 2009)

 Preferred load address is 00400000

 Start         Length     Name                   Class
 0001:00000000 0001b4dcH .text                   CODE
 0001:0001b4e0 000009a5H .text$x                 CODE
 0001:0001be90 00000556H .text$yc                CODE
 0001:0001c3f0 000000dfH .text$yd                CODE
 0002:00000000 000008c0H .idata$5                DATA
 0002:000008c0 0000bff0H .rdata                  DATA
 0002:0000c8b0 00000053H .rdata$debug            DATA
 0002:0000c904 00000044H .rdata$r                DATA
 0002:0000c950 00000120H .rdata$sxdata           DATA
 0002:0000ca70 00000004H .rtc$IAA                DATA
 0002:0000ca74 00000004H .rtc$IMZ                DATA
 0002:0000ca78 00000004H .rtc$IZZ                DATA
 0002:0000ca7c 00000004H .rtc$TAA                DATA
 0002:0000ca80 00000004H .rtc$TMZ                DATA
 0002:0000ca84 00000004H .rtc$TZZ                DATA
 0002:0000ca88 00000c38H .xdata$x                DATA
 0002:0000d6c0 00000004H ATL$__a                 DATA
 0002:0000d6c4 00000004H ATL$__z                 DATA
 0002:0000d6c8 000000f0H .idata$2                DATA
 0002:0000d7b8 00000014H .idata$3                DATA
 0002:0000d7cc 000008c0H .idata$4                DATA
 0002:0000e08c 00000e6aH .idata$6                DATA
 0002:0000eef6 00000000H .edata                  DATA
 0003:00000000 00000004H .CRT$XCA                DATA
 0003:00000004 00000004H .CRT$XCAA               DATA
 0003:00000008 0000000cH .CRT$XCC                DATA
 0003:00000014 00000074H .CRT$XCL                DATA
 0003:00000088 00000008H .CRT$XCU                DATA
 0003:00000090 00000004H .CRT$XCZ                DATA
 0003:00000094 00000004H .CRT$XIA                DATA
 0003:00000098 00000004H .CRT$XIZ                DATA
 0003:000000a0 00000fc0H .data                   DATA
 0003:00001060 000002c8H .bss                    DATA
 0004:00000000 00000550H .rsrc$01                DATA
 0004:00000550 00002908H .rsrc$02                DATA

  Address         Publics by Value              Rva+Base     Lib:Object

 0000:00000000       __except_list              00000000     <absolute>
 0000:00000048       ___safe_se_handler_count   00000048     <absolute>
 0000:00009876       __fltused                  00009876     <absolute>
 0000:00009876       __ldused                   00009876     <absolute>
 0000:00000000       ___ImageBase               00400000     <linker-defined>
 0001:00000000       ??0CAboutDlg@@QAE@PAVCWnd@@@Z 00401000 f   AboutDlg.obj
 0001:00000070       ?DoDataExchange@CAboutDlg@@MAEXPAVCDataExchange@@@Z 00401070 f   AboutDlg.obj
 0001:00000090       ?GetThisMessageMap@CAboutDlg@@KGPBUAFX_MSGMAP@@XZ 00401090 f   AboutDlg.obj
 0001:000000a0       ?GetMessageMap@CAboutDlg@@MBEPBUAFX_MSGMAP@@XZ 004010a0 f   AboutDlg.obj
 0001:000000b0       ?OnInitDialog@CAboutDlg@@MAEHXZ 004010b0 f   AboutDlg.obj
 0001:000001e0       ??_ECAboutDlg@@UAEPAXI@Z   004011e0 f i AboutDlg.obj
 0001:000001e0       ??_GCAboutDlg@@UAEPAXI@Z   004011e0 f i AboutDlg.obj
 0001:00000210       ??1CAboutDlg@@UAE@XZ       00401210 f i AboutDlg.obj
 0001:00000260       ??1CStaticLink@@UAE@XZ     00401260 f i AboutDlg.obj
 0001:000002c0       ?_AtlGetThreadACPThunk@ATL@@YGIXZ 004012c0 f i AboutDlg.obj
 0001:00000340       ?InterlockedExchangePointer@@YGPAXPAPAXPAX@Z 00401340 f i AboutDlg.obj
 0001:00000360       ?_AtlGetThreadACPFake@ATL@@YGIXZ 00401360 f i AboutDlg.obj
 0001:000003f0       ?_AtlGetThreadACPReal@ATL@@YGIXZ 004013f0 f i AboutDlg.obj
 0001:00000400       ?isSpk@@YA_NI@Z            00401400 f   AudioInput.obj
 0001:00000430       ?GetLineControlByID@@YAIPAUHMIXEROBJ__@@KPAUtagMIXERCONTROLA@@@Z 00401430 f   AudioInput.obj
 0001:00000480       ?Mute@@YAIPAUHMIXER__@@I_N@Z 00401480 f   AudioInput.obj
 0001:00000550       ?GetMuteValue@@YA_NPAUHMIXER__@@IPA_N@Z 00401550 f   AudioInput.obj
 0001:00000620       ?GetSelSrcLineID@@YAJPAUHMIXER__@@I@Z 00401620 f   AudioInput.obj
 0001:00000810       ?SetControlDetailList@@YAIPAUHMIXER__@@PAUtMIXERCONTROLDETAILS_BOOLEAN@@KI@Z 00401810 f   AudioInput.obj
 0001:00000860       ?SetControlDetailList@@YAIPAUHMIXER__@@PAUtMIXERCONTROLDETAILS_UNSIGNED@@KI@Z 00401860 f   AudioInput.obj
 0001:000008b0       ?GetLineControlList@@YAIPAUHMIXEROBJ__@@KPAUtagMIXERCONTROLA@@PAH@Z 004018b0 f   AudioInput.obj
 0001:00000970       ?GetControlDetailList@@YAIPAUHMIXER__@@PAUtagMIXERCONTROLDETAILS_LISTTEXTA@@KI@Z 00401970 f   AudioInput.obj
 0001:000009c0       ?GetControlDetailList@@YAIPAUHMIXER__@@PAUtMIXERCONTROLDETAILS_BOOLEAN@@KI@Z 004019c0 f   AudioInput.obj
 0001:00000a10       ?GetVolumeValue@@YA_NPAUHMIXER__@@IPAJ@Z 00401a10 f   AudioInput.obj
 0001:00000b40       ?SetVolumeValue@@YAHPAUHMIXER__@@IJ@Z 00401b40 f   AudioInput.obj
 0001:00000c50       ??0CAudioInput@@QAE@PAUHWND__@@@Z 00401c50 f   AudioInput.obj
 0001:00000d80       ??1CAudioInput@@UAE@XZ     00401d80 f   AudioInput.obj
 0001:00000e40       ?GetCountMixerDevice@CAudioInput@@QAEHXZ 00401e40 f   AudioInput.obj
 0001:00000e60       ?GetMixerDeviceName@CAudioInput@@QAEPBDH@Z 00401e60 f   AudioInput.obj
 0001:00000ea0       ?GetMixerDeviceInputLineName@CAudioInput@@QAEPBDHH@Z 00401ea0 f   AudioInput.obj
 0001:00000ef0       ?GetMixerDevice@CAudioInput@@QAEPAVCMixerDevice@1@H@Z 00401ef0 f   AudioInput.obj
 0001:00000f30       ?Restore@CAudioInput@@QAEXXZ 00401f30 f   AudioInput.obj
 0001:00000f90       ?GetPreferredMixerDeviceIndex@CAudioInput@@QAEHXZ 00401f90 f   AudioInput.obj
 0001:00001090       ?GetMixerDeviceIndex@CAudioInput@@QAEHPAD@Z 00402090 f   AudioInput.obj
 0001:00001100       ?GetMixerDeviceID@CAudioInput@@QAEHPAD@Z 00402100 f   AudioInput.obj
 0001:00001180       ?SetCurrentMixerDevice@CAudioInput@@QAE_NH@Z 00402180 f   AudioInput.obj
 0001:000011d0       ?GetCurrentMixerDevice@CAudioInput@@QAEHXZ 004021d0 f   AudioInput.obj
 0001:000011f0       ??0CMixerDevice@CAudioInput@@QAE@XZ 004021f0 f   AudioInput.obj
 0001:00001270       ??1CMixerDevice@CAudioInput@@UAE@XZ 00402270 f   AudioInput.obj
 0001:000013d0       ??0CMixerDevice@CAudioInput@@QAE@HPAUHWND__@@@Z 004023d0 f   AudioInput.obj
 0001:00001510       ?AdjustInputVolume@CMixerDevice@CAudioInput@@QAEXK@Z 00402510 f   AudioInput.obj
 0001:000015d0       ?CreateInputLineArray@CMixerDevice@CAudioInput@@IAEHXZ 004025d0 f   AudioInput.obj
 0001:00001940       ?CreatePhysicalDevArray@CMixerDevice@CAudioInput@@QAEHXZ 00402940 f   AudioInput.obj
 0001:00001c80       ?GetInputLineIndex@CMixerDevice@CAudioInput@@QAE_NIPAI@Z 00402c80 f   AudioInput.obj
 0001:00001cf0       ?GetInputLineName@CMixerDevice@CAudioInput@@QAEPBDH@Z 00402cf0 f   AudioInput.obj
 0001:00001d30       ?GetInputLineVolumeValue@CMixerDevice@CAudioInput@@QAEHH@Z 00402d30 f   AudioInput.obj
 0001:00001d70       ?GetInputLineSrcID@CMixerDevice@CAudioInput@@QAE_NPAII@Z 00402d70 f   AudioInput.obj
 0001:00001dd0       ?GetName@CMixerDevice@CAudioInput@@QAEPBDXZ 00402dd0 f   AudioInput.obj
 0001:00001df0       ?GetSelectedInputLine@CMixerDevice@CAudioInput@@QAE_NPAI@Z 00402df0 f   AudioInput.obj
 0001:00002080       ?MuteOutputLine@CMixerDevice@CAudioInput@@QAE_NK_N0@Z 00403080 f   AudioInput.obj
 0001:00002160       ?MuteSelectedInputLine@CMixerDevice@CAudioInput@@QAE_NI_N0@Z 00403160 f   AudioInput.obj
 0001:000021c0       ?RestoreSelectedInputLine@CMixerDevice@CAudioInput@@QAEXI@Z 004031c0 f   AudioInput.obj
 0001:00002220       ?Restore@CMixerDevice@CAudioInput@@QAEHXZ 00403220 f   AudioInput.obj
 0001:000022b0       ?SelectInputLine@CMixerDevice@CAudioInput@@QAEXI@Z 004032b0 f   AudioInput.obj
 0001:00002590       ?SetSelectedInputLine@CMixerDevice@CAudioInput@@QAE_NI@Z 00403590 f   AudioInput.obj
 0001:00002610       ?SetSpeakers@CMixerDevice@CAudioInput@@QAEH_N0@Z 00403610 f   AudioInput.obj
 0001:000026b0       ??0CInputLine@CMixerDevice@CAudioInput@@QAE@XZ 004036b0 f   AudioInput.obj
 0001:000026f0       ??1CInputLine@CMixerDevice@CAudioInput@@UAE@XZ 004036f0 f   AudioInput.obj
 0001:00002760       ??0CInputLine@CMixerDevice@CAudioInput@@QAE@PAUHMIXER__@@KPBDKJ@Z 00403760 f   AudioInput.obj
 0001:000028f0       ?GetVolumeValue@CInputLine@CMixerDevice@CAudioInput@@QAEHXZ 004038f0 f   AudioInput.obj
 0001:000029e0       ?CreateArrayMuteCtrl@CInputLine@CMixerDevice@CAudioInput@@IAEPAV?$CArray@UsMuteLine@CInputLine@CMixerDevice@CAudioInput@@U1234@@@KPBD@Z 004039e0 f   AudioInput.obj
 0001:00002e20       ?GetName@CInputLine@CMixerDevice@CAudioInput@@QAEPBDXZ 00403e20 f   AudioInput.obj
 0001:00002e40       ?GetSrcID@CInputLine@CMixerDevice@CAudioInput@@QAEKXZ 00403e40 f   AudioInput.obj
 0001:00002e60       ?isInitSelected@CInputLine@CMixerDevice@CAudioInput@@QAE_NXZ 00403e60 f   AudioInput.obj
 0001:00002e80       ?RestoreMute@CInputLine@CMixerDevice@CAudioInput@@QAEXXZ 00403e80 f   AudioInput.obj
 0001:00002ef0       ?RestoreVolume@CInputLine@CMixerDevice@CAudioInput@@QAEHXZ 00403ef0 f   AudioInput.obj
 0001:00002fd0       ?SetDefaultVolume@CInputLine@CMixerDevice@CAudioInput@@QAEXXZ 00403fd0 f   AudioInput.obj
 0001:000030d0       ?SetMute@CInputLine@CMixerDevice@CAudioInput@@QAE_N_N0@Z 004040d0 f   AudioInput.obj
 0001:000031a0       ?SetName@CInputLine@CMixerDevice@CAudioInput@@QAEXPBD@Z 004041a0 f   AudioInput.obj
 0001:000031c0       ?SetSrcType@CInputLine@CMixerDevice@CAudioInput@@QAEXK@Z 004041c0 f   AudioInput.obj
 0001:000031e0       ?StoreDefaultVolume@CInputLine@CMixerDevice@CAudioInput@@QAEHXZ 004041e0 f   AudioInput.obj
 0001:000032e0       ??0CPhysicalDevice@CMixerDevice@CAudioInput@@QAE@XZ 004042e0 f   AudioInput.obj
 0001:00003320       ??0CPhysicalDevice@CMixerDevice@CAudioInput@@QAE@PAUHMIXER__@@KK_NKH@Z 00404320 f   AudioInput.obj
 0001:00003370       ??1CPhysicalDevice@CMixerDevice@CAudioInput@@UAE@XZ 00404370 f   AudioInput.obj
 0001:00003390       ?restore@CPhysicalDevice@CMixerDevice@CAudioInput@@QAEXXZ 00404390 f   AudioInput.obj
 0001:000033f0       ?SetMute@CPhysicalDevice@CMixerDevice@CAudioInput@@QAEX_N@Z 004043f0 f   AudioInput.obj
 0001:00003420       ?SetVolume@CPhysicalDevice@CMixerDevice@CAudioInput@@QAEXH@Z 00404420 f   AudioInput.obj
 0001:00003450       ?isValid@CMixerDevice@CAudioInput@@QAE_NXZ 00404450 f   AudioInput.obj
 0001:00003470       ?GetID@CMixerDevice@CAudioInput@@QAEHXZ 00404470 f   AudioInput.obj
 0001:00003490       ??_ECAudioInput@@UAEPAXI@Z 00404490 f i AudioInput.obj
 0001:00003490       ??_GCAudioInput@@UAEPAXI@Z 00404490 f i AudioInput.obj
 0001:000034c0       ??_ECMixerDevice@CAudioInput@@UAEPAXI@Z 004044c0 f i AudioInput.obj
 0001:000034c0       ??_GCMixerDevice@CAudioInput@@UAEPAXI@Z 004044c0 f i AudioInput.obj
 0001:000034f0       ??_ECInputLine@CMixerDevice@CAudioInput@@UAEPAXI@Z 004044f0 f i AudioInput.obj
 0001:000034f0       ??_GCInputLine@CMixerDevice@CAudioInput@@UAEPAXI@Z 004044f0 f i AudioInput.obj
 0001:00003520       ??_ECPhysicalDevice@CMixerDevice@CAudioInput@@UAEPAXI@Z 00404520 f i AudioInput.obj
 0001:00003520       ??_GCPhysicalDevice@CMixerDevice@CAudioInput@@UAEPAXI@Z 00404520 f i AudioInput.obj
 0001:00003550       ??0?$CArray@PAVCInputLine@CMixerDevice@CAudioInput@@PAV123@@@QAE@XZ 00404550 f i AudioInput.obj
 0001:000035a0       ?GetSize@?$CArray@PAVCInputLine@CMixerDevice@CAudioInput@@PAV123@@@QBEHXZ 004045a0 f i AudioInput.obj
 0001:000035c0       ?RemoveAll@?$CArray@PAVCInputLine@CMixerDevice@CAudioInput@@PAV123@@@QAEXXZ 004045c0 f i AudioInput.obj
 0001:000035e0       ?GetAt@?$CArray@PAVCInputLine@CMixerDevice@CAudioInput@@PAV123@@@QAEAAPAVCInputLine@CMixerDevice@CAudioInput@@H@Z 004045e0 f i AudioInput.obj
 0001:00003640       ?Add@?$CArray@PAVCInputLine@CMixerDevice@CAudioInput@@PAV123@@@QAEHPAVCInputLine@CMixerDevice@CAudioInput@@@Z 00404640 f i AudioInput.obj
 0001:00003670       ?RemoveAt@?$CArray@PAVCInputLine@CMixerDevice@CAudioInput@@PAV123@@@QAEXHH@Z 00404670 f i AudioInput.obj
 0001:00003780       ??1?$CArray@PAVCInputLine@CMixerDevice@CAudioInput@@PAV123@@@UAE@XZ 00404780 f i AudioInput.obj
 0001:00003820       ?Serialize@?$CArray@PAVCInputLine@CMixerDevice@CAudioInput@@PAV123@@@UAEXAAVCArchive@@@Z 00404820 f i AudioInput.obj
 0001:000038a0       ?Dump@?$CArray@PAVCInputLine@CMixerDevice@CAudioInput@@PAV123@@@UBEXAAVCDumpContext@@@Z 004048a0 f i AudioInput.obj
 0001:00003920       ?AssertValid@?$CArray@PAVCInputLine@CMixerDevice@CAudioInput@@PAV123@@@UBEXXZ 00404920 f i AudioInput.obj
 0001:00003a10       ??0?$CArray@PAVCPhysicalDevice@CMixerDevice@CAudioInput@@PAV123@@@QAE@XZ 00404a10 f i AudioInput.obj
 0001:00003a60       ?GetSize@?$CArray@PAVCPhysicalDevice@CMixerDevice@CAudioInput@@PAV123@@@QBEHXZ 00404a60 f i AudioInput.obj
 0001:00003a80       ?RemoveAll@?$CArray@PAVCPhysicalDevice@CMixerDevice@CAudioInput@@PAV123@@@QAEXXZ 00404a80 f i AudioInput.obj
 0001:00003aa0       ?GetAt@?$CArray@PAVCPhysicalDevice@CMixerDevice@CAudioInput@@PAV123@@@QAEAAPAVCPhysicalDevice@CMixerDevice@CAudioInput@@H@Z 00404aa0 f i AudioInput.obj
 0001:00003b00       ?Add@?$CArray@PAVCPhysicalDevice@CMixerDevice@CAudioInput@@PAV123@@@QAEHPAVCPhysicalDevice@CMixerDevice@CAudioInput@@@Z 00404b00 f i AudioInput.obj
 0001:00003b30       ?RemoveAt@?$CArray@PAVCPhysicalDevice@CMixerDevice@CAudioInput@@PAV123@@@QAEXHH@Z 00404b30 f i AudioInput.obj
 0001:00003c40       ??1?$CArray@PAVCPhysicalDevice@CMixerDevice@CAudioInput@@PAV123@@@UAE@XZ 00404c40 f i AudioInput.obj
 0001:00003ce0       ?Serialize@?$CArray@PAVCPhysicalDevice@CMixerDevice@CAudioInput@@PAV123@@@UAEXAAVCArchive@@@Z 00404ce0 f i AudioInput.obj
 0001:00003d60       ?Dump@?$CArray@PAVCPhysicalDevice@CMixerDevice@CAudioInput@@PAV123@@@UBEXAAVCDumpContext@@@Z 00404d60 f i AudioInput.obj
 0001:00003de0       ?AssertValid@?$CArray@PAVCPhysicalDevice@CMixerDevice@CAudioInput@@PAV123@@@UBEXXZ 00404de0 f i AudioInput.obj
 0001:00003ed0       ??0?$CArray@PAVCMixerDevice@CAudioInput@@PAV12@@@QAE@XZ 00404ed0 f i AudioInput.obj
 0001:00003f20       ?GetSize@?$CArray@PAVCMixerDevice@CAudioInput@@PAV12@@@QBEHXZ 00404f20 f i AudioInput.obj
 0001:00003f40       ?RemoveAll@?$CArray@PAVCMixerDevice@CAudioInput@@PAV12@@@QAEXXZ 00404f40 f i AudioInput.obj
 0001:00003f60       ?GetAt@?$CArray@PAVCMixerDevice@CAudioInput@@PAV12@@@QAEAAPAVCMixerDevice@CAudioInput@@H@Z 00404f60 f i AudioInput.obj
 0001:00003fc0       ?Add@?$CArray@PAVCMixerDevice@CAudioInput@@PAV12@@@QAEHPAVCMixerDevice@CAudioInput@@@Z 00404fc0 f i AudioInput.obj
 0001:00003ff0       ?RemoveAt@?$CArray@PAVCMixerDevice@CAudioInput@@PAV12@@@QAEXHH@Z 00404ff0 f i AudioInput.obj
 0001:00004100       ??1?$CArray@PAVCMixerDevice@CAudioInput@@PAV12@@@UAE@XZ 00405100 f i AudioInput.obj
 0001:000041a0       ?Serialize@?$CArray@PAVCMixerDevice@CAudioInput@@PAV12@@@UAEXAAVCArchive@@@Z 004051a0 f i AudioInput.obj
 0001:00004220       ?Dump@?$CArray@PAVCMixerDevice@CAudioInput@@PAV12@@@UBEXAAVCDumpContext@@@Z 00405220 f i AudioInput.obj
 0001:000042a0       ?AssertValid@?$CArray@PAVCMixerDevice@CAudioInput@@PAV12@@@UBEXXZ 004052a0 f i AudioInput.obj
 0001:00004390       ??0?$CArray@UsMuteLine@CInputLine@CMixerDevice@CAudioInput@@U1234@@@QAE@XZ 00405390 f i AudioInput.obj
 0001:000043e0       ?GetSize@?$CArray@UsMuteLine@CInputLine@CMixerDevice@CAudioInput@@U1234@@@QBEHXZ 004053e0 f i AudioInput.obj
 0001:00004400       ?GetCount@?$CArray@UsMuteLine@CInputLine@CMixerDevice@CAudioInput@@U1234@@@QBEHXZ 00405400 f i AudioInput.obj
 0001:00004420       ?RemoveAll@?$CArray@UsMuteLine@CInputLine@CMixerDevice@CAudioInput@@U1234@@@QAEXXZ 00405420 f i AudioInput.obj
 0001:00004440       ?GetAt@?$CArray@UsMuteLine@CInputLine@CMixerDevice@CAudioInput@@U1234@@@QAEAAUsMuteLine@CInputLine@CMixerDevice@CAudioInput@@H@Z 00405440 f i AudioInput.obj
 0001:000044a0       ?SetAt@?$CArray@UsMuteLine@CInputLine@CMixerDevice@CAudioInput@@U1234@@@QAEXHUsMuteLine@CInputLine@CMixerDevice@CAudioInput@@@Z 004054a0 f i AudioInput.obj
 0001:00004510       ?Add@?$CArray@UsMuteLine@CInputLine@CMixerDevice@CAudioInput@@U1234@@@QAEHUsMuteLine@CInputLine@CMixerDevice@CAudioInput@@@Z 00405510 f i AudioInput.obj
 0001:00004550       ?Serialize@?$CArray@UsMuteLine@CInputLine@CMixerDevice@CAudioInput@@U1234@@@UAEXAAVCArchive@@@Z 00405550 f i AudioInput.obj
 0001:000045d0       ?Dump@?$CArray@UsMuteLine@CInputLine@CMixerDevice@CAudioInput@@U1234@@@UBEXAAVCDumpContext@@@Z 004055d0 f i AudioInput.obj
 0001:00004650       ?AssertValid@?$CArray@UsMuteLine@CInputLine@CMixerDevice@CAudioInput@@U1234@@@UBEXXZ 00405650 f i AudioInput.obj
 0001:00004740       ??_E?$CArray@PAVCInputLine@CMixerDevice@CAudioInput@@PAV123@@@UAEPAXI@Z 00405740 f i AudioInput.obj
 0001:00004740       ??_G?$CArray@PAVCInputLine@CMixerDevice@CAudioInput@@PAV123@@@UAEPAXI@Z 00405740 f i AudioInput.obj
 0001:00004770       ??_G?$CArray@PAVCPhysicalDevice@CMixerDevice@CAudioInput@@PAV123@@@UAEPAXI@Z 00405770 f i AudioInput.obj
 0001:00004770       ??_E?$CArray@PAVCPhysicalDevice@CMixerDevice@CAudioInput@@PAV123@@@UAEPAXI@Z 00405770 f i AudioInput.obj
 0001:000047a0       ??_E?$CArray@PAVCMixerDevice@CAudioInput@@PAV12@@@UAEPAXI@Z 004057a0 f i AudioInput.obj
 0001:000047a0       ??_G?$CArray@PAVCMixerDevice@CAudioInput@@PAV12@@@UAEPAXI@Z 004057a0 f i AudioInput.obj
 0001:000047d0       ??_E?$CArray@UsMuteLine@CInputLine@CMixerDevice@CAudioInput@@U1234@@@UAEPAXI@Z 004057d0 f i AudioInput.obj
 0001:000047d0       ??_G?$CArray@UsMuteLine@CInputLine@CMixerDevice@CAudioInput@@U1234@@@UAEPAXI@Z 004057d0 f i AudioInput.obj
 0001:00004800       ??1?$CArray@UsMuteLine@CInputLine@CMixerDevice@CAudioInput@@U1234@@@UAE@XZ 00405800 f i AudioInput.obj
 0001:000048a0       ?SetSize@?$CArray@PAVCInputLine@CMixerDevice@CAudioInput@@PAV123@@@QAEXHH@Z 004058a0 f i AudioInput.obj
 0001:00004cb0       ??2@YAPAXIPAX@Z            00405cb0 f i AudioInput.obj
 0001:00004cc0       ?SetAtGrow@?$CArray@PAVCInputLine@CMixerDevice@CAudioInput@@PAV123@@@QAEXHPAVCInputLine@CMixerDevice@CAudioInput@@@Z 00405cc0 f i AudioInput.obj
 0001:00004d30       ??$SerializeElements@PAVCInputLine@CMixerDevice@CAudioInput@@@@YGXAAVCArchive@@PAPAVCInputLine@CMixerDevice@CAudioInput@@H@Z 00405d30 f i AudioInput.obj
 0001:00004e30       ??$DumpElements@PAVCInputLine@CMixerDevice@CAudioInput@@@@YGXAAVCDumpContext@@PBQAVCInputLine@CMixerDevice@CAudioInput@@H@Z 00405e30 f i AudioInput.obj
 0001:00004e70       ?SetSize@?$CArray@PAVCPhysicalDevice@CMixerDevice@CAudioInput@@PAV123@@@QAEXHH@Z 00405e70 f i AudioInput.obj
 0001:00005280       ?SetAtGrow@?$CArray@PAVCPhysicalDevice@CMixerDevice@CAudioInput@@PAV123@@@QAEXHPAVCPhysicalDevice@CMixerDevice@CAudioInput@@@Z 00406280 f i AudioInput.obj
 0001:000052f0       ??$SerializeElements@PAVCPhysicalDevice@CMixerDevice@CAudioInput@@@@YGXAAVCArchive@@PAPAVCPhysicalDevice@CMixerDevice@CAudioInput@@H@Z 004062f0 f i AudioInput.obj
 0001:000053f0       ??$DumpElements@PAVCPhysicalDevice@CMixerDevice@CAudioInput@@@@YGXAAVCDumpContext@@PBQAVCPhysicalDevice@CMixerDevice@CAudioInput@@H@Z 004063f0 f i AudioInput.obj
 0001:00005430       ?SetSize@?$CArray@PAVCMixerDevice@CAudioInput@@PAV12@@@QAEXHH@Z 00406430 f i AudioInput.obj
 0001:00005840       ?SetAtGrow@?$CArray@PAVCMixerDevice@CAudioInput@@PAV12@@@QAEXHPAVCMixerDevice@CAudioInput@@@Z 00406840 f i AudioInput.obj
 0001:000058b0       ??$SerializeElements@PAVCMixerDevice@CAudioInput@@@@YGXAAVCArchive@@PAPAVCMixerDevice@CAudioInput@@H@Z 004068b0 f i AudioInput.obj
 0001:000059b0       ??$DumpElements@PAVCMixerDevice@CAudioInput@@@@YGXAAVCDumpContext@@PBQAVCMixerDevice@CAudioInput@@H@Z 004069b0 f i AudioInput.obj
 0001:000059f0       ?SetSize@?$CArray@UsMuteLine@CInputLine@CMixerDevice@CAudioInput@@U1234@@@QAEXHH@Z 004069f0 f i AudioInput.obj
 0001:00005e00       ?SetAtGrow@?$CArray@UsMuteLine@CInputLine@CMixerDevice@CAudioInput@@U1234@@@QAEXHUsMuteLine@CInputLine@CMixerDevice@CAudioInput@@@Z 00406e00 f i AudioInput.obj
 0001:00005e80       ??$SerializeElements@UsMuteLine@CInputLine@CMixerDevice@CAudioInput@@@@YGXAAVCArchive@@PAUsMuteLine@CInputLine@CMixerDevice@CAudioInput@@H@Z 00406e80 f i AudioInput.obj
 0001:00005f80       ??$DumpElements@UsMuteLine@CInputLine@CMixerDevice@CAudioInput@@@@YGXAAVCDumpContext@@PBUsMuteLine@CInputLine@CMixerDevice@CAudioInput@@H@Z 00406f80 f i AudioInput.obj
 0001:00005fc0       ??0CDefVolumeDlg@@QAE@PAVCWnd@@@Z 00406fc0 f   DefVolumeDlg.obj
 0001:000060e0       ?DoDataExchange@CDefVolumeDlg@@MAEXPAVCDataExchange@@@Z 004070e0 f   DefVolumeDlg.obj
 0001:000061c0       ?GetThisMessageMap@CDefVolumeDlg@@KGPBUAFX_MSGMAP@@XZ 004071c0 f   DefVolumeDlg.obj
 0001:000061d0       ?GetMessageMap@CDefVolumeDlg@@MBEPBUAFX_MSGMAP@@XZ 004071d0 f   DefVolumeDlg.obj
 0001:000061e0       ?OnHScroll@CDefVolumeDlg@@IAEXIIPAVCScrollBar@@@Z 004071e0 f   DefVolumeDlg.obj
 0001:00006330       ?OnInitDialog@CDefVolumeDlg@@MAEHXZ 00407330 f   DefVolumeDlg.obj
 0001:000064e0       ?ChangeEdt@CDefVolumeDlg@@IAEHHPAVCEdit@@PAVCSliderCtrl@@@Z 004074e0 f   DefVolumeDlg.obj
 0001:00006640       ?OnChangeEdtMic@CDefVolumeDlg@@IAEXXZ 00407640 f   DefVolumeDlg.obj
 0001:00006680       ?OnChangeEdtLin@CDefVolumeDlg@@IAEXXZ 00407680 f   DefVolumeDlg.obj
 0001:000066c0       ?OnChangeEdtAux@CDefVolumeDlg@@IAEXXZ 004076c0 f   DefVolumeDlg.obj
 0001:00006700       ?OnChangeEdtAnl@CDefVolumeDlg@@IAEXXZ 00407700 f   DefVolumeDlg.obj
 0001:00006740       ?GetDefaultVolumeValues@CDefVolumeDlg@@IAEXXZ 00407740 f   DefVolumeDlg.obj
 0001:000067b0       ?OnOK@CDefVolumeDlg@@MAEXXZ 004077b0 f   DefVolumeDlg.obj
 0001:00006820       ??_ECDefVolumeDlg@@UAEPAXI@Z 00407820 f i DefVolumeDlg.obj
 0001:00006820       ??_GCDefVolumeDlg@@UAEPAXI@Z 00407820 f i DefVolumeDlg.obj
 0001:00006850       ??1CDefVolumeDlg@@UAE@XZ   00407850 f i DefVolumeDlg.obj
 0001:00006920       ??0CDynamicLED@@QAE@XZ     00407920 f   DynamicLED.obj
 0001:00006a00       ??1CDynamicLED@@UAE@XZ     00407a00 f   DynamicLED.obj
 0001:00006ad0       ?GetThisMessageMap@CDynamicLED@@KGPBUAFX_MSGMAP@@XZ 00407ad0 f   DynamicLED.obj
 0001:00006ae0       ?GetMessageMap@CDynamicLED@@MBEPBUAFX_MSGMAP@@XZ 00407ae0 f   DynamicLED.obj
 0001:00006af0       ?InitLed@CDynamicLED@@QAEXPAVCWnd@@II@Z 00407af0 f   DynamicLED.obj
 0001:00006bb0       ?OnPaint@CDynamicLED@@IAEXXZ 00407bb0 f   DynamicLED.obj
 0001:00006c30       ?OnTimer@CDynamicLED@@IAEXI@Z 00407c30 f   DynamicLED.obj
 0001:00006ce0       ?Switch@CDynamicLED@@AAEXH@Z 00407ce0 f   DynamicLED.obj
 0001:00006db0       ?SwitchOn@CDynamicLED@@QAEXXZ 00407db0 f   DynamicLED.obj
 0001:00006dd0       ?SwitchOff@CDynamicLED@@QAEXXZ 00407dd0 f   DynamicLED.obj
 0001:00006df0       ?Blink@CDynamicLED@@QAEXH@Z 00407df0 f   DynamicLED.obj
 0001:00006e70       ?SetLedBright@CDynamicLED@@AAEHHH@Z 00407e70 f   DynamicLED.obj
 0001:00006f70       ?SetPenBrush@CDynamicLED@@AAEXXZ 00407f70 f   DynamicLED.obj
 0001:00007140       ?DrawRoundLed@CDynamicLED@@AAEXVCRect@@@Z 00408140 f   DynamicLED.obj
 0001:00007340       ?DrawSquareLed@CDynamicLED@@AAEXVCRect@@@Z 00408340 f   DynamicLED.obj
 0001:00007480       ??_ECDynamicLED@@UAEPAXI@Z 00408480 f i DynamicLED.obj
 0001:00007480       ??_GCDynamicLED@@UAEPAXI@Z 00408480 f i DynamicLED.obj
 0001:000074b0       ??0CLogAudioHdrs@@QAE@XZ   004084b0 f   LogAudioHdrs.obj
 0001:00007500       ??1CLogAudioHdrs@@UAE@XZ   00408500 f   LogAudioHdrs.obj
 0001:00007520       ?UpdateControls@CLogAudioHdrs@@MAEXXZ 00408520 f   LogAudioHdrs.obj
 0001:00007600       ?PostMessageStop@CLogAudioHdrs@@MAEXXZ 00408600 f   LogAudioHdrs.obj
 0001:00007630       ?PostMessageStart@CLogAudioHdrs@@MAEXXZ 00408630 f   LogAudioHdrs.obj
 0001:00007660       ?PostMessageCancel@CLogAudioHdrs@@MAEXXZ 00408660 f   LogAudioHdrs.obj
 0001:00007690       ?SppLoggerStop@CLogAudioHdrs@@MAEHXZ 00408690 f   LogAudioHdrs.obj
 0001:000076a0       ?SppLoggerStart@CLogAudioHdrs@@MAEHPAD@Z 004086a0 f   LogAudioHdrs.obj
 0001:000076c0       ?SppLoggerStat@CLogAudioHdrs@@MAEHPAH@Z 004086c0 f   LogAudioHdrs.obj
 0001:000076e0       ??_GCLogAudioHdrs@@UAEPAXI@Z 004086e0 f i LogAudioHdrs.obj
 0001:000076e0       ??_ECLogAudioHdrs@@UAEPAXI@Z 004086e0 f i LogAudioHdrs.obj
 0001:00007710       ??0CLogFmsConn@@QAE@XZ     00408710 f   LogFmsConn.obj
 0001:00007770       ??1CLogFmsConn@@UAE@XZ     00408770 f   LogFmsConn.obj
 0001:00007790       ?UpdateControls@CLogFmsConn@@MAEXXZ 00408790 f   LogFmsConn.obj
 0001:00007870       ?PostMessageStop@CLogFmsConn@@MAEXXZ 00408870 f   LogFmsConn.obj
 0001:000078a0       ?PostMessageStart@CLogFmsConn@@MAEXXZ 004088a0 f   LogFmsConn.obj
 0001:000078d0       ?PostMessageCancel@CLogFmsConn@@MAEXXZ 004088d0 f   LogFmsConn.obj
 0001:00007900       ?SppLoggerStop@CLogFmsConn@@MAEHXZ 00408900 f   LogFmsConn.obj
 0001:00007920       ?SppLoggerStart@CLogFmsConn@@MAEHPAD@Z 00408920 f   LogFmsConn.obj
 0001:00007940       ??_ECLogFmsConn@@UAEPAXI@Z 00408940 f i LogFmsConn.obj
 0001:00007940       ??_GCLogFmsConn@@UAEPAXI@Z 00408940 f i LogFmsConn.obj
 0001:00007970       ??0CLogPulse@@QAE@XZ       00408970 f   LogPulses.obj
 0001:000079c0       ??1CLogPulse@@UAE@XZ       004089c0 f   LogPulses.obj
 0001:000079e0       ?UpdateControls@CLogPulse@@MAEXXZ 004089e0 f   LogPulses.obj
 0001:00007ac0       ?PostMessageStop@CLogPulse@@MAEXXZ 00408ac0 f   LogPulses.obj
 0001:00007af0       ?PostMessageStart@CLogPulse@@MAEXXZ 00408af0 f   LogPulses.obj
 0001:00007b20       ?PostMessageCancel@CLogPulse@@MAEXXZ 00408b20 f   LogPulses.obj
 0001:00007b50       ?SppLoggerStop@CLogPulse@@MAEHXZ 00408b50 f   LogPulses.obj
 0001:00007b60       ?SppLoggerStart@CLogPulse@@MAEHPAD@Z 00408b60 f   LogPulses.obj
 0001:00007b80       ?SppLoggerStat@CLogPulse@@MAEHPAH@Z 00408b80 f   LogPulses.obj
 0001:00007ba0       ??_GCLogPulse@@UAEPAXI@Z   00408ba0 f i LogPulses.obj
 0001:00007ba0       ??_ECLogPulse@@UAEPAXI@Z   00408ba0 f i LogPulses.obj
 0001:00007bd0       ??0CLogRawPulse@@QAE@XZ    00408bd0 f   LogRawPulse.obj
 0001:00007c30       ??1CLogRawPulse@@UAE@XZ    00408c30 f   LogRawPulse.obj
 0001:00007c50       ?UpdateControls@CLogRawPulse@@MAEXXZ 00408c50 f   LogRawPulse.obj
 0001:00007d30       ?PostMessageStop@CLogRawPulse@@MAEXXZ 00408d30 f   LogRawPulse.obj
 0001:00007d60       ?PostMessageStart@CLogRawPulse@@MAEXXZ 00408d60 f   LogRawPulse.obj
 0001:00007d90       ?PostMessageCancel@CLogRawPulse@@MAEXXZ 00408d90 f   LogRawPulse.obj
 0001:00007dc0       ?SppLoggerStop@CLogRawPulse@@MAEHXZ 00408dc0 f   LogRawPulse.obj
 0001:00007dd0       ?SppLoggerStart@CLogRawPulse@@MAEHPAD@Z 00408dd0 f   LogRawPulse.obj
 0001:00007df0       ?SppLoggerStat@CLogRawPulse@@MAEHPAH@Z 00408df0 f   LogRawPulse.obj
 0001:00007e10       ??_ECLogRawPulse@@UAEPAXI@Z 00408e10 f i LogRawPulse.obj
 0001:00007e10       ??_GCLogRawPulse@@UAEPAXI@Z 00408e10 f i LogRawPulse.obj
 0001:00007e40       ?_GetBaseClass@CScanInputs@@KGPAUCRuntimeClass@@XZ 00408e40 f   ScanInputs.obj
 0001:00007e50       ?GetThisClass@CScanInputs@@SGPAUCRuntimeClass@@XZ 00408e50 f   ScanInputs.obj
 0001:00007e60       ?GetRuntimeClass@CScanInputs@@UBEPAUCRuntimeClass@@XZ 00408e60 f   ScanInputs.obj
 0001:00007e70       ??0CScanInputs@@QAE@PAVCWnd@@@Z 00408e70 f   ScanInputs.obj
 0001:00007fd0       ??1CScanInputs@@UAE@XZ     00408fd0 f   ScanInputs.obj
 0001:00008030       ?DoDataExchange@CScanInputs@@MAEXPAVCDataExchange@@@Z 00409030 f   ScanInputs.obj
 0001:00008060       ?GetThisMessageMap@CScanInputs@@KGPBUAFX_MSGMAP@@XZ 00409060 f   ScanInputs.obj
 0001:00008070       ?GetMessageMap@CScanInputs@@MBEPBUAFX_MSGMAP@@XZ 00409070 f   ScanInputs.obj
 0001:00008080       ?OnBnClickedCancel@CScanInputs@@QAEXXZ 00409080 f   ScanInputs.obj
 0001:00008120       ?OnBnClickedScan@CScanInputs@@QAEXXZ 00409120 f   ScanInputs.obj
 0001:00008280       ?OnBnClickedSaveLog@CScanInputs@@QAEXXZ 00409280 f   ScanInputs.obj
 0001:00008290       ?LogAudioLevel@CScanInputs@@IAEXHHH@Z 00409290 f   ScanInputs.obj
 0001:00008430       ?ScanModulationTypes@CScanInputs@@IAEHXZ 00409430 f   ScanInputs.obj
 0001:00008540       ?LogModulation@CScanInputs@@IAEXHH@Z 00409540 f   ScanInputs.obj
 0001:00008680       ?OnShowWindow@CScanInputs@@QAEXHI@Z 00409680 f   ScanInputs.obj
 0001:00008710       ??_GCScanInputs@@UAEPAXI@Z 00409710 f i ScanInputs.obj
 0001:00008710       ??_ECScanInputs@@UAEPAXI@Z 00409710 f i ScanInputs.obj
 0001:00008740       ??HATL@@YA?AV?$CStringT@DV?$StrTraitMFC_DLL@DV?$ChTraitsCRT@D@ATL@@@@@0@ABV10@0@Z 00409740 f i ScanInputs.obj
 0001:000087f0       ?GetThisMessageMap@CSppConsoleApp@@KGPBUAFX_MSGMAP@@XZ 004097f0 f   SppConsole.obj
 0001:00008800       ?GetMessageMap@CSppConsoleApp@@MBEPBUAFX_MSGMAP@@XZ 00409800 f   SppConsole.obj
 0001:00008810       ??0CSppConsoleApp@@QAE@XZ  00409810 f   SppConsole.obj
 0001:00008840       ?InitInstance@CSppConsoleApp@@UAEHXZ 00409840 f   SppConsole.obj
 0001:00008900       ?doStartIconified@CSppConsoleApp@@IAE_NXZ 00409900 f   SppConsole.obj
 0001:00008960       ?OnAbout@CSppConsoleApp@@QAEXXZ 00409960 f   SppConsole.obj
 0001:000089d0       ??_GCSppConsoleApp@@UAEPAXI@Z 004099d0 f i SppConsole.obj
 0001:000089d0       ??_ECSppConsoleApp@@UAEPAXI@Z 004099d0 f i SppConsole.obj
 0001:00008a00       ??1CSppConsoleApp@@UAE@XZ  00409a00 f i SppConsole.obj
 0001:00008a20       ??1CSppConsoleDlg@@UAE@XZ  00409a20 f i SppConsole.obj
 0001:00008ab0       ??0CSppConsoleDlg@@QAE@PAVCWnd@@@Z 00409ab0 f   SppConsoleDlg.obj
 0001:00008c50       ?DoDataExchange@CSppConsoleDlg@@MAEXPAVCDataExchange@@@Z 00409c50 f   SppConsoleDlg.obj
 0001:00008dc0       ?GetThisMessageMap@CSppConsoleDlg@@KGPBUAFX_MSGMAP@@XZ 00409dc0 f   SppConsoleDlg.obj
 0001:00008dd0       ?GetMessageMap@CSppConsoleDlg@@MBEPBUAFX_MSGMAP@@XZ 00409dd0 f   SppConsoleDlg.obj
 0001:00008de0       ?GetDllVersion@@YAKPBD@Z   00409de0 f   SppConsoleDlg.obj
 0001:00008e70       ?ThreeBeeps@@YAXXZ         00409e70 f   SppConsoleDlg.obj
 0001:00008ed0       ?OneBeep@@YAXXZ            00409ed0 f   SppConsoleDlg.obj
 0001:00008f00       ?OnInitDialog@CSppConsoleDlg@@MAEHXZ 00409f00 f   SppConsoleDlg.obj
 0001:000093d0       ?OnDestroy@CSppConsoleDlg@@IAEXXZ 0040a3d0 f   SppConsoleDlg.obj
 0001:00009500       ?OnPaint@CSppConsoleDlg@@IAEXXZ 0040a500 f   SppConsoleDlg.obj
 0001:00009640       ?OnQueryDragIcon@CSppConsoleDlg@@IAEPAUHICON__@@XZ 0040a640 f   SppConsoleDlg.obj
 0001:00009660       ?SomethingChanged@CSppConsoleDlg@@QAEXXZ 0040a660 f   SppConsoleDlg.obj
 0001:000096a0       ?OnSelchangeModType@CSppConsoleDlg@@IAEXXZ 0040a6a0 f   SppConsoleDlg.obj
 0001:000097f0       ?GetModeTypeCtrl@CSppConsoleDlg@@QAEPAVCWnd@@XZ 0040a7f0 f   SppConsoleDlg.obj
 0001:00009810       ?OnShiftAuto@CSppConsoleDlg@@IAEXXZ 0040a810 f   SppConsoleDlg.obj
 0001:000098b0       ?GetShiftAutoCtrl@CSppConsoleDlg@@QAEPAVCWnd@@XZ 0040a8b0 f   SppConsoleDlg.obj
 0001:000098d0       ?OnShiftPos@CSppConsoleDlg@@IAEXXZ 0040a8d0 f   SppConsoleDlg.obj
 0001:000098f0       ?GetShiftPosCtrl@CSppConsoleDlg@@QAEPAVCWnd@@XZ 0040a8f0 f   SppConsoleDlg.obj
 0001:00009910       ?OnShiftNeg@CSppConsoleDlg@@IAEXXZ 0040a910 f   SppConsoleDlg.obj
 0001:00009930       ?OnHide@CSppConsoleDlg@@IAEXXZ 0040a930 f   SppConsoleDlg.obj
 0001:00009960       ?OnShow@CSppConsoleDlg@@IAEXXZ 0040a960 f   SppConsoleDlg.obj
 0001:00009990       ?PopulateModulation@CSppConsoleDlg@@IAEHXZ 0040a990 f   SppConsoleDlg.obj
 0001:00009b90       ?ShowShiftRB@CSppConsoleDlg@@IAEX_N@Z 0040ab90 f   SppConsoleDlg.obj
 0001:00009c40       ?TaskBarAddIcon@CSppConsoleDlg@@IAEHIPAUHICON__@@PAD@Z 0040ac40 f   SppConsoleDlg.obj
 0001:00009e20       ?TaskBarDelIcon@CSppConsoleDlg@@IAEHI@Z 0040ae20 f   SppConsoleDlg.obj
 0001:00009e80       ?TaskBarIconBaloon@CSppConsoleDlg@@IAEHIPBD0@Z 0040ae80 f   SppConsoleDlg.obj
 0001:00009fa0       ?TaskBarIconToolTip@CSppConsoleDlg@@IAEHIPBD@Z 0040afa0 f   SppConsoleDlg.obj
 0001:0000a030       ?StartIconified@CSppConsoleDlg@@QAEX_N@Z 0040b030 f   SppConsoleDlg.obj
 0001:0000a050       ?OnStatusAreaMessage@CSppConsoleDlg@@IAEJIJ@Z 0040b050 f   SppConsoleDlg.obj
 0001:0000a0b0       ?OnMixerLineChange@CSppConsoleDlg@@AAEJIJ@Z 0040b0b0 f   SppConsoleDlg.obj
 0001:0000a0c0       ?OnMixerControlChange@CSppConsoleDlg@@AAEJIJ@Z 0040b0c0 f   SppConsoleDlg.obj
 0001:0000a140       ?ShowTrayIconMenu@CSppConsoleDlg@@IAEXI@Z 0040b140 f   SppConsoleDlg.obj
 0001:0000a2a0       ?OnWindowPosChanging@CSppConsoleDlg@@IAEXPAUtagWINDOWPOS@@@Z 0040b2a0 f   SppConsoleDlg.obj
 0001:0000a2e0       ?OnInterSppConsole@CSppConsoleDlg@@IAEJIJ@Z 0040b2e0 f   SppConsoleDlg.obj
 0001:0000a310       ?OnInterSppApps@CSppConsoleDlg@@IAEJIJ@Z 0040b310 f   SppConsoleDlg.obj
 0001:0000a770       ?OnOK@CSppConsoleDlg@@MAEXXZ 0040b770 f   SppConsoleDlg.obj
 0001:0000a7d0       ?OnCancel@CSppConsoleDlg@@MAEXXZ 0040b7d0 f   SppConsoleDlg.obj
 0001:0000a7f0       ?isDllActive@CSppConsoleDlg@@IAE_NXZ 0040b7f0 f   SppConsoleDlg.obj
 0001:0000a840       ?GetStatusString@CSppConsoleDlg@@QAE?AV?$CStringT@DV?$StrTraitMFC_DLL@DV?$ChTraitsCRT@D@ATL@@@@@ATL@@XZ 0040b840 f   SppConsoleDlg.obj
 0001:0000ab40       ?OnToolTipNotify@CSppConsoleDlg@@IAEHIPAUtagNMHDR@@PAJ@Z 0040bb40 f   SppConsoleDlg.obj
 0001:0000abb0       ?GetFmsStatusString@CSppConsoleDlg@@IAEHAAV?$CStringT@DV?$StrTraitMFC_DLL@DV?$ChTraitsCRT@D@ATL@@@@@ATL@@@Z 0040bbb0 f   SppConsoleDlg.obj
 0001:0000ae20       ?PopulateAudioSource@CSppConsoleDlg@@IAEXXZ 0040be20 f   SppConsoleDlg.obj
 0001:0000af10       ?GetMixerDeviceCtrl@CSppConsoleDlg@@QAEPAVCWnd@@XZ 0040bf10 f   SppConsoleDlg.obj
 0001:0000af30       ?PopulateInputLines@CSppConsoleDlg@@IAEXXZ 0040bf30 f   SppConsoleDlg.obj
 0001:0000b010       ?GetAudioLinesCtrl@CSppConsoleDlg@@QAEPAVCWnd@@XZ 0040c010 f   SppConsoleDlg.obj
 0001:0000b030       ?OnSelchangeMixerdevice@CSppConsoleDlg@@IAEXXZ 0040c030 f   SppConsoleDlg.obj
 0001:0000b110       ?OnSelchangeAudioSrc@CSppConsoleDlg@@IAEXXZ 0040c110 f   SppConsoleDlg.obj
 0001:0000b1e0       ?OnEnableAudio@CSppConsoleDlg@@IAEXXZ 0040c1e0 f   SppConsoleDlg.obj
 0001:0000b270       ?EnableAudio@CSppConsoleDlg@@IAEXH@Z 0040c270 f   SppConsoleDlg.obj
 0001:0000b3d0       ?GetCurrentMixerDevice@CSppConsoleDlg@@IAEHXZ 0040c3d0 f   SppConsoleDlg.obj
 0001:0000b460       ?GetCurrentInputLine@CSppConsoleDlg@@IAEHXZ 0040c460 f   SppConsoleDlg.obj
 0001:0000b4a0       ?GetSavedCurrentInputLine@CSppConsoleDlg@@IAE_NPAI@Z 0040c4a0 f   SppConsoleDlg.obj
 0001:0000b510       ?GetCurrentInputLineFromSystem@CSppConsoleDlg@@IAE_NPAI@Z 0040c510 f   SppConsoleDlg.obj
 0001:0000b570       ?SetCurrentMixerDevice@CSppConsoleDlg@@IAEXI@Z 0040c570 f   SppConsoleDlg.obj
 0001:0000b5c0       ?SetCurrentInputLine@CSppConsoleDlg@@IAEXH@Z 0040c5c0 f   SppConsoleDlg.obj
 0001:0000b640       ?GetCheckAudioCtrl@CSppConsoleDlg@@QAEPAVCWnd@@XZ 0040c640 f   SppConsoleDlg.obj
 0001:0000b660       ?CheckAudioCB@CSppConsoleDlg@@IAEXXZ 0040c660 f   SppConsoleDlg.obj
 0001:0000b690       ?OnSetCursor@CSppConsoleDlg@@IAEHPAVCWnd@@II@Z 0040c690 f   SppConsoleDlg.obj
 0001:0000b720       ?HearTx@CSppConsoleDlg@@IAEX_N@Z 0040c720 f   SppConsoleDlg.obj
 0001:0000b7f0       ?OnSelSrc@CSppConsoleDlg@@IAEXXZ 0040c7f0 f   SppConsoleDlg.obj
 0001:0000b980       ?OnAudioDst@CSppConsoleDlg@@IAEXXZ 0040c980 f   SppConsoleDlg.obj
 0001:0000bb10       ?OnAudioVol@CSppConsoleDlg@@IAEXXZ 0040cb10 f   SppConsoleDlg.obj
 0001:0000bba0       ?OnAudioPrint@CSppConsoleDlg@@IAEXXZ 0040cba0 f   SppConsoleDlg.obj
 0001:0000bcc0       ?PpJoyExShowCtrl@CSppConsoleDlg@@IAEXXZ 0040ccc0 f   SppConsoleDlg.obj
 0001:0000bd00       ?OnPpjoyex@CSppConsoleDlg@@IAEXXZ 0040cd00 f   SppConsoleDlg.obj
 0001:0000be00       ?UpdateFilterMenu@CSppConsoleDlg@@IAEXXZ 0040ce00 f   SppConsoleDlg.obj
 0001:0000c110       ?OnFilterSelect@CSppConsoleDlg@@IAEXI@Z 0040d110 f   SppConsoleDlg.obj
 0001:0000c290       ?OnHideMsg@CSppConsoleDlg@@AAEJIJ@Z 0040d290 f   SppConsoleDlg.obj
 0001:0000c2b0       ?LocateDialogWindow@CSppConsoleDlg@@IAEHXZ 0040d2b0 f   SppConsoleDlg.obj
 0001:0000c330       ?StoreLocationDialogWindow@CSppConsoleDlg@@IAEHXZ 0040d330 f   SppConsoleDlg.obj
 0001:0000c360       ?OnTimer@CSppConsoleDlg@@QAEXI@Z 0040d360 f   SppConsoleDlg.obj
 0001:0000c470       ?InitJoyPosBars@CSppConsoleDlg@@IAEXXZ 0040d470 f   SppConsoleDlg.obj
 0001:0000c500       ?SetJoyPosBars@CSppConsoleDlg@@IAEXPAH@Z 0040d500 f   SppConsoleDlg.obj
 0001:0000c5f0       ?OnWaveRec@CSppConsoleDlg@@IAEXXZ 0040d5f0 f   SppConsoleDlg.obj
 0001:0000c6d0       ?OnWaveRecStart@CSppConsoleDlg@@AAEJIJ@Z 0040d6d0 f   SppConsoleDlg.obj
 0001:0000c730       ?OnWaveRecStop@CSppConsoleDlg@@AAEJIJ@Z 0040d730 f   SppConsoleDlg.obj
 0001:0000c790       ?OnWaveRecCancel@CSppConsoleDlg@@AAEJIJ@Z 0040d790 f   SppConsoleDlg.obj
 0001:0000c7c0       ?OnAdvancedJitter@CSppConsoleDlg@@QAEXXZ 0040d7c0 f   SppConsoleDlg.obj
 0001:0000c7e0       ?InitJitterStatus@CSppConsoleDlg@@IAEXXZ 0040d7e0 f   SppConsoleDlg.obj
 0001:0000c840       ?UpdateJitterStatus@CSppConsoleDlg@@IAEXHH@Z 0040d840 f   SppConsoleDlg.obj
 0001:0000ca50       ?UpdateFmsMenuItem@CSppConsoleDlg@@IAEXH@Z 0040da50 f   SppConsoleDlg.obj
 0001:0000cb70       ?OnRunFms@CSppConsoleDlg@@QAEXXZ 0040db70 f   SppConsoleDlg.obj
 0001:0000cc90       ?OnSysCommand@CSppConsoleDlg@@QAEXIJ@Z 0040dc90 f   SppConsoleDlg.obj
 0001:0000ccc0       ?OnLogAudioHdrs@CSppConsoleDlg@@QAEXXZ 0040dcc0 f   SppConsoleDlg.obj
 0001:0000cda0       ?OnLogAudioHdrsCancel@CSppConsoleDlg@@AAEJIJ@Z 0040dda0 f   SppConsoleDlg.obj
 0001:0000cdd0       ?OnLogPulse@CSppConsoleDlg@@QAEXXZ 0040ddd0 f   SppConsoleDlg.obj
 0001:0000cf10       ?OnLogPulseCancel@CSppConsoleDlg@@AAEJIJ@Z 0040df10 f   SppConsoleDlg.obj
 0001:0000cf40       ?OnLogFmsConn@CSppConsoleDlg@@QAEXXZ 0040df40 f   SppConsoleDlg.obj
 0001:0000d060       ?OnFmsConnStart@CSppConsoleDlg@@AAEJIJ@Z 0040e060 f   SppConsoleDlg.obj
 0001:0000d310       ?OnFmsConnStop@CSppConsoleDlg@@AAEJIJ@Z 0040e310 f   SppConsoleDlg.obj
 0001:0000d460       ?OnFmsConnCancel@CSppConsoleDlg@@AAEJIJ@Z 0040e460 f   SppConsoleDlg.obj
 0001:0000d490       ?OnLogRawPulse@CSppConsoleDlg@@QAEXXZ 0040e490 f   SppConsoleDlg.obj
 0001:0000d5b0       ?OnRawPulseCancel@CSppConsoleDlg@@AAEJIJ@Z 0040e5b0 f   SppConsoleDlg.obj
 0001:0000d5e0       ?OnBnClickedScandlg@CSppConsoleDlg@@QAEXXZ 0040e5e0 f   SppConsoleDlg.obj
 0001:0000d6b0       ?GetAudioLevel@CSppConsoleDlg@@QAEHXZ 0040e6b0 f   SppConsoleDlg.obj
 0001:0000d6e0       ?GetNumJoystickPos@CSppConsoleDlg@@QAEHXZ 0040e6e0 f   SppConsoleDlg.obj
 0001:0000d720       ??_GCSppConsoleDlg@@UAEPAXI@Z 0040e720 f i SppConsoleDlg.obj
 0001:0000d720       ??_ECSppConsoleDlg@@UAEPAXI@Z 0040e720 f i SppConsoleDlg.obj
 0001:0000d750       ??_GCFilterIf@@QAEPAXI@Z   0040e750 f i SppConsoleDlg.obj
 0001:0000d780       ?GetWindowInfo@CWnd@@QBEHPAUtagWINDOWINFO@@@Z 0040e780 f i SppConsoleDlg.obj
 0001:0000d7c0       ?_GetBaseClass@CStaticLink@@KGPAUCRuntimeClass@@XZ 0040e7c0 f   StatLink.obj
 0001:0000d7d0       ?GetThisClass@CStaticLink@@SGPAUCRuntimeClass@@XZ 0040e7d0 f   StatLink.obj
 0001:0000d7e0       ?GetRuntimeClass@CStaticLink@@UBEPAUCRuntimeClass@@XZ 0040e7e0 f   StatLink.obj
 0001:0000d7f0       ?GetThisMessageMap@CStaticLink@@KGPBUAFX_MSGMAP@@XZ 0040e7f0 f   StatLink.obj
 0001:0000d800       ?GetMessageMap@CStaticLink@@MBEPBUAFX_MSGMAP@@XZ 0040e800 f   StatLink.obj
 0001:0000d810       ??0CStaticLink@@QAE@XZ     0040e810 f   StatLink.obj
 0001:0000d8a0       ?CtlColor@CStaticLink@@QAEPAUHBRUSH__@@PAVCDC@@I@Z 0040e8a0 f   StatLink.obj
 0001:0000d9c0       ?OnClicked@CStaticLink@@QAEXXZ 0040e9c0 f   StatLink.obj
 0001:0000da70       ?SetDefaultCursor@CStaticLink@@QAEXXZ 0040ea70 f   StatLink.obj
 0001:0000db50       ?OnSetCursor@CStaticLink@@QAEHPAVCWnd@@II@Z 0040eb50 f   StatLink.obj
 0001:0000db80       ?SetLink@CStaticLink@@QAE?AV?$CStringT@DV?$StrTraitMFC_DLL@DV?$ChTraitsCRT@D@ATL@@@@@ATL@@V23@@Z 0040eb80 f   StatLink.obj
 0001:0000dc70       ??_GCStaticLink@@UAEPAXI@Z 0040ec70 f i StatLink.obj
 0001:0000dc70       ??_ECStaticLink@@UAEPAXI@Z 0040ec70 f i StatLink.obj
 0001:0000dca0       ??0CTraceFileAndLineInfo@ATL@@QAE@PBDH@Z 0040eca0 f i StatLink.obj
 0001:0000dcd0       ??RCTraceFileAndLineInfo@ATL@@QBAXPBDZZ 0040ecd0 f i StatLink.obj
 0001:0000dd20       ?TraceV@CTrace@ATL@@QBAXPBDHKI0PAD@Z 0040ed20 f i StatLink.obj
 0001:0000dd50       ??BCTraceCategory@ATL@@QBEKXZ 0040ed50 f i StatLink.obj
 0001:0000dd60       ?GetEnvironmentVariableWThunk@ATL@@YGKPBGPAGK@Z 0040ed60 f i StdAfx.obj
 0001:0000dda0       ?_AtlInstallStringThunk@ATL@@YAXPAPAXPAX1@Z 0040eda0 f i StdAfx.obj
 0001:0000de00       ?GetEnvironmentVariableWFake@ATL@@YGKPBGPAGK@Z 0040ee00 f i StdAfx.obj
 0001:0000dfe0       ?_AtlGetConversionACP@ATL@@YGIXZ 0040efe0 f i StdAfx.obj
 0001:0000dff0       ?CompareStringWThunk@ATL@@YGHKKPBGH0H@Z 0040eff0 f i StdAfx.obj
 0001:0000e030       ?CompareStringWFake@ATL@@YGHKKPBGH0H@Z 0040f030 f i StdAfx.obj
 0001:0000e210       ?_AtlVerifyStackAvailable@_ATL_SAFE_ALLOCA_IMPL@ATL@@YA_NK@Z 0040f210 f i StdAfx.obj
 0001:0000e2b0       ?AtlW2AHelper@@YGPADPADPBGHI@Z 0040f2b0 f i StdAfx.obj
 0001:0000e380       ?AtlThrow@ATL@@YGXJ@Z      0040f380 f i StdAfx.obj
 0001:0000e3e0       ??RCTraceFileAndLineInfo@ATL@@QBAXKIPBDZZ 0040f3e0 f i StdAfx.obj
 0001:0000e420       ?GetStringTypeExWThunk@ATL@@YGHKKPBGHPAG@Z 0040f420 f i StdAfx.obj
 0001:0000e460       ?GetStringTypeExWFake@ATL@@YGHKKPBGHPAG@Z 0040f460 f i StdAfx.obj
 0001:0000e570       ?lstrcmpiWThunk@ATL@@YGHPBG0@Z 0040f570 f i StdAfx.obj
 0001:0000e5a0       ?lstrcmpiWFake@ATL@@YGHPBG0@Z 0040f5a0 f i StdAfx.obj
 0001:0000e680       ?CharLowerWThunk@ATL@@YGPAGPAG@Z 0040f680 f i StdAfx.obj
 0001:0000e6b0       ?CharLowerWFake@ATL@@YGPAGPAG@Z 0040f6b0 f i StdAfx.obj
 0001:0000e7a0       ?AtlA2WHelper@@YGPAGPAGPBDHI@Z 0040f7a0 f i StdAfx.obj
 0001:0000e870       ?CharUpperWThunk@ATL@@YGPAGPAG@Z 0040f870 f i StdAfx.obj
 0001:0000e8a0       ?CharUpperWFake@ATL@@YGPAGPAG@Z 0040f8a0 f i StdAfx.obj
 0001:0000e990       ??_Estringdispid@CComTypeInfoHolder@ATL@@QAEPAXI@Z 0040f990 f i StdAfx.obj
 0001:0000ea00       ??1stringdispid@CComTypeInfoHolder@ATL@@QAE@XZ 0040fa00 f i StdAfx.obj
 0001:0000ea20       ??1CComBSTR@ATL@@QAE@XZ    0040fa20 f i StdAfx.obj
 0001:0000ea40       ??0?$CAtlSafeAllocBufferManager@VCCRTAllocator@ATL@@@_ATL_SAFE_ALLOCA_IMPL@ATL@@QAE@XZ 0040fa40 f i StdAfx.obj
 0001:0000ea60       ?Allocate@?$CAtlSafeAllocBufferManager@VCCRTAllocator@ATL@@@_ATL_SAFE_ALLOCA_IMPL@ATL@@QAEPAXK@Z 0040fa60 f i StdAfx.obj
 0001:0000eab0       ?Allocate@CCRTAllocator@ATL@@SAPAXI@Z 0040fab0 f i StdAfx.obj
 0001:0000ead0       ??1?$CAtlSafeAllocBufferManager@VCCRTAllocator@ATL@@@_ATL_SAFE_ALLOCA_IMPL@ATL@@QAE@XZ 0040fad0 f i StdAfx.obj
 0001:0000eb10       ?Free@CCRTAllocator@ATL@@SAXPAX@Z 0040fb10 f i StdAfx.obj
 0001:0000eb30       ??0?$CTempBuffer@D$0IA@VCCRTAllocator@ATL@@@ATL@@QAE@XZ 0040fb30 f i StdAfx.obj
 0001:0000eb50       ??1?$CTempBuffer@D$0IA@VCCRTAllocator@ATL@@@ATL@@QAE@XZ 0040fb50 f i StdAfx.obj
 0001:0000eb70       ??B?$CTempBuffer@D$0IA@VCCRTAllocator@ATL@@@ATL@@QBEPADXZ 0040fb70 f i StdAfx.obj
 0001:0000eb80       ?Allocate@?$CTempBuffer@D$0IA@VCCRTAllocator@ATL@@@ATL@@QAEPADI@Z 0040fb80 f i StdAfx.obj
 0001:0000eba0       ??0?$CW2AEX@$0IA@@ATL@@QAE@PBG@Z 0040fba0 f i StdAfx.obj
 0001:0000ebd0       ??1?$CW2AEX@$0IA@@ATL@@QAE@XZ 0040fbd0 f i StdAfx.obj
 0001:0000ec00       ??B?$CW2AEX@$0IA@@ATL@@QBEPADXZ 0040fc00 f i StdAfx.obj
 0001:0000ec10       ?AllocateBytes@?$CTempBuffer@D$0IA@VCCRTAllocator@ATL@@@ATL@@QAEPADI@Z 0040fc10 f i StdAfx.obj
 0001:0000ec70       ?FreeHeap@?$CTempBuffer@D$0IA@VCCRTAllocator@ATL@@@ATL@@AAEXXZ 0040fc70 f i StdAfx.obj
 0001:0000ec90       ?Init@?$CW2AEX@$0IA@@ATL@@AAEXPBGI@Z 0040fc90 f i StdAfx.obj
 0001:0000ed20       ?AtlThrowLastWin32@ATL@@YGXXZ 0040fd20 f i StdAfx.obj
 0001:0000ed70       ?GetData@CAtlSafeAllocBufferNode@?$CAtlSafeAllocBufferManager@VCCRTAllocator@ATL@@@_ATL_SAFE_ALLOCA_IMPL@ATL@@QAEPAXXZ 0040fd70 f i StdAfx.obj
 0001:0000ed90       ?AllocateHeap@?$CTempBuffer@D$0IA@VCCRTAllocator@ATL@@@ATL@@AAEXI@Z 0040fd90 f i StdAfx.obj
 0001:0000edd0       ??0CAtlWinModule@ATL@@QAE@XZ 0040fdd0 f i StdAfx.obj
 0001:0000ee10       ??0_ATL_WIN_MODULE70@ATL@@QAE@XZ 0040fe10 f i StdAfx.obj
 0001:0000ee40       ??0CComCriticalSection@ATL@@QAE@XZ 0040fe40 f i StdAfx.obj
 0001:0000ee60       ??0?$CSimpleArray@GV?$CSimpleArrayEqualHelper@G@ATL@@@ATL@@QAE@XZ 0040fe60 f i StdAfx.obj
 0001:0000ee90       ??1CAtlWinModule@ATL@@QAE@XZ 0040fe90 f i StdAfx.obj
 0001:0000eee0       ?Term@CAtlWinModule@ATL@@QAEXXZ 0040fee0 f i StdAfx.obj
 0001:0000ef00       ?GetModuleInstance@CAtlBaseModule@ATL@@QAEPAUHINSTANCE__@@XZ 0040ff00 f i StdAfx.obj
 0001:0000ef20       ??1_ATL_WIN_MODULE70@ATL@@QAE@XZ 0040ff20 f i StdAfx.obj
 0001:0000ef40       ?AtlWinModuleTerm@ATL@@YGJPAU_ATL_WIN_MODULE70@1@PAUHINSTANCE__@@@Z 0040ff40 f i StdAfx.obj
 0001:0000efe0       ?Term@CComCriticalSection@ATL@@QAEJXZ 0040ffe0 f i StdAfx.obj
 0001:0000f000       ??1?$CSimpleArray@GV?$CSimpleArrayEqualHelper@G@ATL@@@ATL@@QAE@XZ 00410000 f i StdAfx.obj
 0001:0000f020       ?GetSize@?$CSimpleArray@GV?$CSimpleArrayEqualHelper@G@ATL@@@ATL@@QBEHXZ 00410020 f i StdAfx.obj
 0001:0000f040       ?RemoveAll@?$CSimpleArray@GV?$CSimpleArrayEqualHelper@G@ATL@@@ATL@@QAEXXZ 00410040 f i StdAfx.obj
 0001:0000f0a0       ??A?$CSimpleArray@GV?$CSimpleArrayEqualHelper@G@ATL@@@ATL@@QAEAAGH@Z 004100a0 f i StdAfx.obj
 0001:0000f110       ?_AtlRaiseException@ATL@@YAXKK@Z 00410110 f i StdAfx.obj
 0001:0000f130       ?_GetBaseClass@CWaveRec@@KGPAUCRuntimeClass@@XZ 00410130 f   WaveRec.obj
 0001:0000f140       ?GetThisClass@CWaveRec@@SGPAUCRuntimeClass@@XZ 00410140 f   WaveRec.obj
 0001:0000f150       ?GetRuntimeClass@CWaveRec@@UBEPAUCRuntimeClass@@XZ 00410150 f   WaveRec.obj
 0001:0000f160       ??0CWaveRec@@QAE@PAVCWnd@@@Z 00410160 f   WaveRec.obj
 0001:0000f230       ??1CWaveRec@@UAE@XZ        00410230 f   WaveRec.obj
 0001:0000f290       ?DoDataExchange@CWaveRec@@MAEXPAVCDataExchange@@@Z 00410290 f   WaveRec.obj
 0001:0000f2d0       ?GetThisMessageMap@CWaveRec@@KGPBUAFX_MSGMAP@@XZ 004102d0 f   WaveRec.obj
 0001:0000f2e0       ?GetMessageMap@CWaveRec@@MBEPBUAFX_MSGMAP@@XZ 004102e0 f   WaveRec.obj
 0001:0000f2f0       ?OnBnClickedRecStop@CWaveRec@@QAEXXZ 004102f0 f   WaveRec.obj
 0001:0000f410       ?OnBnClickedRecStart@CWaveRec@@QAEXXZ 00410410 f   WaveRec.obj
 0001:0000f510       ?UpdateControls@CWaveRec@@MAEXXZ 00410510 f   WaveRec.obj
 0001:0000f660       ?OnInitDialog@CWaveRec@@UAEHXZ 00410660 f   WaveRec.obj
 0001:0000f710       ?PostMessageStop@CWaveRec@@MAEXXZ 00410710 f   WaveRec.obj
 0001:0000f740       ?PostMessageStart@CWaveRec@@MAEXXZ 00410740 f   WaveRec.obj
 0001:0000f770       ?PostMessageCancel@CWaveRec@@MAEXXZ 00410770 f   WaveRec.obj
 0001:0000f7a0       ?PostMessagePlay@CWaveRec@@MAEXXZ 004107a0 f   WaveRec.obj
 0001:0000f7d0       ?OnBnClickedCancel@CWaveRec@@QAEXXZ 004107d0 f   WaveRec.obj
 0001:0000f850       ?RenameWaveFile@CWaveRec@@IAEXXZ 00410850 f   WaveRec.obj
 0001:0000f9a0       ?GetWaveFileName@CWaveRec@@IAE_NXZ 004109a0 f   WaveRec.obj
 0001:0000fab0       ?OnTimer@CWaveRec@@QAEXI@Z 00410ab0 f   WaveRec.obj
 0001:0000fb80       ?OnBnClickedRecPlay@CWaveRec@@QAEXXZ 00410b80 f   WaveRec.obj
 0001:0000fd00       ?SppLoggerStop@CWaveRec@@MAEHXZ 00410d00 f   WaveRec.obj
 0001:0000fd10       ?SppLoggerPlay@CWaveRec@@MAEHPAD@Z 00410d10 f   WaveRec.obj
 0001:0000fd30       ?SppLoggerStart@CWaveRec@@MAEHPAD@Z 00410d30 f   WaveRec.obj
 0001:0000fd50       ?SppLoggerStat@CWaveRec@@MAEHPAH@Z 00410d50 f   WaveRec.obj
 0001:0000fd70       ?OnNcDestroy@CWaveRec@@QAEXXZ 00410d70 f   WaveRec.obj
 0001:0000fdb0       ??_GCWaveRec@@UAEPAXI@Z    00410db0 f i WaveRec.obj
 0001:0000fdb0       ??_ECWaveRec@@UAEPAXI@Z    00410db0 f i WaveRec.obj
 0001:0000fde0       __tcsncpy                  00410de0 f i WaveRec.obj
 0001:0000fe00       _SppMessageBoxWithErrorCode 00410e00 f   smartpropoplus:SmartPropoPlus.obj
 0001:0000fe90       _SetLocationDialogWindow   00410e90 f   smartpropoplus:SmartPropoPlus.obj
 0001:0000feb0       _GetLocationDialogWindow   00410eb0 f   smartpropoplus:SmartPropoPlus.obj
 0001:0000fed0       _SetSelectedFilter         00410ed0 f   smartpropoplus:SmartPropoPlus.obj
 0001:0000fef0       _SetActiveMode             00410ef0 f   smartpropoplus:SmartPropoPlus.obj
 0001:0000ff10       _SetShiftAutoDetect        00410f10 f   smartpropoplus:SmartPropoPlus.obj
 0001:0000ff30       _SetPositiveShift          00410f30 f   smartpropoplus:SmartPropoPlus.obj
 0001:0000ff50       _GetModulation             00410f50 f   smartpropoplus:SmartPropoPlus.obj
 0001:0000ff70       _GetDebugLevel             00410f70 f   smartpropoplus:SmartPropoPlus.obj
 0001:0000ff80       _ModeDisplayFromInternalName 00410f80 f   smartpropoplus:SmartPropoPlus.obj
 0001:00010030       _isBaseRegistryExist       00411030 f   smartpropoplus:SmartPropoPlus.obj
 0001:00010080       _GetDefaultVolumeValue     00411080 f   smartpropoplus:SmartPropoPlus.obj
 0001:00010110       _SetDefaultVolumeValue     00411110 f   smartpropoplus:SmartPropoPlus.obj
 0001:00010130       _GetCurrentAudioState      00411130 f   smartpropoplus:SmartPropoPlus.obj
 0001:00010150       _SetCurrentAudioState      00411150 f   smartpropoplus:SmartPropoPlus.obj
 0001:00010170       _GetCurrentPpjoyState      00411170 f   smartpropoplus:SmartPropoPlus.obj
 0001:00010180       _SetCurrentPpjoyState      00411180 f   smartpropoplus:SmartPropoPlus.obj
 0001:000101a0       _GetCurrentMixerDevice     004111a0 f   smartpropoplus:SmartPropoPlus.obj
 0001:000101d0       _GetCurrentInputLine       004111d0 f   smartpropoplus:SmartPropoPlus.obj
 0001:000101f0       _GetWaveInParams           004111f0 f   smartpropoplus:SmartPropoPlus.obj
 0001:00010210       _SetCurrentMixerDevice     00411210 f   smartpropoplus:SmartPropoPlus.obj
 0001:00010230       _SetCurrentInputLine       00411230 f   smartpropoplus:SmartPropoPlus.obj
 0001:00010250       _GetAntiJitterState        00411250 f   smartpropoplus:SmartPropoPlus.obj
 0001:00010260       _SetAntiJitterState        00411260 f   smartpropoplus:SmartPropoPlus.obj
 0001:00010280       _GetSppConsoleFullPath     00411280 f   smartpropoplus:SmartPropoPlus.obj
 0001:000102a0       _GetFmsFullPath            004112a0 f   smartpropoplus:SmartPropoPlus.obj
 0001:000103b0       _GetDefaultVolumeValueFromRegistry 004113b0 f   smartpropoplus:SppRegistry.obj
 0001:00010480       _SetDefaultVolumeValueToRegistry 00411480 f   smartpropoplus:SppRegistry.obj
 0001:00010550       _GetCurrentAudioStateFromRegistry 00411550 f   smartpropoplus:SppRegistry.obj
 0001:000105e0       _GetCurrentPpjoyStateFromRegistry 004115e0 f   smartpropoplus:SppRegistry.obj
 0001:00010670       _CreateEmptyBaseRegistry   00411670 f   smartpropoplus:SppRegistry.obj
 0001:000106d0       _CreateEmptyAudioRegistry  004116d0 f   smartpropoplus:SppRegistry.obj
 0001:00010720       _CreateDefaultSppRegistry  00411720 f   smartpropoplus:SppRegistry.obj
 0001:000107c0       _CreateDefaultModRegistry  004117c0 f   smartpropoplus:SppRegistry.obj
 0001:000108f0       _SetCurrentAudioStateToRegistry 004118f0 f   smartpropoplus:SppRegistry.obj
 0001:00010970       _SetCurrentPpjoyStateToRegistry 00411970 f   smartpropoplus:SppRegistry.obj
 0001:000109f0       _GetCurrentMixerDeviceFromRegistry 004119f0 f   smartpropoplus:SppRegistry.obj
 0001:00010ac0       _GetCurrentInputLineFromRegistry 00411ac0 f   smartpropoplus:SppRegistry.obj
 0001:00010b50       _GetWaveInParamsFromRegistry 00411b50 f   smartpropoplus:SppRegistry.obj
 0001:00010c80       _SetCurrentMixerDeviceToRegistry 00411c80 f   smartpropoplus:SppRegistry.obj
 0001:00010d00       _SetCurrentInputLineToRegistry 00411d00 f   smartpropoplus:SppRegistry.obj
 0001:00010d80       _SetActiveModeToRegistry   00411d80 f   smartpropoplus:SppRegistry.obj
 0001:00010ed0       _SetShiftAutoDetectToRegistry 00411ed0 f   smartpropoplus:SppRegistry.obj
 0001:00010f40       _SetPositiveShiftToRegistry 00411f40 f   smartpropoplus:SppRegistry.obj
 0001:00010fb0       _isDebugEntryExist         00411fb0 f   smartpropoplus:SppRegistry.obj
 0001:00011040       _GetDebugLevelFromRegistry 00412040 f   smartpropoplus:SppRegistry.obj
 0001:00011140       _GetModulationFromRegistry 00412140 f   smartpropoplus:SppRegistry.obj
 0001:000114d0       _isSppRegistryExist        004124d0 f   smartpropoplus:SppRegistry.obj
 0001:00011520       _isModRegistryUpdate       00412520 f   smartpropoplus:SppRegistry.obj
 0001:000116f0       _UpdateModRegistry         004126f0 f   smartpropoplus:SppRegistry.obj
 0001:00011900       _isAudioRegistryExist      00412900 f   smartpropoplus:SppRegistry.obj
 0001:00011950       _SetSelectedFilterNameToRegistry 00412950 f   smartpropoplus:SppRegistry.obj
 0001:000119d0       _GetSelectedFilterNameFromRegistry 004129d0 f   smartpropoplus:SppRegistry.obj
 0001:00011aa0       _GetLocationDialogWindowFromRegistry 00412aa0 f   smartpropoplus:SppRegistry.obj
 0001:00011b40       _SetLocationDialogWindowToRegistry 00412b40 f   smartpropoplus:SppRegistry.obj
 0001:00011bc0       _GetAntiJitterStateFromRegistry 00412bc0 f   smartpropoplus:SppRegistry.obj
 0001:00011c50       _SetAntiJitterStateToRegistry 00412c50 f   smartpropoplus:SppRegistry.obj
 0001:00011cc0       _GetSppConsoleFullPathFromRegistry 00412cc0 f   smartpropoplus:SppRegistry.obj
 0001:00011e60       _GetFmsFullPathFromRegistry 00412e60 f   smartpropoplus:SppRegistry.obj
 0001:00011f02       _mixerGetLineControlsA@12  00412f02 f   winmm:WINMM.dll
 0001:00011f08       _mixerSetControlDetails@12 00412f08 f   winmm:WINMM.dll
 0001:00011f0e       _mixerGetControlDetailsA@12 00412f0e f   winmm:WINMM.dll
 0001:00011f14       _mixerGetLineInfoA@12      00412f14 f   winmm:WINMM.dll
 0001:00011f1a       _waveInGetNumDevs@0        00412f1a f   winmm:WINMM.dll
 0001:00011f20       _mixerGetNumDevs@0         00412f20 f   winmm:WINMM.dll
 0001:00011f26       _waveInClose@4             00412f26 f   winmm:WINMM.dll
 0001:00011f2c       _mixerGetID@12             00412f2c f   winmm:WINMM.dll
 0001:00011f32       _waveInOpen@24             00412f32 f   winmm:WINMM.dll
 0001:00011f38       _mixerGetDevCapsA@12       00412f38 f   winmm:WINMM.dll
 0001:00011f3e       _mixerOpen@20              00412f3e f   winmm:WINMM.dll
 0001:00011f44       _SppAudioHdrLoggerStop@0   00412f44 f   Wave2Joystick:Wave2Joystick.dll
 0001:00011f4a       _SppAudioHdrLoggerStart@4  00412f4a f   Wave2Joystick:Wave2Joystick.dll
 0001:00011f50       _SppAudioHdrLoggerGetStat@4 00412f50 f   Wave2Joystick:Wave2Joystick.dll
 0001:00011f56       _SppPulseLoggerStop@0      00412f56 f   Wave2Joystick:Wave2Joystick.dll
 0001:00011f5c       _SppPulseLoggerStart@4     00412f5c f   Wave2Joystick:Wave2Joystick.dll
 0001:00011f62       _SppPulseLoggerGetStat@4   00412f62 f   Wave2Joystick:Wave2Joystick.dll
 0001:00011f68       _SppRawPulseLoggerStop@0   00412f68 f   Wave2Joystick:Wave2Joystick.dll
 0001:00011f6e       _SppRawPulseLoggerStart@4  00412f6e f   Wave2Joystick:Wave2Joystick.dll
 0001:00011f74       _SppRawPulseLoggerGetStat@4 00412f74 f   Wave2Joystick:Wave2Joystick.dll
 0001:00011f7a       _SppStart@0                00412f7a f   Wave2Joystick:Wave2Joystick.dll
 0001:00011f80       _SetFilterInterface@4      00412f80 f   Wave2Joystick:Wave2Joystick.dll
 0001:00011f86       _SppSetActiveAudioDevice@4 00412f86 f   Wave2Joystick:Wave2Joystick.dll
 0001:00011f8c       _GetWave2JoystickObject@0  00412f8c f   Wave2Joystick:Wave2Joystick.dll
 0001:00011f92       _SppSetModulation@4        00412f92 f   Wave2Joystick:Wave2Joystick.dll
 0001:00011f98       _SppSetShift@4             00412f98 f   Wave2Joystick:Wave2Joystick.dll
 0001:00011f9e       _SppStop@0                 00412f9e f   Wave2Joystick:Wave2Joystick.dll
 0001:00011fa4       _StopInterfaces@0          00412fa4 f   Wave2Joystick:Wave2Joystick.dll
 0001:00011faa       _StopPPJoyInterface@4      00412faa f   Wave2Joystick:Wave2Joystick.dll
 0001:00011fb0       _StartPPJoyInterface@4     00412fb0 f   Wave2Joystick:Wave2Joystick.dll
 0001:00011fb6       _SppGetFilteredPos@4       00412fb6 f   Wave2Joystick:Wave2Joystick.dll
 0001:00011fbc       _SppGetAudioLevel@4        00412fbc f   Wave2Joystick:Wave2Joystick.dll
 0001:00011fc2       _TestPPJoyInterface@4      00412fc2 f   Wave2Joystick:Wave2Joystick.dll
 0001:00011fc8       _SppSetAntiJitter@4        00412fc8 f   Wave2Joystick:Wave2Joystick.dll
 0001:00011fce       _SppWaveLoggerGetStat@4    00412fce f   Wave2Joystick:Wave2Joystick.dll
 0001:00011fd4       _SppWaveLoggerStop@0       00412fd4 f   Wave2Joystick:Wave2Joystick.dll
 0001:00011fda       _SppWaveLoggerPlay@4       00412fda f   Wave2Joystick:Wave2Joystick.dll
 0001:00011fe0       _SppWaveLoggerStart@4      00412fe0 f   Wave2Joystick:Wave2Joystick.dll
 0001:00011ff0       ??0CFilterIf@@QAE@XZ       00412ff0 f   FilterIf:FilterIf.obj
 0001:00012030       ??1CFilterIf@@QAE@XZ       00413030 f   FilterIf:FilterIf.obj
 0001:00012050       ?Init@CFilterIf@@QAE_NXZ   00413050 f   FilterIf:FilterIf.obj
 0001:00012140       ?GetNumberOfFilters@CFilterIf@@QAEHXZ 00413140 f   FilterIf:FilterIf.obj
 0001:00012160       ?GetIndexOfSelected@CFilterIf@@QAEHXZ 00413160 f   FilterIf:FilterIf.obj
 0001:00012270       ?GetFilterName@CFilterIf@@QAEPADH@Z 00413270 f   FilterIf:FilterIf.obj
 0001:000122e0       ?SetSelected@CFilterIf@@QAEHH@Z 004132e0 f   FilterIf:FilterIf.obj
 0001:00012360       ?Run@CFilterIf@@IAEPAXPAXHH@Z 00413360 f   FilterIf:FilterIf.obj
 0001:000123d0       ?Filter@CFilterIf@@QAEPAHPAH0HH@Z 004133d0 f   FilterIf:FilterIf.obj
 0001:00012470       __tcscmp                   00413470 f i FilterIf:FilterIf.obj
 0001:00012498       ?GetThisMessageMap@CDialog@@KGPBUAFX_MSGMAP@@XZ 00413498 f   mfc71d:MFC71D.DLL
 0001:0001249e       ?PreInitDialog@CDialog@@MAEXXZ 0041349e f   mfc71d:MFC71D.DLL
 0001:000124a4       ?OnCancel@CDialog@@MAEXXZ  004134a4 f   mfc71d:MFC71D.DLL
 0001:000124aa       ?OnOK@CDialog@@MAEXXZ      004134aa f   mfc71d:MFC71D.DLL
 0001:000124b0       ?OnSetFont@CDialog@@UAEXPAVCFont@@@Z 004134b0 f   mfc71d:MFC71D.DLL
 0001:000124b6       ?DoModal@CDialog@@UAEHXZ   004134b6 f   mfc71d:MFC71D.DLL
 0001:000124bc       ?CreateIndirect@CDialog@@UAEHPBUDLGTEMPLATE@@PAVCWnd@@PAX@Z 004134bc f   mfc71d:MFC71D.DLL
 0001:000124c2       ?CreateIndirect@CDialog@@UAEHPAXPAVCWnd@@@Z 004134c2 f   mfc71d:MFC71D.DLL
 0001:000124c8       ?Create@CDialog@@UAEHPBDPAVCWnd@@@Z 004134c8 f   mfc71d:MFC71D.DLL
 0001:000124ce       ?Create@CDialog@@UAEHIPAVCWnd@@@Z 004134ce f   mfc71d:MFC71D.DLL
 0001:000124d4       ?SetOccDialogInfo@CDialog@@MAEHPAU_AFX_OCC_DIALOG_INFO@@@Z 004134d4 f   mfc71d:MFC71D.DLL
 0001:000124da       ?CreateControlSite@CWnd@@MAEHPAVCOleControlContainer@@PAPAVCOleControlSite@@IABU_GUID@@@Z 004134da f   mfc71d:MFC71D.DLL
 0001:000124e0       ?CreateControlContainer@CWnd@@MAEHPAPAVCOleControlContainer@@@Z 004134e0 f   mfc71d:MFC71D.DLL
 0001:000124e6       ?IsFrameWnd@CWnd@@UBEHXZ   004134e6 f   mfc71d:MFC71D.DLL
 0001:000124ec       ?CheckAutoCenter@CDialog@@UAEHXZ 004134ec f   mfc71d:MFC71D.DLL
 0001:000124f2       ?OnChildNotify@CWnd@@MAEHIIJPAJ@Z 004134f2 f   mfc71d:MFC71D.DLL
 0001:000124f8       ?PostNcDestroy@CWnd@@MAEXXZ 004134f8 f   mfc71d:MFC71D.DLL
 0001:000124fe       ?DefWindowProcA@CWnd@@MAEJIIJ@Z 004134fe f   mfc71d:MFC71D.DLL
 0001:00012504       ?OnWndMsg@CWnd@@MAEHIIJPAJ@Z 00413504 f   mfc71d:MFC71D.DLL
 0001:0001250a       ?WindowProc@CWnd@@MAEJIIJ@Z 0041350a f   mfc71d:MFC71D.DLL
 0001:00012510       ?OnAmbientProperty@CWnd@@UAEHPAVCOleControlSite@@JPAUtagVARIANT@@@Z 00413510 f   mfc71d:MFC71D.DLL
 0001:00012516       ?PreTranslateMessage@CDialog@@UAEHPAUtagMSG@@@Z 00413516 f   mfc71d:MFC71D.DLL
 0001:0001251c       ?EndModalState@CWnd@@UAEXXZ 0041351c f   mfc71d:MFC71D.DLL
 0001:00012522       ?BeginModalState@CWnd@@UAEXXZ 00413522 f   mfc71d:MFC71D.DLL
 0001:00012528       ?GetSuperWndProcAddr@CWnd@@MAEPAP6GJPAUHWND__@@IIJ@ZXZ 00413528 f   mfc71d:MFC71D.DLL
 0001:0001252e       ?OnNotify@CWnd@@MAEHIJPAJ@Z 0041352e f   mfc71d:MFC71D.DLL
 0001:00012534       ?OnCommand@CWnd@@MAEHIJ@Z  00413534 f   mfc71d:MFC71D.DLL
 0001:0001253a       ?CreateAccessibleProxy@CWnd@@UAEJIJPAJ@Z 0041353a f   mfc71d:MFC71D.DLL
 0001:00012540       ?SetProxy@CWnd@@UAEJPAUIAccessibleProxy@@@Z 00413540 f   mfc71d:MFC71D.DLL
 0001:00012550       ?accDoDefaultAction@CWnd@@UAEJUtagVARIANT@@@Z 00413550 f   mfc71d:MFC71D.DLL
 0001:00012556       ?accHitTest@CWnd@@UAEJJJPAUtagVARIANT@@@Z 00413556 f   mfc71d:MFC71D.DLL
 0001:0001255c       ?accNavigate@CWnd@@UAEJJUtagVARIANT@@PAU2@@Z 0041355c f   mfc71d:MFC71D.DLL
 0001:00012562       ?accLocation@CWnd@@UAEJPAJ000UtagVARIANT@@@Z 00413562 f   mfc71d:MFC71D.DLL
 0001:00012568       ?accSelect@CWnd@@UAEJJUtagVARIANT@@@Z 00413568 f   mfc71d:MFC71D.DLL
 0001:00012570       ?get_accSelection@CWnd@@UAEJPAUtagVARIANT@@@Z 00413570 f   mfc71d:MFC71D.DLL
 0001:00012576       ?get_accFocus@CWnd@@UAEJPAUtagVARIANT@@@Z 00413576 f   mfc71d:MFC71D.DLL
 0001:00012580       ?get_accState@CWnd@@UAEJUtagVARIANT@@PAU2@@Z 00413580 f   mfc71d:MFC71D.DLL
 0001:00012586       ?get_accRole@CWnd@@UAEJUtagVARIANT@@PAU2@@Z 00413586 f   mfc71d:MFC71D.DLL
 0001:00012590       ?get_accChild@CWnd@@UAEJUtagVARIANT@@PAPAUIDispatch@@@Z 00413590 f   mfc71d:MFC71D.DLL
 0001:00012596       ?get_accChildCount@CWnd@@UAEJPAJ@Z 00413596 f   mfc71d:MFC71D.DLL
 0001:0001259c       ?get_accParent@CWnd@@UAEJPAPAUIDispatch@@@Z 0041359c f   mfc71d:MFC71D.DLL
 0001:000125a2       ?EnsureStdObj@CWnd@@UAEJXZ 004135a2 f   mfc71d:MFC71D.DLL
 0001:000125a8       ?EndModalLoop@CWnd@@UAEXH@Z 004135a8 f   mfc71d:MFC71D.DLL
 0001:000125ae       ?ContinueModal@CWnd@@UAEHXZ 004135ae f   mfc71d:MFC71D.DLL
 0001:000125b4       ?WinHelpInternal@CWnd@@UAEXKI@Z 004135b4 f   mfc71d:MFC71D.DLL
 0001:000125ba       ?HtmlHelpA@CWnd@@UAEXKI@Z  004135ba f   mfc71d:MFC71D.DLL
 0001:000125c0       ?WinHelpA@CWnd@@UAEXKI@Z   004135c0 f   mfc71d:MFC71D.DLL
 0001:000125c6       ?GetScrollBarCtrl@CWnd@@UBEPAVCScrollBar@@H@Z 004135c6 f   mfc71d:MFC71D.DLL
 0001:000125cc       ?OnToolHitTest@CWnd@@UBEHVCPoint@@PAUtagTOOLINFOA@@@Z 004135cc f   mfc71d:MFC71D.DLL
 0001:000125d2       ?CalcWindowRect@CWnd@@UAEXPAUtagRECT@@I@Z 004135d2 f   mfc71d:MFC71D.DLL
 0001:000125d8       ?PreCreateWindow@CWnd@@UAEHAAUtagCREATESTRUCTA@@@Z 004135d8 f   mfc71d:MFC71D.DLL
 0001:000125de       ?DestroyWindow@CWnd@@UAEHXZ 004135de f   mfc71d:MFC71D.DLL
 0001:000125e4       ?CreateEx@CWnd@@UAEHKPBD0KHHHHPAUHWND__@@PAUHMENU__@@PAX@Z 004135e4 f   mfc71d:MFC71D.DLL
 0001:000125ea       ?CreateEx@CWnd@@UAEHKPBD0KABUtagRECT@@PAV1@IPAX@Z 004135ea f   mfc71d:MFC71D.DLL
 0001:000125f0       ?Create@CWnd@@UAEHPBD0KABUtagRECT@@PAV1@IPAUCCreateContext@@@Z 004135f0 f   mfc71d:MFC71D.DLL
 0001:000125f6       ?PreSubclassWindow@CWnd@@UAEXXZ 004135f6 f   mfc71d:MFC71D.DLL
 0001:000125fc       ?GetConnectionHook@CCmdTarget@@MAEPAUIConnectionPoint@@ABU_GUID@@@Z 004135fc f   mfc71d:MFC71D.DLL
 0001:00012602       ?GetExtraConnectionPoints@CCmdTarget@@MAEHPAVCPtrArray@@@Z 00413602 f   mfc71d:MFC71D.DLL
 0001:00012608       ?GetInterfaceHook@CCmdTarget@@UAEPAUIUnknown@@PBX@Z 00413608 f   mfc71d:MFC71D.DLL
 0001:0001260e       ?OnCreateAggregates@CCmdTarget@@UAEHXZ 0041360e f   mfc71d:MFC71D.DLL
 0001:00012614       ?GetEventSinkMap@CCmdTarget@@MBEPBUAFX_EVENTSINKMAP@@XZ 00413614 f   mfc71d:MFC71D.DLL
 0001:0001261a       ?GetInterfaceMap@CWnd@@MBEPBUAFX_INTERFACEMAP@@XZ 0041361a f   mfc71d:MFC71D.DLL
 0001:00012620       ?GetConnectionMap@CCmdTarget@@MBEPBUAFX_CONNECTIONMAP@@XZ 00413620 f   mfc71d:MFC71D.DLL
 0001:00012626       ?GetDispatchMap@CCmdTarget@@MBEPBUAFX_DISPMAP@@XZ 00413626 f   mfc71d:MFC71D.DLL
 0001:0001262c       ?GetCommandMap@CCmdTarget@@MBEPBUAFX_OLECMDMAP@@XZ 0041362c f   mfc71d:MFC71D.DLL
 0001:00012632       ?GetTypeLib@CCmdTarget@@UAEJKPAPAUITypeLib@@@Z 00413632 f   mfc71d:MFC71D.DLL
 0001:00012638       ?GetTypeLibCache@CCmdTarget@@UAEPAVCTypeLibCache@@XZ 00413638 f   mfc71d:MFC71D.DLL
 0001:0001263e       ?GetTypeInfoCount@CCmdTarget@@UAEIXZ 0041363e f   mfc71d:MFC71D.DLL
 0001:00012644       ?GetDispatchIID@CCmdTarget@@UAEHPAU_GUID@@@Z 00413644 f   mfc71d:MFC71D.DLL
 0001:0001264a       ?IsInvokeAllowed@CCmdTarget@@UAEHJ@Z 0041364a f   mfc71d:MFC71D.DLL
 0001:00012650       ?OnFinalRelease@CWnd@@UAEXXZ 00413650 f   mfc71d:MFC71D.DLL
 0001:00012656       ?OnCmdMsg@CDialog@@UAEHIHPAXPAUAFX_CMDHANDLERINFO@@@Z 00413656 f   mfc71d:MFC71D.DLL
 0001:0001265c       ?Dump@CDialog@@UBEXAAVCDumpContext@@@Z 0041365c f   mfc71d:MFC71D.DLL
 0001:00012662       ?AssertValid@CDialog@@UBEXXZ 00413662 f   mfc71d:MFC71D.DLL
 0001:00012668       ?Serialize@CObject@@UAEXAAVCArchive@@@Z 00413668 f   mfc71d:MFC71D.DLL
 0001:0001266e       ?GetRuntimeClass@CDialog@@UBEPAUCRuntimeClass@@XZ 0041366e f   mfc71d:MFC71D.DLL
 0001:00012674       ??1CDialog@@UAE@XZ         00413674 f   mfc71d:MFC71D.DLL
 0001:0001267a       ??0CDialog@@QAE@IPAVCWnd@@@Z 0041367a f   mfc71d:MFC71D.DLL
 0001:00012680       ??3CObject@@SGXPAX@Z       00413680 f   mfc71d:MFC71D.DLL
 0001:00012686       ??1CStatic@@UAE@XZ         00413686 f   mfc71d:MFC71D.DLL
 0001:0001268c       ??1?$CStringT@DV?$StrTraitMFC_DLL@DV?$ChTraitsCRT@D@ATL@@@@@ATL@@QAE@XZ 0041368c f   mfc71d:MFC71D.DLL
 0001:00012692       ??1CFont@@UAE@XZ           00413692 f   mfc71d:MFC71D.DLL
 0001:00012698       ?DoDataExchange@CWnd@@MAEXPAVCDataExchange@@@Z 00413698 f   mfc71d:MFC71D.DLL
 0001:0001269e       ?OnInitDialog@CDialog@@UAEHXZ 0041369e f   mfc71d:MFC71D.DLL
 0001:000126a4       ??B?$CSimpleStringT@D$00@ATL@@QBEPBDXZ 004136a4 f   mfc71d:MFC71D.DLL
 0001:000126aa       ?Format@?$CStringT@DV?$StrTraitMFC_DLL@DV?$ChTraitsCRT@D@ATL@@@@@ATL@@QAAXPBDZZ 004136aa f   mfc71d:MFC71D.DLL
 0001:000126b0       ?GetDlgItem@CWnd@@QBEPAV1@H@Z 004136b0 f   mfc71d:MFC71D.DLL
 0001:000126b6       ??0?$CStringT@DV?$StrTraitMFC_DLL@DV?$ChTraitsCRT@D@ATL@@@@@ATL@@QAE@XZ 004136b6 f   mfc71d:MFC71D.DLL
 0001:000126bc       ??0?$CStringT@DV?$StrTraitMFC_DLL@DV?$ChTraitsCRT@D@ATL@@@@@ATL@@QAE@PBD@Z 004136bc f   mfc71d:MFC71D.DLL
 0001:000126c2       ?SetWindowTextA@CWnd@@QAEXPBD@Z 004136c2 f   mfc71d:MFC71D.DLL
 0001:000126c8       ?SubclassDlgItem@CWnd@@QAEHIPAV1@@Z 004136c8 f   mfc71d:MFC71D.DLL
 0001:000126ce       ??3@YAXPAXPBDH@Z           004136ce f   mfc71d:MFC71D.DLL
 0001:000126d4       ??2@YAPAXIPBDH@Z           004136d4 f   mfc71d:MFC71D.DLL
 0001:000126da       ??3@YAXPAX@Z               004136da f   mfc71d:MFC71D.DLL
 0001:000126e0       ??3CObject@@SGXPAXPBDH@Z   004136e0 f   mfc71d:MFC71D.DLL
 0001:000126e6       ??2CObject@@SGPAXIPBDH@Z   004136e6 f   mfc71d:MFC71D.DLL
 0001:000126ec       ?GetRuntimeClass@CObject@@UBEPAUCRuntimeClass@@XZ 004136ec f   mfc71d:MFC71D.DLL
 0001:000126f2       ??0CObject@@IAE@XZ         004136f2 f   mfc71d:MFC71D.DLL
 0001:000126f8       ?AfxThrowInvalidArgException@@YGXXZ 004136f8 f   mfc71d:MFC71D.DLL
 0001:000126fe       ?AfxAssertFailedLine@@YGHPBDH@Z 004136fe f   mfc71d:MFC71D.DLL
 0001:00012704       ?AfxAssertValidObject@@YGXPBVCObject@@PBDH@Z 00413704 f   mfc71d:MFC71D.DLL
 0001:0001270a       ??1CObject@@UAE@XZ         0041370a f   mfc71d:MFC71D.DLL
 0001:00012710       ??_V@YAXPAX@Z              00413710 f   mfc71d:MFC71D.DLL
 0001:00012716       ?ReadCount@CArchive@@QAEKXZ 00413716 f   mfc71d:MFC71D.DLL
 0001:0001271c       ?WriteCount@CArchive@@QAEXK@Z 0041371c f   mfc71d:MFC71D.DLL
 0001:00012722       ?IsStoring@CArchive@@QBEHXZ 00413722 f   mfc71d:MFC71D.DLL
 0001:00012728       ?GetDepth@CDumpContext@@QBEHXZ 00413728 f   mfc71d:MFC71D.DLL
 0001:0001272e       ??6CDumpContext@@QAEAAV0@H@Z 0041372e f   mfc71d:MFC71D.DLL
 0001:00012734       ??6CDumpContext@@QAEAAV0@PBD@Z 00413734 f   mfc71d:MFC71D.DLL
 0001:0001273a       ?Dump@CObject@@UBEXAAVCDumpContext@@@Z 0041373a f   mfc71d:MFC71D.DLL
 0001:00012740       ?AfxIsValidAddress@@YGHPBXIH@Z 00413740 f   mfc71d:MFC71D.DLL
 0001:00012746       ?AssertValid@CObject@@UBEXXZ 00413746 f   mfc71d:MFC71D.DLL
 0001:0001274c       ??_U@YAPAXI@Z              0041374c f   mfc71d:MFC71D.DLL
 0001:00012752       ??_U@YAPAXIPBDH@Z          00413752 f   mfc71d:MFC71D.DLL
 0001:00012758       ?Read@CArchive@@QAEIPAXI@Z 00413758 f   mfc71d:MFC71D.DLL
 0001:0001275e       ?Write@CArchive@@QAEXPBXI@Z 0041375e f   mfc71d:MFC71D.DLL
 0001:00012764       ??1CEdit@@UAE@XZ           00413764 f   mfc71d:MFC71D.DLL
 0001:0001276a       ??1CSliderCtrl@@UAE@XZ     0041376a f   mfc71d:MFC71D.DLL
 0001:00012770       ??0CEdit@@QAE@XZ           00413770 f   mfc71d:MFC71D.DLL
 0001:00012776       ??0CSliderCtrl@@QAE@XZ     00413776 f   mfc71d:MFC71D.DLL
 0001:0001277c       ?DDX_Control@@YGXPAVCDataExchange@@HAAVCWnd@@@Z 0041377c f   mfc71d:MFC71D.DLL
 0001:00012782       ?OnHScroll@CWnd@@IAEXIIPAVCScrollBar@@@Z 00413782 f   mfc71d:MFC71D.DLL
 0001:00012788       ?GetDlgCtrlID@CWnd@@QBEHXZ 00413788 f   mfc71d:MFC71D.DLL
 0001:0001278e       ?SetTicFreq@CSliderCtrl@@QAEXH@Z 0041378e f   mfc71d:MFC71D.DLL
 0001:00012794       ?SetPos@CSliderCtrl@@QAEXH@Z 00413794 f   mfc71d:MFC71D.DLL
 0001:0001279a       ?SetLimitText@CEdit@@QAEXI@Z 0041379a f   mfc71d:MFC71D.DLL
 0001:000127a0       ?SetSel@CEdit@@QAEXHHH@Z   004137a0 f   mfc71d:MFC71D.DLL
 0001:000127a6       ?GetLength@?$CSimpleStringT@D$00@ATL@@QBEHXZ 004137a6 f   mfc71d:MFC71D.DLL
 0001:000127ac       ?GetWindowTextA@CWnd@@QBEXAAV?$CStringT@DV?$StrTraitMFC_DLL@DV?$ChTraitsCRT@D@ATL@@@@@ATL@@@Z 004137ac f   mfc71d:MFC71D.DLL
 0001:000127b2       ?GetThisMessageMap@CWnd@@KGPBUAFX_MSGMAP@@XZ 004137b2 f   mfc71d:MFC71D.DLL
 0001:000127b8       ?DrawItem@CStatic@@UAEXPAUtagDRAWITEMSTRUCT@@@Z 004137b8 f   mfc71d:MFC71D.DLL
 0001:000127be       ?Create@CStatic@@UAEHPBDKABUtagRECT@@PAVCWnd@@I@Z 004137be f   mfc71d:MFC71D.DLL
 0001:000127c4       ?SetOccDialogInfo@CWnd@@MAEHPAU_AFX_OCC_DIALOG_INFO@@@Z 004137c4 f   mfc71d:MFC71D.DLL
 0001:000127ca       ?CheckAutoCenter@CWnd@@UAEHXZ 004137ca f   mfc71d:MFC71D.DLL
 0001:000127d0       ?OnChildNotify@CStatic@@MAEHIIJPAJ@Z 004137d0 f   mfc71d:MFC71D.DLL
 0001:000127d6       ?PreTranslateMessage@CWnd@@UAEHPAUtagMSG@@@Z 004137d6 f   mfc71d:MFC71D.DLL
 0001:000127dc       ?OnCmdMsg@CCmdTarget@@UAEHIHPAXPAUAFX_CMDHANDLERINFO@@@Z 004137dc f   mfc71d:MFC71D.DLL
 0001:000127e2       ?Dump@CWnd@@UBEXAAVCDumpContext@@@Z 004137e2 f   mfc71d:MFC71D.DLL
 0001:000127e8       ?AssertValid@CWnd@@UBEXXZ  004137e8 f   mfc71d:MFC71D.DLL
 0001:000127ee       ?GetRuntimeClass@CStatic@@UBEPAUCRuntimeClass@@XZ 004137ee f   mfc71d:MFC71D.DLL
 0001:000127f4       ??1CBrush@@UAE@XZ          004137f4 f   mfc71d:MFC71D.DLL
 0001:000127fa       ??1CPen@@UAE@XZ            004137fa f   mfc71d:MFC71D.DLL
 0001:00012800       ??0CBrush@@QAE@XZ          00413800 f   mfc71d:MFC71D.DLL
 0001:00012806       ??0CPen@@QAE@XZ            00413806 f   mfc71d:MFC71D.DLL
 0001:0001280c       ??0CStatic@@QAE@XZ         0041380c f   mfc71d:MFC71D.DLL
 0001:00012812       ??0CClientDC@@QAE@PAVCWnd@@@Z 00413812 f   mfc71d:MFC71D.DLL
 0001:00012818       ??1CPaintDC@@UAE@XZ        00413818 f   mfc71d:MFC71D.DLL
 0001:0001281e       ??0CPaintDC@@QAE@PAVCWnd@@@Z 0041381e f   mfc71d:MFC71D.DLL
 0001:00012824       ?OnTimer@CWnd@@IAEXI@Z     00413824 f   mfc71d:MFC71D.DLL
 0001:0001282a       ?GetClientRect@CWnd@@QBEXPAUtagRECT@@@Z 0041382a f   mfc71d:MFC71D.DLL
 0001:00012830       ?KillTimer@CWnd@@QAEHI@Z   00413830 f   mfc71d:MFC71D.DLL
 0001:00012836       ?SetTimer@CWnd@@QAEIIIP6GXPAUHWND__@@IIK@Z@Z 00413836 f   mfc71d:MFC71D.DLL
 0001:0001283c       ?SelectObject@CDC@@QAEPAVCBrush@@PAV2@@Z 0041383c f   mfc71d:MFC71D.DLL
 0001:00012842       ?SelectObject@CDC@@QAEPAVCPen@@PAV2@@Z 00413842 f   mfc71d:MFC71D.DLL
 0001:00012848       ?CreateSolidBrush@CBrush@@QAEHK@Z 00413848 f   mfc71d:MFC71D.DLL
 0001:0001284e       ?CreatePen@CPen@@QAEHHHK@Z 0041384e f   mfc71d:MFC71D.DLL
 0001:00012854       ?DeleteObject@CGdiObject@@QAEHXZ 00413854 f   mfc71d:MFC71D.DLL
 0001:0001285a       ?Ellipse@CDC@@QAEHHHHH@Z   0041385a f   mfc71d:MFC71D.DLL
 0001:00012860       ?Arc@CDC@@QAEHPBUtagRECT@@UtagPOINT@@1@Z 00413860 f   mfc71d:MFC71D.DLL
 0001:00012866       ?MoveTo@CDC@@QAE?AVCPoint@@UtagPOINT@@@Z 00413866 f   mfc71d:MFC71D.DLL
 0001:0001286c       ?Ellipse@CDC@@QAEHPBUtagRECT@@@Z 0041386c f   mfc71d:MFC71D.DLL
 0001:00012872       ?LineTo@CDC@@QAEHHH@Z      00413872 f   mfc71d:MFC71D.DLL
 0001:00012878       ?MoveTo@CDC@@QAE?AVCPoint@@HH@Z 00413878 f   mfc71d:MFC71D.DLL
 0001:0001287e       ?FillRect@CDC@@QAEXPBUtagRECT@@PAVCBrush@@@Z 0041387e f   mfc71d:MFC71D.DLL
 0001:00012884       ?EnableWindow@CWnd@@QAEHH@Z 00413884 f   mfc71d:MFC71D.DLL
 0001:0001288a       ?PostMessageA@CWnd@@QAEHIIJ@Z 0041388a f   mfc71d:MFC71D.DLL
 0001:00012890       ?GetParent@CWnd@@QBEPAV1@XZ 00413890 f   mfc71d:MFC71D.DLL
 0001:00012896       ?GetThisClass@CDialog@@SGPAUCRuntimeClass@@XZ 00413896 f   mfc71d:MFC71D.DLL
 0001:0001289c       ?GetCheck@CButton@@QBEHXZ  0041389c f   mfc71d:MFC71D.DLL
 0001:000128a2       ?GetCurSel@CListBox@@QBEHXZ 004138a2 f   mfc71d:MFC71D.DLL
 0001:000128a8       ?GetCurSel@CComboBox@@QBEHXZ 004138a8 f   mfc71d:MFC71D.DLL
 0001:000128ae       ?SetCheck@CButton@@QAEXH@Z 004138ae f   mfc71d:MFC71D.DLL
 0001:000128b4       ?SetCurSel@CListBox@@QAEHH@Z 004138b4 f   mfc71d:MFC71D.DLL
 0001:000128ba       ?SetCurSel@CComboBox@@QAEHH@Z 004138ba f   mfc71d:MFC71D.DLL
 0001:000128c0       ?GetCount@CListBox@@QBEHXZ 004138c0 f   mfc71d:MFC71D.DLL
 0001:000128c6       ?GetCount@CComboBox@@QBEHXZ 004138c6 f   mfc71d:MFC71D.DLL
 0001:000128cc       ?AfxGetApp@@YGPAVCWinApp@@XZ 004138cc f   mfc71d:MFC71D.DLL
 0001:000128d2       ?RedrawWindow@CWnd@@QAEHPBUtagRECT@@PAVCRgn@@I@Z 004138d2 f   mfc71d:MFC71D.DLL
 0001:000128d8       ?LineScroll@CEdit@@QAEXHH@Z 004138d8 f   mfc71d:MFC71D.DLL
 0001:000128de       ?GetLineCount@CEdit@@QBEHXZ 004138de f   mfc71d:MFC71D.DLL
 0001:000128e4       ?GetText@CListBox@@QBEXHAAV?$CStringT@DV?$StrTraitMFC_DLL@DV?$ChTraitsCRT@D@ATL@@@@@ATL@@@Z 004138e4 f   mfc71d:MFC71D.DLL
 0001:000128ea       ??4?$CStringT@DV?$StrTraitMFC_DLL@DV?$ChTraitsCRT@D@ATL@@@@@ATL@@QAEAAV01@PBD@Z 004138ea f   mfc71d:MFC71D.DLL
 0001:000128f0       ?MoveWindow@CWnd@@QAEXPBUtagRECT@@H@Z 004138f0 f   mfc71d:MFC71D.DLL
 0001:000128f6       ?GetWindowRect@CWnd@@QBEXPAUtagRECT@@@Z 004138f6 f   mfc71d:MFC71D.DLL
 0001:000128fc       ?OnShowWindow@CWnd@@IAEXHI@Z 004138fc f   mfc71d:MFC71D.DLL
 0001:00012902       ??0?$CStringT@DV?$StrTraitMFC_DLL@DV?$ChTraitsCRT@D@ATL@@@@@ATL@@QAE@ABV01@@Z 00413902 f   mfc71d:MFC71D.DLL
 0001:00012908       ?Concatenate@?$CSimpleStringT@D$00@ATL@@KAXAAV12@PBDH1H@Z 00413908 f   mfc71d:MFC71D.DLL
 0001:0001290e       ??0?$CStringT@DV?$StrTraitMFC_DLL@DV?$ChTraitsCRT@D@ATL@@@@@ATL@@QAE@PAUIAtlStringMgr@1@@Z 0041390e f   mfc71d:MFC71D.DLL
 0001:00012914       ?GetManager@?$CSimpleStringT@D$00@ATL@@QBEPAUIAtlStringMgr@2@XZ 00413914 f   mfc71d:MFC71D.DLL
 0001:0001291a       ?OnHelp@CWinApp@@IAEXXZ    0041391a f   mfc71d:MFC71D.DLL
 0001:00012920       ?GetThisMessageMap@CWinApp@@KGPBUAFX_MSGMAP@@XZ 00413920 f   mfc71d:MFC71D.DLL
 0001:00012926       ?LoadSysPolicies@CWinApp@@UAEHXZ 00413926 f   mfc71d:MFC71D.DLL
 0001:0001292c       ?LoadAppLangResourceDLL@CWinApp@@UAEPAUHINSTANCE__@@XZ 0041392c f   mfc71d:MFC71D.DLL
 0001:00012932       ?WinHelpInternal@CWinApp@@UAEXKI@Z 00413932 f   mfc71d:MFC71D.DLL
 0001:00012938       ?HtmlHelpA@CWinApp@@UAEXKI@Z 00413938 f   mfc71d:MFC71D.DLL
 0001:0001293e       ?WinHelpA@CWinApp@@UAEXKI@Z 0041393e f   mfc71d:MFC71D.DLL
 0001:00012944       ?OnDDECommand@CWinApp@@UAEHPAD@Z 00413944 f   mfc71d:MFC71D.DLL
 0001:0001294a       ?DoWaitCursor@CWinApp@@UAEXH@Z 0041394a f   mfc71d:MFC71D.DLL
 0001:00012950       ?DoMessageBox@CWinApp@@UAEHPBDII@Z 00413950 f   mfc71d:MFC71D.DLL
 0001:00012956       ?SaveAllModified@CWinApp@@UAEHXZ 00413956 f   mfc71d:MFC71D.DLL
 0001:0001295c       ?InitApplication@CWinApp@@UAEHXZ 0041395c f   mfc71d:MFC71D.DLL
 0001:00012962       ?AddToRecentFileList@CWinApp@@UAEXPBD@Z 00413962 f   mfc71d:MFC71D.DLL
 0001:00012968       ?OpenDocumentFile@CWinApp@@UAEPAVCDocument@@PBD@Z 00413968 f   mfc71d:MFC71D.DLL
 0001:0001296e       ?Unregister@CWinApp@@UAEHXZ 0041396e f   mfc71d:MFC71D.DLL
 0001:00012974       ?Register@CWinApp@@UAEHXZ  00413974 f   mfc71d:MFC71D.DLL
 0001:0001297a       ?InitLibId@CWinApp@@UAEXXZ 0041397a f   mfc71d:MFC71D.DLL
 0001:00012980       ?Delete@CWinThread@@UAEXXZ 00413980 f   mfc71d:MFC71D.DLL
 0001:00012986       ?GetMainWnd@CWinThread@@UAEPAVCWnd@@XZ 00413986 f   mfc71d:MFC71D.DLL
 0001:0001298c       ?ProcessMessageFilter@CWinThread@@UAEHHPAUtagMSG@@@Z 0041398c f   mfc71d:MFC71D.DLL
 0001:00012992       ?ProcessWndProcException@CWinApp@@UAEJPAVCException@@PBUtagMSG@@@Z 00413992 f   mfc71d:MFC71D.DLL
 0001:00012998       ?ExitInstance@CWinApp@@UAEHXZ 00413998 f   mfc71d:MFC71D.DLL
 0001:0001299e       ?IsIdleMessage@CWinThread@@UAEHPAUtagMSG@@@Z 0041399e f   mfc71d:MFC71D.DLL
 0001:000129a4       ?OnIdle@CWinApp@@UAEHJ@Z   004139a4 f   mfc71d:MFC71D.DLL
 0001:000129aa       ?PumpMessage@CWinThread@@UAEHXZ 004139aa f   mfc71d:MFC71D.DLL
 0001:000129b0       ?PreTranslateMessage@CWinThread@@UAEHPAUtagMSG@@@Z 004139b0 f   mfc71d:MFC71D.DLL
 0001:000129b6       ?Run@CWinApp@@UAEHXZ       004139b6 f   mfc71d:MFC71D.DLL
 0001:000129bc       ?GetInterfaceMap@CCmdTarget@@MBEPBUAFX_INTERFACEMAP@@XZ 004139bc f   mfc71d:MFC71D.DLL
 0001:000129c2       ?OnFinalRelease@CCmdTarget@@UAEXXZ 004139c2 f   mfc71d:MFC71D.DLL
 0001:000129c8       ?Dump@CWinApp@@UBEXAAVCDumpContext@@@Z 004139c8 f   mfc71d:MFC71D.DLL
 0001:000129ce       ?AssertValid@CWinApp@@UBEXXZ 004139ce f   mfc71d:MFC71D.DLL
 0001:000129d4       ?GetRuntimeClass@CWinApp@@UBEPAUCRuntimeClass@@XZ 004139d4 f   mfc71d:MFC71D.DLL
 0001:000129da       ??0CWinApp@@QAE@PBD@Z      004139da f   mfc71d:MFC71D.DLL
 0001:000129e0       ??1CWinApp@@UAE@XZ         004139e0 f   mfc71d:MFC71D.DLL
 0001:000129e6       ??1CProgressCtrl@@UAE@XZ   004139e6 f   mfc71d:MFC71D.DLL
 0001:000129ec       ?LoadIconA@CWinApp@@QBEPAUHICON__@@I@Z 004139ec f   mfc71d:MFC71D.DLL
 0001:000129f2       ??0CProgressCtrl@@QAE@XZ   004139f2 f   mfc71d:MFC71D.DLL
 0001:000129f8       ?DDX_Check@@YGXPAVCDataExchange@@HAAH@Z 004139f8 f   mfc71d:MFC71D.DLL
 0001:000129fe       ?SendMessageA@CWnd@@QAEJIIJ@Z 004139fe f   mfc71d:MFC71D.DLL
 0001:00012a04       ?SetBkColor@CProgressCtrl@@QAEKK@Z 00413a04 f   mfc71d:MFC71D.DLL
 0001:00012a0a       ?SetRange@CProgressCtrl@@QAEXFF@Z 00413a0a f   mfc71d:MFC71D.DLL
 0001:00012a10       ?LoadMenuA@CMenu@@QAEHI@Z  00413a10 f   mfc71d:MFC71D.DLL
 0001:00012a16       ??0CMenu@@QAE@XZ           00413a16 f   mfc71d:MFC71D.DLL
 0001:00012a1c       ?ModifyStyleEx@CWnd@@QAEHKKI@Z 00413a1c f   mfc71d:MFC71D.DLL
 0001:00012a22       ?EnableToolTips@CWnd@@QAEHH@Z 00413a22 f   mfc71d:MFC71D.DLL
 0001:00012a28       ?SetIcon@CWnd@@QAEPAUHICON__@@PAU2@H@Z 00413a28 f   mfc71d:MFC71D.DLL
 0001:00012a2e       ?OnDestroy@CWnd@@IAEXXZ    00413a2e f   mfc71d:MFC71D.DLL
 0001:00012a34       ?OnPaint@CDialog@@IAEXXZ   00413a34 f   mfc71d:MFC71D.DLL
 0001:00012a3a       ?DrawIcon@CDC@@QAEHHHPAUHICON__@@@Z 00413a3a f   mfc71d:MFC71D.DLL
 0001:00012a40       ?GetSafeHdc@CDC@@QBEPAUHDC__@@XZ 00413a40 f   mfc71d:MFC71D.DLL
[...]
   300 0001:00017286   301 0001:000172a3   302 0001:000172b2   303 0001:000172b4
   304 0001:00017314   308 0001:00017320   310 0001:00017334   312 0001:0001733b
   313 0001:00017354   315 0001:0001735e   317 0001:00017382   319 0001:00017397
   320 0001:000173cc   321 0001:000173d5   322 0001:000173df   323 0001:000173e1
   326 0001:000173f3   328 0001:0001740e   329 0001:00017444   330 0001:0001744d
   331 0001:00017457   332 0001:00017459   335 0001:0001746b   336 0001:00017495
   338 0001:00017499   339 0001:0001749f   340 0001:000174b9   341 0001:000174bb
   343 0001:000174c8   347 0001:000174e0   349 0001:000174f4   350 0001:000174fb
   351 0001:00017505   352 0001:0001751f   354 0001:00017529   356 0001:0001754d
   358 0001:00017562   359 0001:00017597   360 0001:000175a0   361 0001:000175aa
   362 0001:000175ac   365 0001:000175be   367 0001:000175d9   368 0001:0001760f
   369 0001:00017618   370 0001:00017622   371 0001:00017624   374 0001:00017636
   375 0001:00017660   377 0001:00017666   378 0001:0001766c   379 0001:00017686
   380 0001:00017688   383 0001:00017695   386 0001:000176b0   387 0001:000176c0
   390 0001:000176ed   391 0001:0001770c   392 0001:00017710   394 0001:00017723
   395 0001:0001774b   398 0001:0001774f   399 0001:00017752   402 0001:00017770
   403 0001:00017776   404 0001:0001777c   405 0001:00017786   406 0001:000177ae
   409 0001:000177c0   410 0001:000177c4   411 0001:000177ca   412 0001:000177d2
   415 0001:000177e0   416 0001:000177e6   418 0001:0001780d   419 0001:00017813
   420 0001:0001783f   421 0001:0001784a   423 0001:00017871   425 0001:0001787b
   426 0001:00017890   427 0001:000178a9   428 0001:000178ba   429 0001:000178cc
   430 0001:000178df   431 0001:000178f2   432 0001:00017905   434 0001:00017916
   435 0001:0001791b   438 0001:00017930   439 0001:00017936   440 0001:0001795d
   441 0001:00017963   443 0001:00017968   444 0001:0001796e   446 0001:0001799a
   447 0001:000179ab   448 0001:000179bd   449 0001:000179c3   451 0001:000179c8
   452 0001:000179dd   453 0001:000179fa   454 0001:00017a09   455 0001:00017a1b
   456 0001:00017a27   460 0001:00017a3f   461 0001:00017a4c   463 0001:00017a4e
   464 0001:00017a5b   466 0001:00017a5d   469 0001:00017a6a   472 0001:00017a70
   473 0001:00017a76   475 0001:00017a9d   476 0001:00017aa3   478 0001:00017acf
   479 0001:00017ad8   480 0001:00017ae7   481 0001:00017aed   483 0001:00017af2
   485 0001:00017b03   486 0001:00017b0b   488 0001:00017b25   489 0001:00017b2b
   490 0001:00017b30   491 0001:00017b39   492 0001:00017b4b   494 0001:00017b4d
   495 0001:00017b53   497 0001:00017b58   498 0001:00017b6d   499 0001:00017b7b
   500 0001:00017b8a   503 0001:00017ba7   504 0001:00017bb4   506 0001:00017bb6
   507 0001:00017bc3   509 0001:00017bc5   510 0001:00017bd2   512 0001:00017bd4
   515 0001:00017bf9   522 0001:00017c00   523 0001:00017c06   525 0001:00017c0a
   526 0001:00017c37   527 0001:00017c40   529 0001:00017c49   530 0001:00017c56
   531 0001:00017c7d   533 0001:00017c91   534 0001:00017cb8   536 0001:00017cc2
   538 0001:00017ccf   539 0001:00017ce3   541 0001:00017ced   542 0001:00017cf1
   547 0001:00017cf5   549 0001:00017d26   551 0001:00017d2a   553 0001:00017d2c
   555 0001:00017d4f   557 0001:00017d53   558 0001:00017d55   560 0001:00017d68
   563 0001:00017d6c   565 0001:00017d74   566 0001:00017d8a   571 0001:00017d8e
   572 0001:00017d90

Line numbers for C:\Program Files\Microsoft Visual Studio .NET 2003\Vc7\atlmfc\lib\atlsd.lib(f:\vs70builds\6030\vc\mfcatl\ship\atlmfc\include\atlbase.h) segment .text

   191 0001:00018f60   192 0001:00018f63   193 0001:00018f6c   194 0001:00018f70
   195 0001:00018f7d   197 0001:00018f90   198 0001:00018f96   199 0001:00018f9d
   200 0001:00018fa6   201 0001:00018faa   202 0001:00018fc3   203 0001:00018fc9
   204 0001:00018feb   205 0001:00018ff1   206 0001:00018ffd   207 0001:00019000
   745 0001:00019010   754 0001:00019014   756 0001:00019050   288 0001:00019060
   289 0001:00019078   293 0001:00019080   294 0001:0001908b   296 0001:00019091
   299 0001:0001909a   303 0001:000190b0   304 0001:000190b7   306 0001:000190c2
   308 0001:000190ca   328 0001:000190d0   329 0001:000190d7   330 0001:00019103
   331 0001:0001910d   332 0001:00019114   312 0001:00019140   315 0001:00019149
   316 0001:00019175   317 0001:00019182   319 0001:00019188   321 0001:0001918d
   323 0001:00019194   324 0001:00019196  2620 0001:0001c330

Line numbers for C:\Program Files\Microsoft Visual Studio .NET 2003\Vc7\atlmfc\lib\atlsd.lib(f:\vs70builds\6030\vc\mfcatl\ship\atlmfc\include\atlcore.h) segment .text

   129 0001:00018ec0   130 0001:00018ee9   131 0001:00018ef0   133 0001:00018ef7
   136 0001:00018f0a   138 0001:00018f1d   139 0001:00018f26   140 0001:00018f2d
   141 0001:00018f2f   143 0001:00018f3d   144 0001:00018f40   124 0001:00019120
   125 0001:00019127   126 0001:00019131   127 0001:00019133   119 0001:000191a0
   120 0001:000191a7   121 0001:000191b1   122 0001:000191b3

Line numbers for C:\Program Files\Microsoft Visual Studio .NET 2003\Vc7\atlmfc\lib\atlsd.lib(f:\vs70builds\6030\vc\mfcatl\ship\atlmfc\include\atlcomcli.h) segment .text

   248 0001:00018ce0   250 0001:00018cef   126 0001:00018d00   127 0001:00018d07
   128 0001:00018d0f   129 0001:00018d1f   142 0001:00018d30   143 0001:00018d37
   144 0001:00018d60   145 0001:00018d63   147 0001:00018d70   148 0001:00018d77
   149 0001:00018da0   150 0001:00018da5   248 0001:00018db0   250 0001:00018dbf
   126 0001:00018dd0   127 0001:00018dd7   128 0001:00018ddf   129 0001:00018def
   142 0001:00018e00   143 0001:00018e07   144 0001:00018e30   145 0001:00018e33
   147 0001:00018e40   148 0001:00018e47   149 0001:00018e70   150 0001:00018e75
   107 0001:00018e80   109 0001:00018e87   110 0001:00018e90   107 0001:00018ea0
   109 0001:00018ea7   110 0001:00018eb0

Line numbers for C:\Program Files\Microsoft Visual Studio .NET 2003\Vc7\atlmfc\lib\atlsd.lib(f:\vs70builds\6030\devtools\common\win32sdk\include\guiddef.h) segment .text

   151 0001:00018c80   156 0001:00018c84   157 0001:00018ccd

Line numbers for C:\Program Files\Microsoft Visual Studio .NET 2003\Vc7\atlmfc\lib\atlsd.lib(f:\vs70builds\6030\vc\mfcatl\ship\atlmfc\src\atl\atls\atlfuncs.cpp) segment .text

    31 0001:00018c30    28 0001:00018c30    32 0001:00018c34    33 0001:00018c37
    34 0001:00018c3b    35 0001:00018c3e

Line numbers for C:\Program Files\Microsoft Visual Studio .NET 2003\Vc7\atlmfc\lib\atlsd.lib(f:\vs70builds\6030\vc\mfcatl\ship\atlmfc\include\atlbase.inl) segment .text

    27 0001:00017f20    28 0001:00017f26    29 0001:00017f2c    31 0001:00017f36
    32 0001:00017f3e    33 0001:00017f46    34 0001:00017f62    35 0001:00017f68
    36 0001:00017f8f    37 0001:00017f95    38 0001:00017fb7    39 0001:00017fd0
    42 0001:00017fe0    43 0001:00017fe6    44 0001:00017fec    46 0001:00017ff6
    47 0001:00017ffe    48 0001:00018006    49 0001:00018022    50 0001:00018028
    51 0001:0001804f    52 0001:00018055    53 0001:00018073    54 0001:0001808c
    62 0001:000180a0    63 0001:000180a6    66 0001:000180ac    67 0001:000180ba
    68 0001:000180d2    69 0001:000180dc    71 0001:000180e8    72 0001:000180ea
    75 0001:000180f0    76 0001:000180f4    77 0001:00018118    78 0001:0001811e
    80 0001:00018125    81 0001:00018136    84 0001:0001813c    85 0001:00018159
    87 0001:0001815f    88 0001:0001816f    91 0001:00018178    92 0001:0001817b
    95 0001:00018190    96 0001:00018196    97 0001:000181ba    98 0001:000181c0
   100 0001:000181c7   101 0001:000181d0   102 0001:000181d7   105 0001:000181dd
   106 0001:000181eb   107 0001:00018203   109 0001:00018218   110 0001:0001821b
   116 0001:00018230   117 0001:00018236   118 0001:0001825a   119 0001:00018260
   120 0001:0001826a   121 0001:00018272   123 0001:0001827c   124 0001:00018282
   125 0001:0001828c   127 0001:00018295   129 0001:0001829c   131 0001:000182bf
   133 0001:000182cb   134 0001:000182d3   136 0001:000182fa   138 0001:00018307
   139 0001:00018318   140 0001:00018323   142 0001:00018329   143 0001:00018356
   144 0001:0001837b   146 0001:00018385   147 0001:0001838e   148 0001:000183aa
   149 0001:000183b2   150 0001:000183bb   151 0001:000183d7   154 0001:000183d9
   156 0001:000183de   157 0001:000183ec   158 0001:000183f3   159 0001:000183f6
   162 0001:00018400   163 0001:00018406   164 0001:0001842d   165 0001:00018433
   167 0001:0001843a   168 0001:00018441   170 0001:00018466   171 0001:0001846e
   172 0001:00018484   173 0001:00018486   174 0001:00018489   177 0001:00018490
   178 0001:00018496   179 0001:000184bd   180 0001:000184c3   182 0001:000184ca
   183 0001:000184d1   185 0001:000184f6   186 0001:000184fe   187 0001:0001850c
   188 0001:0001850e   189 0001:00018511   192 0001:00018520   196 0001:00018526
   198 0001:00018533   200 0001:0001854b   201 0001:00018551   203 0001:0001855b
   204 0001:00018561   207 0001:00018566   210 0001:00018580   213 0001:0001858d
   214 0001:00018593   215 0001:000185a6   216 0001:000185a8   218 0001:000185bb
   220 0001:000185c1   222 0001:000185cb   223 0001:000185d1   224 0001:000185db
   225 0001:000185dd   228 0001:000185e7   229 0001:000185f7   230 0001:000185fe
   231 0001:00018603   232 0001:00018608   233 0001:0001860a   240 0001:00018610
   241 0001:00018616   242 0001:0001863d   244 0001:00018664   245 0001:00018670
   248 0001:0001867a   249 0001:000186a4   250 0001:000186aa   251 0001:000186b4
   252 0001:000186bd   254 0001:000186ca   255 0001:000186d6   256 0001:000186e2
   257 0001:000186ea   259 0001:000186f1   261 0001:000186fe   262 0001:0001870c
   264 0001:0001872c   266 0001:00018735   267 0001:0001875c   268 0001:00018768
   269 0001:00018774   270 0001:0001877c   275 0001:00018780   276 0001:0001879c
   277 0001:000187ae   280 0001:000187b3   281 0001:000187bc   282 0001:000187c1
   283 0001:000187c6   286 0001:000187d0   287 0001:000187d3   288 0001:000187d8
   294 0001:000187e0   295 0001:000187e6   296 0001:000187ec   298 0001:000187f8
   299 0001:00018825   300 0001:00018831   302 0001:0001883d   303 0001:00018845
   304 0001:00018851   305 0001:00018862   307 0001:0001886e   308 0001:0001889b
   309 0001:000188c0   311 0001:000188ca   312 0001:000188d6   313 0001:000188df
   316 0001:000188f0   317 0001:000188f6   318 0001:000188fc   320 0001:00018903
   321 0001:0001890a   322 0001:0001891b   324 0001:00018927   325 0001:00018954
   326 0001:00018979   328 0001:0001898c   329 0001:00018995   331 0001:0001899b
   332 0001:000189a4   333 0001:000189ab   335 0001:000189b1   337 0001:000189bc
   338 0001:000189c2   339 0001:000189ce   340 0001:000189d0   341 0001:000189dc
   342 0001:000189e4   344 0001:000189e6   345 0001:000189ec   346 0001:000189f5
   348 0001:000189f7   349 0001:00018a08   352 0001:00018a10   353 0001:00018a16
   354 0001:00018a1c   357 0001:00018a26   358 0001:00018a2e   360 0001:00018a35
   362 0001:00018a3f   363 0001:00018a4d   365 0001:00018a53   366 0001:00018a80
   368 0001:00018aa5   369 0001:00018aa8   375 0001:00018ab0   376 0001:00018ab6
   377 0001:00018abc   379 0001:00018ac6   380 0001:00018acd   381 0001:00018ad4
   382 0001:00018ae7   383 0001:00018aed   384 0001:00018af4   386 0001:00018af9
   387 0001:00018b01   388 0001:00018b0a   389 0001:00018b1b   390 0001:00018b26
   392 0001:00018b2c   393 0001:00018b38   395 0001:00018b41   397 0001:00018b43
   398 0001:00018b55   399 0001:00018b82   401 0001:00018ba7   402 0001:00018baf
   403 0001:00018bb2   406 0001:00018bc0   407 0001:00018bc6   408 0001:00018bcc
   410 0001:00018bd8   411 0001:00018be1   412 0001:00018be8   414 0001:00018bee
   415 0001:00018bfa   416 0001:00018c03   417 0001:00018c15   418 0001:00018c1b
   419 0001:00018c1d   420 0001:00018c27

Line numbers for C:\Program Files\Microsoft Visual Studio .NET 2003\Vc7\atlmfc\lib\atlsd.lib(f:\vs70builds\6030\vc\mfcatl\ship\atlmfc\include\atlbase.h) segment .text

  2620 0001:0001c2f0

Line numbers for C:\Program Files\Microsoft Visual Studio .NET 2003\Vc7\atlmfc\lib\atlsd.lib(f:\vs70builds\6030\vc\mfcatl\ship\atlmfc\include\atltrace.h) segment .text

   196 0001:00016b60   197 0001:00016b70   198 0001:00016b83   199 0001:00016b99
    82 0001:00016bb0    84 0001:00016bb7    85 0001:00016bd0   131 0001:00016be0

Line numbers for C:\Program Files\Microsoft Visual Studio .NET 2003\Vc7\atlmfc\lib\atlsd.lib(f:\vs70builds\6030\vc\mfcatl\ship\atlmfc\src\atl\atls\atltrace.cpp) segment .text

    22 0001:0001bf90    23 0001:0001bfb0    24 0001:0001bfd0    25 0001:0001bff0
    26 0001:0001c010    27 0001:0001c030    28 0001:0001c050    29 0001:0001c070
    30 0001:0001c090    31 0001:0001c0b0    32 0001:0001c0d0    33 0001:0001c0f0
    34 0001:0001c110    35 0001:0001c130    36 0001:0001c150    37 0001:0001c170
    38 0001:0001c190    39 0001:0001c1b0    40 0001:0001c1d0    41 0001:0001c1f0
    42 0001:0001c210    43 0001:0001c230    44 0001:0001c250    47 0001:0001c270
    48 0001:0001c290    49 0001:0001c2b0    50 0001:0001c2d0

Line numbers for C:\Program Files\Microsoft Visual Studio .NET 2003\Vc7\atlmfc\lib\atlsd.lib(f:\vs70builds\6030\vc\mfcatl\ship\atlmfc\include\atlbase.h) segment .text

  2620 0001:0001bef0

Line numbers for C:\Program Files\Microsoft Visual Studio .NET 2003\Vc7\atlmfc\lib\atlsd.lib(f:\vs70builds\6030\vc\mfcatl\ship\atlmfc\include\atltypes.inl) segment .text

    22 0001:00015430    24 0001:00015440    26 0001:00015470    28 0001:00015490
    30 0001:000154b0    31 0001:000154b7    32 0001:000154c7    33 0001:000154d6
    35 0001:000154e0    37 0001:00015520    39 0001:00015560    41 0001:00015590
    43 0001:000155c0    45 0001:000155e0    47 0001:00015610    49 0001:00015640
    51 0001:00015670    53 0001:000156a0    55 0001:000156d0    57 0001:00015710
    61 0001:00015750    63 0001:00015760    65 0001:00015790    67 0001:000157b0
    69 0001:000157d0    70 0001:000157d7    71 0001:000157e7    72 0001:000157f6
    74 0001:00015800    76 0001:00015830    78 0001:00015860    80 0001:00015890
    82 0001:000158b0    84 0001:000158f0    86 0001:00015930    88 0001:00015960
    90 0001:00015990    92 0001:000159c0    94 0001:000159f0    96 0001:00015a20
    98 0001:00015a50   100 0001:00015a80   102 0001:00015ab0   104 0001:00015ae0
   106 0001:00015b20   110 0001:00015b60   112 0001:00015b70   114 0001:00015bb0
   116 0001:00015bd0   118 0001:00015bf0   120 0001:00015c30   121 0001:00015c48
   123 0001:00015c70   125 0001:00015c90   127 0001:00015cb0   129 0001:00015cf0
   131 0001:00015d00   133 0001:00015d20   135 0001:00015d30   137 0001:00015d50
   139 0001:00015d90   141 0001:00015db0   143 0001:00015de0   145 0001:00015df0
   147 0001:00015e00   149 0001:00015e20   151 0001:00015e70   153 0001:00015e90
   155 0001:00015ec0   157 0001:00015ef0   159 0001:00015f10   161 0001:00015f30
   163 0001:00015f50   165 0001:00015f70   167 0001:00015f90   169 0001:00015fc0
   171 0001:00015ff0   173 0001:00016010   175 0001:00016030   177 0001:00016050
   179 0001:00016080   181 0001:000160b0   183 0001:000160e0   185 0001:00016110
   187 0001:00016130   189 0001:00016150   191 0001:00016170   193 0001:00016190
   195 0001:000161b0   197 0001:000161d0   199 0001:000161f0   201 0001:00016210
   203 0001:00016240   205 0001:00016270   207 0001:00016290   209 0001:000162b0
   211 0001:000162d0   213 0001:00016330   215 0001:00016390   217 0001:000163f0
   219 0001:00016450   221 0001:000164a0   223 0001:000164f0   224 0001:00016513
   226 0001:00016540   227 0001:00016563   229 0001:00016590   232 0001:000165b0
   234 0001:000165b9   236 0001:000165c6   237 0001:000165ce   238 0001:000165d9
   240 0001:000165e2   242 0001:000165f0   243 0001:000165f9   244 0001:00016605
   246 0001:0001660e   249 0001:00016620   250 0001:00016627   251 0001:00016648
   252 0001:0001666c   255 0001:00016680   256 0001:00016687   257 0001:000166a3
   258 0001:000166c1   261 0001:000166d0   262 0001:000166d7   263 0001:000166f8
   264 0001:0001671c   267 0001:00016730   268 0001:00016737   269 0001:00016753
   270 0001:00016771   273 0001:00016780   278 0001:00016787   279 0001:000167e9

Line numbers for C:\Program Files\Microsoft Visual Studio .NET 2003\Vc7\atlmfc\lib\atlsd.lib(f:\vs70builds\6030\vc\mfcatl\ship\atlmfc\include\atlbase.h) segment .text

  2620 0001:0001c3b0

Line numbers for C:\Program Files\Microsoft Visual Studio .NET 2003\Vc7\atlmfc\lib\atlsd.lib(f:\vs70builds\6030\vc\mfcatl\ship\atlmfc\src\atl\atls\atltracemodulemanager.h) segment .text

    44 0001:0001b1f0    45 0001:0001b21e

Line numbers for C:\Program Files\Microsoft Visual Studio .NET 2003\Vc7\atlmfc\lib\atlsd.lib(f:\vs70builds\6030\vc\mfcatl\ship\atlmfc\src\atl\atls\atltracemodulemanager.cpp) segment .text

    21 0001:0001add0    22 0001:0001adf7    23 0001:0001ae00    24 0001:0001ae0c
    27 0001:0001ae20    28 0001:0001ae3a    30 0001:0001ae54    32 0001:0001ae65
    34 0001:0001ae8e    36 0001:0001aeac    37 0001:0001aeb3    40 0001:0001af40
    41 0001:0001af42    43 0001:0001af58    45 0001:0001af5e    46 0001:0001af7c
    47 0001:0001af9e    48 0001:0001afbe    49 0001:0001afcf    51 0001:0001afed
    52 0001:0001affc    53 0001:0001b009    54 0001:0001b015    59 0001:0001b030
    60 0001:0001b049    61 0001:0001b058    64 0001:0001b060    65 0001:0001b067
    66 0001:0001b07c    67 0001:0001b085    72 0001:0001b090    73 0001:0001b0ba
    76 0001:0001b0d0    78 0001:0001b0d9    82 0001:0001b0fa    91 0001:0001b100
    92 0001:0001b1ad    94 0001:0001b1b9    95 0001:0001b1c3    98 0001:0001b1d0
    99 0001:0001b1d7   100 0001:0001b1e6

Line numbers for C:\Program Files\Microsoft Visual Studio .NET 2003\Vc7\atlmfc\lib\atlsd.lib(f:\vs70builds\6030\vc\mfcatl\ship\atlmfc\include\atlbase.h) segment .text

  2620 0001:0001bf70

Line numbers for C:\Program Files\Microsoft Visual Studio .NET 2003\Vc7\atlmfc\lib\atlsd.lib(f:\vs70builds\6030\vc\mfcatl\ship\atlmfc\include\atltrace.h) segment .text

    70 0001:000169c0    71 0001:000169da    73 0001:000169ef    76 0001:00016b40
    77 0001:00016b47    78 0001:00016b53

Line numbers for C:\Program Files\Microsoft Visual Studio .NET 2003\Vc7\atlmfc\lib\atlsd.lib(f:\vs70builds\6030\vc\mfcatl\ship\atlmfc\include\atlexcept.h) segment .text

    40 0001:000169a0    41 0001:000169af

Line numbers for C:\Program Files\Microsoft Visual Studio .NET 2003\Vc7\atlmfc\lib\atlsd.lib(f:\vs70builds\6030\vc\mfcatl\ship\atlmfc\include\atlsimpcoll.h) segment .text

    97 0001:00016870    97 0001:000168a0   100 0001:00016a40   101 0001:00016a47
   102 0001:00016a4f   100 0001:00016a60   101 0001:00016a67   102 0001:00016a6f
   173 0001:00016a80   174 0001:00016a89   176 0001:00016a91   177 0001:00016aae
   178 0001:00016ab0   179 0001:00016abe   181 0001:00016ac7   182 0001:00016ad1
   183 0001:00016adb   173 0001:00016ae0   174 0001:00016ae9   176 0001:00016af1
   177 0001:00016b0e   178 0001:00016b10   179 0001:00016b1e   181 0001:00016b27
   182 0001:00016b31   183 0001:00016b3b

Line numbers for C:\Program Files\Microsoft Visual Studio .NET 2003\Vc7\atlmfc\lib\atlsd.lib(f:\vs70builds\6030\vc\mfcatl\ship\atlmfc\src\atl\atls\allocate.h) segment .text

    42 0001:000167f0    43 0001:0001682b    46 0001:00016a00    47 0001:00016a07
    48 0001:00016a11

Line numbers for C:\Program Files\Microsoft Visual Studio .NET 2003\Vc7\atlmfc\lib\atlsd.lib(f:\vs70builds\6030\vc\mfcatl\ship\atlmfc\src\atl\atls\externs.cpp) segment .text

    26 0001:000168d0    30 0001:000168e3    32 0001:0001690e    34 0001:0001691d
    37 0001:00016946    39 0001:00016963    42 0001:0001698c    43 0001:0001698e
    23 0001:0001bf10    45 0001:0001bf30    52 0001:0001bf40
