 SppConsole

 Timestamp is 4995dcaa (Fri Feb 13 22:48:42 2009)

 Preferred load address is 00400000

 Start         Length     Name                   Class
 0001:00000000 0001b82cH .text                   CODE
 0001:0001b830 000009b5H .text$x                 CODE
 0001:0001c1f0 00000556H .text$yc                CODE
 0001:0001c750 000000dfH .text$yd                CODE
 0002:00000000 000008d0H .idata$5                DATA
 0002:000008d0 0000c028H .rdata                  DATA
 0002:0000c8f8 00000053H .rdata$debug            DATA
 0002:0000c94c 00000044H .rdata$r                DATA
 0002:0000c990 00000124H .rdata$sxdata           DATA
 0002:0000cab4 00000004H .rtc$IAA                DATA
 0002:0000cab8 00000004H .rtc$IMZ                DATA
 0002:0000cabc 00000004H .rtc$IZZ                DATA
 0002:0000cac0 00000004H .rtc$TAA                DATA
 0002:0000cac4 00000004H .rtc$TMZ                DATA
 0002:0000cac8 00000004H .rtc$TZZ                DATA
 0002:0000cacc 00000c5cH .xdata$x                DATA
 0002:0000d728 00000004H ATL$__a                 DATA
 0002:0000d72c 00000004H ATL$__z                 DATA
 0002:0000d730 000000f0H .idata$2                DATA
 0002:0000d820 00000014H .idata$3                DATA
 0002:0000d834 000008d0H .idata$4                DATA
 0002:0000e104 00000e84H .idata$6                DATA
 0002:0000ef88 00000000H .edata                  DATA
 0003:00000000 00000004H .CRT$XCA                DATA
 0003:00000004 00000004H .CRT$XCAA               DATA
 0003:00000008 0000000cH .CRT$XCC                DATA
 0003:00000014 00000074H .CRT$XCL                DATA
 0003:00000088 00000008H .CRT$XCU                DATA
 0003:00000090 00000004H .CRT$XCZ                DATA
 0003:00000094 00000004H .CRT$XIA                DATA
 0003:00000098 00000004H .CRT$XIZ                DATA
 0003:000000a0 00000fc0H .data                   DATA
 0003:00001060 000002c8H .bss                    DATA
 0004:00000000 00000550H .rsrc$01                DATA
 0004:00000550 00002910H .rsrc$02                DATA

  Address         Publics by Value              Rva+Base     Lib:Object

 0000:00000000       __except_list              00000000     <absolute>
 0000:00000049       ___safe_se_handler_count   00000049     <absolute>
 0000:00009876       __fltused                  00009876     <absolute>
 0000:00009876       __ldused                   00009876     <absolute>
 0000:00000000       ___ImageBase               00400000     <linker-defined>
 0001:00000000       ??0CAboutDlg@@QAE@PAVCWnd@@@Z 00401000 f   AboutDlg.obj
 0001:00000070       ?DoDataExchange@CAboutDlg@@MAEXPAVCDataExchange@@@Z 00401070 f   AboutDlg.obj
 0001:00000090       ?GetThisMessageMap@CAboutDlg@@KGPBUAFX_MSGMAP@@XZ 00401090 f   AboutDlg.obj
 0001:000000a0       ?GetMessageMap@CAboutDlg@@MBEPBUAFX_MSGMAP@@XZ 004010a0 f   AboutDlg.obj
 0001:000000b0       ?OnInitDialog@CAboutDlg@@MAEHXZ 004010b0 f   AboutDlg.obj
 0001:000001e0       ??_GCAboutDlg@@UAEPAXI@Z   004011e0 f i AboutDlg.obj
 0001:000001e0       ??_ECAboutDlg@@UAEPAXI@Z   004011e0 f i AboutDlg.obj
 0001:00000210       ??1CAboutDlg@@UAE@XZ       00401210 f i AboutDlg.obj
 0001:00000260       ??1CStaticLink@@UAE@XZ     00401260 f i AboutDlg.obj
 0001:000002c0       ?_AtlGetThreadACPThunk@ATL@@YGIXZ 004012c0 f i AboutDlg.obj
 0001:00000340       ?InterlockedExchangePointer@@YGPAXPAPAXPAX@Z 00401340 f i AboutDlg.obj
 0001:00000360       ?_AtlGetThreadACPFake@ATL@@YGIXZ 00401360 f i AboutDlg.obj
 0001:000003f0       ?_AtlGetThreadACPReal@ATL@@YGIXZ 004013f0 f i AboutDlg.obj
 0001:00000400       ?isSpk@@YA_NI@Z            00401400 f   AudioInput.obj
 0001:00000430       ?GetLineControlByID@@YAIPAUHMIXEROBJ__@@KPAUtagMIXERCONTROLA@@@Z 00401430 f   AudioInput.obj
 0001:00000480       ?Mute@@YAIPAUHMIXER__@@I_N@Z 00401480 f   AudioInput.obj
 0001:00000550       ?GetMuteValue@@YA_NPAUHMIXER__@@IPA_N@Z 00401550 f   AudioInput.obj
 0001:00000620       ?GetSelSrcLineID@@YAJPAUHMIXER__@@I@Z 00401620 f   AudioInput.obj
 0001:00000810       ?SetControlDetailList@@YAIPAUHMIXER__@@PAUtMIXERCONTROLDETAILS_BOOLEAN@@KI@Z 00401810 f   AudioInput.obj
 0001:00000860       ?SetControlDetailList@@YAIPAUHMIXER__@@PAUtMIXERCONTROLDETAILS_UNSIGNED@@KI@Z 00401860 f   AudioInput.obj
 0001:000008b0       ?GetLineControlList@@YAIPAUHMIXEROBJ__@@KPAUtagMIXERCONTROLA@@PAH@Z 004018b0 f   AudioInput.obj
 0001:00000970       ?GetControlDetailList@@YAIPAUHMIXER__@@PAUtagMIXERCONTROLDETAILS_LISTTEXTA@@KI@Z 00401970 f   AudioInput.obj
 0001:000009c0       ?GetControlDetailList@@YAIPAUHMIXER__@@PAUtMIXERCONTROLDETAILS_BOOLEAN@@KI@Z 004019c0 f   AudioInput.obj
 0001:00000a10       ?GetVolumeValue@@YA_NPAUHMIXER__@@IPAJ@Z 00401a10 f   AudioInput.obj
 0001:00000b40       ?SetVolumeValue@@YAHPAUHMIXER__@@IJ@Z 00401b40 f   AudioInput.obj
 0001:00000c50       ??0CAudioInput@@QAE@PAUHWND__@@@Z 00401c50 f   AudioInput.obj
 0001:00000d80       ??1CAudioInput@@UAE@XZ     00401d80 f   AudioInput.obj
 0001:00000e40       ?GetCountMixerDevice@CAudioInput@@QAEHXZ 00401e40 f   AudioInput.obj
 0001:00000e60       ?GetMixerDeviceName@CAudioInput@@QAEPBDH@Z 00401e60 f   AudioInput.obj
 0001:00000ea0       ?GetMixerDeviceInputLineName@CAudioInput@@QAEPBDHH@Z 00401ea0 f   AudioInput.obj
 0001:00000ef0       ?GetMixerDevice@CAudioInput@@QAEPAVCMixerDevice@1@H@Z 00401ef0 f   AudioInput.obj
 0001:00000f30       ?Restore@CAudioInput@@QAEXXZ 00401f30 f   AudioInput.obj
 0001:00000f90       ?GetPreferredMixerDeviceIndex@CAudioInput@@QAEHXZ 00401f90 f   AudioInput.obj
 0001:00001090       ?GetMixerDeviceIndex@CAudioInput@@QAEHPAD@Z 00402090 f   AudioInput.obj
 0001:00001100       ?GetMixerDeviceID@CAudioInput@@QAEHPAD@Z 00402100 f   AudioInput.obj
 0001:00001180       ?SetCurrentMixerDevice@CAudioInput@@QAE_NH@Z 00402180 f   AudioInput.obj
 0001:000011d0       ?GetCurrentMixerDevice@CAudioInput@@QAEHXZ 004021d0 f   AudioInput.obj
 0001:000011f0       ??0CMixerDevice@CAudioInput@@QAE@XZ 004021f0 f   AudioInput.obj
 0001:00001270       ??1CMixerDevice@CAudioInput@@UAE@XZ 00402270 f   AudioInput.obj
 0001:000013d0       ??0CMixerDevice@CAudioInput@@QAE@HPAUHWND__@@@Z 004023d0 f   AudioInput.obj
 0001:00001510       ?AdjustInputVolume@CMixerDevice@CAudioInput@@QAEXK@Z 00402510 f   AudioInput.obj
 0001:000015d0       ?CreateInputLineArray@CMixerDevice@CAudioInput@@IAEHXZ 004025d0 f   AudioInput.obj
 0001:00001940       ?CreatePhysicalDevArray@CMixerDevice@CAudioInput@@QAEHXZ 00402940 f   AudioInput.obj
 0001:00001c80       ?GetInputLineIndex@CMixerDevice@CAudioInput@@QAE_NIPAI@Z 00402c80 f   AudioInput.obj
 0001:00001cf0       ?GetInputLineName@CMixerDevice@CAudioInput@@QAEPBDH@Z 00402cf0 f   AudioInput.obj
 0001:00001d30       ?GetInputLineVolumeValue@CMixerDevice@CAudioInput@@QAEHH@Z 00402d30 f   AudioInput.obj
 0001:00001d70       ?GetInputLineSrcID@CMixerDevice@CAudioInput@@QAE_NPAII@Z 00402d70 f   AudioInput.obj
 0001:00001dd0       ?GetName@CMixerDevice@CAudioInput@@QAEPBDXZ 00402dd0 f   AudioInput.obj
 0001:00001df0       ?GetSelectedInputLine@CMixerDevice@CAudioInput@@QAE_NPAI@Z 00402df0 f   AudioInput.obj
 0001:00002080       ?MuteOutputLine@CMixerDevice@CAudioInput@@QAE_NK_N0@Z 00403080 f   AudioInput.obj
 0001:00002160       ?MuteSelectedInputLine@CMixerDevice@CAudioInput@@QAE_NI_N0@Z 00403160 f   AudioInput.obj
 0001:000021c0       ?RestoreSelectedInputLine@CMixerDevice@CAudioInput@@QAEXI@Z 004031c0 f   AudioInput.obj
 0001:00002220       ?Restore@CMixerDevice@CAudioInput@@QAEHXZ 00403220 f   AudioInput.obj
 0001:000022b0       ?SelectInputLine@CMixerDevice@CAudioInput@@QAEXI@Z 004032b0 f   AudioInput.obj
 0001:00002590       ?SetSelectedInputLine@CMixerDevice@CAudioInput@@QAE_NI@Z 00403590 f   AudioInput.obj
 0001:00002610       ?SetSpeakers@CMixerDevice@CAudioInput@@QAEH_N0@Z 00403610 f   AudioInput.obj
 0001:000026b0       ??0CInputLine@CMixerDevice@CAudioInput@@QAE@XZ 004036b0 f   AudioInput.obj
 0001:000026f0       ??1CInputLine@CMixerDevice@CAudioInput@@UAE@XZ 004036f0 f   AudioInput.obj
 0001:00002760       ??0CInputLine@CMixerDevice@CAudioInput@@QAE@PAUHMIXER__@@KPBDKJ@Z 00403760 f   AudioInput.obj
 0001:000028f0       ?GetVolumeValue@CInputLine@CMixerDevice@CAudioInput@@QAEHXZ 004038f0 f   AudioInput.obj
 0001:000029e0       ?CreateArrayMuteCtrl@CInputLine@CMixerDevice@CAudioInput@@IAEPAV?$CArray@UsMuteLine@CInputLine@CMixerDevice@CAudioInput@@U1234@@@KPBD@Z 004039e0 f   AudioInput.obj
 0001:00002e20       ?GetName@CInputLine@CMixerDevice@CAudioInput@@QAEPBDXZ 00403e20 f   AudioInput.obj
 0001:00002e40       ?GetSrcID@CInputLine@CMixerDevice@CAudioInput@@QAEKXZ 00403e40 f   AudioInput.obj
 0001:00002e60       ?isInitSelected@CInputLine@CMixerDevice@CAudioInput@@QAE_NXZ 00403e60 f   AudioInput.obj
 0001:00002e80       ?RestoreMute@CInputLine@CMixerDevice@CAudioInput@@QAEXXZ 00403e80 f   AudioInput.obj
 0001:00002ef0       ?RestoreVolume@CInputLine@CMixerDevice@CAudioInput@@QAEHXZ 00403ef0 f   AudioInput.obj
 0001:00002fd0       ?SetDefaultVolume@CInputLine@CMixerDevice@CAudioInput@@QAEXXZ 00403fd0 f   AudioInput.obj
 0001:000030d0       ?SetMute@CInputLine@CMixerDevice@CAudioInput@@QAE_N_N0@Z 004040d0 f   AudioInput.obj
 0001:000031a0       ?SetName@CInputLine@CMixerDevice@CAudioInput@@QAEXPBD@Z 004041a0 f   AudioInput.obj
 0001:000031c0       ?SetSrcType@CInputLine@CMixerDevice@CAudioInput@@QAEXK@Z 004041c0 f   AudioInput.obj
 0001:000031e0       ?StoreDefaultVolume@CInputLine@CMixerDevice@CAudioInput@@QAEHXZ 004041e0 f   AudioInput.obj
 0001:000032e0       ??0CPhysicalDevice@CMixerDevice@CAudioInput@@QAE@XZ 004042e0 f   AudioInput.obj
 0001:00003320       ??0CPhysicalDevice@CMixerDevice@CAudioInput@@QAE@PAUHMIXER__@@KK_NKH@Z 00404320 f   AudioInput.obj
 0001:00003370       ??1CPhysicalDevice@CMixerDevice@CAudioInput@@UAE@XZ 00404370 f   AudioInput.obj
 0001:00003390       ?restore@CPhysicalDevice@CMixerDevice@CAudioInput@@QAEXXZ 00404390 f   AudioInput.obj
 0001:000033f0       ?SetMute@CPhysicalDevice@CMixerDevice@CAudioInput@@QAEX_N@Z 004043f0 f   AudioInput.obj
 0001:00003420       ?SetVolume@CPhysicalDevice@CMixerDevice@CAudioInput@@QAEXH@Z 00404420 f   AudioInput.obj
 0001:00003450       ?isValid@CMixerDevice@CAudioInput@@QAE_NXZ 00404450 f   AudioInput.obj
 0001:00003470       ?GetID@CMixerDevice@CAudioInput@@QAEHXZ 00404470 f   AudioInput.obj
 0001:00003490       ??_GCAudioInput@@UAEPAXI@Z 00404490 f i AudioInput.obj
 0001:00003490       ??_ECAudioInput@@UAEPAXI@Z 00404490 f i AudioInput.obj
 0001:000034c0       ??_GCMixerDevice@CAudioInput@@UAEPAXI@Z 004044c0 f i AudioInput.obj
 0001:000034c0       ??_ECMixerDevice@CAudioInput@@UAEPAXI@Z 004044c0 f i AudioInput.obj
 0001:000034f0       ??_GCInputLine@CMixerDevice@CAudioInput@@UAEPAXI@Z 004044f0 f i AudioInput.obj
 0001:000034f0       ??_ECInputLine@CMixerDevice@CAudioInput@@UAEPAXI@Z 004044f0 f i AudioInput.obj
 0001:00003520       ??_GCPhysicalDevice@CMixerDevice@CAudioInput@@UAEPAXI@Z 00404520 f i AudioInput.obj
 0001:00003520       ??_ECPhysicalDevice@CMixerDevice@CAudioInput@@UAEPAXI@Z 00404520 f i AudioInput.obj
 0001:00003550       ??0?$CArray@PAVCInputLine@CMixerDevice@CAudioInput@@PAV123@@@QAE@XZ 00404550 f i AudioInput.obj
 0001:000035a0       ?GetSize@?$CArray@PAVCInputLine@CMixerDevice@CAudioInput@@PAV123@@@QBEHXZ 004045a0 f i AudioInput.obj
 0001:000035c0       ?RemoveAll@?$CArray@PAVCInputLine@CMixerDevice@CAudioInput@@PAV123@@@QAEXXZ 004045c0 f i AudioInput.obj
 0001:000035e0       ?GetAt@?$CArray@PAVCInputLine@CMixerDevice@CAudioInput@@PAV123@@@QAEAAPAVCInputLine@CMixerDevice@CAudioInput@@H@Z 004045e0 f i AudioInput.obj
 0001:00003640       ?Add@?$CArray@PAVCInputLine@CMixerDevice@CAudioInput@@PAV123@@@QAEHPAVCInputLine@CMixerDevice@CAudioInput@@@Z 00404640 f i AudioInput.obj
 0001:00003670       ?RemoveAt@?$CArray@PAVCInputLine@CMixerDevice@CAudioInput@@PAV123@@@QAEXHH@Z 00404670 f i AudioInput.obj
 0001:00003780       ??1?$CArray@PAVCInputLine@CMixerDevice@CAudioInput@@PAV123@@@UAE@XZ 00404780 f i AudioInput.obj
 0001:00003820       ?Serialize@?$CArray@PAVCInputLine@CMixerDevice@CAudioInput@@PAV123@@@UAEXAAVCArchive@@@Z 00404820 f i AudioInput.obj
 0001:000038a0       ?Dump@?$CArray@PAVCInputLine@CMixerDevice@CAudioInput@@PAV123@@@UBEXAAVCDumpContext@@@Z 004048a0 f i AudioInput.obj
 0001:00003920       ?AssertValid@?$CArray@PAVCInputLine@CMixerDevice@CAudioInput@@PAV123@@@UBEXXZ 00404920 f i AudioInput.obj
 0001:00003a10       ??0?$CArray@PAVCPhysicalDevice@CMixerDevice@CAudioInput@@PAV123@@@QAE@XZ 00404a10 f i AudioInput.obj
 0001:00003a60       ?GetSize@?$CArray@PAVCPhysicalDevice@CMixerDevice@CAudioInput@@PAV123@@@QBEHXZ 00404a60 f i AudioInput.obj
 0001:00003a80       ?RemoveAll@?$CArray@PAVCPhysicalDevice@CMixerDevice@CAudioInput@@PAV123@@@QAEXXZ 00404a80 f i AudioInput.obj
 0001:00003aa0       ?GetAt@?$CArray@PAVCPhysicalDevice@CMixerDevice@CAudioInput@@PAV123@@@QAEAAPAVCPhysicalDevice@CMixerDevice@CAudioInput@@H@Z 00404aa0 f i AudioInput.obj
 0001:00003b00       ?Add@?$CArray@PAVCPhysicalDevice@CMixerDevice@CAudioInput@@PAV123@@@QAEHPAVCPhysicalDevice@CMixerDevice@CAudioInput@@@Z 00404b00 f i AudioInput.obj
 0001:00003b30       ?RemoveAt@?$CArray@PAVCPhysicalDevice@CMixerDevice@CAudioInput@@PAV123@@@QAEXHH@Z 00404b30 f i AudioInput.obj
 0001:00003c40       ??1?$CArray@PAVCPhysicalDevice@CMixerDevice@CAudioInput@@PAV123@@@UAE@XZ 00404c40 f i AudioInput.obj
 0001:00003ce0       ?Serialize@?$CArray@PAVCPhysicalDevice@CMixerDevice@CAudioInput@@PAV123@@@UAEXAAVCArchive@@@Z 00404ce0 f i AudioInput.obj
 0001:00003d60       ?Dump@?$CArray@PAVCPhysicalDevice@CMixerDevice@CAudioInput@@PAV123@@@UBEXAAVCDumpContext@@@Z 00404d60 f i AudioInput.obj
 0001:00003de0       ?AssertValid@?$CArray@PAVCPhysicalDevice@CMixerDevice@CAudioInput@@PAV123@@@UBEXXZ 00404de0 f i AudioInput.obj
 0001:00003ed0       ??0?$CArray@PAVCMixerDevice@CAudioInput@@PAV12@@@QAE@XZ 00404ed0 f i AudioInput.obj
 0001:00003f20       ?GetSize@?$CArray@PAVCMixerDevice@CAudioInput@@PAV12@@@QBEHXZ 00404f20 f i AudioInput.obj
 0001:00003f40       ?RemoveAll@?$CArray@PAVCMixerDevice@CAudioInput@@PAV12@@@QAEXXZ 00404f40 f i AudioInput.obj
 0001:00003f60       ?GetAt@?$CArray@PAVCMixerDevice@CAudioInput@@PAV12@@@QAEAAPAVCMixerDevice@CAudioInput@@H@Z 00404f60 f i AudioInput.obj
 0001:00003fc0       ?Add@?$CArray@PAVCMixerDevice@CAudioInput@@PAV12@@@QAEHPAVCMixerDevice@CAudioInput@@@Z 00404fc0 f i AudioInput.obj
 0001:00003ff0       ?RemoveAt@?$CArray@PAVCMixerDevice@CAudioInput@@PAV12@@@QAEXHH@Z 00404ff0 f i AudioInput.obj
 0001:00004100       ??1?$CArray@PAVCMixerDevice@CAudioInput@@PAV12@@@UAE@XZ 00405100 f i AudioInput.obj
 0001:000041a0       ?Serialize@?$CArray@PAVCMixerDevice@CAudioInput@@PAV12@@@UAEXAAVCArchive@@@Z 004051a0 f i AudioInput.obj
 0001:00004220       ?Dump@?$CArray@PAVCMixerDevice@CAudioInput@@PAV12@@@UBEXAAVCDumpContext@@@Z 00405220 f i AudioInput.obj
 0001:000042a0       ?AssertValid@?$CArray@PAVCMixerDevice@CAudioInput@@PAV12@@@UBEXXZ 004052a0 f i AudioInput.obj
 0001:00004390       ??0?$CArray@UsMuteLine@CInputLine@CMixerDevice@CAudioInput@@U1234@@@QAE@XZ 00405390 f i AudioInput.obj
 0001:000043e0       ?GetSize@?$CArray@UsMuteLine@CInputLine@CMixerDevice@CAudioInput@@U1234@@@QBEHXZ 004053e0 f i AudioInput.obj
 0001:00004400       ?GetCount@?$CArray@UsMuteLine@CInputLine@CMixerDevice@CAudioInput@@U1234@@@QBEHXZ 00405400 f i AudioInput.obj
 0001:00004420       ?RemoveAll@?$CArray@UsMuteLine@CInputLine@CMixerDevice@CAudioInput@@U1234@@@QAEXXZ 00405420 f i AudioInput.obj
 0001:00004440       ?GetAt@?$CArray@UsMuteLine@CInputLine@CMixerDevice@CAudioInput@@U1234@@@QAEAAUsMuteLine@CInputLine@CMixerDevice@CAudioInput@@H@Z 00405440 f i AudioInput.obj
 0001:000044a0       ?SetAt@?$CArray@UsMuteLine@CInputLine@CMixerDevice@CAudioInput@@U1234@@@QAEXHUsMuteLine@CInputLine@CMixerDevice@CAudioInput@@@Z 004054a0 f i AudioInput.obj
 0001:00004510       ?Add@?$CArray@UsMuteLine@CInputLine@CMixerDevice@CAudioInput@@U1234@@@QAEHUsMuteLine@CInputLine@CMixerDevice@CAudioInput@@@Z 00405510 f i AudioInput.obj
 0001:00004550       ?Serialize@?$CArray@UsMuteLine@CInputLine@CMixerDevice@CAudioInput@@U1234@@@UAEXAAVCArchive@@@Z 00405550 f i AudioInput.obj
 0001:000045d0       ?Dump@?$CArray@UsMuteLine@CInputLine@CMixerDevice@CAudioInput@@U1234@@@UBEXAAVCDumpContext@@@Z 004055d0 f i AudioInput.obj
 0001:00004650       ?AssertValid@?$CArray@UsMuteLine@CInputLine@CMixerDevice@CAudioInput@@U1234@@@UBEXXZ 00405650 f i AudioInput.obj
 0001:00004740       ??_G?$CArray@PAVCInputLine@CMixerDevice@CAudioInput@@PAV123@@@UAEPAXI@Z 00405740 f i AudioInput.obj
 0001:00004740       ??_E?$CArray@PAVCInputLine@CMixerDevice@CAudioInput@@PAV123@@@UAEPAXI@Z 00405740 f i AudioInput.obj
 0001:00004770       ??_G?$CArray@PAVCPhysicalDevice@CMixerDevice@CAudioInput@@PAV123@@@UAEPAXI@Z 00405770 f i AudioInput.obj
 0001:00004770       ??_E?$CArray@PAVCPhysicalDevice@CMixerDevice@CAudioInput@@PAV123@@@UAEPAXI@Z 00405770 f i AudioInput.obj
 0001:000047a0       ??_E?$CArray@PAVCMixerDevice@CAudioInput@@PAV12@@@UAEPAXI@Z 004057a0 f i AudioInput.obj
 0001:000047a0       ??_G?$CArray@PAVCMixerDevice@CAudioInput@@PAV12@@@UAEPAXI@Z 004057a0 f i AudioInput.obj
 0001:000047d0       ??_G?$CArray@UsMuteLine@CInputLine@CMixerDevice@CAudioInput@@U1234@@@UAEPAXI@Z 004057d0 f i AudioInput.obj
 0001:000047d0       ??_E?$CArray@UsMuteLine@CInputLine@CMixerDevice@CAudioInput@@U1234@@@UAEPAXI@Z 004057d0 f i AudioInput.obj
 0001:00004800       ??1?$CArray@UsMuteLine@CInputLine@CMixerDevice@CAudioInput@@U1234@@@UAE@XZ 00405800 f i AudioInput.obj
 0001:000048a0       ?SetSize@?$CArray@PAVCInputLine@CMixerDevice@CAudioInput@@PAV123@@@QAEXHH@Z 004058a0 f i AudioInput.obj
 0001:00004cb0       ??2@YAPAXIPAX@Z            00405cb0 f i AudioInput.obj
 0001:00004cc0       ?SetAtGrow@?$CArray@PAVCInputLine@CMixerDevice@CAudioInput@@PAV123@@@QAEXHPAVCInputLine@CMixerDevice@CAudioInput@@@Z 00405cc0 f i AudioInput.obj
 0001:00004d30       ??$SerializeElements@PAVCInputLine@CMixerDevice@CAudioInput@@@@YGXAAVCArchive@@PAPAVCInputLine@CMixerDevice@CAudioInput@@H@Z 00405d30 f i AudioInput.obj
 0001:00004e30       ??$DumpElements@PAVCInputLine@CMixerDevice@CAudioInput@@@@YGXAAVCDumpContext@@PBQAVCInputLine@CMixerDevice@CAudioInput@@H@Z 00405e30 f i AudioInput.obj
 0001:00004e70       ?SetSize@?$CArray@PAVCPhysicalDevice@CMixerDevice@CAudioInput@@PAV123@@@QAEXHH@Z 00405e70 f i AudioInput.obj
 0001:00005280       ?SetAtGrow@?$CArray@PAVCPhysicalDevice@CMixerDevice@CAudioInput@@PAV123@@@QAEXHPAVCPhysicalDevice@CMixerDevice@CAudioInput@@@Z 00406280 f i AudioInput.obj
 0001:000052f0       ??$SerializeElements@PAVCPhysicalDevice@CMixerDevice@CAudioInput@@@@YGXAAVCArchive@@PAPAVCPhysicalDevice@CMixerDevice@CAudioInput@@H@Z 004062f0 f i AudioInput.obj
 0001:000053f0       ??$DumpElements@PAVCPhysicalDevice@CMixerDevice@CAudioInput@@@@YGXAAVCDumpContext@@PBQAVCPhysicalDevice@CMixerDevice@CAudioInput@@H@Z 004063f0 f i AudioInput.obj
 0001:00005430       ?SetSize@?$CArray@PAVCMixerDevice@CAudioInput@@PAV12@@@QAEXHH@Z 00406430 f i AudioInput.obj
 0001:00005840       ?SetAtGrow@?$CArray@PAVCMixerDevice@CAudioInput@@PAV12@@@QAEXHPAVCMixerDevice@CAudioInput@@@Z 00406840 f i AudioInput.obj
 0001:000058b0       ??$SerializeElements@PAVCMixerDevice@CAudioInput@@@@YGXAAVCArchive@@PAPAVCMixerDevice@CAudioInput@@H@Z 004068b0 f i AudioInput.obj
 0001:000059b0       ??$DumpElements@PAVCMixerDevice@CAudioInput@@@@YGXAAVCDumpContext@@PBQAVCMixerDevice@CAudioInput@@H@Z 004069b0 f i AudioInput.obj
 0001:000059f0       ?SetSize@?$CArray@UsMuteLine@CInputLine@CMixerDevice@CAudioInput@@U1234@@@QAEXHH@Z 004069f0 f i AudioInput.obj
 0001:00005e00       ?SetAtGrow@?$CArray@UsMuteLine@CInputLine@CMixerDevice@CAudioInput@@U1234@@@QAEXHUsMuteLine@CInputLine@CMixerDevice@CAudioInput@@@Z 00406e00 f i AudioInput.obj
 0001:00005e80       ??$SerializeElements@UsMuteLine@CInputLine@CMixerDevice@CAudioInput@@@@YGXAAVCArchive@@PAUsMuteLine@CInputLine@CMixerDevice@CAudioInput@@H@Z 00406e80 f i AudioInput.obj
 0001:00005f80       ??$DumpElements@UsMuteLine@CInputLine@CMixerDevice@CAudioInput@@@@YGXAAVCDumpContext@@PBUsMuteLine@CInputLine@CMixerDevice@CAudioInput@@H@Z 00406f80 f i AudioInput.obj
 0001:00005fc0       ??0CDefVolumeDlg@@QAE@PAVCWnd@@@Z 00406fc0 f   DefVolumeDlg.obj
 0001:000060e0       ?DoDataExchange@CDefVolumeDlg@@MAEXPAVCDataExchange@@@Z 004070e0 f   DefVolumeDlg.obj
 0001:000061c0       ?GetThisMessageMap@CDefVolumeDlg@@KGPBUAFX_MSGMAP@@XZ 004071c0 f   DefVolumeDlg.obj
 0001:000061d0       ?GetMessageMap@CDefVolumeDlg@@MBEPBUAFX_MSGMAP@@XZ 004071d0 f   DefVolumeDlg.obj
 0001:000061e0       ?OnHScroll@CDefVolumeDlg@@IAEXIIPAVCScrollBar@@@Z 004071e0 f   DefVolumeDlg.obj
 0001:00006330       ?OnInitDialog@CDefVolumeDlg@@MAEHXZ 00407330 f   DefVolumeDlg.obj
 0001:000064e0       ?ChangeEdt@CDefVolumeDlg@@IAEHHPAVCEdit@@PAVCSliderCtrl@@@Z 004074e0 f   DefVolumeDlg.obj
 0001:00006640       ?OnChangeEdtMic@CDefVolumeDlg@@IAEXXZ 00407640 f   DefVolumeDlg.obj
 0001:00006680       ?OnChangeEdtLin@CDefVolumeDlg@@IAEXXZ 00407680 f   DefVolumeDlg.obj
 0001:000066c0       ?OnChangeEdtAux@CDefVolumeDlg@@IAEXXZ 004076c0 f   DefVolumeDlg.obj
 0001:00006700       ?OnChangeEdtAnl@CDefVolumeDlg@@IAEXXZ 00407700 f   DefVolumeDlg.obj
 0001:00006740       ?GetDefaultVolumeValues@CDefVolumeDlg@@IAEXXZ 00407740 f   DefVolumeDlg.obj
 0001:000067b0       ?OnOK@CDefVolumeDlg@@MAEXXZ 004077b0 f   DefVolumeDlg.obj
 0001:00006820       ??_GCDefVolumeDlg@@UAEPAXI@Z 00407820 f i DefVolumeDlg.obj
 0001:00006820       ??_ECDefVolumeDlg@@UAEPAXI@Z 00407820 f i DefVolumeDlg.obj
 0001:00006850       ??1CDefVolumeDlg@@UAE@XZ   00407850 f i DefVolumeDlg.obj
 0001:00006920       ??0CDynamicLED@@QAE@XZ     00407920 f   DynamicLED.obj
 0001:00006a00       ??1CDynamicLED@@UAE@XZ     00407a00 f   DynamicLED.obj
 0001:00006ad0       ?GetThisMessageMap@CDynamicLED@@KGPBUAFX_MSGMAP@@XZ 00407ad0 f   DynamicLED.obj
 0001:00006ae0       ?GetMessageMap@CDynamicLED@@MBEPBUAFX_MSGMAP@@XZ 00407ae0 f   DynamicLED.obj
 0001:00006af0       ?InitLed@CDynamicLED@@QAEXPAVCWnd@@II@Z 00407af0 f   DynamicLED.obj
 0001:00006bb0       ?OnPaint@CDynamicLED@@IAEXXZ 00407bb0 f   DynamicLED.obj
 0001:00006c30       ?OnTimer@CDynamicLED@@IAEXI@Z 00407c30 f   DynamicLED.obj
 0001:00006ce0       ?Switch@CDynamicLED@@AAEXH@Z 00407ce0 f   DynamicLED.obj
 0001:00006db0       ?SwitchOn@CDynamicLED@@QAEXXZ 00407db0 f   DynamicLED.obj
 0001:00006dd0       ?SwitchOff@CDynamicLED@@QAEXXZ 00407dd0 f   DynamicLED.obj
 0001:00006df0       ?Blink@CDynamicLED@@QAEXH@Z 00407df0 f   DynamicLED.obj
 0001:00006e70       ?SetLedBright@CDynamicLED@@AAEHHH@Z 00407e70 f   DynamicLED.obj
 0001:00006f70       ?SetPenBrush@CDynamicLED@@AAEXXZ 00407f70 f   DynamicLED.obj
 0001:00007140       ?DrawRoundLed@CDynamicLED@@AAEXVCRect@@@Z 00408140 f   DynamicLED.obj
 0001:00007340       ?DrawSquareLed@CDynamicLED@@AAEXVCRect@@@Z 00408340 f   DynamicLED.obj
 0001:00007480       ??_GCDynamicLED@@UAEPAXI@Z 00408480 f i DynamicLED.obj
 0001:00007480       ??_ECDynamicLED@@UAEPAXI@Z 00408480 f i DynamicLED.obj
 0001:000074b0       ??0CLogAudioHdrs@@QAE@XZ   004084b0 f   LogAudioHdrs.obj
 0001:00007500       ??1CLogAudioHdrs@@UAE@XZ   00408500 f   LogAudioHdrs.obj
 0001:00007520       ?UpdateControls@CLogAudioHdrs@@MAEXXZ 00408520 f   LogAudioHdrs.obj
 0001:00007600       ?PostMessageStop@CLogAudioHdrs@@MAEXXZ 00408600 f   LogAudioHdrs.obj
 0001:00007630       ?PostMessageStart@CLogAudioHdrs@@MAEXXZ 00408630 f   LogAudioHdrs.obj
 0001:00007660       ?PostMessageCancel@CLogAudioHdrs@@MAEXXZ 00408660 f   LogAudioHdrs.obj
 0001:00007690       ?SppLoggerStop@CLogAudioHdrs@@MAEHXZ 00408690 f   LogAudioHdrs.obj
 0001:000076a0       ?SppLoggerStart@CLogAudioHdrs@@MAEHPAD@Z 004086a0 f   LogAudioHdrs.obj
 0001:000076c0       ?SppLoggerStat@CLogAudioHdrs@@MAEHPAH@Z 004086c0 f   LogAudioHdrs.obj
 0001:000076e0       ??_ECLogAudioHdrs@@UAEPAXI@Z 004086e0 f i LogAudioHdrs.obj
 0001:000076e0       ??_GCLogAudioHdrs@@UAEPAXI@Z 004086e0 f i LogAudioHdrs.obj
 0001:00007710       ??0CLogFmsConn@@QAE@XZ     00408710 f   LogFmsConn.obj
 0001:00007770       ??1CLogFmsConn@@UAE@XZ     00408770 f   LogFmsConn.obj
 0001:00007790       ?UpdateControls@CLogFmsConn@@MAEXXZ 00408790 f   LogFmsConn.obj
 0001:00007870       ?PostMessageStop@CLogFmsConn@@MAEXXZ 00408870 f   LogFmsConn.obj
 0001:000078a0       ?PostMessageStart@CLogFmsConn@@MAEXXZ 004088a0 f   LogFmsConn.obj
 0001:000078d0       ?PostMessageCancel@CLogFmsConn@@MAEXXZ 004088d0 f   LogFmsConn.obj
 0001:00007900       ?SppLoggerStop@CLogFmsConn@@MAEHXZ 00408900 f   LogFmsConn.obj
 0001:00007920       ?SppLoggerStart@CLogFmsConn@@MAEHPAD@Z 00408920 f   LogFmsConn.obj
 0001:00007940       ??_ECLogFmsConn@@UAEPAXI@Z 00408940 f i LogFmsConn.obj
 0001:00007940       ??_GCLogFmsConn@@UAEPAXI@Z 00408940 f i LogFmsConn.obj
 0001:00007970       ??0CLogPulse@@QAE@XZ       00408970 f   LogPulses.obj
 0001:000079c0       ??1CLogPulse@@UAE@XZ       004089c0 f   LogPulses.obj
 0001:000079e0       ?UpdateControls@CLogPulse@@MAEXXZ 004089e0 f   LogPulses.obj
 0001:00007ac0       ?PostMessageStop@CLogPulse@@MAEXXZ 00408ac0 f   LogPulses.obj
 0001:00007af0       ?PostMessageStart@CLogPulse@@MAEXXZ 00408af0 f   LogPulses.obj
 0001:00007b20       ?PostMessageCancel@CLogPulse@@MAEXXZ 00408b20 f   LogPulses.obj
 0001:00007b50       ?SppLoggerStop@CLogPulse@@MAEHXZ 00408b50 f   LogPulses.obj
 0001:00007b60       ?SppLoggerStart@CLogPulse@@MAEHPAD@Z 00408b60 f   LogPulses.obj
 0001:00007b80       ?SppLoggerStat@CLogPulse@@MAEHPAH@Z 00408b80 f   LogPulses.obj
 0001:00007ba0       ??_GCLogPulse@@UAEPAXI@Z   00408ba0 f i LogPulses.obj
 0001:00007ba0       ??_ECLogPulse@@UAEPAXI@Z   00408ba0 f i LogPulses.obj
 0001:00007bd0       ??0CLogRawPulse@@QAE@XZ    00408bd0 f   LogRawPulse.obj
 0001:00007c30       ??1CLogRawPulse@@UAE@XZ    00408c30 f   LogRawPulse.obj
 0001:00007c50       ?UpdateControls@CLogRawPulse@@MAEXXZ 00408c50 f   LogRawPulse.obj
 0001:00007d30       ?PostMessageStop@CLogRawPulse@@MAEXXZ 00408d30 f   LogRawPulse.obj
 0001:00007d60       ?PostMessageStart@CLogRawPulse@@MAEXXZ 00408d60 f   LogRawPulse.obj
 0001:00007d90       ?PostMessageCancel@CLogRawPulse@@MAEXXZ 00408d90 f   LogRawPulse.obj
 0001:00007dc0       ?SppLoggerStop@CLogRawPulse@@MAEHXZ 00408dc0 f   LogRawPulse.obj
 0001:00007dd0       ?SppLoggerStart@CLogRawPulse@@MAEHPAD@Z 00408dd0 f   LogRawPulse.obj
 0001:00007df0       ?SppLoggerStat@CLogRawPulse@@MAEHPAH@Z 00408df0 f   LogRawPulse.obj
 0001:00007e10       ??_ECLogRawPulse@@UAEPAXI@Z 00408e10 f i LogRawPulse.obj
 0001:00007e10       ??_GCLogRawPulse@@UAEPAXI@Z 00408e10 f i LogRawPulse.obj
 0001:00007e40       ?_GetBaseClass@CScanInputs@@KGPAUCRuntimeClass@@XZ 00408e40 f   ScanInputs.obj
 0001:00007e50       ?GetThisClass@CScanInputs@@SGPAUCRuntimeClass@@XZ 00408e50 f   ScanInputs.obj
 0001:00007e60       ?GetRuntimeClass@CScanInputs@@UBEPAUCRuntimeClass@@XZ 00408e60 f   ScanInputs.obj
 0001:00007e70       ??0CScanInputs@@QAE@PAVCWnd@@@Z 00408e70 f   ScanInputs.obj
 0001:00007fe0       ??1CScanInputs@@UAE@XZ     00408fe0 f   ScanInputs.obj
 0001:00008040       ?DoDataExchange@CScanInputs@@MAEXPAVCDataExchange@@@Z 00409040 f   ScanInputs.obj
 0001:00008070       ?GetThisMessageMap@CScanInputs@@KGPBUAFX_MSGMAP@@XZ 00409070 f   ScanInputs.obj
 0001:00008080       ?GetMessageMap@CScanInputs@@MBEPBUAFX_MSGMAP@@XZ 00409080 f   ScanInputs.obj
 0001:00008090       ?OnBnClickedCancel@CScanInputs@@QAEXXZ 00409090 f   ScanInputs.obj
 0001:00008130       ?OnBnClickedScan@CScanInputs@@QAEXXZ 00409130 f   ScanInputs.obj
 0001:00008310       ?OnBnClickedSaveLog@CScanInputs@@QAEXXZ 00409310 f   ScanInputs.obj
 0001:00008520       ?LogAudioLevel@CScanInputs@@IAEXHHH@Z 00409520 f   ScanInputs.obj
 0001:000086c0       ?ScanModulationTypes@CScanInputs@@IAEHXZ 004096c0 f   ScanInputs.obj
 0001:000087d0       ?LogModulation@CScanInputs@@IAEXHH@Z 004097d0 f   ScanInputs.obj
 0001:00008910       ?OnShowWindow@CScanInputs@@QAEXHI@Z 00409910 f   ScanInputs.obj
 0001:000089a0       ?OnIdle@CScanInputs@@QAEHXZ 004099a0 f   ScanInputs.obj
 0001:000089e0       ??_GCScanInputs@@UAEPAXI@Z 004099e0 f i ScanInputs.obj
 0001:000089e0       ??_ECScanInputs@@UAEPAXI@Z 004099e0 f i ScanInputs.obj
 0001:00008a10       ??HATL@@YA?AV?$CStringT@DV?$StrTraitMFC_DLL@DV?$ChTraitsCRT@D@ATL@@@@@0@ABV10@0@Z 00409a10 f i ScanInputs.obj
 0001:00008ac0       ?GetThisMessageMap@CSppConsoleApp@@KGPBUAFX_MSGMAP@@XZ 00409ac0 f   SppConsole.obj
 0001:00008ad0       ?GetMessageMap@CSppConsoleApp@@MBEPBUAFX_MSGMAP@@XZ 00409ad0 f   SppConsole.obj
 0001:00008ae0       ??0CSppConsoleApp@@QAE@XZ  00409ae0 f   SppConsole.obj
 0001:00008b10       ?InitInstance@CSppConsoleApp@@UAEHXZ 00409b10 f   SppConsole.obj
 0001:00008bd0       ?doStartIconified@CSppConsoleApp@@IAE_NXZ 00409bd0 f   SppConsole.obj
 0001:00008c30       ?OnAbout@CSppConsoleApp@@QAEXXZ 00409c30 f   SppConsole.obj
 0001:00008ca0       ??_GCSppConsoleApp@@UAEPAXI@Z 00409ca0 f i SppConsole.obj
 0001:00008ca0       ??_ECSppConsoleApp@@UAEPAXI@Z 00409ca0 f i SppConsole.obj
 0001:00008cd0       ??1CSppConsoleApp@@UAE@XZ  00409cd0 f i SppConsole.obj
 0001:00008cf0       ??1CSppConsoleDlg@@UAE@XZ  00409cf0 f i SppConsole.obj
 0001:00008d80       ??0CSppConsoleDlg@@QAE@PAVCWnd@@@Z 00409d80 f   SppConsoleDlg.obj
 0001:00008f30       ?DoDataExchange@CSppConsoleDlg@@MAEXPAVCDataExchange@@@Z 00409f30 f   SppConsoleDlg.obj
 0001:000090a0       ?GetThisMessageMap@CSppConsoleDlg@@KGPBUAFX_MSGMAP@@XZ 0040a0a0 f   SppConsoleDlg.obj
 0001:000090b0       ?GetMessageMap@CSppConsoleDlg@@MBEPBUAFX_MSGMAP@@XZ 0040a0b0 f   SppConsoleDlg.obj
 0001:000090c0       ?GetDllVersion@@YAKPBD@Z   0040a0c0 f   SppConsoleDlg.obj
 0001:00009150       ?ThreeBeeps@@YAXXZ         0040a150 f   SppConsoleDlg.obj
 0001:000091b0       ?OneBeep@@YAXXZ            0040a1b0 f   SppConsoleDlg.obj
 0001:000091e0       ?OnInitDialog@CSppConsoleDlg@@MAEHXZ 0040a1e0 f   SppConsoleDlg.obj
 0001:000096b0       ?OnDestroy@CSppConsoleDlg@@IAEXXZ 0040a6b0 f   SppConsoleDlg.obj
 0001:000097e0       ?OnPaint@CSppConsoleDlg@@IAEXXZ 0040a7e0 f   SppConsoleDlg.obj
 0001:00009920       ?OnQueryDragIcon@CSppConsoleDlg@@IAEPAUHICON__@@XZ 0040a920 f   SppConsoleDlg.obj
 0001:00009940       ?SomethingChanged@CSppConsoleDlg@@QAEXXZ 0040a940 f   SppConsoleDlg.obj
 0001:00009980       ?OnSelchangeModType@CSppConsoleDlg@@IAEXXZ 0040a980 f   SppConsoleDlg.obj
 0001:00009ad0       ?GetModeTypeCtrl@CSppConsoleDlg@@QAEPAVCWnd@@XZ 0040aad0 f   SppConsoleDlg.obj
 0001:00009af0       ?OnShiftAuto@CSppConsoleDlg@@IAEXXZ 0040aaf0 f   SppConsoleDlg.obj
 0001:00009b90       ?GetShiftAutoCtrl@CSppConsoleDlg@@QAEPAVCWnd@@XZ 0040ab90 f   SppConsoleDlg.obj
 0001:00009bb0       ?OnShiftPos@CSppConsoleDlg@@IAEXXZ 0040abb0 f   SppConsoleDlg.obj
 0001:00009bd0       ?GetShiftPosCtrl@CSppConsoleDlg@@QAEPAVCWnd@@XZ 0040abd0 f   SppConsoleDlg.obj
 0001:00009bf0       ?OnShiftNeg@CSppConsoleDlg@@IAEXXZ 0040abf0 f   SppConsoleDlg.obj
 0001:00009c10       ?OnHide@CSppConsoleDlg@@IAEXXZ 0040ac10 f   SppConsoleDlg.obj
 0001:00009c40       ?OnShow@CSppConsoleDlg@@IAEXXZ 0040ac40 f   SppConsoleDlg.obj
 0001:00009c70       ?PopulateModulation@CSppConsoleDlg@@IAEHXZ 0040ac70 f   SppConsoleDlg.obj
 0001:00009e70       ?ShowShiftRB@CSppConsoleDlg@@IAEX_N@Z 0040ae70 f   SppConsoleDlg.obj
 0001:00009f20       ?TaskBarAddIcon@CSppConsoleDlg@@IAEHIPAUHICON__@@PAD@Z 0040af20 f   SppConsoleDlg.obj
 0001:0000a100       ?TaskBarDelIcon@CSppConsoleDlg@@IAEHI@Z 0040b100 f   SppConsoleDlg.obj
 0001:0000a160       ?TaskBarIconBaloon@CSppConsoleDlg@@IAEHIPBD0@Z 0040b160 f   SppConsoleDlg.obj
 0001:0000a280       ?TaskBarIconToolTip@CSppConsoleDlg@@IAEHIPBD@Z 0040b280 f   SppConsoleDlg.obj
 0001:0000a310       ?StartIconified@CSppConsoleDlg@@QAEX_N@Z 0040b310 f   SppConsoleDlg.obj
 0001:0000a330       ?OnStatusAreaMessage@CSppConsoleDlg@@IAEJIJ@Z 0040b330 f   SppConsoleDlg.obj
 0001:0000a390       ?OnMixerLineChange@CSppConsoleDlg@@AAEJIJ@Z 0040b390 f   SppConsoleDlg.obj
 0001:0000a3a0       ?OnMixerControlChange@CSppConsoleDlg@@AAEJIJ@Z 0040b3a0 f   SppConsoleDlg.obj
 0001:0000a420       ?ShowTrayIconMenu@CSppConsoleDlg@@IAEXI@Z 0040b420 f   SppConsoleDlg.obj
 0001:0000a580       ?OnWindowPosChanging@CSppConsoleDlg@@IAEXPAUtagWINDOWPOS@@@Z 0040b580 f   SppConsoleDlg.obj
 0001:0000a5c0       ?OnInterSppConsole@CSppConsoleDlg@@IAEJIJ@Z 0040b5c0 f   SppConsoleDlg.obj
 0001:0000a5f0       ?OnInterSppApps@CSppConsoleDlg@@IAEJIJ@Z 0040b5f0 f   SppConsoleDlg.obj
 0001:0000aa50       ?OnOK@CSppConsoleDlg@@MAEXXZ 0040ba50 f   SppConsoleDlg.obj
 0001:0000aab0       ?OnCancel@CSppConsoleDlg@@MAEXXZ 0040bab0 f   SppConsoleDlg.obj
 0001:0000aad0       ?isDllActive@CSppConsoleDlg@@IAE_NXZ 0040bad0 f   SppConsoleDlg.obj
 0001:0000ab20       ?GetStatusString@CSppConsoleDlg@@QAE?AV?$CStringT@DV?$StrTraitMFC_DLL@DV?$ChTraitsCRT@D@ATL@@@@@ATL@@XZ 0040bb20 f   SppConsoleDlg.obj
 0001:0000ae20       ?OnToolTipNotify@CSppConsoleDlg@@IAEHIPAUtagNMHDR@@PAJ@Z 0040be20 f   SppConsoleDlg.obj
 0001:0000ae90       ?GetFmsStatusString@CSppConsoleDlg@@IAEHAAV?$CStringT@DV?$StrTraitMFC_DLL@DV?$ChTraitsCRT@D@ATL@@@@@ATL@@@Z 0040be90 f   SppConsoleDlg.obj
 0001:0000b100       ?PopulateAudioSource@CSppConsoleDlg@@IAEXXZ 0040c100 f   SppConsoleDlg.obj
 0001:0000b1f0       ?GetMixerDeviceCtrl@CSppConsoleDlg@@QAEPAVCWnd@@XZ 0040c1f0 f   SppConsoleDlg.obj
 0001:0000b210       ?PopulateInputLines@CSppConsoleDlg@@IAEXXZ 0040c210 f   SppConsoleDlg.obj
 0001:0000b2f0       ?GetAudioLinesCtrl@CSppConsoleDlg@@QAEPAVCWnd@@XZ 0040c2f0 f   SppConsoleDlg.obj
 0001:0000b310       ?OnSelchangeMixerdevice@CSppConsoleDlg@@IAEXXZ 0040c310 f   SppConsoleDlg.obj
 0001:0000b3f0       ?OnSelchangeAudioSrc@CSppConsoleDlg@@IAEXXZ 0040c3f0 f   SppConsoleDlg.obj
 0001:0000b4c0       ?OnEnableAudio@CSppConsoleDlg@@IAEXXZ 0040c4c0 f   SppConsoleDlg.obj
 0001:0000b550       ?EnableAudio@CSppConsoleDlg@@IAEXH@Z 0040c550 f   SppConsoleDlg.obj
 0001:0000b6b0       ?GetCurrentMixerDevice@CSppConsoleDlg@@IAEHXZ 0040c6b0 f   SppConsoleDlg.obj
 0001:0000b740       ?GetCurrentInputLine@CSppConsoleDlg@@IAEHXZ 0040c740 f   SppConsoleDlg.obj
 0001:0000b780       ?GetSavedCurrentInputLine@CSppConsoleDlg@@IAE_NPAI@Z 0040c780 f   SppConsoleDlg.obj
 0001:0000b7f0       ?GetCurrentInputLineFromSystem@CSppConsoleDlg@@IAE_NPAI@Z 0040c7f0 f   SppConsoleDlg.obj
 0001:0000b850       ?SetCurrentMixerDevice@CSppConsoleDlg@@IAEXI@Z 0040c850 f   SppConsoleDlg.obj
 0001:0000b8a0       ?SetCurrentInputLine@CSppConsoleDlg@@IAEXH@Z 0040c8a0 f   SppConsoleDlg.obj
 0001:0000b920       ?GetCheckAudioCtrl@CSppConsoleDlg@@QAEPAVCWnd@@XZ 0040c920 f   SppConsoleDlg.obj
 0001:0000b940       ?CheckAudioCB@CSppConsoleDlg@@IAEXXZ 0040c940 f   SppConsoleDlg.obj
 0001:0000b970       ?OnSetCursor@CSppConsoleDlg@@IAEHPAVCWnd@@II@Z 0040c970 f   SppConsoleDlg.obj
 0001:0000ba00       ?HearTx@CSppConsoleDlg@@IAEX_N@Z 0040ca00 f   SppConsoleDlg.obj
 0001:0000bad0       ?OnSelSrc@CSppConsoleDlg@@IAEXXZ 0040cad0 f   SppConsoleDlg.obj
 0001:0000bc60       ?OnAudioDst@CSppConsoleDlg@@IAEXXZ 0040cc60 f   SppConsoleDlg.obj
 0001:0000bdf0       ?OnAudioVol@CSppConsoleDlg@@IAEXXZ 0040cdf0 f   SppConsoleDlg.obj
 0001:0000be80       ?OnAudioPrint@CSppConsoleDlg@@IAEXXZ 0040ce80 f   SppConsoleDlg.obj
 0001:0000bfa0       ?PpJoyExShowCtrl@CSppConsoleDlg@@IAEXXZ 0040cfa0 f   SppConsoleDlg.obj
 0001:0000bfe0       ?OnPpjoyex@CSppConsoleDlg@@IAEXXZ 0040cfe0 f   SppConsoleDlg.obj
 0001:0000c0e0       ?UpdateFilterMenu@CSppConsoleDlg@@IAEXXZ 0040d0e0 f   SppConsoleDlg.obj
 0001:0000c3f0       ?OnFilterSelect@CSppConsoleDlg@@IAEXI@Z 0040d3f0 f   SppConsoleDlg.obj
 0001:0000c570       ?OnHideMsg@CSppConsoleDlg@@AAEJIJ@Z 0040d570 f   SppConsoleDlg.obj
 0001:0000c590       ?LocateDialogWindow@CSppConsoleDlg@@IAEHXZ 0040d590 f   SppConsoleDlg.obj
 0001:0000c610       ?StoreLocationDialogWindow@CSppConsoleDlg@@IAEHXZ 0040d610 f   SppConsoleDlg.obj
 0001:0000c640       ?OnTimer@CSppConsoleDlg@@QAEXI@Z 0040d640 f   SppConsoleDlg.obj
 0001:0000c750       ?InitJoyPosBars@CSppConsoleDlg@@IAEXXZ 0040d750 f   SppConsoleDlg.obj
 0001:0000c7e0       ?SetJoyPosBars@CSppConsoleDlg@@IAEXPAH@Z 0040d7e0 f   SppConsoleDlg.obj
 0001:0000c8d0       ?OnWaveRec@CSppConsoleDlg@@IAEXXZ 0040d8d0 f   SppConsoleDlg.obj
 0001:0000c9b0       ?OnWaveRecStart@CSppConsoleDlg@@AAEJIJ@Z 0040d9b0 f   SppConsoleDlg.obj
 0001:0000ca10       ?OnWaveRecStop@CSppConsoleDlg@@AAEJIJ@Z 0040da10 f   SppConsoleDlg.obj
 0001:0000ca70       ?OnWaveRecCancel@CSppConsoleDlg@@AAEJIJ@Z 0040da70 f   SppConsoleDlg.obj
 0001:0000caa0       ?OnAdvancedJitter@CSppConsoleDlg@@QAEXXZ 0040daa0 f   SppConsoleDlg.obj
 0001:0000cac0       ?InitJitterStatus@CSppConsoleDlg@@IAEXXZ 0040dac0 f   SppConsoleDlg.obj
 0001:0000cb20       ?UpdateJitterStatus@CSppConsoleDlg@@IAEXHH@Z 0040db20 f   SppConsoleDlg.obj
 0001:0000cd30       ?UpdateFmsMenuItem@CSppConsoleDlg@@IAEXH@Z 0040dd30 f   SppConsoleDlg.obj
 0001:0000ce50       ?OnRunFms@CSppConsoleDlg@@QAEXXZ 0040de50 f   SppConsoleDlg.obj
 0001:0000cf70       ?OnSysCommand@CSppConsoleDlg@@QAEXIJ@Z 0040df70 f   SppConsoleDlg.obj
 0001:0000cfa0       ?OnLogAudioHdrs@CSppConsoleDlg@@QAEXXZ 0040dfa0 f   SppConsoleDlg.obj
 0001:0000d080       ?OnLogAudioHdrsCancel@CSppConsoleDlg@@AAEJIJ@Z 0040e080 f   SppConsoleDlg.obj
 0001:0000d0b0       ?OnLogPulse@CSppConsoleDlg@@QAEXXZ 0040e0b0 f   SppConsoleDlg.obj
 0001:0000d1f0       ?OnLogPulseCancel@CSppConsoleDlg@@AAEJIJ@Z 0040e1f0 f   SppConsoleDlg.obj
 0001:0000d220       ?OnLogFmsConn@CSppConsoleDlg@@QAEXXZ 0040e220 f   SppConsoleDlg.obj
 0001:0000d340       ?OnFmsConnStart@CSppConsoleDlg@@AAEJIJ@Z 0040e340 f   SppConsoleDlg.obj
 0001:0000d5f0       ?OnFmsConnStop@CSppConsoleDlg@@AAEJIJ@Z 0040e5f0 f   SppConsoleDlg.obj
 0001:0000d740       ?OnFmsConnCancel@CSppConsoleDlg@@AAEJIJ@Z 0040e740 f   SppConsoleDlg.obj
 0001:0000d770       ?OnLogRawPulse@CSppConsoleDlg@@QAEXXZ 0040e770 f   SppConsoleDlg.obj
 0001:0000d890       ?OnRawPulseCancel@CSppConsoleDlg@@AAEJIJ@Z 0040e890 f   SppConsoleDlg.obj
 0001:0000d8c0       ?OnBnClickedScandlg@CSppConsoleDlg@@QAEXXZ 0040e8c0 f   SppConsoleDlg.obj
 0001:0000d9a0       ?GetAudioLevel@CSppConsoleDlg@@QAEHXZ 0040e9a0 f   SppConsoleDlg.obj
 0001:0000d9d0       ?GetNumJoystickPos@CSppConsoleDlg@@QAEHXZ 0040e9d0 f   SppConsoleDlg.obj
 0001:0000da10       ?OnEnterIdle@CSppConsoleDlg@@QAEXIPAVCWnd@@@Z 0040ea10 f   SppConsoleDlg.obj
 0001:0000da50       ??_ECSppConsoleDlg@@UAEPAXI@Z 0040ea50 f i SppConsoleDlg.obj
 0001:0000da50       ??_GCSppConsoleDlg@@UAEPAXI@Z 0040ea50 f i SppConsoleDlg.obj
 0001:0000da80       ??_GCFilterIf@@QAEPAXI@Z   0040ea80 f i SppConsoleDlg.obj
 0001:0000dab0       ?GetWindowInfo@CWnd@@QBEHPAUtagWINDOWINFO@@@Z 0040eab0 f i SppConsoleDlg.obj
 0001:0000daf0       ?_GetBaseClass@CStaticLink@@KGPAUCRuntimeClass@@XZ 0040eaf0 f   StatLink.obj
 0001:0000db00       ?GetThisClass@CStaticLink@@SGPAUCRuntimeClass@@XZ 0040eb00 f   StatLink.obj
 0001:0000db10       ?GetRuntimeClass@CStaticLink@@UBEPAUCRuntimeClass@@XZ 0040eb10 f   StatLink.obj
 0001:0000db20       ?GetThisMessageMap@CStaticLink@@KGPBUAFX_MSGMAP@@XZ 0040eb20 f   StatLink.obj
 0001:0000db30       ?GetMessageMap@CStaticLink@@MBEPBUAFX_MSGMAP@@XZ 0040eb30 f   StatLink.obj
 0001:0000db40       ??0CStaticLink@@QAE@XZ     0040eb40 f   StatLink.obj
 0001:0000dbd0       ?CtlColor@CStaticLink@@QAEPAUHBRUSH__@@PAVCDC@@I@Z 0040ebd0 f   StatLink.obj
 0001:0000dcf0       ?OnClicked@CStaticLink@@QAEXXZ 0040ecf0 f   StatLink.obj
 0001:0000dda0       ?SetDefaultCursor@CStaticLink@@QAEXXZ 0040eda0 f   StatLink.obj
 0001:0000de80       ?OnSetCursor@CStaticLink@@QAEHPAVCWnd@@II@Z 0040ee80 f   StatLink.obj
 0001:0000deb0       ?SetLink@CStaticLink@@QAE?AV?$CStringT@DV?$StrTraitMFC_DLL@DV?$ChTraitsCRT@D@ATL@@@@@ATL@@V23@@Z 0040eeb0 f   StatLink.obj
 0001:0000dfa0       ??_GCStaticLink@@UAEPAXI@Z 0040efa0 f i StatLink.obj
 0001:0000dfa0       ??_ECStaticLink@@UAEPAXI@Z 0040efa0 f i StatLink.obj
 0001:0000dfd0       ??0CTraceFileAndLineInfo@ATL@@QAE@PBDH@Z 0040efd0 f i StatLink.obj
 0001:0000e000       ??RCTraceFileAndLineInfo@ATL@@QBAXPBDZZ 0040f000 f i StatLink.obj
 0001:0000e050       ?TraceV@CTrace@ATL@@QBAXPBDHKI0PAD@Z 0040f050 f i StatLink.obj
 0001:0000e080       ??BCTraceCategory@ATL@@QBEKXZ 0040f080 f i StatLink.obj
 0001:0000e090       ?GetEnvironmentVariableWThunk@ATL@@YGKPBGPAGK@Z 0040f090 f i StdAfx.obj
 0001:0000e0d0       ?_AtlInstallStringThunk@ATL@@YAXPAPAXPAX1@Z 0040f0d0 f i StdAfx.obj
 0001:0000e130       ?GetEnvironmentVariableWFake@ATL@@YGKPBGPAGK@Z 0040f130 f i StdAfx.obj
 0001:0000e310       ?_AtlGetConversionACP@ATL@@YGIXZ 0040f310 f i StdAfx.obj
 0001:0000e320       ?CompareStringWThunk@ATL@@YGHKKPBGH0H@Z 0040f320 f i StdAfx.obj
 0001:0000e360       ?CompareStringWFake@ATL@@YGHKKPBGH0H@Z 0040f360 f i StdAfx.obj
 0001:0000e540       ?_AtlVerifyStackAvailable@_ATL_SAFE_ALLOCA_IMPL@ATL@@YA_NK@Z 0040f540 f i StdAfx.obj
 0001:0000e5e0       ?AtlW2AHelper@@YGPADPADPBGHI@Z 0040f5e0 f i StdAfx.obj
 0001:0000e6b0       ?AtlThrow@ATL@@YGXJ@Z      0040f6b0 f i StdAfx.obj
 0001:0000e710       ??RCTraceFileAndLineInfo@ATL@@QBAXKIPBDZZ 0040f710 f i StdAfx.obj
 0001:0000e750       ?GetStringTypeExWThunk@ATL@@YGHKKPBGHPAG@Z 0040f750 f i StdAfx.obj
 0001:0000e790       ?GetStringTypeExWFake@ATL@@YGHKKPBGHPAG@Z 0040f790 f i StdAfx.obj
 0001:0000e8a0       ?lstrcmpiWThunk@ATL@@YGHPBG0@Z 0040f8a0 f i StdAfx.obj
 0001:0000e8d0       ?lstrcmpiWFake@ATL@@YGHPBG0@Z 0040f8d0 f i StdAfx.obj
 0001:0000e9b0       ?CharLowerWThunk@ATL@@YGPAGPAG@Z 0040f9b0 f i StdAfx.obj
 0001:0000e9e0       ?CharLowerWFake@ATL@@YGPAGPAG@Z 0040f9e0 f i StdAfx.obj
 0001:0000ead0       ?AtlA2WHelper@@YGPAGPAGPBDHI@Z 0040fad0 f i StdAfx.obj
 0001:0000eba0       ?CharUpperWThunk@ATL@@YGPAGPAG@Z 0040fba0 f i StdAfx.obj
 0001:0000ebd0       ?CharUpperWFake@ATL@@YGPAGPAG@Z 0040fbd0 f i StdAfx.obj
 0001:0000ecc0       ??_Estringdispid@CComTypeInfoHolder@ATL@@QAEPAXI@Z 0040fcc0 f i StdAfx.obj
 0001:0000ed30       ??1stringdispid@CComTypeInfoHolder@ATL@@QAE@XZ 0040fd30 f i StdAfx.obj
 0001:0000ed50       ??1CComBSTR@ATL@@QAE@XZ    0040fd50 f i StdAfx.obj
 0001:0000ed70       ??0?$CAtlSafeAllocBufferManager@VCCRTAllocator@ATL@@@_ATL_SAFE_ALLOCA_IMPL@ATL@@QAE@XZ 0040fd70 f i StdAfx.obj
 0001:0000ed90       ?Allocate@?$CAtlSafeAllocBufferManager@VCCRTAllocator@ATL@@@_ATL_SAFE_ALLOCA_IMPL@ATL@@QAEPAXK@Z 0040fd90 f i StdAfx.obj
 0001:0000ede0       ?Allocate@CCRTAllocator@ATL@@SAPAXI@Z 0040fde0 f i StdAfx.obj
 0001:0000ee00       ??1?$CAtlSafeAllocBufferManager@VCCRTAllocator@ATL@@@_ATL_SAFE_ALLOCA_IMPL@ATL@@QAE@XZ 0040fe00 f i StdAfx.obj
 0001:0000ee40       ?Free@CCRTAllocator@ATL@@SAXPAX@Z 0040fe40 f i StdAfx.obj
 0001:0000ee60       ??0?$CTempBuffer@D$0IA@VCCRTAllocator@ATL@@@ATL@@QAE@XZ 0040fe60 f i StdAfx.obj
 0001:0000ee80       ??1?$CTempBuffer@D$0IA@VCCRTAllocator@ATL@@@ATL@@QAE@XZ 0040fe80 f i StdAfx.obj
 0001:0000eea0       ??B?$CTempBuffer@D$0IA@VCCRTAllocator@ATL@@@ATL@@QBEPADXZ 0040fea0 f i StdAfx.obj
 0001:0000eeb0       ?Allocate@?$CTempBuffer@D$0IA@VCCRTAllocator@ATL@@@ATL@@QAEPADI@Z 0040feb0 f i StdAfx.obj
 0001:0000eed0       ??0?$CW2AEX@$0IA@@ATL@@QAE@PBG@Z 0040fed0 f i StdAfx.obj
 0001:0000ef00       ??1?$CW2AEX@$0IA@@ATL@@QAE@XZ 0040ff00 f i StdAfx.obj
 0001:0000ef30       ??B?$CW2AEX@$0IA@@ATL@@QBEPADXZ 0040ff30 f i StdAfx.obj
 0001:0000ef40       ?AllocateBytes@?$CTempBuffer@D$0IA@VCCRTAllocator@ATL@@@ATL@@QAEPADI@Z 0040ff40 f i StdAfx.obj
 0001:0000efa0       ?FreeHeap@?$CTempBuffer@D$0IA@VCCRTAllocator@ATL@@@ATL@@AAEXXZ 0040ffa0 f i StdAfx.obj
 0001:0000efc0       ?Init@?$CW2AEX@$0IA@@ATL@@AAEXPBGI@Z 0040ffc0 f i StdAfx.obj
 0001:0000f050       ?AtlThrowLastWin32@ATL@@YGXXZ 00410050 f i StdAfx.obj
 0001:0000f0a0       ?GetData@CAtlSafeAllocBufferNode@?$CAtlSafeAllocBufferManager@VCCRTAllocator@ATL@@@_ATL_SAFE_ALLOCA_IMPL@ATL@@QAEPAXXZ 004100a0 f i StdAfx.obj
 0001:0000f0c0       ?AllocateHeap@?$CTempBuffer@D$0IA@VCCRTAllocator@ATL@@@ATL@@AAEXI@Z 004100c0 f i StdAfx.obj
 0001:0000f100       ??0CAtlWinModule@ATL@@QAE@XZ 00410100 f i StdAfx.obj
 0001:0000f140       ??0_ATL_WIN_MODULE70@ATL@@QAE@XZ 00410140 f i StdAfx.obj
 0001:0000f170       ??0CComCriticalSection@ATL@@QAE@XZ 00410170 f i StdAfx.obj
 0001:0000f190       ??0?$CSimpleArray@GV?$CSimpleArrayEqualHelper@G@ATL@@@ATL@@QAE@XZ 00410190 f i StdAfx.obj
 0001:0000f1c0       ??1CAtlWinModule@ATL@@QAE@XZ 004101c0 f i StdAfx.obj
 0001:0000f210       ?Term@CAtlWinModule@ATL@@QAEXXZ 00410210 f i StdAfx.obj
 0001:0000f230       ?GetModuleInstance@CAtlBaseModule@ATL@@QAEPAUHINSTANCE__@@XZ 00410230 f i StdAfx.obj
 0001:0000f250       ??1_ATL_WIN_MODULE70@ATL@@QAE@XZ 00410250 f i StdAfx.obj
 0001:0000f270       ?AtlWinModuleTerm@ATL@@YGJPAU_ATL_WIN_MODULE70@1@PAUHINSTANCE__@@@Z 00410270 f i StdAfx.obj
 0001:0000f310       ?Term@CComCriticalSection@ATL@@QAEJXZ 00410310 f i StdAfx.obj
 0001:0000f330       ??1?$CSimpleArray@GV?$CSimpleArrayEqualHelper@G@ATL@@@ATL@@QAE@XZ 00410330 f i StdAfx.obj
 0001:0000f350       ?GetSize@?$CSimpleArray@GV?$CSimpleArrayEqualHelper@G@ATL@@@ATL@@QBEHXZ 00410350 f i StdAfx.obj
 0001:0000f370       ?RemoveAll@?$CSimpleArray@GV?$CSimpleArrayEqualHelper@G@ATL@@@ATL@@QAEXXZ 00410370 f i StdAfx.obj
 0001:0000f3d0       ??A?$CSimpleArray@GV?$CSimpleArrayEqualHelper@G@ATL@@@ATL@@QAEAAGH@Z 004103d0 f i StdAfx.obj
 0001:0000f440       ?_AtlRaiseException@ATL@@YAXKK@Z 00410440 f i StdAfx.obj
 0001:0000f460       ?_GetBaseClass@CWaveRec@@KGPAUCRuntimeClass@@XZ 00410460 f   WaveRec.obj
 0001:0000f470       ?GetThisClass@CWaveRec@@SGPAUCRuntimeClass@@XZ 00410470 f   WaveRec.obj
 0001:0000f480       ?GetRuntimeClass@CWaveRec@@UBEPAUCRuntimeClass@@XZ 00410480 f   WaveRec.obj
 0001:0000f490       ??0CWaveRec@@QAE@PAVCWnd@@@Z 00410490 f   WaveRec.obj
 0001:0000f560       ??1CWaveRec@@UAE@XZ        00410560 f   WaveRec.obj
 0001:0000f5c0       ?DoDataExchange@CWaveRec@@MAEXPAVCDataExchange@@@Z 004105c0 f   WaveRec.obj
 0001:0000f600       ?GetThisMessageMap@CWaveRec@@KGPBUAFX_MSGMAP@@XZ 00410600 f   WaveRec.obj
 0001:0000f610       ?GetMessageMap@CWaveRec@@MBEPBUAFX_MSGMAP@@XZ 00410610 f   WaveRec.obj
 0001:0000f620       ?OnBnClickedRecStop@CWaveRec@@QAEXXZ 00410620 f   WaveRec.obj
 0001:0000f740       ?OnBnClickedRecStart@CWaveRec@@QAEXXZ 00410740 f   WaveRec.obj
 0001:0000f840       ?UpdateControls@CWaveRec@@MAEXXZ 00410840 f   WaveRec.obj
 0001:0000f990       ?OnInitDialog@CWaveRec@@UAEHXZ 00410990 f   WaveRec.obj
 0001:0000fa40       ?PostMessageStop@CWaveRec@@MAEXXZ 00410a40 f   WaveRec.obj
 0001:0000fa70       ?PostMessageStart@CWaveRec@@MAEXXZ 00410a70 f   WaveRec.obj
 0001:0000faa0       ?PostMessageCancel@CWaveRec@@MAEXXZ 00410aa0 f   WaveRec.obj
 0001:0000fad0       ?PostMessagePlay@CWaveRec@@MAEXXZ 00410ad0 f   WaveRec.obj
 0001:0000fb00       ?OnBnClickedCancel@CWaveRec@@QAEXXZ 00410b00 f   WaveRec.obj
 0001:0000fb80       ?RenameWaveFile@CWaveRec@@IAEXXZ 00410b80 f   WaveRec.obj
 0001:0000fcd0       ?GetWaveFileName@CWaveRec@@IAE_NXZ 00410cd0 f   WaveRec.obj
 0001:0000fde0       ?OnTimer@CWaveRec@@QAEXI@Z 00410de0 f   WaveRec.obj
 0001:0000feb0       ?OnBnClickedRecPlay@CWaveRec@@QAEXXZ 00410eb0 f   WaveRec.obj
 0001:00010030       ?SppLoggerStop@CWaveRec@@MAEHXZ 00411030 f   WaveRec.obj
 0001:00010040       ?SppLoggerPlay@CWaveRec@@MAEHPAD@Z 00411040 f   WaveRec.obj
 0001:00010060       ?SppLoggerStart@CWaveRec@@MAEHPAD@Z 00411060 f   WaveRec.obj
 0001:00010080       ?SppLoggerStat@CWaveRec@@MAEHPAH@Z 00411080 f   WaveRec.obj
 0001:000100a0       ?OnNcDestroy@CWaveRec@@QAEXXZ 004110a0 f   WaveRec.obj
 0001:000100e0       ??_ECWaveRec@@UAEPAXI@Z    004110e0 f i WaveRec.obj
 0001:000100e0       ??_GCWaveRec@@UAEPAXI@Z    004110e0 f i WaveRec.obj
 0001:00010110       __tcsncpy                  00411110 f i WaveRec.obj
 0001:00010130       _SppMessageBoxWithErrorCode 00411130 f   smartpropoplus:SmartPropoPlus.obj
 0001:000101c0       _SetLocationDialogWindow   004111c0 f   smartpropoplus:SmartPropoPlus.obj
 0001:000101e0       _GetLocationDialogWindow   004111e0 f   smartpropoplus:SmartPropoPlus.obj
 0001:00010200       _SetSelectedFilter         00411200 f   smartpropoplus:SmartPropoPlus.obj
 0001:00010220       _SetActiveMode             00411220 f   smartpropoplus:SmartPropoPlus.obj
 0001:00010240       _SetShiftAutoDetect        00411240 f   smartpropoplus:SmartPropoPlus.obj
 0001:00010260       _SetPositiveShift          00411260 f   smartpropoplus:SmartPropoPlus.obj
 0001:00010280       _GetModulation             00411280 f   smartpropoplus:SmartPropoPlus.obj
 0001:000102a0       _GetDebugLevel             004112a0 f   smartpropoplus:SmartPropoPlus.obj
 0001:000102b0       _ModeDisplayFromInternalName 004112b0 f   smartpropoplus:SmartPropoPlus.obj
 0001:00010360       _isBaseRegistryExist       00411360 f   smartpropoplus:SmartPropoPlus.obj
 0001:000103b0       _GetDefaultVolumeValue     004113b0 f   smartpropoplus:SmartPropoPlus.obj
 0001:00010440       _SetDefaultVolumeValue     00411440 f   smartpropoplus:SmartPropoPlus.obj
 0001:00010460       _GetCurrentAudioState      00411460 f   smartpropoplus:SmartPropoPlus.obj
 0001:00010480       _SetCurrentAudioState      00411480 f   smartpropoplus:SmartPropoPlus.obj
 0001:000104a0       _GetCurrentPpjoyState      004114a0 f   smartpropoplus:SmartPropoPlus.obj
 0001:000104b0       _SetCurrentPpjoyState      004114b0 f   smartpropoplus:SmartPropoPlus.obj
 0001:000104d0       _GetCurrentMixerDevice     004114d0 f   smartpropoplus:SmartPropoPlus.obj
 0001:00010500       _GetCurrentInputLine       00411500 f   smartpropoplus:SmartPropoPlus.obj
 0001:00010520       _GetWaveInParams           00411520 f   smartpropoplus:SmartPropoPlus.obj
 0001:00010540       _SetCurrentMixerDevice     00411540 f   smartpropoplus:SmartPropoPlus.obj
 0001:00010560       _SetCurrentInputLine       00411560 f   smartpropoplus:SmartPropoPlus.obj
 0001:00010580       _GetAntiJitterState        00411580 f   smartpropoplus:SmartPropoPlus.obj
 0001:00010590       _SetAntiJitterState        00411590 f   smartpropoplus:SmartPropoPlus.obj
 0001:000105b0       _GetSppConsoleFullPath     004115b0 f   smartpropoplus:SmartPropoPlus.obj
 0001:000105d0       _GetFmsFullPath            004115d0 f   smartpropoplus:SmartPropoPlus.obj
 0001:000106e0       _GetDefaultVolumeValueFromRegistry 004116e0 f   smartpropoplus:SppRegistry.obj
 0001:000107b0       _SetDefaultVolumeValueToRegistry 004117b0 f   smartpropoplus:SppRegistry.obj
 0001:00010880       _GetCurrentAudioStateFromRegistry 00411880 f   smartpropoplus:SppRegistry.obj
 0001:00010910       _GetCurrentPpjoyStateFromRegistry 00411910 f   smartpropoplus:SppRegistry.obj
 0001:000109a0       _CreateEmptyBaseRegistry   004119a0 f   smartpropoplus:SppRegistry.obj
 0001:00010a00       _CreateEmptyAudioRegistry  00411a00 f   smartpropoplus:SppRegistry.obj
 0001:00010a50       _CreateDefaultSppRegistry  00411a50 f   smartpropoplus:SppRegistry.obj
 0001:00010af0       _CreateDefaultModRegistry  00411af0 f   smartpropoplus:SppRegistry.obj
 0001:00010c20       _SetCurrentAudioStateToRegistry 00411c20 f   smartpropoplus:SppRegistry.obj
 0001:00010ca0       _SetCurrentPpjoyStateToRegistry 00411ca0 f   smartpropoplus:SppRegistry.obj
 0001:00010d20       _GetCurrentMixerDeviceFromRegistry 00411d20 f   smartpropoplus:SppRegistry.obj
 0001:00010df0       _GetCurrentInputLineFromRegistry 00411df0 f   smartpropoplus:SppRegistry.obj
 0001:00010e80       _GetWaveInParamsFromRegistry 00411e80 f   smartpropoplus:SppRegistry.obj
 0001:00010fb0       _SetCurrentMixerDeviceToRegistry 00411fb0 f   smartpropoplus:SppRegistry.obj
 0001:00011030       _SetCurrentInputLineToRegistry 00412030 f   smartpropoplus:SppRegistry.obj
 0001:000110b0       _SetActiveModeToRegistry   004120b0 f   smartpropoplus:SppRegistry.obj
 0001:00011200       _SetShiftAutoDetectToRegistry 00412200 f   smartpropoplus:SppRegistry.obj
 0001:00011270       _SetPositiveShiftToRegistry 00412270 f   smartpropoplus:SppRegistry.obj
 0001:000112e0       _isDebugEntryExist         004122e0 f   smartpropoplus:SppRegistry.obj
 0001:00011370       _GetDebugLevelFromRegistry 00412370 f   smartpropoplus:SppRegistry.obj
 0001:00011470       _GetModulationFromRegistry 00412470 f   smartpropoplus:SppRegistry.obj
 0001:00011800       _isSppRegistryExist        00412800 f   smartpropoplus:SppRegistry.obj
 0001:00011850       _isModRegistryUpdate       00412850 f   smartpropoplus:SppRegistry.obj
 0001:00011a20       _UpdateModRegistry         00412a20 f   smartpropoplus:SppRegistry.obj
 0001:00011c30       _isAudioRegistryExist      00412c30 f   smartpropoplus:SppRegistry.obj
 0001:00011c80       _SetSelectedFilterNameToRegistry 00412c80 f   smartpropoplus:SppRegistry.obj
 0001:00011d00       _GetSelectedFilterNameFromRegistry 00412d00 f   smartpropoplus:SppRegistry.obj
 0001:00011dd0       _GetLocationDialogWindowFromRegistry 00412dd0 f   smartpropoplus:SppRegistry.obj
 0001:00011e70       _SetLocationDialogWindowToRegistry 00412e70 f   smartpropoplus:SppRegistry.obj
 0001:00011ef0       _GetAntiJitterStateFromRegistry 00412ef0 f   smartpropoplus:SppRegistry.obj
 0001:00011f80       _SetAntiJitterStateToRegistry 00412f80 f   smartpropoplus:SppRegistry.obj
 0001:00011ff0       _GetSppConsoleFullPathFromRegistry 00412ff0 f   smartpropoplus:SppRegistry.obj
 0001:00012190       _GetFmsFullPathFromRegistry 00413190 f   smartpropoplus:SppRegistry.obj
 0001:00012232       _mixerGetLineControlsA@12  00413232 f   winmm:WINMM.dll
 0001:00012238       _mixerSetControlDetails@12 00413238 f   winmm:WINMM.dll
 0001:0001223e       _mixerGetControlDetailsA@12 0041323e f   winmm:WINMM.dll
 0001:00012244       _mixerGetLineInfoA@12      00413244 f   winmm:WINMM.dll
 0001:0001224a       _waveInGetNumDevs@0        0041324a f   winmm:WINMM.dll
 0001:00012250       _mixerGetNumDevs@0         00413250 f   winmm:WINMM.dll
 0001:00012256       _waveInClose@4             00413256 f   winmm:WINMM.dll
 0001:0001225c       _mixerGetID@12             0041325c f   winmm:WINMM.dll
 0001:00012262       _waveInOpen@24             00413262 f   winmm:WINMM.dll
 0001:00012268       _mixerGetDevCapsA@12       00413268 f   winmm:WINMM.dll
 0001:0001226e       _mixerOpen@20              0041326e f   winmm:WINMM.dll
 0001:00012274       _SppAudioHdrLoggerStop@0   00413274 f   Wave2Joystick:Wave2Joystick.dll
 0001:0001227a       _SppAudioHdrLoggerStart@4  0041327a f   Wave2Joystick:Wave2Joystick.dll
 0001:00012280       _SppAudioHdrLoggerGetStat@4 00413280 f   Wave2Joystick:Wave2Joystick.dll
 0001:00012286       _SppPulseLoggerStop@0      00413286 f   Wave2Joystick:Wave2Joystick.dll
 0001:0001228c       _SppPulseLoggerStart@4     0041328c f   Wave2Joystick:Wave2Joystick.dll
 0001:00012292       _SppPulseLoggerGetStat@4   00413292 f   Wave2Joystick:Wave2Joystick.dll
 0001:00012298       _SppRawPulseLoggerStop@0   00413298 f   Wave2Joystick:Wave2Joystick.dll
 0001:0001229e       _SppRawPulseLoggerStart@4  0041329e f   Wave2Joystick:Wave2Joystick.dll
 0001:000122a4       _SppRawPulseLoggerGetStat@4 004132a4 f   Wave2Joystick:Wave2Joystick.dll
 0001:000122aa       _SppStart@0                004132aa f   Wave2Joystick:Wave2Joystick.dll
 0001:000122b0       _SetFilterInterface@4      004132b0 f   Wave2Joystick:Wave2Joystick.dll
 0001:000122b6       _SppSetActiveAudioDevice@4 004132b6 f   Wave2Joystick:Wave2Joystick.dll
 0001:000122bc       _GetWave2JoystickObject@0  004132bc f   Wave2Joystick:Wave2Joystick.dll
 0001:000122c2       _SppSetModulation@4        004132c2 f   Wave2Joystick:Wave2Joystick.dll
 0001:000122c8       _SppSetShift@4             004132c8 f   Wave2Joystick:Wave2Joystick.dll
 0001:000122ce       _SppStop@0                 004132ce f   Wave2Joystick:Wave2Joystick.dll
 0001:000122d4       _StopInterfaces@0          004132d4 f   Wave2Joystick:Wave2Joystick.dll
 0001:000122da       _StopPPJoyInterface@4      004132da f   Wave2Joystick:Wave2Joystick.dll
 0001:000122e0       _StartPPJoyInterface@4     004132e0 f   Wave2Joystick:Wave2Joystick.dll
 0001:000122e6       _SppGetFilteredPos@4       004132e6 f   Wave2Joystick:Wave2Joystick.dll
 0001:000122ec       _SppGetAudioLevel@4        004132ec f   Wave2Joystick:Wave2Joystick.dll
 0001:000122f2       _TestPPJoyInterface@4      004132f2 f   Wave2Joystick:Wave2Joystick.dll
 0001:000122f8       _SppSetAntiJitter@4        004132f8 f   Wave2Joystick:Wave2Joystick.dll
 0001:000122fe       _SppWaveLoggerGetStat@4    004132fe f   Wave2Joystick:Wave2Joystick.dll
 0001:00012304       _SppWaveLoggerStop@0       00413304 f   Wave2Joystick:Wave2Joystick.dll
 0001:0001230a       _SppWaveLoggerPlay@4       0041330a f   Wave2Joystick:Wave2Joystick.dll
 0001:00012310       _SppWaveLoggerStart@4      00413310 f   Wave2Joystick:Wave2Joystick.dll
 0001:00012320       ??0CFilterIf@@QAE@XZ       00413320 f   FilterIf:FilterIf.obj
 0001:00012360       ??1CFilterIf@@QAE@XZ       00413360 f   FilterIf:FilterIf.obj
 0001:00012380       ?Init@CFilterIf@@QAE_NXZ   00413380 f   FilterIf:FilterIf.obj
 0001:00012470       ?GetNumberOfFilters@CFilterIf@@QAEHXZ 00413470 f   FilterIf:FilterIf.obj
 0001:00012490       ?GetIndexOfSelected@CFilterIf@@QAEHXZ 00413490 f   FilterIf:FilterIf.obj
 0001:000125a0       ?GetFilterName@CFilterIf@@QAEPADH@Z 004135a0 f   FilterIf:FilterIf.obj
 0001:00012610       ?SetSelected@CFilterIf@@QAEHH@Z 00413610 f   FilterIf:FilterIf.obj
 0001:00012690       ?Run@CFilterIf@@IAEPAXPAXHH@Z 00413690 f   FilterIf:FilterIf.obj
 0001:00012700       ?Filter@CFilterIf@@QAEPAHPAH0HH@Z 00413700 f   FilterIf:FilterIf.obj
 0001:000127a0       __tcscmp                   004137a0 f i FilterIf:FilterIf.obj
 0001:000127c8       ?GetThisMessageMap@CDialog@@KGPBUAFX_MSGMAP@@XZ 004137c8 f   mfc71d:MFC71D.DLL
 0001:000127ce       ?PreInitDialog@CDialog@@MAEXXZ 004137ce f   mfc71d:MFC71D.DLL
 0001:000127d4       ?OnCancel@CDialog@@MAEXXZ  004137d4 f   mfc71d:MFC71D.DLL
 0001:000127da       ?OnOK@CDialog@@MAEXXZ      004137da f   mfc71d:MFC71D.DLL
 0001:000127e0       ?OnSetFont@CDialog@@UAEXPAVCFont@@@Z 004137e0 f   mfc71d:MFC71D.DLL
 0001:000127e6       ?DoModal@CDialog@@UAEHXZ   004137e6 f   mfc71d:MFC71D.DLL
 0001:000127ec       ?CreateIndirect@CDialog@@UAEHPBUDLGTEMPLATE@@PAVCWnd@@PAX@Z 004137ec f   mfc71d:MFC71D.DLL
 0001:000127f2       ?CreateIndirect@CDialog@@UAEHPAXPAVCWnd@@@Z 004137f2 f   mfc71d:MFC71D.DLL
 0001:000127f8       ?Create@CDialog@@UAEHPBDPAVCWnd@@@Z 004137f8 f   mfc71d:MFC71D.DLL
 0001:000127fe       ?Create@CDialog@@UAEHIPAVCWnd@@@Z 004137fe f   mfc71d:MFC71D.DLL
 0001:00012804       ?SetOccDialogInfo@CDialog@@MAEHPAU_AFX_OCC_DIALOG_INFO@@@Z 00413804 f   mfc71d:MFC71D.DLL
 0001:0001280a       ?CreateControlSite@CWnd@@MAEHPAVCOleControlContainer@@PAPAVCOleControlSite@@IABU_GUID@@@Z 0041380a f   mfc71d:MFC71D.DLL
 0001:00012810       ?CreateControlContainer@CWnd@@MAEHPAPAVCOleControlContainer@@@Z 00413810 f   mfc71d:MFC71D.DLL
 0001:00012816       ?IsFrameWnd@CWnd@@UBEHXZ   00413816 f   mfc71d:MFC71D.DLL
 0001:0001281c       ?CheckAutoCenter@CDialog@@UAEHXZ 0041381c f   mfc71d:MFC71D.DLL
 0001:00012822       ?OnChildNotify@CWnd@@MAEHIIJPAJ@Z 00413822 f   mfc71d:MFC71D.DLL
 0001:00012828       ?PostNcDestroy@CWnd@@MAEXXZ 00413828 f   mfc71d:MFC71D.DLL
 0001:0001282e       ?DefWindowProcA@CWnd@@MAEJIIJ@Z 0041382e f   mfc71d:MFC71D.DLL
 0001:00012834       ?OnWndMsg@CWnd@@MAEHIIJPAJ@Z 00413834 f   mfc71d:MFC71D.DLL
 0001:0001283a       ?WindowProc@CWnd@@MAEJIIJ@Z 0041383a f   mfc71d:MFC71D.DLL
 0001:00012840       ?OnAmbientProperty@CWnd@@UAEHPAVCOleControlSite@@JPAUtagVARIANT@@@Z 00413840 f   mfc71d:MFC71D.DLL
 0001:00012846       ?PreTranslateMessage@CDialog@@UAEHPAUtagMSG@@@Z 00413846 f   mfc71d:MFC71D.DLL
 0001:0001284c       ?EndModalState@CWnd@@UAEXXZ 0041384c f   mfc71d:MFC71D.DLL
 0001:00012852       ?BeginModalState@CWnd@@UAEXXZ 00413852 f   mfc71d:MFC71D.DLL
 0001:00012858       ?GetSuperWndProcAddr@CWnd@@MAEPAP6GJPAUHWND__@@IIJ@ZXZ 00413858 f   mfc71d:MFC71D.DLL
 0001:0001285e       ?OnNotify@CWnd@@MAEHIJPAJ@Z 0041385e f   mfc71d:MFC71D.DLL
 0001:00012864       ?OnCommand@CWnd@@MAEHIJ@Z  00413864 f   mfc71d:MFC71D.DLL
 0001:0001286a       ?CreateAccessibleProxy@CWnd@@UAEJIJPAJ@Z 0041386a f   mfc71d:MFC71D.DLL
 0001:00012870       ?SetProxy@CWnd@@UAEJPAUIAccessibleProxy@@@Z 00413870 f   mfc71d:MFC71D.DLL
 0001:00012880       ?accDoDefaultAction@CWnd@@UAEJUtagVARIANT@@@Z 00413880 f   mfc71d:MFC71D.DLL
 0001:00012886       ?accHitTest@CWnd@@UAEJJJPAUtagVARIANT@@@Z 00413886 f   mfc71d:MFC71D.DLL
 0001:0001288c       ?accNavigate@CWnd@@UAEJJUtagVARIANT@@PAU2@@Z 0041388c f   mfc71d:MFC71D.DLL
 0001:00012892       ?accLocation@CWnd@@UAEJPAJ000UtagVARIANT@@@Z 00413892 f   mfc71d:MFC71D.DLL
 0001:00012898       ?accSelect@CWnd@@UAEJJUtagVARIANT@@@Z 00413898 f   mfc71d:MFC71D.DLL
 0001:000128a0       ?get_accSelection@CWnd@@UAEJPAUtagVARIANT@@@Z 004138a0 f   mfc71d:MFC71D.DLL
 0001:000128a6       ?get_accFocus@CWnd@@UAEJPAUtagVARIANT@@@Z 004138a6 f   mfc71d:MFC71D.DLL
 0001:000128b0       ?get_accState@CWnd@@UAEJUtagVARIANT@@PAU2@@Z 004138b0 f   mfc71d:MFC71D.DLL
 0001:000128b6       ?get_accRole@CWnd@@UAEJUtagVARIANT@@PAU2@@Z 004138b6 f   mfc71d:MFC71D.DLL
 0001:000128c0       ?get_accChild@CWnd@@UAEJUtagVARIANT@@PAPAUIDispatch@@@Z 004138c0 f   mfc71d:MFC71D.DLL
 0001:000128c6       ?get_accChildCount@CWnd@@UAEJPAJ@Z 004138c6 f   mfc71d:MFC71D.DLL
 0001:000128cc       ?get_accParent@CWnd@@UAEJPAPAUIDispatch@@@Z 004138cc f   mfc71d:MFC71D.DLL
 0001:000128d2       ?EnsureStdObj@CWnd@@UAEJXZ 004138d2 f   mfc71d:MFC71D.DLL
 0001:000128d8       ?EndModalLoop@CWnd@@UAEXH@Z 004138d8 f   mfc71d:MFC71D.DLL
 0001:000128de       ?ContinueModal@CWnd@@UAEHXZ 004138de f   mfc71d:MFC71D.DLL
 0001:000128e4       ?WinHelpInternal@CWnd@@UAEXKI@Z 004138e4 f   mfc71d:MFC71D.DLL
 0001:000128ea       ?HtmlHelpA@CWnd@@UAEXKI@Z  004138ea f   mfc71d:MFC71D.DLL
 0001:000128f0       ?WinHelpA@CWnd@@UAEXKI@Z   004138f0 f   mfc71d:MFC71D.DLL
 0001:000128f6       ?GetScrollBarCtrl@CWnd@@UBEPAVCScrollBar@@H@Z 004138f6 f   mfc71d:MFC71D.DLL
 0001:000128fc       ?OnToolHitTest@CWnd@@UBEHVCPoint@@PAUtagTOOLINFOA@@@Z 004138fc f   mfc71d:MFC71D.DLL
 0001:00012902       ?CalcWindowRect@CWnd@@UAEXPAUtagRECT@@I@Z 00413902 f   mfc71d:MFC71D.DLL
 0001:00012908       ?PreCreateWindow@CWnd@@UAEHAAUtagCREATESTRUCTA@@@Z 00413908 f   mfc71d:MFC71D.DLL
 0001:0001290e       ?DestroyWindow@CWnd@@UAEHXZ 0041390e f   mfc71d:MFC71D.DLL
 0001:00012914       ?CreateEx@CWnd@@UAEHKPBD0KHHHHPAUHWND__@@PAUHMENU__@@PAX@Z 00413914 f   mfc71d:MFC71D.DLL
 0001:0001291a       ?CreateEx@CWnd@@UAEHKPBD0KABUtagRECT@@PAV1@IPAX@Z 0041391a f   mfc71d:MFC71D.DLL
 0001:00012920       ?Create@CWnd@@UAEHPBD0KABUtagRECT@@PAV1@IPAUCCreateContext@@@Z 00413920 f   mfc71d:MFC71D.DLL
 0001:00012926       ?PreSubclassWindow@CWnd@@UAEXXZ 00413926 f   mfc71d:MFC71D.DLL
 0001:0001292c       ?GetConnectionHook@CCmdTarget@@MAEPAUIConnectionPoint@@ABU_GUID@@@Z 0041392c f   mfc71d:MFC71D.DLL
 0001:00012932       ?GetExtraConnectionPoints@CCmdTarget@@MAEHPAVCPtrArray@@@Z 00413932 f   mfc71d:MFC71D.DLL
 0001:00012938       ?GetInterfaceHook@CCmdTarget@@UAEPAUIUnknown@@PBX@Z 00413938 f   mfc71d:MFC71D.DLL
 0001:0001293e       ?OnCreateAggregates@CCmdTarget@@UAEHXZ 0041393e f   mfc71d:MFC71D.DLL
 0001:00012944       ?GetEventSinkMap@CCmdTarget@@MBEPBUAFX_EVENTSINKMAP@@XZ 00413944 f   mfc71d:MFC71D.DLL
 0001:0001294a       ?GetInterfaceMap@CWnd@@MBEPBUAFX_INTERFACEMAP@@XZ 0041394a f   mfc71d:MFC71D.DLL
 0001:00012950       ?GetConnectionMap@CCmdTarget@@MBEPBUAFX_CONNECTIONMAP@@XZ 00413950 f   mfc71d:MFC71D.DLL
 0001:00012956       ?GetDispatchMap@CCmdTarget@@MBEPBUAFX_DISPMAP@@XZ 00413956 f   mfc71d:MFC71D.DLL
 0001:0001295c       ?GetCommandMap@CCmdTarget@@MBEPBUAFX_OLECMDMAP@@XZ 0041395c f   mfc71d:MFC71D.DLL
 0001:00012962       ?GetTypeLib@CCmdTarget@@UAEJKPAPAUITypeLib@@@Z 00413962 f   mfc71d:MFC71D.DLL
 0001:00012968       ?GetTypeLibCache@CCmdTarget@@UAEPAVCTypeLibCache@@XZ 00413968 f   mfc71d:MFC71D.DLL
 0001:0001296e       ?GetTypeInfoCount@CCmdTarget@@UAEIXZ 0041396e f   mfc71d:MFC71D.DLL
 0001:00012974       ?GetDispatchIID@CCmdTarget@@UAEHPAU_GUID@@@Z 00413974 f   mfc71d:MFC71D.DLL
 0001:0001297a       ?IsInvokeAllowed@CCmdTarget@@UAEHJ@Z 0041397a f   mfc71d:MFC71D.DLL
 0001:00012980       ?OnFinalRelease@CWnd@@UAEXXZ 00413980 f   mfc71d:MFC71D.DLL
 0001:00012986       ?OnCmdMsg@CDialog@@UAEHIHPAXPAUAFX_CMDHANDLERINFO@@@Z 00413986 f   mfc71d:MFC71D.DLL
 0001:0001298c       ?Dump@CDialog@@UBEXAAVCDumpContext@@@Z 0041398c f   mfc71d:MFC71D.DLL
 0001:00012992       ?AssertValid@CDialog@@UBEXXZ 00413992 f   mfc71d:MFC71D.DLL
 0001:00012998       ?Serialize@CObject@@UAEXAAVCArchive@@@Z 00413998 f   mfc71d:MFC71D.DLL
 0001:0001299e       ?GetRuntimeClass@CDialog@@UBEPAUCRuntimeClass@@XZ 0041399e f   mfc71d:MFC71D.DLL
 0001:000129a4       ??1CDialog@@UAE@XZ         004139a4 f   mfc71d:MFC71D.DLL
 0001:000129aa       ??0CDialog@@QAE@IPAVCWnd@@@Z 004139aa f   mfc71d:MFC71D.DLL
 0001:000129b0       ??3CObject@@SGXPAX@Z       004139b0 f   mfc71d:MFC71D.DLL
 0001:000129b6       ??1CStatic@@UAE@XZ         004139b6 f   mfc71d:MFC71D.DLL
 0001:000129bc       ??1?$CStringT@DV?$StrTraitMFC_DLL@DV?$ChTraitsCRT@D@ATL@@@@@ATL@@QAE@XZ 004139bc f   mfc71d:MFC71D.DLL
 0001:000129c2       ??1CFont@@UAE@XZ           004139c2 f   mfc71d:MFC71D.DLL
 0001:000129c8       ?DoDataExchange@CWnd@@MAEXPAVCDataExchange@@@Z 004139c8 f   mfc71d:MFC71D.DLL
 0001:000129ce       ?OnInitDialog@CDialog@@UAEHXZ 004139ce f   mfc71d:MFC71D.DLL
 0001:000129d4       ??B?$CSimpleStringT@D$00@ATL@@QBEPBDXZ 004139d4 f   mfc71d:MFC71D.DLL
 0001:000129da       ?Format@?$CStringT@DV?$StrTraitMFC_DLL@DV?$ChTraitsCRT@D@ATL@@@@@ATL@@QAAXPBDZZ 004139da f   mfc71d:MFC71D.DLL
 0001:000129e0       ?GetDlgItem@CWnd@@QBEPAV1@H@Z 004139e0 f   mfc71d:MFC71D.DLL
 0001:000129e6       ??0?$CStringT@DV?$StrTraitMFC_DLL@DV?$ChTraitsCRT@D@ATL@@@@@ATL@@QAE@XZ 004139e6 f   mfc71d:MFC71D.DLL
 0001:000129ec       ??0?$CStringT@DV?$StrTraitMFC_DLL@DV?$ChTraitsCRT@D@ATL@@@@@ATL@@QAE@PBD@Z 004139ec f   mfc71d:MFC71D.DLL
 0001:000129f2       ?SetWindowTextA@CWnd@@QAEXPBD@Z 004139f2 f   mfc71d:MFC71D.DLL
 0001:000129f8       ?SubclassDlgItem@CWnd@@QAEHIPAV1@@Z 004139f8 f   mfc71d:MFC71D.DLL
 0001:000129fe       ??3@YAXPAXPBDH@Z           004139fe f   mfc71d:MFC71D.DLL
 0001:00012a04       ??2@YAPAXIPBDH@Z           00413a04 f   mfc71d:MFC71D.DLL
 0001:00012a0a       ??3@YAXPAX@Z               00413a0a f   mfc71d:MFC71D.DLL
 0001:00012a10       ??3CObject@@SGXPAXPBDH@Z   00413a10 f   mfc71d:MFC71D.DLL
 0001:00012a16       ??2CObject@@SGPAXIPBDH@Z   00413a16 f   mfc71d:MFC71D.DLL
 0001:00012a1c       ?GetRuntimeClass@CObject@@UBEPAUCRuntimeClass@@XZ 00413a1c f   mfc71d:MFC71D.DLL
 0001:00012a22       ??0CObject@@IAE@XZ         00413a22 f   mfc71d:MFC71D.DLL
 0001:00012a28       ?AfxThrowInvalidArgException@@YGXXZ 00413a28 f   mfc71d:MFC71D.DLL
 0001:00012a2e       ?AfxAssertFailedLine@@YGHPBDH@Z 00413a2e f   mfc71d:MFC71D.DLL
 0001:00012a34       ?AfxAssertValidObject@@YGXPBVCObject@@PBDH@Z 00413a34 f   mfc71d:MFC71D.DLL
 0001:00012a3a       ??1CObject@@UAE@XZ         00413a3a f   mfc71d:MFC71D.DLL
 0001:00012a40       ??_V@YAXPAX@Z              00413a40 f   mfc71d:MFC71D.DLL
 0001:00012a46       ?ReadCount@CArchive@@QAEKXZ 00413a46 f   mfc71d:MFC71D.DLL
 0001:00012a4c       ?WriteCount@CArchive@@QAEXK@Z 00413a4c f   mfc71d:MFC71D.DLL
 0001:00012a52       ?IsStoring@CArchive@@QBEHXZ 00413a52 f   mfc71d:MFC71D.DLL
 0001:00012a58       ?GetDepth@CDumpContext@@QBEHXZ 00413a58 f   mfc71d:MFC71D.DLL
 0001:00012a5e       ??6CDumpContext@@QAEAAV0@H@Z 00413a5e f   mfc71d:MFC71D.DLL
 0001:00012a64       ??6CDumpContext@@QAEAAV0@PBD@Z 00413a64 f   mfc71d:MFC71D.DLL
 0001:00012a6a       ?Dump@CObject@@UBEXAAVCDumpContext@@@Z 00413a6a f   mfc71d:MFC71D.DLL
 0001:00012a70       ?AfxIsValidAddress@@YGHPBXIH@Z 00413a70 f   mfc71d:MFC71D.DLL
 0001:00012a76       ?AssertValid@CObject@@UBEXXZ 00413a76 f   mfc71d:MFC71D.DLL
 0001:00012a7c       ??_U@YAPAXI@Z              00413a7c f   mfc71d:MFC71D.DLL
 0001:00012a82       ??_U@YAPAXIPBDH@Z          00413a82 f   mfc71d:MFC71D.DLL
 0001:00012a88       ?Read@CArchive@@QAEIPAXI@Z 00413a88 f   mfc71d:MFC71D.DLL
 0001:00012a8e       ?Write@CArchive@@QAEXPBXI@Z 00413a8e f   mfc71d:MFC71D.DLL
 0001:00012a94       ??1CEdit@@UAE@XZ           00413a94 f   mfc71d:MFC71D.DLL
 0001:00012a9a       ??1CSliderCtrl@@UAE@XZ     00413a9a f   mfc71d:MFC71D.DLL
 0001:00012aa0       ??0CEdit@@QAE@XZ           00413aa0 f   mfc71d:MFC71D.DLL
 0001:00012aa6       ??0CSliderCtrl@@QAE@XZ     00413aa6 f   mfc71d:MFC71D.DLL
 0001:00012aac       ?DDX_Control@@YGXPAVCDataExchange@@HAAVCWnd@@@Z 00413aac f   mfc71d:MFC71D.DLL
 0001:00012ab2       ?OnHScroll@CWnd@@IAEXIIPAVCScrollBar@@@Z 00413ab2 f   mfc71d:MFC71D.DLL
 0001:00012ab8       ?GetDlgCtrlID@CWnd@@QBEHXZ 00413ab8 f   mfc71d:MFC71D.DLL
 0001:00012abe       ?SetTicFreq@CSliderCtrl@@QAEXH@Z 00413abe f   mfc71d:MFC71D.DLL
 0001:00012ac4       ?SetPos@CSliderCtrl@@QAEXH@Z 00413ac4 f   mfc71d:MFC71D.DLL
 0001:00012aca       ?SetLimitText@CEdit@@QAEXI@Z 00413aca f   mfc71d:MFC71D.DLL
 0001:00012ad0       ?SetSel@CEdit@@QAEXHHH@Z   00413ad0 f   mfc71d:MFC71D.DLL
 0001:00012ad6       ?GetLength@?$CSimpleStringT@D$00@ATL@@QBEHXZ 00413ad6 f   mfc71d:MFC71D.DLL
 0001:00012adc       ?GetWindowTextA@CWnd@@QBEXAAV?$CStringT@DV?$StrTraitMFC_DLL@DV?$ChTraitsCRT@D@ATL@@@@@ATL@@@Z 00413adc f   mfc71d:MFC71D.DLL
 0001:00012ae2       ?GetThisMessageMap@CWnd@@KGPBUAFX_MSGMAP@@XZ 00413ae2 f   mfc71d:MFC71D.DLL
 0001:00012ae8       ?DrawItem@CStatic@@UAEXPAUtagDRAWITEMSTRUCT@@@Z 00413ae8 f   mfc71d:MFC71D.DLL
 0001:00012aee       ?Create@CStatic@@UAEHPBDKABUtagRECT@@PAVCWnd@@I@Z 00413aee f   mfc71d:MFC71D.DLL
 0001:00012af4       ?SetOccDialogInfo@CWnd@@MAEHPAU_AFX_OCC_DIALOG_INFO@@@Z 00413af4 f   mfc71d:MFC71D.DLL
 0001:00012afa       ?CheckAutoCenter@CWnd@@UAEHXZ 00413afa f   mfc71d:MFC71D.DLL
 0001:00012b00       ?OnChildNotify@CStatic@@MAEHIIJPAJ@Z 00413b00 f   mfc71d:MFC71D.DLL
 0001:00012b06       ?PreTranslateMessage@CWnd@@UAEHPAUtagMSG@@@Z 00413b06 f   mfc71d:MFC71D.DLL
 0001:00012b0c       ?OnCmdMsg@CCmdTarget@@UAEHIHPAXPAUAFX_CMDHANDLERINFO@@@Z 00413b0c f   mfc71d:MFC71D.DLL
 0001:00012b12       ?Dump@CWnd@@UBEXAAVCDumpContext@@@Z 00413b12 f   mfc71d:MFC71D.DLL
 0001:00012b18       ?AssertValid@CWnd@@UBEXXZ  00413b18 f   mfc71d:MFC71D.DLL
 0001:00012b1e       ?GetRuntimeClass@CStatic@@UBEPAUCRuntimeClass@@XZ 00413b1e f   mfc71d:MFC71D.DLL
 0001:00012b24       ??1CBrush@@UAE@XZ          00413b24 f   mfc71d:MFC71D.DLL
 0001:00012b2a       ??1CPen@@UAE@XZ            00413b2a f   mfc71d:MFC71D.DLL
 0001:00012b30       ??0CBrush@@QAE@XZ          00413b30 f   mfc71d:MFC71D.DLL
 0001:00012b36       ??0CPen@@QAE@XZ            00413b36 f   mfc71d:MFC71D.DLL
 0001:00012b3c       ??0CStatic@@QAE@XZ         00413b3c f   mfc71d:MFC71D.DLL
 0001:00012b42       ??0CClientDC@@QAE@PAVCWnd@@@Z 00413b42 f   mfc71d:MFC71D.DLL
 0001:00012b48       ??1CPaintDC@@UAE@XZ        00413b48 f   mfc71d:MFC71D.DLL
 0001:00012b4e       ??0CPaintDC@@QAE@PAVCWnd@@@Z 00413b4e f   mfc71d:MFC71D.DLL
 0001:00012b54       ?OnTimer@CWnd@@IAEXI@Z     00413b54 f   mfc71d:MFC71D.DLL
 0001:00012b5a       ?GetClientRect@CWnd@@QBEXPAUtagRECT@@@Z 00413b5a f   mfc71d:MFC71D.DLL
 0001:00012b60       ?KillTimer@CWnd@@QAEHI@Z   00413b60 f   mfc71d:MFC71D.DLL
 0001:00012b66       ?SetTimer@CWnd@@QAEIIIP6GXPAUHWND__@@IIK@Z@Z 00413b66 f   mfc71d:MFC71D.DLL
 0001:00012b6c       ?SelectObject@CDC@@QAEPAVCBrush@@PAV2@@Z 00413b6c f   mfc71d:MFC71D.DLL
 0001:00012b72       ?SelectObject@CDC@@QAEPAVCPen@@PAV2@@Z 00413b72 f   mfc71d:MFC71D.DLL
 0001:00012b78       ?CreateSolidBrush@CBrush@@QAEHK@Z 00413b78 f   mfc71d:MFC71D.DLL
 0001:00012b7e       ?CreatePen@CPen@@QAEHHHK@Z 00413b7e f   mfc71d:MFC71D.DLL
 0001:00012b84       ?DeleteObject@CGdiObject@@QAEHXZ 00413b84 f   mfc71d:MFC71D.DLL
 0001:00012b8a       ?Ellipse@CDC@@QAEHHHHH@Z   00413b8a f   mfc71d:MFC71D.DLL
 0001:00012b90       ?Arc@CDC@@QAEHPBUtagRECT@@UtagPOINT@@1@Z 00413b90 f   mfc71d:MFC71D.DLL
 0001:00012b96       ?MoveTo@CDC@@QAE?AVCPoint@@UtagPOINT@@@Z 00413b96 f   mfc71d:MFC71D.DLL
 0001:00012b9c       ?Ellipse@CDC@@QAEHPBUtagRECT@@@Z 00413b9c f   mfc71d:MFC71D.DLL
 0001:00012ba2       ?LineTo@CDC@@QAEHHH@Z      00413ba2 f   mfc71d:MFC71D.DLL
 0001:00012ba8       ?MoveTo@CDC@@QAE?AVCPoint@@HH@Z 00413ba8 f   mfc71d:MFC71D.DLL
 0001:00012bae       ?FillRect@CDC@@QAEXPBUtagRECT@@PAVCBrush@@@Z 00413bae f   mfc71d:MFC71D.DLL
 0001:00012bb4       ?EnableWindow@CWnd@@QAEHH@Z 00413bb4 f   mfc71d:MFC71D.DLL
 0001:00012bba       ?PostMessageA@CWnd@@QAEHIIJ@Z 00413bba f   mfc71d:MFC71D.DLL
 0001:00012bc0       ?GetParent@CWnd@@QBEPAV1@XZ 00413bc0 f   mfc71d:MFC71D.DLL
 0001:00012bc6       ?GetThisClass@CDialog@@SGPAUCRuntimeClass@@XZ 00413bc6 f   mfc71d:MFC71D.DLL
 0001:00012bcc       ?GetCheck@CButton@@QBEHXZ  00413bcc f   mfc71d:MFC71D.DLL
 0001:00012bd2       ?GetCurSel@CListBox@@QBEHXZ 00413bd2 f   mfc71d:MFC71D.DLL
 0001:00012bd8       ?GetCurSel@CComboBox@@QBEHXZ 00413bd8 f   mfc71d:MFC71D.DLL
 0001:00012bde       ?SetCheck@CButton@@QAEXH@Z 00413bde f   mfc71d:MFC71D.DLL
 0001:00012be4       ?SetCurSel@CListBox@@QAEHH@Z 00413be4 f   mfc71d:MFC71D.DLL
 0001:00012bea       ?SetCurSel@CComboBox@@QAEHH@Z 00413bea f   mfc71d:MFC71D.DLL
 0001:00012bf0       ?GetCount@CListBox@@QBEHXZ 00413bf0 f   mfc71d:MFC71D.DLL
 0001:00012bf6       ?GetCount@CComboBox@@QBEHXZ 00413bf6 f   mfc71d:MFC71D.DLL
 0001:00012bfc       ?AfxGetApp@@YGPAVCWinApp@@XZ 00413bfc f   mfc71d:MFC71D.DLL
 0001:00012c02       ?GetBuffer@?$CSimpleStringT@D$00@ATL@@QAEPADXZ 00413c02 f   mfc71d:MFC71D.DLL
 0001:00012c08       ?IsEmpty@?$CSimpleStringT@D$00@ATL@@QBE_NXZ 00413c08 f   mfc71d:MFC71D.DLL
 0001:00012c0e       ?RedrawWindow@CWnd@@QAEHPBUtagRECT@@PAVCRgn@@I@Z 00413c0e f   mfc71d:MFC71D.DLL
 0001:00012c14       ?LineScroll@CEdit@@QAEXHH@Z 00413c14 f   mfc71d:MFC71D.DLL
 0001:00012c1a       ?GetLineCount@CEdit@@QBEHXZ 00413c1a f   mfc71d:MFC71D.DLL
 0001:00012c20       ?GetText@CListBox@@QBEXHAAV?$CStringT@DV?$StrTraitMFC_DLL@DV?$ChTraitsCRT@D@ATL@@@@@ATL@@@Z 00413c20 f   mfc71d:MFC71D.DLL
 0001:00012c26       ??4?$CStringT@DV?$StrTraitMFC_DLL@DV?$ChTraitsCRT@D@ATL@@@@@ATL@@QAEAAV01@PBD@Z 00413c26 f   mfc71d:MFC71D.DLL
 0001:00012c2c       ?MoveWindow@CWnd@@QAEXPBUtagRECT@@H@Z 00413c2c f   mfc71d:MFC71D.DLL
 0001:00012c32       ?GetWindowRect@CWnd@@QBEXPAUtagRECT@@@Z 00413c32 f   mfc71d:MFC71D.DLL
 0001:00012c38       ?OnShowWindow@CWnd@@IAEXHI@Z 00413c38 f   mfc71d:MFC71D.DLL
 0001:00012c3e       ??0?$CStringT@DV?$StrTraitMFC_DLL@DV?$ChTraitsCRT@D@ATL@@@@@ATL@@QAE@ABV01@@Z 00413c3e f   mfc71d:MFC71D.DLL
 0001:00012c44       ?Concatenate@?$CSimpleStringT@D$00@ATL@@KAXAAV12@PBDH1H@Z 00413c44 f   mfc71d:MFC71D.DLL
 0001:00012c4a       ??0?$CStringT@DV?$StrTraitMFC_DLL@DV?$ChTraitsCRT@D@ATL@@@@@ATL@@QAE@PAUIAtlStringMgr@1@@Z 00413c4a f   mfc71d:MFC71D.DLL
 0001:00012c50       ?GetManager@?$CSimpleStringT@D$00@ATL@@QBEPAUIAtlStringMgr@2@XZ 00413c50 f   mfc71d:MFC71D.DLL
 0001:00012c56       ?OnHelp@CWinApp@@IAEXXZ    00413c56 f   mfc71d:MFC71D.DLL
 0001:00012c5c       ?GetThisMessageMap@CWinApp@@KGPBUAFX_MSGMAP@@XZ 00413c5c f   mfc71d:MFC71D.DLL
 0001:00012c62       ?LoadSysPolicies@CWinApp@@UAEHXZ 00413c62 f   mfc71d:MFC71D.DLL
 0001:00012c68       ?LoadAppLangResourceDLL@CWinApp@@UAEPAUHINSTANCE__@@XZ 00413c68 f   mfc71d:MFC71D.DLL
 0001:00012c6e       ?WinHelpInternal@CWinApp@@UAEXKI@Z 00413c6e f   mfc71d:MFC71D.DLL
 0001:00012c74       ?HtmlHelpA@CWinApp@@UAEXKI@Z 00413c74 f   mfc71d:MFC71D.DLL
 0001:00012c7a       ?WinHelpA@CWinApp@@UAEXKI@Z 00413c7a f   mfc71d:MFC71D.DLL
 0001:00012c80       ?OnDDECommand@CWinApp@@UAEHPAD@Z 00413c80 f   mfc71d:MFC71D.DLL
 0001:00012c86       ?DoWaitCursor@CWinApp@@UAEXH@Z 00413c86 f   mfc71d:MFC71D.DLL
 0001:00012c8c       ?DoMessageBox@CWinApp@@UAEHPBDII@Z 00413c8c f   mfc71d:MFC71D.DLL
 0001:00012c92       ?SaveAllModified@CWinApp@@UAEHXZ 00413c92 f   mfc71d:MFC71D.DLL
 0001:00012c98       ?InitApplication@CWinApp@@UAEHXZ 00413c98 f   mfc71d:MFC71D.DLL
 0001:00012c9e       ?AddToRecentFileList@CWinApp@@UAEXPBD@Z 00413c9e f   mfc71d:MFC71D.DLL
 0001:00012ca4       ?OpenDocumentFile@CWinApp@@UAEPAVCDocument@@PBD@Z 00413ca4 f   mfc71d:MFC71D.DLL
 0001:00012caa       ?Unregister@CWinApp@@UAEHXZ 00413caa f   mfc71d:MFC71D.DLL
 0001:00012cb0       ?Register@CWinApp@@UAEHXZ  00413cb0 f   mfc71d:MFC71D.DLL
 0001:00012cb6       ?InitLibId@CWinApp@@UAEXXZ 00413cb6 f   mfc71d:MFC71D.DLL
 0001:00012cbc       ?Delete@CWinThread@@UAEXXZ 00413cbc f   mfc71d:MFC71D.DLL
 0001:00012cc2       ?GetMainWnd@CWinThread@@UAEPAVCWnd@@XZ 00413cc2 f   mfc71d:MFC71D.DLL
 0001:00012cc8       ?ProcessMessageFilter@CWinThread@@UAEHHPAUtagMSG@@@Z 00413cc8 f   mfc71d:MFC71D.DLL
 0001:00012cce       ?ProcessWndProcException@CWinApp@@UAEJPAVCException@@PBUtagMSG@@@Z 00413cce f   mfc71d:MFC71D.DLL
 0001:00012cd4       ?ExitInstance@CWinApp@@UAEHXZ 00413cd4 f   mfc71d:MFC71D.DLL
 0001:00012cda       ?IsIdleMessage@CWinThread@@UAEHPAUtagMSG@@@Z 00413cda f   mfc71d:MFC71D.DLL
 0001:00012ce0       ?OnIdle@CWinApp@@UAEHJ@Z   00413ce0 f   mfc71d:MFC71D.DLL
 0001:00012ce6       ?PumpMessage@CWinThread@@UAEHXZ 00413ce6 f   mfc71d:MFC71D.DLL
 0001:00012cec       ?PreTranslateMessage@CWinThread@@UAEHPAUtagMSG@@@Z 00413cec f   mfc71d:MFC71D.DLL
 0001:00012cf2       ?Run@CWinApp@@UAEHXZ       00413cf2 f   mfc71d:MFC71D.DLL
 0001:00012cf8       ?GetInterfaceMap@CCmdTarget@@MBEPBUAFX_INTERFACEMAP@@XZ 00413cf8 f   mfc71d:MFC71D.DLL
 0001:00012cfe       ?OnFinalRelease@CCmdTarget@@UAEXXZ 00413cfe f   mfc71d:MFC71D.DLL
 0001:00012d04       ?Dump@CWinApp@@UBEXAAVCDumpContext@@@Z 00413d04 f   mfc71d:MFC71D.DLL
 0001:00012d0a       ?AssertValid@CWinApp@@UBEXXZ 00413d0a f   mfc71d:MFC71D.DLL
 0001:00012d10       ?GetRuntimeClass@CWinApp@@UBEPAUCRuntimeClass@@XZ 00413d10 f   mfc71d:MFC71D.DLL
 0001:00012d16       ??0CWinApp@@QAE@PBD@Z      00413d16 f   mfc71d:MFC71D.DLL
 0001:00012d1c       ??1CWinApp@@UAE@XZ         00413d1c f   mfc71d:MFC71D.DLL
 0001:00012d22       ??1CProgressCtrl@@UAE@XZ   00413d22 f   mfc71d:MFC71D.DLL
 0001:00012d28       ?LoadIconA@CWinApp@@QBEPAUHICON__@@I@Z 00413d28 f   mfc71d:MFC71D.DLL
 0001:00012d2e       ??0CProgressCtrl@@QAE@XZ   00413d2e f   mfc71d:MFC71D.DLL
 0001:00012d34       ?DDX_Check@@YGXPAVCDataExchange@@HAAH@Z 00413d34 f   mfc71d:MFC71D.DLL
 0001:00012d3a       ?SendMessageA@CWnd@@QAEJIIJ@Z 00413d3a f   mfc71d:MFC71D.DLL
 0001:00012d40       ?SetBkColor@CProgressCtrl@@QAEKK@Z 00413d40 f   mfc71d:MFC71D.DLL
 0001:00012d46       ?SetRange@CProgressCtrl@@QAEXFF@Z 00413d46 f   mfc71d:MFC71D.DLL
 0001:00012d4c       ?LoadMenuA@CMenu@@QAEHI@Z  00413d4c f   mfc71d:MFC71D.DLL
 0001:00012d52       ??0CMenu@@QAE@XZ           00413d52 f   mfc71d:MFC71D.DLL
 0001:00012d58       ?ModifyStyleEx@CWnd@@QAEHKKI@Z 00413d58 f   mfc71d:MFC71D.DLL
 0001:00012d5e       ?EnableToolTips@CWnd@@QAEHH@Z 00413d5e f   mfc71d:MFC71D.DLL
[...]
   300 0001:000175d6   301 0001:000175f3   302 0001:00017602   303 0001:00017604
   304 0001:00017664   308 0001:00017670   310 0001:00017684   312 0001:0001768b
   313 0001:000176a4   315 0001:000176ae   317 0001:000176d2   319 0001:000176e7
   320 0001:0001771c   321 0001:00017725   322 0001:0001772f   323 0001:00017731
   326 0001:00017743   328 0001:0001775e   329 0001:00017794   330 0001:0001779d
   331 0001:000177a7   332 0001:000177a9   335 0001:000177bb   336 0001:000177e5
   338 0001:000177e9   339 0001:000177ef   340 0001:00017809   341 0001:0001780b
   343 0001:00017818   347 0001:00017830   349 0001:00017844   350 0001:0001784b
   351 0001:00017855   352 0001:0001786f   354 0001:00017879   356 0001:0001789d
   358 0001:000178b2   359 0001:000178e7   360 0001:000178f0   361 0001:000178fa
   362 0001:000178fc   365 0001:0001790e   367 0001:00017929   368 0001:0001795f
   369 0001:00017968   370 0001:00017972   371 0001:00017974   374 0001:00017986
   375 0001:000179b0   377 0001:000179b6   378 0001:000179bc   379 0001:000179d6
   380 0001:000179d8   383 0001:000179e5   386 0001:00017a00   387 0001:00017a10
   390 0001:00017a3d   391 0001:00017a5c   392 0001:00017a60   394 0001:00017a73
   395 0001:00017a9b   398 0001:00017a9f   399 0001:00017aa2   402 0001:00017ac0
   403 0001:00017ac6   404 0001:00017acc   405 0001:00017ad6   406 0001:00017afe
   409 0001:00017b10   410 0001:00017b14   411 0001:00017b1a   412 0001:00017b22
   415 0001:00017b30   416 0001:00017b36   418 0001:00017b5d   419 0001:00017b63
   420 0001:00017b8f   421 0001:00017b9a   423 0001:00017bc1   425 0001:00017bcb
   426 0001:00017be0   427 0001:00017bf9   428 0001:00017c0a   429 0001:00017c1c
   430 0001:00017c2f   431 0001:00017c42   432 0001:00017c55   434 0001:00017c66
   435 0001:00017c6b   438 0001:00017c80   439 0001:00017c86   440 0001:00017cad
   441 0001:00017cb3   443 0001:00017cb8   444 0001:00017cbe   446 0001:00017cea
   447 0001:00017cfb   448 0001:00017d0d   449 0001:00017d13   451 0001:00017d18
   452 0001:00017d2d   453 0001:00017d4a   454 0001:00017d59   455 0001:00017d6b
   456 0001:00017d77   460 0001:00017d8f   461 0001:00017d9c   463 0001:00017d9e
   464 0001:00017dab   466 0001:00017dad   469 0001:00017dba   472 0001:00017dc0
   473 0001:00017dc6   475 0001:00017ded   476 0001:00017df3   478 0001:00017e1f
   479 0001:00017e28   480 0001:00017e37   481 0001:00017e3d   483 0001:00017e42
   485 0001:00017e53   486 0001:00017e5b   488 0001:00017e75   489 0001:00017e7b
   490 0001:00017e80   491 0001:00017e89   492 0001:00017e9b   494 0001:00017e9d
   495 0001:00017ea3   497 0001:00017ea8   498 0001:00017ebd   499 0001:00017ecb
   500 0001:00017eda   503 0001:00017ef7   504 0001:00017f04   506 0001:00017f06
   507 0001:00017f13   509 0001:00017f15   510 0001:00017f22   512 0001:00017f24
   515 0001:00017f49   522 0001:00017f50   523 0001:00017f56   525 0001:00017f5a
   526 0001:00017f87   527 0001:00017f90   529 0001:00017f99   530 0001:00017fa6
   531 0001:00017fcd   533 0001:00017fe1   534 0001:00018008   536 0001:00018012
   538 0001:0001801f   539 0001:00018033   541 0001:0001803d   542 0001:00018041
   547 0001:00018045   549 0001:00018076   551 0001:0001807a   553 0001:0001807c
   555 0001:0001809f   557 0001:000180a3   558 0001:000180a5   560 0001:000180b8
   563 0001:000180bc   565 0001:000180c4   566 0001:000180da   571 0001:000180de
   572 0001:000180e0

Line numbers for C:\Program Files\Microsoft Visual Studio .NET 2003\Vc7\atlmfc\lib\atlsd.lib(f:\vs70builds\6030\vc\mfcatl\ship\atlmfc\include\atlbase.h) segment .text

   191 0001:000192b0   192 0001:000192b3   193 0001:000192bc   194 0001:000192c0
   195 0001:000192cd   197 0001:000192e0   198 0001:000192e6   199 0001:000192ed
   200 0001:000192f6   201 0001:000192fa   202 0001:00019313   203 0001:00019319
   204 0001:0001933b   205 0001:00019341   206 0001:0001934d   207 0001:00019350
   745 0001:00019360   754 0001:00019364   756 0001:000193a0   288 0001:000193b0
   289 0001:000193c8   293 0001:000193d0   294 0001:000193db   296 0001:000193e1
   299 0001:000193ea   303 0001:00019400   304 0001:00019407   306 0001:00019412
   308 0001:0001941a   328 0001:00019420   329 0001:00019427   330 0001:00019453
   331 0001:0001945d   332 0001:00019464   312 0001:00019490   315 0001:00019499
   316 0001:000194c5   317 0001:000194d2   319 0001:000194d8   321 0001:000194dd
   323 0001:000194e4   324 0001:000194e6  2620 0001:0001c690

Line numbers for C:\Program Files\Microsoft Visual Studio .NET 2003\Vc7\atlmfc\lib\atlsd.lib(f:\vs70builds\6030\vc\mfcatl\ship\atlmfc\include\atlcore.h) segment .text

   129 0001:00019210   130 0001:00019239   131 0001:00019240   133 0001:00019247
   136 0001:0001925a   138 0001:0001926d   139 0001:00019276   140 0001:0001927d
   141 0001:0001927f   143 0001:0001928d   144 0001:00019290   124 0001:00019470
   125 0001:00019477   126 0001:00019481   127 0001:00019483   119 0001:000194f0
   120 0001:000194f7   121 0001:00019501   122 0001:00019503

Line numbers for C:\Program Files\Microsoft Visual Studio .NET 2003\Vc7\atlmfc\lib\atlsd.lib(f:\vs70builds\6030\vc\mfcatl\ship\atlmfc\include\atlcomcli.h) segment .text

   248 0001:00019030   250 0001:0001903f   126 0001:00019050   127 0001:00019057
   128 0001:0001905f   129 0001:0001906f   142 0001:00019080   143 0001:00019087
   144 0001:000190b0   145 0001:000190b3   147 0001:000190c0   148 0001:000190c7
   149 0001:000190f0   150 0001:000190f5   248 0001:00019100   250 0001:0001910f
   126 0001:00019120   127 0001:00019127   128 0001:0001912f   129 0001:0001913f
   142 0001:00019150   143 0001:00019157   144 0001:00019180   145 0001:00019183
   147 0001:00019190   148 0001:00019197   149 0001:000191c0   150 0001:000191c5
   107 0001:000191d0   109 0001:000191d7   110 0001:000191e0   107 0001:000191f0
   109 0001:000191f7   110 0001:00019200

Line numbers for C:\Program Files\Microsoft Visual Studio .NET 2003\Vc7\atlmfc\lib\atlsd.lib(f:\vs70builds\6030\devtools\common\win32sdk\include\guiddef.h) segment .text

   151 0001:00018fd0   156 0001:00018fd4   157 0001:0001901d

Line numbers for C:\Program Files\Microsoft Visual Studio .NET 2003\Vc7\atlmfc\lib\atlsd.lib(f:\vs70builds\6030\vc\mfcatl\ship\atlmfc\src\atl\atls\atlfuncs.cpp) segment .text

    31 0001:00018f80    28 0001:00018f80    32 0001:00018f84    33 0001:00018f87
    34 0001:00018f8b    35 0001:00018f8e

Line numbers for C:\Program Files\Microsoft Visual Studio .NET 2003\Vc7\atlmfc\lib\atlsd.lib(f:\vs70builds\6030\vc\mfcatl\ship\atlmfc\include\atlbase.inl) segment .text

    27 0001:00018270    28 0001:00018276    29 0001:0001827c    31 0001:00018286
    32 0001:0001828e    33 0001:00018296    34 0001:000182b2    35 0001:000182b8
    36 0001:000182df    37 0001:000182e5    38 0001:00018307    39 0001:00018320
    42 0001:00018330    43 0001:00018336    44 0001:0001833c    46 0001:00018346
    47 0001:0001834e    48 0001:00018356    49 0001:00018372    50 0001:00018378
    51 0001:0001839f    52 0001:000183a5    53 0001:000183c3    54 0001:000183dc
    62 0001:000183f0    63 0001:000183f6    66 0001:000183fc    67 0001:0001840a
    68 0001:00018422    69 0001:0001842c    71 0001:00018438    72 0001:0001843a
    75 0001:00018440    76 0001:00018444    77 0001:00018468    78 0001:0001846e
    80 0001:00018475    81 0001:00018486    84 0001:0001848c    85 0001:000184a9
    87 0001:000184af    88 0001:000184bf    91 0001:000184c8    92 0001:000184cb
    95 0001:000184e0    96 0001:000184e6    97 0001:0001850a    98 0001:00018510
   100 0001:00018517   101 0001:00018520   102 0001:00018527   105 0001:0001852d
   106 0001:0001853b   107 0001:00018553   109 0001:00018568   110 0001:0001856b
   116 0001:00018580   117 0001:00018586   118 0001:000185aa   119 0001:000185b0
   120 0001:000185ba   121 0001:000185c2   123 0001:000185cc   124 0001:000185d2
   125 0001:000185dc   127 0001:000185e5   129 0001:000185ec   131 0001:0001860f
   133 0001:0001861b   134 0001:00018623   136 0001:0001864a   138 0001:00018657
   139 0001:00018668   140 0001:00018673   142 0001:00018679   143 0001:000186a6
   144 0001:000186cb   146 0001:000186d5   147 0001:000186de   148 0001:000186fa
   149 0001:00018702   150 0001:0001870b   151 0001:00018727   154 0001:00018729
   156 0001:0001872e   157 0001:0001873c   158 0001:00018743   159 0001:00018746
   162 0001:00018750   163 0001:00018756   164 0001:0001877d   165 0001:00018783
   167 0001:0001878a   168 0001:00018791   170 0001:000187b6   171 0001:000187be
   172 0001:000187d4   173 0001:000187d6   174 0001:000187d9   177 0001:000187e0
   178 0001:000187e6   179 0001:0001880d   180 0001:00018813   182 0001:0001881a
   183 0001:00018821   185 0001:00018846   186 0001:0001884e   187 0001:0001885c
   188 0001:0001885e   189 0001:00018861   192 0001:00018870   196 0001:00018876
   198 0001:00018883   200 0001:0001889b   201 0001:000188a1   203 0001:000188ab
   204 0001:000188b1   207 0001:000188b6   210 0001:000188d0   213 0001:000188dd
   214 0001:000188e3   215 0001:000188f6   216 0001:000188f8   218 0001:0001890b
   220 0001:00018911   222 0001:0001891b   223 0001:00018921   224 0001:0001892b
   225 0001:0001892d   228 0001:00018937   229 0001:00018947   230 0001:0001894e
   231 0001:00018953   232 0001:00018958   233 0001:0001895a   240 0001:00018960
   241 0001:00018966   242 0001:0001898d   244 0001:000189b4   245 0001:000189c0
   248 0001:000189ca   249 0001:000189f4   250 0001:000189fa   251 0001:00018a04
   252 0001:00018a0d   254 0001:00018a1a   255 0001:00018a26   256 0001:00018a32
   257 0001:00018a3a   259 0001:00018a41   261 0001:00018a4e   262 0001:00018a5c
   264 0001:00018a7c   266 0001:00018a85   267 0001:00018aac   268 0001:00018ab8
   269 0001:00018ac4   270 0001:00018acc   275 0001:00018ad0   276 0001:00018aec
   277 0001:00018afe   280 0001:00018b03   281 0001:00018b0c   282 0001:00018b11
   283 0001:00018b16   286 0001:00018b20   287 0001:00018b23   288 0001:00018b28
   294 0001:00018b30   295 0001:00018b36   296 0001:00018b3c   298 0001:00018b48
   299 0001:00018b75   300 0001:00018b81   302 0001:00018b8d   303 0001:00018b95
   304 0001:00018ba1   305 0001:00018bb2   307 0001:00018bbe   308 0001:00018beb
   309 0001:00018c10   311 0001:00018c1a   312 0001:00018c26   313 0001:00018c2f
   316 0001:00018c40   317 0001:00018c46   318 0001:00018c4c   320 0001:00018c53
   321 0001:00018c5a   322 0001:00018c6b   324 0001:00018c77   325 0001:00018ca4
   326 0001:00018cc9   328 0001:00018cdc   329 0001:00018ce5   331 0001:00018ceb
   332 0001:00018cf4   333 0001:00018cfb   335 0001:00018d01   337 0001:00018d0c
   338 0001:00018d12   339 0001:00018d1e   340 0001:00018d20   341 0001:00018d2c
   342 0001:00018d34   344 0001:00018d36   345 0001:00018d3c   346 0001:00018d45
   348 0001:00018d47   349 0001:00018d58   352 0001:00018d60   353 0001:00018d66
   354 0001:00018d6c   357 0001:00018d76   358 0001:00018d7e   360 0001:00018d85
   362 0001:00018d8f   363 0001:00018d9d   365 0001:00018da3   366 0001:00018dd0
   368 0001:00018df5   369 0001:00018df8   375 0001:00018e00   376 0001:00018e06
   377 0001:00018e0c   379 0001:00018e16   380 0001:00018e1d   381 0001:00018e24
   382 0001:00018e37   383 0001:00018e3d   384 0001:00018e44   386 0001:00018e49
   387 0001:00018e51   388 0001:00018e5a   389 0001:00018e6b   390 0001:00018e76
   392 0001:00018e7c   393 0001:00018e88   395 0001:00018e91   397 0001:00018e93
   398 0001:00018ea5   399 0001:00018ed2   401 0001:00018ef7   402 0001:00018eff
   403 0001:00018f02   406 0001:00018f10   407 0001:00018f16   408 0001:00018f1c
   410 0001:00018f28   411 0001:00018f31   412 0001:00018f38   414 0001:00018f3e
   415 0001:00018f4a   416 0001:00018f53   417 0001:00018f65   418 0001:00018f6b
   419 0001:00018f6d   420 0001:00018f77

Line numbers for C:\Program Files\Microsoft Visual Studio .NET 2003\Vc7\atlmfc\lib\atlsd.lib(f:\vs70builds\6030\vc\mfcatl\ship\atlmfc\include\atlbase.h) segment .text

  2620 0001:0001c650

Line numbers for C:\Program Files\Microsoft Visual Studio .NET 2003\Vc7\atlmfc\lib\atlsd.lib(f:\vs70builds\6030\vc\mfcatl\ship\atlmfc\include\atltrace.h) segment .text

   196 0001:00016eb0   197 0001:00016ec0   198 0001:00016ed3   199 0001:00016ee9
    82 0001:00016f00    84 0001:00016f07    85 0001:00016f20   131 0001:00016f30

Line numbers for C:\Program Files\Microsoft Visual Studio .NET 2003\Vc7\atlmfc\lib\atlsd.lib(f:\vs70builds\6030\vc\mfcatl\ship\atlmfc\src\atl\atls\atltrace.cpp) segment .text

    22 0001:0001c2f0    23 0001:0001c310    24 0001:0001c330    25 0001:0001c350
    26 0001:0001c370    27 0001:0001c390    28 0001:0001c3b0    29 0001:0001c3d0
    30 0001:0001c3f0    31 0001:0001c410    32 0001:0001c430    33 0001:0001c450
    34 0001:0001c470    35 0001:0001c490    36 0001:0001c4b0    37 0001:0001c4d0
    38 0001:0001c4f0    39 0001:0001c510    40 0001:0001c530    41 0001:0001c550
    42 0001:0001c570    43 0001:0001c590    44 0001:0001c5b0    47 0001:0001c5d0
    48 0001:0001c5f0    49 0001:0001c610    50 0001:0001c630

Line numbers for C:\Program Files\Microsoft Visual Studio .NET 2003\Vc7\atlmfc\lib\atlsd.lib(f:\vs70builds\6030\vc\mfcatl\ship\atlmfc\include\atlbase.h) segment .text

  2620 0001:0001c250

Line numbers for C:\Program Files\Microsoft Visual Studio .NET 2003\Vc7\atlmfc\lib\atlsd.lib(f:\vs70builds\6030\vc\mfcatl\ship\atlmfc\include\atltypes.inl) segment .text

    22 0001:00015780    24 0001:00015790    26 0001:000157c0    28 0001:000157e0
    30 0001:00015800    31 0001:00015807    32 0001:00015817    33 0001:00015826
    35 0001:00015830    37 0001:00015870    39 0001:000158b0    41 0001:000158e0
    43 0001:00015910    45 0001:00015930    47 0001:00015960    49 0001:00015990
    51 0001:000159c0    53 0001:000159f0    55 0001:00015a20    57 0001:00015a60
    61 0001:00015aa0    63 0001:00015ab0    65 0001:00015ae0    67 0001:00015b00
    69 0001:00015b20    70 0001:00015b27    71 0001:00015b37    72 0001:00015b46
    74 0001:00015b50    76 0001:00015b80    78 0001:00015bb0    80 0001:00015be0
    82 0001:00015c00    84 0001:00015c40    86 0001:00015c80    88 0001:00015cb0
    90 0001:00015ce0    92 0001:00015d10    94 0001:00015d40    96 0001:00015d70
    98 0001:00015da0   100 0001:00015dd0   102 0001:00015e00   104 0001:00015e30
   106 0001:00015e70   110 0001:00015eb0   112 0001:00015ec0   114 0001:00015f00
   116 0001:00015f20   118 0001:00015f40   120 0001:00015f80   121 0001:00015f98
   123 0001:00015fc0   125 0001:00015fe0   127 0001:00016000   129 0001:00016040
   131 0001:00016050   133 0001:00016070   135 0001:00016080   137 0001:000160a0
   139 0001:000160e0   141 0001:00016100   143 0001:00016130   145 0001:00016140
   147 0001:00016150   149 0001:00016170   151 0001:000161c0   153 0001:000161e0
   155 0001:00016210   157 0001:00016240   159 0001:00016260   161 0001:00016280
   163 0001:000162a0   165 0001:000162c0   167 0001:000162e0   169 0001:00016310
   171 0001:00016340   173 0001:00016360   175 0001:00016380   177 0001:000163a0
   179 0001:000163d0   181 0001:00016400   183 0001:00016430   185 0001:00016460
   187 0001:00016480   189 0001:000164a0   191 0001:000164c0   193 0001:000164e0
   195 0001:00016500   197 0001:00016520   199 0001:00016540   201 0001:00016560
   203 0001:00016590   205 0001:000165c0   207 0001:000165e0   209 0001:00016600
   211 0001:00016620   213 0001:00016680   215 0001:000166e0   217 0001:00016740
   219 0001:000167a0   221 0001:000167f0   223 0001:00016840   224 0001:00016863
   226 0001:00016890   227 0001:000168b3   229 0001:000168e0   232 0001:00016900
   234 0001:00016909   236 0001:00016916   237 0001:0001691e   238 0001:00016929
   240 0001:00016932   242 0001:00016940   243 0001:00016949   244 0001:00016955
   246 0001:0001695e   249 0001:00016970   250 0001:00016977   251 0001:00016998
   252 0001:000169bc   255 0001:000169d0   256 0001:000169d7   257 0001:000169f3
   258 0001:00016a11   261 0001:00016a20   262 0001:00016a27   263 0001:00016a48
   264 0001:00016a6c   267 0001:00016a80   268 0001:00016a87   269 0001:00016aa3
   270 0001:00016ac1   273 0001:00016ad0   278 0001:00016ad7   279 0001:00016b39

Line numbers for C:\Program Files\Microsoft Visual Studio .NET 2003\Vc7\atlmfc\lib\atlsd.lib(f:\vs70builds\6030\vc\mfcatl\ship\atlmfc\include\atlbase.h) segment .text

  2620 0001:0001c710

Line numbers for C:\Program Files\Microsoft Visual Studio .NET 2003\Vc7\atlmfc\lib\atlsd.lib(f:\vs70builds\6030\vc\mfcatl\ship\atlmfc\src\atl\atls\atltracemodulemanager.h) segment .text

    44 0001:0001b540    45 0001:0001b56e

Line numbers for C:\Program Files\Microsoft Visual Studio .NET 2003\Vc7\atlmfc\lib\atlsd.lib(f:\vs70builds\6030\vc\mfcatl\ship\atlmfc\src\atl\atls\atltracemodulemanager.cpp) segment .text

    21 0001:0001b120    22 0001:0001b147    23 0001:0001b150    24 0001:0001b15c
    27 0001:0001b170    28 0001:0001b18a    30 0001:0001b1a4    32 0001:0001b1b5
    34 0001:0001b1de    36 0001:0001b1fc    37 0001:0001b203    40 0001:0001b290
    41 0001:0001b292    43 0001:0001b2a8    45 0001:0001b2ae    46 0001:0001b2cc
    47 0001:0001b2ee    48 0001:0001b30e    49 0001:0001b31f    51 0001:0001b33d
    52 0001:0001b34c    53 0001:0001b359    54 0001:0001b365    59 0001:0001b380
    60 0001:0001b399    61 0001:0001b3a8    64 0001:0001b3b0    65 0001:0001b3b7
    66 0001:0001b3cc    67 0001:0001b3d5    72 0001:0001b3e0    73 0001:0001b40a
    76 0001:0001b420    78 0001:0001b429    82 0001:0001b44a    91 0001:0001b450
    92 0001:0001b4fd    94 0001:0001b509    95 0001:0001b513    98 0001:0001b520
    99 0001:0001b527   100 0001:0001b536

Line numbers for C:\Program Files\Microsoft Visual Studio .NET 2003\Vc7\atlmfc\lib\atlsd.lib(f:\vs70builds\6030\vc\mfcatl\ship\atlmfc\include\atlbase.h) segment .text

  2620 0001:0001c2d0

Line numbers for C:\Program Files\Microsoft Visual Studio .NET 2003\Vc7\atlmfc\lib\atlsd.lib(f:\vs70builds\6030\vc\mfcatl\ship\atlmfc\include\atltrace.h) segment .text

    70 0001:00016d10    71 0001:00016d2a    73 0001:00016d3f    76 0001:00016e90
    77 0001:00016e97    78 0001:00016ea3

Line numbers for C:\Program Files\Microsoft Visual Studio .NET 2003\Vc7\atlmfc\lib\atlsd.lib(f:\vs70builds\6030\vc\mfcatl\ship\atlmfc\include\atlexcept.h) segment .text

    40 0001:00016cf0    41 0001:00016cff

Line numbers for C:\Program Files\Microsoft Visual Studio .NET 2003\Vc7\atlmfc\lib\atlsd.lib(f:\vs70builds\6030\vc\mfcatl\ship\atlmfc\include\atlsimpcoll.h) segment .text

    97 0001:00016bc0    97 0001:00016bf0   100 0001:00016d90   101 0001:00016d97
   102 0001:00016d9f   100 0001:00016db0   101 0001:00016db7   102 0001:00016dbf
   173 0001:00016dd0   174 0001:00016dd9   176 0001:00016de1   177 0001:00016dfe
   178 0001:00016e00   179 0001:00016e0e   181 0001:00016e17   182 0001:00016e21
   183 0001:00016e2b   173 0001:00016e30   174 0001:00016e39   176 0001:00016e41
   177 0001:00016e5e   178 0001:00016e60   179 0001:00016e6e   181 0001:00016e77
   182 0001:00016e81   183 0001:00016e8b

Line numbers for C:\Program Files\Microsoft Visual Studio .NET 2003\Vc7\atlmfc\lib\atlsd.lib(f:\vs70builds\6030\vc\mfcatl\ship\atlmfc\src\atl\atls\allocate.h) segment .text

    42 0001:00016b40    43 0001:00016b7b    46 0001:00016d50    47 0001:00016d57
    48 0001:00016d61

Line numbers for C:\Program Files\Microsoft Visual Studio .NET 2003\Vc7\atlmfc\lib\atlsd.lib(f:\vs70builds\6030\vc\mfcatl\ship\atlmfc\src\atl\atls\externs.cpp) segment .text

    26 0001:00016c20    30 0001:00016c33    32 0001:00016c5e    34 0001:00016c6d
    37 0001:00016c96    39 0001:00016cb3    42 0001:00016cdc    43 0001:00016cde
    23 0001:0001c270    45 0001:0001c290    52 0001:0001c2a0
