 SppConsole

 Timestamp is 499482a7 (Thu Feb 12 22:12:23 2009)

 Preferred load address is 00400000

 Start         Length     Name                   Class
 0001:00000000 0001b7acH .text                   CODE
 0001:0001b7b0 000009b5H .text$x                 CODE
 0001:0001c170 00000556H .text$yc                CODE
 0001:0001c6d0 000000dfH .text$yd                CODE
 0002:00000000 000008d0H .idata$5                DATA
 0002:000008d0 0000c028H .rdata                  DATA
 0002:0000c8f8 00000053H .rdata$debug            DATA
 0002:0000c94c 00000044H .rdata$r                DATA
 0002:0000c990 00000124H .rdata$sxdata           DATA
 0002:0000cab4 00000004H .rtc$IAA                DATA
 0002:0000cab8 00000004H .rtc$IMZ                DATA
 0002:0000cabc 00000004H .rtc$IZZ                DATA
 0002:0000cac0 00000004H .rtc$TAA                DATA
 0002:0000cac4 00000004H .rtc$TMZ                DATA
 0002:0000cac8 00000004H .rtc$TZZ                DATA
 0002:0000cacc 00000c5cH .xdata$x                DATA
 0002:0000d728 00000004H ATL$__a                 DATA
 0002:0000d72c 00000004H ATL$__z                 DATA
 0002:0000d730 000000f0H .idata$2                DATA
 0002:0000d820 00000014H .idata$3                DATA
 0002:0000d834 000008d0H .idata$4                DATA
 0002:0000e104 00000e84H .idata$6                DATA
 0002:0000ef88 00000000H .edata                  DATA
 0003:00000000 00000004H .CRT$XCA                DATA
 0003:00000004 00000004H .CRT$XCAA               DATA
 0003:00000008 0000000cH .CRT$XCC                DATA
 0003:00000014 00000074H .CRT$XCL                DATA
 0003:00000088 00000008H .CRT$XCU                DATA
 0003:00000090 00000004H .CRT$XCZ                DATA
 0003:00000094 00000004H .CRT$XIA                DATA
 0003:00000098 00000004H .CRT$XIZ                DATA
 0003:000000a0 00000fc0H .data                   DATA
 0003:00001060 000002c8H .bss                    DATA
 0004:00000000 00000550H .rsrc$01                DATA
 0004:00000550 00002908H .rsrc$02                DATA

  Address         Publics by Value              Rva+Base     Lib:Object

 0000:00000000       __except_list              00000000     <absolute>
 0000:00000049       ___safe_se_handler_count   00000049     <absolute>
 0000:00009876       __fltused                  00009876     <absolute>
 0000:00009876       __ldused                   00009876     <absolute>
 0000:00000000       ___ImageBase               00400000     <linker-defined>
 0001:00000000       ??0CAboutDlg@@QAE@PAVCWnd@@@Z 00401000 f   AboutDlg.obj
 0001:00000070       ?DoDataExchange@CAboutDlg@@MAEXPAVCDataExchange@@@Z 00401070 f   AboutDlg.obj
 0001:00000090       ?GetThisMessageMap@CAboutDlg@@KGPBUAFX_MSGMAP@@XZ 00401090 f   AboutDlg.obj
 0001:000000a0       ?GetMessageMap@CAboutDlg@@MBEPBUAFX_MSGMAP@@XZ 004010a0 f   AboutDlg.obj
 0001:000000b0       ?OnInitDialog@CAboutDlg@@MAEHXZ 004010b0 f   AboutDlg.obj
 0001:000001e0       ??_GCAboutDlg@@UAEPAXI@Z   004011e0 f i AboutDlg.obj
 0001:000001e0       ??_ECAboutDlg@@UAEPAXI@Z   004011e0 f i AboutDlg.obj
 0001:00000210       ??1CAboutDlg@@UAE@XZ       00401210 f i AboutDlg.obj
 0001:00000260       ??1CStaticLink@@UAE@XZ     00401260 f i AboutDlg.obj
 0001:000002c0       ?_AtlGetThreadACPThunk@ATL@@YGIXZ 004012c0 f i AboutDlg.obj
 0001:00000340       ?InterlockedExchangePointer@@YGPAXPAPAXPAX@Z 00401340 f i AboutDlg.obj
 0001:00000360       ?_AtlGetThreadACPFake@ATL@@YGIXZ 00401360 f i AboutDlg.obj
 0001:000003f0       ?_AtlGetThreadACPReal@ATL@@YGIXZ 004013f0 f i AboutDlg.obj
 0001:00000400       ?isSpk@@YA_NI@Z            00401400 f   AudioInput.obj
 0001:00000430       ?GetLineControlByID@@YAIPAUHMIXEROBJ__@@KPAUtagMIXERCONTROLA@@@Z 00401430 f   AudioInput.obj
 0001:00000480       ?Mute@@YAIPAUHMIXER__@@I_N@Z 00401480 f   AudioInput.obj
 0001:00000550       ?GetMuteValue@@YA_NPAUHMIXER__@@IPA_N@Z 00401550 f   AudioInput.obj
 0001:00000620       ?GetSelSrcLineID@@YAJPAUHMIXER__@@I@Z 00401620 f   AudioInput.obj
 0001:00000810       ?SetControlDetailList@@YAIPAUHMIXER__@@PAUtMIXERCONTROLDETAILS_BOOLEAN@@KI@Z 00401810 f   AudioInput.obj
 0001:00000860       ?SetControlDetailList@@YAIPAUHMIXER__@@PAUtMIXERCONTROLDETAILS_UNSIGNED@@KI@Z 00401860 f   AudioInput.obj
 0001:000008b0       ?GetLineControlList@@YAIPAUHMIXEROBJ__@@KPAUtagMIXERCONTROLA@@PAH@Z 004018b0 f   AudioInput.obj
 0001:00000970       ?GetControlDetailList@@YAIPAUHMIXER__@@PAUtagMIXERCONTROLDETAILS_LISTTEXTA@@KI@Z 00401970 f   AudioInput.obj
 0001:000009c0       ?GetControlDetailList@@YAIPAUHMIXER__@@PAUtMIXERCONTROLDETAILS_BOOLEAN@@KI@Z 004019c0 f   AudioInput.obj
 0001:00000a10       ?GetVolumeValue@@YA_NPAUHMIXER__@@IPAJ@Z 00401a10 f   AudioInput.obj
 0001:00000b40       ?SetVolumeValue@@YAHPAUHMIXER__@@IJ@Z 00401b40 f   AudioInput.obj
 0001:00000c50       ??0CAudioInput@@QAE@PAUHWND__@@@Z 00401c50 f   AudioInput.obj
 0001:00000d80       ??1CAudioInput@@UAE@XZ     00401d80 f   AudioInput.obj
 0001:00000e40       ?GetCountMixerDevice@CAudioInput@@QAEHXZ 00401e40 f   AudioInput.obj
 0001:00000e60       ?GetMixerDeviceName@CAudioInput@@QAEPBDH@Z 00401e60 f   AudioInput.obj
 0001:00000ea0       ?GetMixerDeviceInputLineName@CAudioInput@@QAEPBDHH@Z 00401ea0 f   AudioInput.obj
 0001:00000ef0       ?GetMixerDevice@CAudioInput@@QAEPAVCMixerDevice@1@H@Z 00401ef0 f   AudioInput.obj
 0001:00000f30       ?Restore@CAudioInput@@QAEXXZ 00401f30 f   AudioInput.obj
 0001:00000f90       ?GetPreferredMixerDeviceIndex@CAudioInput@@QAEHXZ 00401f90 f   AudioInput.obj
 0001:00001090       ?GetMixerDeviceIndex@CAudioInput@@QAEHPAD@Z 00402090 f   AudioInput.obj
 0001:00001100       ?GetMixerDeviceID@CAudioInput@@QAEHPAD@Z 00402100 f   AudioInput.obj
 0001:00001180       ?SetCurrentMixerDevice@CAudioInput@@QAE_NH@Z 00402180 f   AudioInput.obj
 0001:000011d0       ?GetCurrentMixerDevice@CAudioInput@@QAEHXZ 004021d0 f   AudioInput.obj
 0001:000011f0       ??0CMixerDevice@CAudioInput@@QAE@XZ 004021f0 f   AudioInput.obj
 0001:00001270       ??1CMixerDevice@CAudioInput@@UAE@XZ 00402270 f   AudioInput.obj
 0001:000013d0       ??0CMixerDevice@CAudioInput@@QAE@HPAUHWND__@@@Z 004023d0 f   AudioInput.obj
 0001:00001510       ?AdjustInputVolume@CMixerDevice@CAudioInput@@QAEXK@Z 00402510 f   AudioInput.obj
 0001:000015d0       ?CreateInputLineArray@CMixerDevice@CAudioInput@@IAEHXZ 004025d0 f   AudioInput.obj
 0001:00001940       ?CreatePhysicalDevArray@CMixerDevice@CAudioInput@@QAEHXZ 00402940 f   AudioInput.obj
 0001:00001c80       ?GetInputLineIndex@CMixerDevice@CAudioInput@@QAE_NIPAI@Z 00402c80 f   AudioInput.obj
 0001:00001cf0       ?GetInputLineName@CMixerDevice@CAudioInput@@QAEPBDH@Z 00402cf0 f   AudioInput.obj
 0001:00001d30       ?GetInputLineVolumeValue@CMixerDevice@CAudioInput@@QAEHH@Z 00402d30 f   AudioInput.obj
 0001:00001d70       ?GetInputLineSrcID@CMixerDevice@CAudioInput@@QAE_NPAII@Z 00402d70 f   AudioInput.obj
 0001:00001dd0       ?GetName@CMixerDevice@CAudioInput@@QAEPBDXZ 00402dd0 f   AudioInput.obj
 0001:00001df0       ?GetSelectedInputLine@CMixerDevice@CAudioInput@@QAE_NPAI@Z 00402df0 f   AudioInput.obj
 0001:00002080       ?MuteOutputLine@CMixerDevice@CAudioInput@@QAE_NK_N0@Z 00403080 f   AudioInput.obj
 0001:00002160       ?MuteSelectedInputLine@CMixerDevice@CAudioInput@@QAE_NI_N0@Z 00403160 f   AudioInput.obj
 0001:000021c0       ?RestoreSelectedInputLine@CMixerDevice@CAudioInput@@QAEXI@Z 004031c0 f   AudioInput.obj
 0001:00002220       ?Restore@CMixerDevice@CAudioInput@@QAEHXZ 00403220 f   AudioInput.obj
 0001:000022b0       ?SelectInputLine@CMixerDevice@CAudioInput@@QAEXI@Z 004032b0 f   AudioInput.obj
 0001:00002590       ?SetSelectedInputLine@CMixerDevice@CAudioInput@@QAE_NI@Z 00403590 f   AudioInput.obj
 0001:00002610       ?SetSpeakers@CMixerDevice@CAudioInput@@QAEH_N0@Z 00403610 f   AudioInput.obj
 0001:000026b0       ??0CInputLine@CMixerDevice@CAudioInput@@QAE@XZ 004036b0 f   AudioInput.obj
 0001:000026f0       ??1CInputLine@CMixerDevice@CAudioInput@@UAE@XZ 004036f0 f   AudioInput.obj
 0001:00002760       ??0CInputLine@CMixerDevice@CAudioInput@@QAE@PAUHMIXER__@@KPBDKJ@Z 00403760 f   AudioInput.obj
 0001:000028f0       ?GetVolumeValue@CInputLine@CMixerDevice@CAudioInput@@QAEHXZ 004038f0 f   AudioInput.obj
 0001:000029e0       ?CreateArrayMuteCtrl@CInputLine@CMixerDevice@CAudioInput@@IAEPAV?$CArray@UsMuteLine@CInputLine@CMixerDevice@CAudioInput@@U1234@@@KPBD@Z 004039e0 f   AudioInput.obj
 0001:00002e20       ?GetName@CInputLine@CMixerDevice@CAudioInput@@QAEPBDXZ 00403e20 f   AudioInput.obj
 0001:00002e40       ?GetSrcID@CInputLine@CMixerDevice@CAudioInput@@QAEKXZ 00403e40 f   AudioInput.obj
 0001:00002e60       ?isInitSelected@CInputLine@CMixerDevice@CAudioInput@@QAE_NXZ 00403e60 f   AudioInput.obj
 0001:00002e80       ?RestoreMute@CInputLine@CMixerDevice@CAudioInput@@QAEXXZ 00403e80 f   AudioInput.obj
 0001:00002ef0       ?RestoreVolume@CInputLine@CMixerDevice@CAudioInput@@QAEHXZ 00403ef0 f   AudioInput.obj
 0001:00002fd0       ?SetDefaultVolume@CInputLine@CMixerDevice@CAudioInput@@QAEXXZ 00403fd0 f   AudioInput.obj
 0001:000030d0       ?SetMute@CInputLine@CMixerDevice@CAudioInput@@QAE_N_N0@Z 004040d0 f   AudioInput.obj
 0001:000031a0       ?SetName@CInputLine@CMixerDevice@CAudioInput@@QAEXPBD@Z 004041a0 f   AudioInput.obj
 0001:000031c0       ?SetSrcType@CInputLine@CMixerDevice@CAudioInput@@QAEXK@Z 004041c0 f   AudioInput.obj
 0001:000031e0       ?StoreDefaultVolume@CInputLine@CMixerDevice@CAudioInput@@QAEHXZ 004041e0 f   AudioInput.obj
 0001:000032e0       ??0CPhysicalDevice@CMixerDevice@CAudioInput@@QAE@XZ 004042e0 f   AudioInput.obj
 0001:00003320       ??0CPhysicalDevice@CMixerDevice@CAudioInput@@QAE@PAUHMIXER__@@KK_NKH@Z 00404320 f   AudioInput.obj
 0001:00003370       ??1CPhysicalDevice@CMixerDevice@CAudioInput@@UAE@XZ 00404370 f   AudioInput.obj
 0001:00003390       ?restore@CPhysicalDevice@CMixerDevice@CAudioInput@@QAEXXZ 00404390 f   AudioInput.obj
 0001:000033f0       ?SetMute@CPhysicalDevice@CMixerDevice@CAudioInput@@QAEX_N@Z 004043f0 f   AudioInput.obj
 0001:00003420       ?SetVolume@CPhysicalDevice@CMixerDevice@CAudioInput@@QAEXH@Z 00404420 f   AudioInput.obj
 0001:00003450       ?isValid@CMixerDevice@CAudioInput@@QAE_NXZ 00404450 f   AudioInput.obj
 0001:00003470       ?GetID@CMixerDevice@CAudioInput@@QAEHXZ 00404470 f   AudioInput.obj
 0001:00003490       ??_GCAudioInput@@UAEPAXI@Z 00404490 f i AudioInput.obj
 0001:00003490       ??_ECAudioInput@@UAEPAXI@Z 00404490 f i AudioInput.obj
 0001:000034c0       ??_GCMixerDevice@CAudioInput@@UAEPAXI@Z 004044c0 f i AudioInput.obj
 0001:000034c0       ??_ECMixerDevice@CAudioInput@@UAEPAXI@Z 004044c0 f i AudioInput.obj
 0001:000034f0       ??_GCInputLine@CMixerDevice@CAudioInput@@UAEPAXI@Z 004044f0 f i AudioInput.obj
 0001:000034f0       ??_ECInputLine@CMixerDevice@CAudioInput@@UAEPAXI@Z 004044f0 f i AudioInput.obj
 0001:00003520       ??_GCPhysicalDevice@CMixerDevice@CAudioInput@@UAEPAXI@Z 00404520 f i AudioInput.obj
 0001:00003520       ??_ECPhysicalDevice@CMixerDevice@CAudioInput@@UAEPAXI@Z 00404520 f i AudioInput.obj
 0001:00003550       ??0?$CArray@PAVCInputLine@CMixerDevice@CAudioInput@@PAV123@@@QAE@XZ 00404550 f i AudioInput.obj
 0001:000035a0       ?GetSize@?$CArray@PAVCInputLine@CMixerDevice@CAudioInput@@PAV123@@@QBEHXZ 004045a0 f i AudioInput.obj
 0001:000035c0       ?RemoveAll@?$CArray@PAVCInputLine@CMixerDevice@CAudioInput@@PAV123@@@QAEXXZ 004045c0 f i AudioInput.obj
 0001:000035e0       ?GetAt@?$CArray@PAVCInputLine@CMixerDevice@CAudioInput@@PAV123@@@QAEAAPAVCInputLine@CMixerDevice@CAudioInput@@H@Z 004045e0 f i AudioInput.obj
 0001:00003640       ?Add@?$CArray@PAVCInputLine@CMixerDevice@CAudioInput@@PAV123@@@QAEHPAVCInputLine@CMixerDevice@CAudioInput@@@Z 00404640 f i AudioInput.obj
 0001:00003670       ?RemoveAt@?$CArray@PAVCInputLine@CMixerDevice@CAudioInput@@PAV123@@@QAEXHH@Z 00404670 f i AudioInput.obj
 0001:00003780       ??1?$CArray@PAVCInputLine@CMixerDevice@CAudioInput@@PAV123@@@UAE@XZ 00404780 f i AudioInput.obj
 0001:00003820       ?Serialize@?$CArray@PAVCInputLine@CMixerDevice@CAudioInput@@PAV123@@@UAEXAAVCArchive@@@Z 00404820 f i AudioInput.obj
 0001:000038a0       ?Dump@?$CArray@PAVCInputLine@CMixerDevice@CAudioInput@@PAV123@@@UBEXAAVCDumpContext@@@Z 004048a0 f i AudioInput.obj
 0001:00003920       ?AssertValid@?$CArray@PAVCInputLine@CMixerDevice@CAudioInput@@PAV123@@@UBEXXZ 00404920 f i AudioInput.obj
 0001:00003a10       ??0?$CArray@PAVCPhysicalDevice@CMixerDevice@CAudioInput@@PAV123@@@QAE@XZ 00404a10 f i AudioInput.obj
 0001:00003a60       ?GetSize@?$CArray@PAVCPhysicalDevice@CMixerDevice@CAudioInput@@PAV123@@@QBEHXZ 00404a60 f i AudioInput.obj
 0001:00003a80       ?RemoveAll@?$CArray@PAVCPhysicalDevice@CMixerDevice@CAudioInput@@PAV123@@@QAEXXZ 00404a80 f i AudioInput.obj
 0001:00003aa0       ?GetAt@?$CArray@PAVCPhysicalDevice@CMixerDevice@CAudioInput@@PAV123@@@QAEAAPAVCPhysicalDevice@CMixerDevice@CAudioInput@@H@Z 00404aa0 f i AudioInput.obj
 0001:00003b00       ?Add@?$CArray@PAVCPhysicalDevice@CMixerDevice@CAudioInput@@PAV123@@@QAEHPAVCPhysicalDevice@CMixerDevice@CAudioInput@@@Z 00404b00 f i AudioInput.obj
 0001:00003b30       ?RemoveAt@?$CArray@PAVCPhysicalDevice@CMixerDevice@CAudioInput@@PAV123@@@QAEXHH@Z 00404b30 f i AudioInput.obj
 0001:00003c40       ??1?$CArray@PAVCPhysicalDevice@CMixerDevice@CAudioInput@@PAV123@@@UAE@XZ 00404c40 f i AudioInput.obj
 0001:00003ce0       ?Serialize@?$CArray@PAVCPhysicalDevice@CMixerDevice@CAudioInput@@PAV123@@@UAEXAAVCArchive@@@Z 00404ce0 f i AudioInput.obj
 0001:00003d60       ?Dump@?$CArray@PAVCPhysicalDevice@CMixerDevice@CAudioInput@@PAV123@@@UBEXAAVCDumpContext@@@Z 00404d60 f i AudioInput.obj
 0001:00003de0       ?AssertValid@?$CArray@PAVCPhysicalDevice@CMixerDevice@CAudioInput@@PAV123@@@UBEXXZ 00404de0 f i AudioInput.obj
 0001:00003ed0       ??0?$CArray@PAVCMixerDevice@CAudioInput@@PAV12@@@QAE@XZ 00404ed0 f i AudioInput.obj
 0001:00003f20       ?GetSize@?$CArray@PAVCMixerDevice@CAudioInput@@PAV12@@@QBEHXZ 00404f20 f i AudioInput.obj
 0001:00003f40       ?RemoveAll@?$CArray@PAVCMixerDevice@CAudioInput@@PAV12@@@QAEXXZ 00404f40 f i AudioInput.obj
 0001:00003f60       ?GetAt@?$CArray@PAVCMixerDevice@CAudioInput@@PAV12@@@QAEAAPAVCMixerDevice@CAudioInput@@H@Z 00404f60 f i AudioInput.obj
 0001:00003fc0       ?Add@?$CArray@PAVCMixerDevice@CAudioInput@@PAV12@@@QAEHPAVCMixerDevice@CAudioInput@@@Z 00404fc0 f i AudioInput.obj
 0001:00003ff0       ?RemoveAt@?$CArray@PAVCMixerDevice@CAudioInput@@PAV12@@@QAEXHH@Z 00404ff0 f i AudioInput.obj
 0001:00004100       ??1?$CArray@PAVCMixerDevice@CAudioInput@@PAV12@@@UAE@XZ 00405100 f i AudioInput.obj
 0001:000041a0       ?Serialize@?$CArray@PAVCMixerDevice@CAudioInput@@PAV12@@@UAEXAAVCArchive@@@Z 004051a0 f i AudioInput.obj
 0001:00004220       ?Dump@?$CArray@PAVCMixerDevice@CAudioInput@@PAV12@@@UBEXAAVCDumpContext@@@Z 00405220 f i AudioInput.obj
 0001:000042a0       ?AssertValid@?$CArray@PAVCMixerDevice@CAudioInput@@PAV12@@@UBEXXZ 004052a0 f i AudioInput.obj
 0001:00004390       ??0?$CArray@UsMuteLine@CInputLine@CMixerDevice@CAudioInput@@U1234@@@QAE@XZ 00405390 f i AudioInput.obj
 0001:000043e0       ?GetSize@?$CArray@UsMuteLine@CInputLine@CMixerDevice@CAudioInput@@U1234@@@QBEHXZ 004053e0 f i AudioInput.obj
 0001:00004400       ?GetCount@?$CArray@UsMuteLine@CInputLine@CMixerDevice@CAudioInput@@U1234@@@QBEHXZ 00405400 f i AudioInput.obj
 0001:00004420       ?RemoveAll@?$CArray@UsMuteLine@CInputLine@CMixerDevice@CAudioInput@@U1234@@@QAEXXZ 00405420 f i AudioInput.obj
 0001:00004440       ?GetAt@?$CArray@UsMuteLine@CInputLine@CMixerDevice@CAudioInput@@U1234@@@QAEAAUsMuteLine@CInputLine@CMixerDevice@CAudioInput@@H@Z 00405440 f i AudioInput.obj
 0001:000044a0       ?SetAt@?$CArray@UsMuteLine@CInputLine@CMixerDevice@CAudioInput@@U1234@@@QAEXHUsMuteLine@CInputLine@CMixerDevice@CAudioInput@@@Z 004054a0 f i AudioInput.obj
 0001:00004510       ?Add@?$CArray@UsMuteLine@CInputLine@CMixerDevice@CAudioInput@@U1234@@@QAEHUsMuteLine@CInputLine@CMixerDevice@CAudioInput@@@Z 00405510 f i AudioInput.obj
 0001:00004550       ?Serialize@?$CArray@UsMuteLine@CInputLine@CMixerDevice@CAudioInput@@U1234@@@UAEXAAVCArchive@@@Z 00405550 f i AudioInput.obj
 0001:000045d0       ?Dump@?$CArray@UsMuteLine@CInputLine@CMixerDevice@CAudioInput@@U1234@@@UBEXAAVCDumpContext@@@Z 004055d0 f i AudioInput.obj
 0001:00004650       ?AssertValid@?$CArray@UsMuteLine@CInputLine@CMixerDevice@CAudioInput@@U1234@@@UBEXXZ 00405650 f i AudioInput.obj
 0001:00004740       ??_G?$CArray@PAVCInputLine@CMixerDevice@CAudioInput@@PAV123@@@UAEPAXI@Z 00405740 f i AudioInput.obj
 0001:00004740       ??_E?$CArray@PAVCInputLine@CMixerDevice@CAudioInput@@PAV123@@@UAEPAXI@Z 00405740 f i AudioInput.obj
 0001:00004770       ??_G?$CArray@PAVCPhysicalDevice@CMixerDevice@CAudioInput@@PAV123@@@UAEPAXI@Z 00405770 f i AudioInput.obj
 0001:00004770       ??_E?$CArray@PAVCPhysicalDevice@CMixerDevice@CAudioInput@@PAV123@@@UAEPAXI@Z 00405770 f i AudioInput.obj
 0001:000047a0       ??_E?$CArray@PAVCMixerDevice@CAudioInput@@PAV12@@@UAEPAXI@Z 004057a0 f i AudioInput.obj
 0001:000047a0       ??_G?$CArray@PAVCMixerDevice@CAudioInput@@PAV12@@@UAEPAXI@Z 004057a0 f i AudioInput.obj
 0001:000047d0       ??_G?$CArray@UsMuteLine@CInputLine@CMixerDevice@CAudioInput@@U1234@@@UAEPAXI@Z 004057d0 f i AudioInput.obj
 0001:000047d0       ??_E?$CArray@UsMuteLine@CInputLine@CMixerDevice@CAudioInput@@U1234@@@UAEPAXI@Z 004057d0 f i AudioInput.obj
 0001:00004800       ??1?$CArray@UsMuteLine@CInputLine@CMixerDevice@CAudioInput@@U1234@@@UAE@XZ 00405800 f i AudioInput.obj
 0001:000048a0       ?SetSize@?$CArray@PAVCInputLine@CMixerDevice@CAudioInput@@PAV123@@@QAEXHH@Z 004058a0 f i AudioInput.obj
 0001:00004cb0       ??2@YAPAXIPAX@Z            00405cb0 f i AudioInput.obj
 0001:00004cc0       ?SetAtGrow@?$CArray@PAVCInputLine@CMixerDevice@CAudioInput@@PAV123@@@QAEXHPAVCInputLine@CMixerDevice@CAudioInput@@@Z 00405cc0 f i AudioInput.obj
 0001:00004d30       ??$SerializeElements@PAVCInputLine@CMixerDevice@CAudioInput@@@@YGXAAVCArchive@@PAPAVCInputLine@CMixerDevice@CAudioInput@@H@Z 00405d30 f i AudioInput.obj
 0001:00004e30       ??$DumpElements@PAVCInputLine@CMixerDevice@CAudioInput@@@@YGXAAVCDumpContext@@PBQAVCInputLine@CMixerDevice@CAudioInput@@H@Z 00405e30 f i AudioInput.obj
 0001:00004e70       ?SetSize@?$CArray@PAVCPhysicalDevice@CMixerDevice@CAudioInput@@PAV123@@@QAEXHH@Z 00405e70 f i AudioInput.obj
 0001:00005280       ?SetAtGrow@?$CArray@PAVCPhysicalDevice@CMixerDevice@CAudioInput@@PAV123@@@QAEXHPAVCPhysicalDevice@CMixerDevice@CAudioInput@@@Z 00406280 f i AudioInput.obj
 0001:000052f0       ??$SerializeElements@PAVCPhysicalDevice@CMixerDevice@CAudioInput@@@@YGXAAVCArchive@@PAPAVCPhysicalDevice@CMixerDevice@CAudioInput@@H@Z 004062f0 f i AudioInput.obj
 0001:000053f0       ??$DumpElements@PAVCPhysicalDevice@CMixerDevice@CAudioInput@@@@YGXAAVCDumpContext@@PBQAVCPhysicalDevice@CMixerDevice@CAudioInput@@H@Z 004063f0 f i AudioInput.obj
 0001:00005430       ?SetSize@?$CArray@PAVCMixerDevice@CAudioInput@@PAV12@@@QAEXHH@Z 00406430 f i AudioInput.obj
 0001:00005840       ?SetAtGrow@?$CArray@PAVCMixerDevice@CAudioInput@@PAV12@@@QAEXHPAVCMixerDevice@CAudioInput@@@Z 00406840 f i AudioInput.obj
 0001:000058b0       ??$SerializeElements@PAVCMixerDevice@CAudioInput@@@@YGXAAVCArchive@@PAPAVCMixerDevice@CAudioInput@@H@Z 004068b0 f i AudioInput.obj
 0001:000059b0       ??$DumpElements@PAVCMixerDevice@CAudioInput@@@@YGXAAVCDumpContext@@PBQAVCMixerDevice@CAudioInput@@H@Z 004069b0 f i AudioInput.obj
 0001:000059f0       ?SetSize@?$CArray@UsMuteLine@CInputLine@CMixerDevice@CAudioInput@@U1234@@@QAEXHH@Z 004069f0 f i AudioInput.obj
 0001:00005e00       ?SetAtGrow@?$CArray@UsMuteLine@CInputLine@CMixerDevice@CAudioInput@@U1234@@@QAEXHUsMuteLine@CInputLine@CMixerDevice@CAudioInput@@@Z 00406e00 f i AudioInput.obj
 0001:00005e80       ??$SerializeElements@UsMuteLine@CInputLine@CMixerDevice@CAudioInput@@@@YGXAAVCArchive@@PAUsMuteLine@CInputLine@CMixerDevice@CAudioInput@@H@Z 00406e80 f i AudioInput.obj
 0001:00005f80       ??$DumpElements@UsMuteLine@CInputLine@CMixerDevice@CAudioInput@@@@YGXAAVCDumpContext@@PBUsMuteLine@CInputLine@CMixerDevice@CAudioInput@@H@Z 00406f80 f i AudioInput.obj
 0001:00005fc0       ??0CDefVolumeDlg@@QAE@PAVCWnd@@@Z 00406fc0 f   DefVolumeDlg.obj
 0001:000060e0       ?DoDataExchange@CDefVolumeDlg@@MAEXPAVCDataExchange@@@Z 004070e0 f   DefVolumeDlg.obj
 0001:000061c0       ?GetThisMessageMap@CDefVolumeDlg@@KGPBUAFX_MSGMAP@@XZ 004071c0 f   DefVolumeDlg.obj
 0001:000061d0       ?GetMessageMap@CDefVolumeDlg@@MBEPBUAFX_MSGMAP@@XZ 004071d0 f   DefVolumeDlg.obj
 0001:000061e0       ?OnHScroll@CDefVolumeDlg@@IAEXIIPAVCScrollBar@@@Z 004071e0 f   DefVolumeDlg.obj
 0001:00006330       ?OnInitDialog@CDefVolumeDlg@@MAEHXZ 00407330 f   DefVolumeDlg.obj
 0001:000064e0       ?ChangeEdt@CDefVolumeDlg@@IAEHHPAVCEdit@@PAVCSliderCtrl@@@Z 004074e0 f   DefVolumeDlg.obj
 0001:00006640       ?OnChangeEdtMic@CDefVolumeDlg@@IAEXXZ 00407640 f   DefVolumeDlg.obj
 0001:00006680       ?OnChangeEdtLin@CDefVolumeDlg@@IAEXXZ 00407680 f   DefVolumeDlg.obj
 0001:000066c0       ?OnChangeEdtAux@CDefVolumeDlg@@IAEXXZ 004076c0 f   DefVolumeDlg.obj
 0001:00006700       ?OnChangeEdtAnl@CDefVolumeDlg@@IAEXXZ 00407700 f   DefVolumeDlg.obj
 0001:00006740       ?GetDefaultVolumeValues@CDefVolumeDlg@@IAEXXZ 00407740 f   DefVolumeDlg.obj
 0001:000067b0       ?OnOK@CDefVolumeDlg@@MAEXXZ 004077b0 f   DefVolumeDlg.obj
 0001:00006820       ??_GCDefVolumeDlg@@UAEPAXI@Z 00407820 f i DefVolumeDlg.obj
 0001:00006820       ??_ECDefVolumeDlg@@UAEPAXI@Z 00407820 f i DefVolumeDlg.obj
 0001:00006850       ??1CDefVolumeDlg@@UAE@XZ   00407850 f i DefVolumeDlg.obj
 0001:00006920       ??0CDynamicLED@@QAE@XZ     00407920 f   DynamicLED.obj
 0001:00006a00       ??1CDynamicLED@@UAE@XZ     00407a00 f   DynamicLED.obj
 0001:00006ad0       ?GetThisMessageMap@CDynamicLED@@KGPBUAFX_MSGMAP@@XZ 00407ad0 f   DynamicLED.obj
 0001:00006ae0       ?GetMessageMap@CDynamicLED@@MBEPBUAFX_MSGMAP@@XZ 00407ae0 f   DynamicLED.obj
 0001:00006af0       ?InitLed@CDynamicLED@@QAEXPAVCWnd@@II@Z 00407af0 f   DynamicLED.obj
 0001:00006bb0       ?OnPaint@CDynamicLED@@IAEXXZ 00407bb0 f   DynamicLED.obj
 0001:00006c30       ?OnTimer@CDynamicLED@@IAEXI@Z 00407c30 f   DynamicLED.obj
 0001:00006ce0       ?Switch@CDynamicLED@@AAEXH@Z 00407ce0 f   DynamicLED.obj
 0001:00006db0       ?SwitchOn@CDynamicLED@@QAEXXZ 00407db0 f   DynamicLED.obj
 0001:00006dd0       ?SwitchOff@CDynamicLED@@QAEXXZ 00407dd0 f   DynamicLED.obj
 0001:00006df0       ?Blink@CDynamicLED@@QAEXH@Z 00407df0 f   DynamicLED.obj
 0001:00006e70       ?SetLedBright@CDynamicLED@@AAEHHH@Z 00407e70 f   DynamicLED.obj
 0001:00006f70       ?SetPenBrush@CDynamicLED@@AAEXXZ 00407f70 f   DynamicLED.obj
 0001:00007140       ?DrawRoundLed@CDynamicLED@@AAEXVCRect@@@Z 00408140 f   DynamicLED.obj
 0001:00007340       ?DrawSquareLed@CDynamicLED@@AAEXVCRect@@@Z 00408340 f   DynamicLED.obj
 0001:00007480       ??_GCDynamicLED@@UAEPAXI@Z 00408480 f i DynamicLED.obj
 0001:00007480       ??_ECDynamicLED@@UAEPAXI@Z 00408480 f i DynamicLED.obj
 0001:000074b0       ??0CLogAudioHdrs@@QAE@XZ   004084b0 f   LogAudioHdrs.obj
 0001:00007500       ??1CLogAudioHdrs@@UAE@XZ   00408500 f   LogAudioHdrs.obj
 0001:00007520       ?UpdateControls@CLogAudioHdrs@@MAEXXZ 00408520 f   LogAudioHdrs.obj
 0001:00007600       ?PostMessageStop@CLogAudioHdrs@@MAEXXZ 00408600 f   LogAudioHdrs.obj
 0001:00007630       ?PostMessageStart@CLogAudioHdrs@@MAEXXZ 00408630 f   LogAudioHdrs.obj
 0001:00007660       ?PostMessageCancel@CLogAudioHdrs@@MAEXXZ 00408660 f   LogAudioHdrs.obj
 0001:00007690       ?SppLoggerStop@CLogAudioHdrs@@MAEHXZ 00408690 f   LogAudioHdrs.obj
 0001:000076a0       ?SppLoggerStart@CLogAudioHdrs@@MAEHPAD@Z 004086a0 f   LogAudioHdrs.obj
 0001:000076c0       ?SppLoggerStat@CLogAudioHdrs@@MAEHPAH@Z 004086c0 f   LogAudioHdrs.obj
 0001:000076e0       ??_ECLogAudioHdrs@@UAEPAXI@Z 004086e0 f i LogAudioHdrs.obj
 0001:000076e0       ??_GCLogAudioHdrs@@UAEPAXI@Z 004086e0 f i LogAudioHdrs.obj
 0001:00007710       ??0CLogFmsConn@@QAE@XZ     00408710 f   LogFmsConn.obj
 0001:00007770       ??1CLogFmsConn@@UAE@XZ     00408770 f   LogFmsConn.obj
 0001:00007790       ?UpdateControls@CLogFmsConn@@MAEXXZ 00408790 f   LogFmsConn.obj
 0001:00007870       ?PostMessageStop@CLogFmsConn@@MAEXXZ 00408870 f   LogFmsConn.obj
 0001:000078a0       ?PostMessageStart@CLogFmsConn@@MAEXXZ 004088a0 f   LogFmsConn.obj
 0001:000078d0       ?PostMessageCancel@CLogFmsConn@@MAEXXZ 004088d0 f   LogFmsConn.obj
 0001:00007900       ?SppLoggerStop@CLogFmsConn@@MAEHXZ 00408900 f   LogFmsConn.obj
 0001:00007920       ?SppLoggerStart@CLogFmsConn@@MAEHPAD@Z 00408920 f   LogFmsConn.obj
 0001:00007940       ??_ECLogFmsConn@@UAEPAXI@Z 00408940 f i LogFmsConn.obj
 0001:00007940       ??_GCLogFmsConn@@UAEPAXI@Z 00408940 f i LogFmsConn.obj
 0001:00007970       ??0CLogPulse@@QAE@XZ       00408970 f   LogPulses.obj
 0001:000079c0       ??1CLogPulse@@UAE@XZ       004089c0 f   LogPulses.obj
 0001:000079e0       ?UpdateControls@CLogPulse@@MAEXXZ 004089e0 f   LogPulses.obj
 0001:00007ac0       ?PostMessageStop@CLogPulse@@MAEXXZ 00408ac0 f   LogPulses.obj
 0001:00007af0       ?PostMessageStart@CLogPulse@@MAEXXZ 00408af0 f   LogPulses.obj
 0001:00007b20       ?PostMessageCancel@CLogPulse@@MAEXXZ 00408b20 f   LogPulses.obj
 0001:00007b50       ?SppLoggerStop@CLogPulse@@MAEHXZ 00408b50 f   LogPulses.obj
 0001:00007b60       ?SppLoggerStart@CLogPulse@@MAEHPAD@Z 00408b60 f   LogPulses.obj
 0001:00007b80       ?SppLoggerStat@CLogPulse@@MAEHPAH@Z 00408b80 f   LogPulses.obj
 0001:00007ba0       ??_GCLogPulse@@UAEPAXI@Z   00408ba0 f i LogPulses.obj
 0001:00007ba0       ??_ECLogPulse@@UAEPAXI@Z   00408ba0 f i LogPulses.obj
 0001:00007bd0       ??0CLogRawPulse@@QAE@XZ    00408bd0 f   LogRawPulse.obj
 0001:00007c30       ??1CLogRawPulse@@UAE@XZ    00408c30 f   LogRawPulse.obj
 0001:00007c50       ?UpdateControls@CLogRawPulse@@MAEXXZ 00408c50 f   LogRawPulse.obj
 0001:00007d30       ?PostMessageStop@CLogRawPulse@@MAEXXZ 00408d30 f   LogRawPulse.obj
 0001:00007d60       ?PostMessageStart@CLogRawPulse@@MAEXXZ 00408d60 f   LogRawPulse.obj
 0001:00007d90       ?PostMessageCancel@CLogRawPulse@@MAEXXZ 00408d90 f   LogRawPulse.obj
 0001:00007dc0       ?SppLoggerStop@CLogRawPulse@@MAEHXZ 00408dc0 f   LogRawPulse.obj
 0001:00007dd0       ?SppLoggerStart@CLogRawPulse@@MAEHPAD@Z 00408dd0 f   LogRawPulse.obj
 0001:00007df0       ?SppLoggerStat@CLogRawPulse@@MAEHPAH@Z 00408df0 f   LogRawPulse.obj
 0001:00007e10       ??_ECLogRawPulse@@UAEPAXI@Z 00408e10 f i LogRawPulse.obj
 0001:00007e10       ??_GCLogRawPulse@@UAEPAXI@Z 00408e10 f i LogRawPulse.obj
 0001:00007e40       ?_GetBaseClass@CScanInputs@@KGPAUCRuntimeClass@@XZ 00408e40 f   ScanInputs.obj
 0001:00007e50       ?GetThisClass@CScanInputs@@SGPAUCRuntimeClass@@XZ 00408e50 f   ScanInputs.obj
 0001:00007e60       ?GetRuntimeClass@CScanInputs@@UBEPAUCRuntimeClass@@XZ 00408e60 f   ScanInputs.obj
 0001:00007e70       ??0CScanInputs@@QAE@PAVCWnd@@@Z 00408e70 f   ScanInputs.obj
 0001:00007fe0       ??1CScanInputs@@UAE@XZ     00408fe0 f   ScanInputs.obj
 0001:00008040       ?DoDataExchange@CScanInputs@@MAEXPAVCDataExchange@@@Z 00409040 f   ScanInputs.obj
 0001:00008070       ?GetThisMessageMap@CScanInputs@@KGPBUAFX_MSGMAP@@XZ 00409070 f   ScanInputs.obj
 0001:00008080       ?GetMessageMap@CScanInputs@@MBEPBUAFX_MSGMAP@@XZ 00409080 f   ScanInputs.obj
 0001:00008090       ?OnBnClickedCancel@CScanInputs@@QAEXXZ 00409090 f   ScanInputs.obj
 0001:00008130       ?OnBnClickedScan@CScanInputs@@QAEXXZ 00409130 f   ScanInputs.obj
 0001:00008290       ?OnBnClickedSaveLog@CScanInputs@@QAEXXZ 00409290 f   ScanInputs.obj
 0001:000084a0       ?LogAudioLevel@CScanInputs@@IAEXHHH@Z 004094a0 f   ScanInputs.obj
 0001:00008640       ?ScanModulationTypes@CScanInputs@@IAEHXZ 00409640 f   ScanInputs.obj
 0001:00008750       ?LogModulation@CScanInputs@@IAEXHH@Z 00409750 f   ScanInputs.obj
 0001:00008890       ?OnShowWindow@CScanInputs@@QAEXHI@Z 00409890 f   ScanInputs.obj
 0001:00008920       ?OnIdle@CScanInputs@@QAEHXZ 00409920 f   ScanInputs.obj
 0001:00008960       ??_GCScanInputs@@UAEPAXI@Z 00409960 f i ScanInputs.obj
 0001:00008960       ??_ECScanInputs@@UAEPAXI@Z 00409960 f i ScanInputs.obj
 0001:00008990       ??HATL@@YA?AV?$CStringT@DV?$StrTraitMFC_DLL@DV?$ChTraitsCRT@D@ATL@@@@@0@ABV10@0@Z 00409990 f i ScanInputs.obj
 0001:00008a40       ?GetThisMessageMap@CSppConsoleApp@@KGPBUAFX_MSGMAP@@XZ 00409a40 f   SppConsole.obj
 0001:00008a50       ?GetMessageMap@CSppConsoleApp@@MBEPBUAFX_MSGMAP@@XZ 00409a50 f   SppConsole.obj
 0001:00008a60       ??0CSppConsoleApp@@QAE@XZ  00409a60 f   SppConsole.obj
 0001:00008a90       ?InitInstance@CSppConsoleApp@@UAEHXZ 00409a90 f   SppConsole.obj
 0001:00008b50       ?doStartIconified@CSppConsoleApp@@IAE_NXZ 00409b50 f   SppConsole.obj
 0001:00008bb0       ?OnAbout@CSppConsoleApp@@QAEXXZ 00409bb0 f   SppConsole.obj
 0001:00008c20       ??_GCSppConsoleApp@@UAEPAXI@Z 00409c20 f i SppConsole.obj
 0001:00008c20       ??_ECSppConsoleApp@@UAEPAXI@Z 00409c20 f i SppConsole.obj
 0001:00008c50       ??1CSppConsoleApp@@UAE@XZ  00409c50 f i SppConsole.obj
 0001:00008c70       ??1CSppConsoleDlg@@UAE@XZ  00409c70 f i SppConsole.obj
 0001:00008d00       ??0CSppConsoleDlg@@QAE@PAVCWnd@@@Z 00409d00 f   SppConsoleDlg.obj
 0001:00008eb0       ?DoDataExchange@CSppConsoleDlg@@MAEXPAVCDataExchange@@@Z 00409eb0 f   SppConsoleDlg.obj
 0001:00009020       ?GetThisMessageMap@CSppConsoleDlg@@KGPBUAFX_MSGMAP@@XZ 0040a020 f   SppConsoleDlg.obj
 0001:00009030       ?GetMessageMap@CSppConsoleDlg@@MBEPBUAFX_MSGMAP@@XZ 0040a030 f   SppConsoleDlg.obj
 0001:00009040       ?GetDllVersion@@YAKPBD@Z   0040a040 f   SppConsoleDlg.obj
 0001:000090d0       ?ThreeBeeps@@YAXXZ         0040a0d0 f   SppConsoleDlg.obj
 0001:00009130       ?OneBeep@@YAXXZ            0040a130 f   SppConsoleDlg.obj
 0001:00009160       ?OnInitDialog@CSppConsoleDlg@@MAEHXZ 0040a160 f   SppConsoleDlg.obj
 0001:00009630       ?OnDestroy@CSppConsoleDlg@@IAEXXZ 0040a630 f   SppConsoleDlg.obj
 0001:00009760       ?OnPaint@CSppConsoleDlg@@IAEXXZ 0040a760 f   SppConsoleDlg.obj
 0001:000098a0       ?OnQueryDragIcon@CSppConsoleDlg@@IAEPAUHICON__@@XZ 0040a8a0 f   SppConsoleDlg.obj
 0001:000098c0       ?SomethingChanged@CSppConsoleDlg@@QAEXXZ 0040a8c0 f   SppConsoleDlg.obj
 0001:00009900       ?OnSelchangeModType@CSppConsoleDlg@@IAEXXZ 0040a900 f   SppConsoleDlg.obj
 0001:00009a50       ?GetModeTypeCtrl@CSppConsoleDlg@@QAEPAVCWnd@@XZ 0040aa50 f   SppConsoleDlg.obj
 0001:00009a70       ?OnShiftAuto@CSppConsoleDlg@@IAEXXZ 0040aa70 f   SppConsoleDlg.obj
 0001:00009b10       ?GetShiftAutoCtrl@CSppConsoleDlg@@QAEPAVCWnd@@XZ 0040ab10 f   SppConsoleDlg.obj
 0001:00009b30       ?OnShiftPos@CSppConsoleDlg@@IAEXXZ 0040ab30 f   SppConsoleDlg.obj
 0001:00009b50       ?GetShiftPosCtrl@CSppConsoleDlg@@QAEPAVCWnd@@XZ 0040ab50 f   SppConsoleDlg.obj
 0001:00009b70       ?OnShiftNeg@CSppConsoleDlg@@IAEXXZ 0040ab70 f   SppConsoleDlg.obj
 0001:00009b90       ?OnHide@CSppConsoleDlg@@IAEXXZ 0040ab90 f   SppConsoleDlg.obj
 0001:00009bc0       ?OnShow@CSppConsoleDlg@@IAEXXZ 0040abc0 f   SppConsoleDlg.obj
 0001:00009bf0       ?PopulateModulation@CSppConsoleDlg@@IAEHXZ 0040abf0 f   SppConsoleDlg.obj
 0001:00009df0       ?ShowShiftRB@CSppConsoleDlg@@IAEX_N@Z 0040adf0 f   SppConsoleDlg.obj
 0001:00009ea0       ?TaskBarAddIcon@CSppConsoleDlg@@IAEHIPAUHICON__@@PAD@Z 0040aea0 f   SppConsoleDlg.obj
 0001:0000a080       ?TaskBarDelIcon@CSppConsoleDlg@@IAEHI@Z 0040b080 f   SppConsoleDlg.obj
 0001:0000a0e0       ?TaskBarIconBaloon@CSppConsoleDlg@@IAEHIPBD0@Z 0040b0e0 f   SppConsoleDlg.obj
 0001:0000a200       ?TaskBarIconToolTip@CSppConsoleDlg@@IAEHIPBD@Z 0040b200 f   SppConsoleDlg.obj
 0001:0000a290       ?StartIconified@CSppConsoleDlg@@QAEX_N@Z 0040b290 f   SppConsoleDlg.obj
 0001:0000a2b0       ?OnStatusAreaMessage@CSppConsoleDlg@@IAEJIJ@Z 0040b2b0 f   SppConsoleDlg.obj
 0001:0000a310       ?OnMixerLineChange@CSppConsoleDlg@@AAEJIJ@Z 0040b310 f   SppConsoleDlg.obj
 0001:0000a320       ?OnMixerControlChange@CSppConsoleDlg@@AAEJIJ@Z 0040b320 f   SppConsoleDlg.obj
 0001:0000a3a0       ?ShowTrayIconMenu@CSppConsoleDlg@@IAEXI@Z 0040b3a0 f   SppConsoleDlg.obj
 0001:0000a500       ?OnWindowPosChanging@CSppConsoleDlg@@IAEXPAUtagWINDOWPOS@@@Z 0040b500 f   SppConsoleDlg.obj
 0001:0000a540       ?OnInterSppConsole@CSppConsoleDlg@@IAEJIJ@Z 0040b540 f   SppConsoleDlg.obj
 0001:0000a570       ?OnInterSppApps@CSppConsoleDlg@@IAEJIJ@Z 0040b570 f   SppConsoleDlg.obj
 0001:0000a9d0       ?OnOK@CSppConsoleDlg@@MAEXXZ 0040b9d0 f   SppConsoleDlg.obj
 0001:0000aa30       ?OnCancel@CSppConsoleDlg@@MAEXXZ 0040ba30 f   SppConsoleDlg.obj
 0001:0000aa50       ?isDllActive@CSppConsoleDlg@@IAE_NXZ 0040ba50 f   SppConsoleDlg.obj
 0001:0000aaa0       ?GetStatusString@CSppConsoleDlg@@QAE?AV?$CStringT@DV?$StrTraitMFC_DLL@DV?$ChTraitsCRT@D@ATL@@@@@ATL@@XZ 0040baa0 f   SppConsoleDlg.obj
 0001:0000ada0       ?OnToolTipNotify@CSppConsoleDlg@@IAEHIPAUtagNMHDR@@PAJ@Z 0040bda0 f   SppConsoleDlg.obj
 0001:0000ae10       ?GetFmsStatusString@CSppConsoleDlg@@IAEHAAV?$CStringT@DV?$StrTraitMFC_DLL@DV?$ChTraitsCRT@D@ATL@@@@@ATL@@@Z 0040be10 f   SppConsoleDlg.obj
 0001:0000b080       ?PopulateAudioSource@CSppConsoleDlg@@IAEXXZ 0040c080 f   SppConsoleDlg.obj
 0001:0000b170       ?GetMixerDeviceCtrl@CSppConsoleDlg@@QAEPAVCWnd@@XZ 0040c170 f   SppConsoleDlg.obj
 0001:0000b190       ?PopulateInputLines@CSppConsoleDlg@@IAEXXZ 0040c190 f   SppConsoleDlg.obj
 0001:0000b270       ?GetAudioLinesCtrl@CSppConsoleDlg@@QAEPAVCWnd@@XZ 0040c270 f   SppConsoleDlg.obj
 0001:0000b290       ?OnSelchangeMixerdevice@CSppConsoleDlg@@IAEXXZ 0040c290 f   SppConsoleDlg.obj
 0001:0000b370       ?OnSelchangeAudioSrc@CSppConsoleDlg@@IAEXXZ 0040c370 f   SppConsoleDlg.obj
 0001:0000b440       ?OnEnableAudio@CSppConsoleDlg@@IAEXXZ 0040c440 f   SppConsoleDlg.obj
 0001:0000b4d0       ?EnableAudio@CSppConsoleDlg@@IAEXH@Z 0040c4d0 f   SppConsoleDlg.obj
 0001:0000b630       ?GetCurrentMixerDevice@CSppConsoleDlg@@IAEHXZ 0040c630 f   SppConsoleDlg.obj
 0001:0000b6c0       ?GetCurrentInputLine@CSppConsoleDlg@@IAEHXZ 0040c6c0 f   SppConsoleDlg.obj
 0001:0000b700       ?GetSavedCurrentInputLine@CSppConsoleDlg@@IAE_NPAI@Z 0040c700 f   SppConsoleDlg.obj
 0001:0000b770       ?GetCurrentInputLineFromSystem@CSppConsoleDlg@@IAE_NPAI@Z 0040c770 f   SppConsoleDlg.obj
 0001:0000b7d0       ?SetCurrentMixerDevice@CSppConsoleDlg@@IAEXI@Z 0040c7d0 f   SppConsoleDlg.obj
 0001:0000b820       ?SetCurrentInputLine@CSppConsoleDlg@@IAEXH@Z 0040c820 f   SppConsoleDlg.obj
 0001:0000b8a0       ?GetCheckAudioCtrl@CSppConsoleDlg@@QAEPAVCWnd@@XZ 0040c8a0 f   SppConsoleDlg.obj
 0001:0000b8c0       ?CheckAudioCB@CSppConsoleDlg@@IAEXXZ 0040c8c0 f   SppConsoleDlg.obj
 0001:0000b8f0       ?OnSetCursor@CSppConsoleDlg@@IAEHPAVCWnd@@II@Z 0040c8f0 f   SppConsoleDlg.obj
 0001:0000b980       ?HearTx@CSppConsoleDlg@@IAEX_N@Z 0040c980 f   SppConsoleDlg.obj
 0001:0000ba50       ?OnSelSrc@CSppConsoleDlg@@IAEXXZ 0040ca50 f   SppConsoleDlg.obj
 0001:0000bbe0       ?OnAudioDst@CSppConsoleDlg@@IAEXXZ 0040cbe0 f   SppConsoleDlg.obj
 0001:0000bd70       ?OnAudioVol@CSppConsoleDlg@@IAEXXZ 0040cd70 f   SppConsoleDlg.obj
 0001:0000be00       ?OnAudioPrint@CSppConsoleDlg@@IAEXXZ 0040ce00 f   SppConsoleDlg.obj
 0001:0000bf20       ?PpJoyExShowCtrl@CSppConsoleDlg@@IAEXXZ 0040cf20 f   SppConsoleDlg.obj
 0001:0000bf60       ?OnPpjoyex@CSppConsoleDlg@@IAEXXZ 0040cf60 f   SppConsoleDlg.obj
 0001:0000c060       ?UpdateFilterMenu@CSppConsoleDlg@@IAEXXZ 0040d060 f   SppConsoleDlg.obj
 0001:0000c370       ?OnFilterSelect@CSppConsoleDlg@@IAEXI@Z 0040d370 f   SppConsoleDlg.obj
 0001:0000c4f0       ?OnHideMsg@CSppConsoleDlg@@AAEJIJ@Z 0040d4f0 f   SppConsoleDlg.obj
 0001:0000c510       ?LocateDialogWindow@CSppConsoleDlg@@IAEHXZ 0040d510 f   SppConsoleDlg.obj
 0001:0000c590       ?StoreLocationDialogWindow@CSppConsoleDlg@@IAEHXZ 0040d590 f   SppConsoleDlg.obj
 0001:0000c5c0       ?OnTimer@CSppConsoleDlg@@QAEXI@Z 0040d5c0 f   SppConsoleDlg.obj
 0001:0000c6d0       ?InitJoyPosBars@CSppConsoleDlg@@IAEXXZ 0040d6d0 f   SppConsoleDlg.obj
 0001:0000c760       ?SetJoyPosBars@CSppConsoleDlg@@IAEXPAH@Z 0040d760 f   SppConsoleDlg.obj
 0001:0000c850       ?OnWaveRec@CSppConsoleDlg@@IAEXXZ 0040d850 f   SppConsoleDlg.obj
 0001:0000c930       ?OnWaveRecStart@CSppConsoleDlg@@AAEJIJ@Z 0040d930 f   SppConsoleDlg.obj
 0001:0000c990       ?OnWaveRecStop@CSppConsoleDlg@@AAEJIJ@Z 0040d990 f   SppConsoleDlg.obj
 0001:0000c9f0       ?OnWaveRecCancel@CSppConsoleDlg@@AAEJIJ@Z 0040d9f0 f   SppConsoleDlg.obj
 0001:0000ca20       ?OnAdvancedJitter@CSppConsoleDlg@@QAEXXZ 0040da20 f   SppConsoleDlg.obj
 0001:0000ca40       ?InitJitterStatus@CSppConsoleDlg@@IAEXXZ 0040da40 f   SppConsoleDlg.obj
 0001:0000caa0       ?UpdateJitterStatus@CSppConsoleDlg@@IAEXHH@Z 0040daa0 f   SppConsoleDlg.obj
 0001:0000ccb0       ?UpdateFmsMenuItem@CSppConsoleDlg@@IAEXH@Z 0040dcb0 f   SppConsoleDlg.obj
 0001:0000cdd0       ?OnRunFms@CSppConsoleDlg@@QAEXXZ 0040ddd0 f   SppConsoleDlg.obj
 0001:0000cef0       ?OnSysCommand@CSppConsoleDlg@@QAEXIJ@Z 0040def0 f   SppConsoleDlg.obj
 0001:0000cf20       ?OnLogAudioHdrs@CSppConsoleDlg@@QAEXXZ 0040df20 f   SppConsoleDlg.obj
 0001:0000d000       ?OnLogAudioHdrsCancel@CSppConsoleDlg@@AAEJIJ@Z 0040e000 f   SppConsoleDlg.obj
 0001:0000d030       ?OnLogPulse@CSppConsoleDlg@@QAEXXZ 0040e030 f   SppConsoleDlg.obj
 0001:0000d170       ?OnLogPulseCancel@CSppConsoleDlg@@AAEJIJ@Z 0040e170 f   SppConsoleDlg.obj
 0001:0000d1a0       ?OnLogFmsConn@CSppConsoleDlg@@QAEXXZ 0040e1a0 f   SppConsoleDlg.obj
 0001:0000d2c0       ?OnFmsConnStart@CSppConsoleDlg@@AAEJIJ@Z 0040e2c0 f   SppConsoleDlg.obj
 0001:0000d570       ?OnFmsConnStop@CSppConsoleDlg@@AAEJIJ@Z 0040e570 f   SppConsoleDlg.obj
 0001:0000d6c0       ?OnFmsConnCancel@CSppConsoleDlg@@AAEJIJ@Z 0040e6c0 f   SppConsoleDlg.obj
 0001:0000d6f0       ?OnLogRawPulse@CSppConsoleDlg@@QAEXXZ 0040e6f0 f   SppConsoleDlg.obj
 0001:0000d810       ?OnRawPulseCancel@CSppConsoleDlg@@AAEJIJ@Z 0040e810 f   SppConsoleDlg.obj
 0001:0000d840       ?OnBnClickedScandlg@CSppConsoleDlg@@QAEXXZ 0040e840 f   SppConsoleDlg.obj
 0001:0000d920       ?GetAudioLevel@CSppConsoleDlg@@QAEHXZ 0040e920 f   SppConsoleDlg.obj
 0001:0000d950       ?GetNumJoystickPos@CSppConsoleDlg@@QAEHXZ 0040e950 f   SppConsoleDlg.obj
 0001:0000d990       ?OnEnterIdle@CSppConsoleDlg@@QAEXIPAVCWnd@@@Z 0040e990 f   SppConsoleDlg.obj
 0001:0000d9d0       ??_ECSppConsoleDlg@@UAEPAXI@Z 0040e9d0 f i SppConsoleDlg.obj
 0001:0000d9d0       ??_GCSppConsoleDlg@@UAEPAXI@Z 0040e9d0 f i SppConsoleDlg.obj
 0001:0000da00       ??_GCFilterIf@@QAEPAXI@Z   0040ea00 f i SppConsoleDlg.obj
 0001:0000da30       ?GetWindowInfo@CWnd@@QBEHPAUtagWINDOWINFO@@@Z 0040ea30 f i SppConsoleDlg.obj
 0001:0000da70       ?_GetBaseClass@CStaticLink@@KGPAUCRuntimeClass@@XZ 0040ea70 f   StatLink.obj
 0001:0000da80       ?GetThisClass@CStaticLink@@SGPAUCRuntimeClass@@XZ 0040ea80 f   StatLink.obj
 0001:0000da90       ?GetRuntimeClass@CStaticLink@@UBEPAUCRuntimeClass@@XZ 0040ea90 f   StatLink.obj
 0001:0000daa0       ?GetThisMessageMap@CStaticLink@@KGPBUAFX_MSGMAP@@XZ 0040eaa0 f   StatLink.obj
 0001:0000dab0       ?GetMessageMap@CStaticLink@@MBEPBUAFX_MSGMAP@@XZ 0040eab0 f   StatLink.obj
 0001:0000dac0       ??0CStaticLink@@QAE@XZ     0040eac0 f   StatLink.obj
 0001:0000db50       ?CtlColor@CStaticLink@@QAEPAUHBRUSH__@@PAVCDC@@I@Z 0040eb50 f   StatLink.obj
 0001:0000dc70       ?OnClicked@CStaticLink@@QAEXXZ 0040ec70 f   StatLink.obj
 0001:0000dd20       ?SetDefaultCursor@CStaticLink@@QAEXXZ 0040ed20 f   StatLink.obj
 0001:0000de00       ?OnSetCursor@CStaticLink@@QAEHPAVCWnd@@II@Z 0040ee00 f   StatLink.obj
 0001:0000de30       ?SetLink@CStaticLink@@QAE?AV?$CStringT@DV?$StrTraitMFC_DLL@DV?$ChTraitsCRT@D@ATL@@@@@ATL@@V23@@Z 0040ee30 f   StatLink.obj
 0001:0000df20       ??_GCStaticLink@@UAEPAXI@Z 0040ef20 f i StatLink.obj
 0001:0000df20       ??_ECStaticLink@@UAEPAXI@Z 0040ef20 f i StatLink.obj
 0001:0000df50       ??0CTraceFileAndLineInfo@ATL@@QAE@PBDH@Z 0040ef50 f i StatLink.obj
 0001:0000df80       ??RCTraceFileAndLineInfo@ATL@@QBAXPBDZZ 0040ef80 f i StatLink.obj
 0001:0000dfd0       ?TraceV@CTrace@ATL@@QBAXPBDHKI0PAD@Z 0040efd0 f i StatLink.obj
 0001:0000e000       ??BCTraceCategory@ATL@@QBEKXZ 0040f000 f i StatLink.obj
 0001:0000e010       ?GetEnvironmentVariableWThunk@ATL@@YGKPBGPAGK@Z 0040f010 f i StdAfx.obj
 0001:0000e050       ?_AtlInstallStringThunk@ATL@@YAXPAPAXPAX1@Z 0040f050 f i StdAfx.obj
 0001:0000e0b0       ?GetEnvironmentVariableWFake@ATL@@YGKPBGPAGK@Z 0040f0b0 f i StdAfx.obj
 0001:0000e290       ?_AtlGetConversionACP@ATL@@YGIXZ 0040f290 f i StdAfx.obj
 0001:0000e2a0       ?CompareStringWThunk@ATL@@YGHKKPBGH0H@Z 0040f2a0 f i StdAfx.obj
 0001:0000e2e0       ?CompareStringWFake@ATL@@YGHKKPBGH0H@Z 0040f2e0 f i StdAfx.obj
 0001:0000e4c0       ?_AtlVerifyStackAvailable@_ATL_SAFE_ALLOCA_IMPL@ATL@@YA_NK@Z 0040f4c0 f i StdAfx.obj
 0001:0000e560       ?AtlW2AHelper@@YGPADPADPBGHI@Z 0040f560 f i StdAfx.obj
 0001:0000e630       ?AtlThrow@ATL@@YGXJ@Z      0040f630 f i StdAfx.obj
 0001:0000e690       ??RCTraceFileAndLineInfo@ATL@@QBAXKIPBDZZ 0040f690 f i StdAfx.obj
 0001:0000e6d0       ?GetStringTypeExWThunk@ATL@@YGHKKPBGHPAG@Z 0040f6d0 f i StdAfx.obj
 0001:0000e710       ?GetStringTypeExWFake@ATL@@YGHKKPBGHPAG@Z 0040f710 f i StdAfx.obj
 0001:0000e820       ?lstrcmpiWThunk@ATL@@YGHPBG0@Z 0040f820 f i StdAfx.obj
 0001:0000e850       ?lstrcmpiWFake@ATL@@YGHPBG0@Z 0040f850 f i StdAfx.obj
 0001:0000e930       ?CharLowerWThunk@ATL@@YGPAGPAG@Z 0040f930 f i StdAfx.obj
 0001:0000e960       ?CharLowerWFake@ATL@@YGPAGPAG@Z 0040f960 f i StdAfx.obj
 0001:0000ea50       ?AtlA2WHelper@@YGPAGPAGPBDHI@Z 0040fa50 f i StdAfx.obj
 0001:0000eb20       ?CharUpperWThunk@ATL@@YGPAGPAG@Z 0040fb20 f i StdAfx.obj
 0001:0000eb50       ?CharUpperWFake@ATL@@YGPAGPAG@Z 0040fb50 f i StdAfx.obj
 0001:0000ec40       ??_Estringdispid@CComTypeInfoHolder@ATL@@QAEPAXI@Z 0040fc40 f i StdAfx.obj
 0001:0000ecb0       ??1stringdispid@CComTypeInfoHolder@ATL@@QAE@XZ 0040fcb0 f i StdAfx.obj
 0001:0000ecd0       ??1CComBSTR@ATL@@QAE@XZ    0040fcd0 f i StdAfx.obj
 0001:0000ecf0       ??0?$CAtlSafeAllocBufferManager@VCCRTAllocator@ATL@@@_ATL_SAFE_ALLOCA_IMPL@ATL@@QAE@XZ 0040fcf0 f i StdAfx.obj
 0001:0000ed10       ?Allocate@?$CAtlSafeAllocBufferManager@VCCRTAllocator@ATL@@@_ATL_SAFE_ALLOCA_IMPL@ATL@@QAEPAXK@Z 0040fd10 f i StdAfx.obj
 0001:0000ed60       ?Allocate@CCRTAllocator@ATL@@SAPAXI@Z 0040fd60 f i StdAfx.obj
 0001:0000ed80       ??1?$CAtlSafeAllocBufferManager@VCCRTAllocator@ATL@@@_ATL_SAFE_ALLOCA_IMPL@ATL@@QAE@XZ 0040fd80 f i StdAfx.obj
 0001:0000edc0       ?Free@CCRTAllocator@ATL@@SAXPAX@Z 0040fdc0 f i StdAfx.obj
 0001:0000ede0       ??0?$CTempBuffer@D$0IA@VCCRTAllocator@ATL@@@ATL@@QAE@XZ 0040fde0 f i StdAfx.obj
 0001:0000ee00       ??1?$CTempBuffer@D$0IA@VCCRTAllocator@ATL@@@ATL@@QAE@XZ 0040fe00 f i StdAfx.obj
 0001:0000ee20       ??B?$CTempBuffer@D$0IA@VCCRTAllocator@ATL@@@ATL@@QBEPADXZ 0040fe20 f i StdAfx.obj
 0001:0000ee30       ?Allocate@?$CTempBuffer@D$0IA@VCCRTAllocator@ATL@@@ATL@@QAEPADI@Z 0040fe30 f i StdAfx.obj
 0001:0000ee50       ??0?$CW2AEX@$0IA@@ATL@@QAE@PBG@Z 0040fe50 f i StdAfx.obj
 0001:0000ee80       ??1?$CW2AEX@$0IA@@ATL@@QAE@XZ 0040fe80 f i StdAfx.obj
 0001:0000eeb0       ??B?$CW2AEX@$0IA@@ATL@@QBEPADXZ 0040feb0 f i StdAfx.obj
 0001:0000eec0       ?AllocateBytes@?$CTempBuffer@D$0IA@VCCRTAllocator@ATL@@@ATL@@QAEPADI@Z 0040fec0 f i StdAfx.obj
 0001:0000ef20       ?FreeHeap@?$CTempBuffer@D$0IA@VCCRTAllocator@ATL@@@ATL@@AAEXXZ 0040ff20 f i StdAfx.obj
 0001:0000ef40       ?Init@?$CW2AEX@$0IA@@ATL@@AAEXPBGI@Z 0040ff40 f i StdAfx.obj
 0001:0000efd0       ?AtlThrowLastWin32@ATL@@YGXXZ 0040ffd0 f i StdAfx.obj
 0001:0000f020       ?GetData@CAtlSafeAllocBufferNode@?$CAtlSafeAllocBufferManager@VCCRTAllocator@ATL@@@_ATL_SAFE_ALLOCA_IMPL@ATL@@QAEPAXXZ 00410020 f i StdAfx.obj
 0001:0000f040       ?AllocateHeap@?$CTempBuffer@D$0IA@VCCRTAllocator@ATL@@@ATL@@AAEXI@Z 00410040 f i StdAfx.obj
 0001:0000f080       ??0CAtlWinModule@ATL@@QAE@XZ 00410080 f i StdAfx.obj
 0001:0000f0c0       ??0_ATL_WIN_MODULE70@ATL@@QAE@XZ 004100c0 f i StdAfx.obj
 0001:0000f0f0       ??0CComCriticalSection@ATL@@QAE@XZ 004100f0 f i StdAfx.obj
 0001:0000f110       ??0?$CSimpleArray@GV?$CSimpleArrayEqualHelper@G@ATL@@@ATL@@QAE@XZ 00410110 f i StdAfx.obj
 0001:0000f140       ??1CAtlWinModule@ATL@@QAE@XZ 00410140 f i StdAfx.obj
 0001:0000f190       ?Term@CAtlWinModule@ATL@@QAEXXZ 00410190 f i StdAfx.obj
 0001:0000f1b0       ?GetModuleInstance@CAtlBaseModule@ATL@@QAEPAUHINSTANCE__@@XZ 004101b0 f i StdAfx.obj
 0001:0000f1d0       ??1_ATL_WIN_MODULE70@ATL@@QAE@XZ 004101d0 f i StdAfx.obj
 0001:0000f1f0       ?AtlWinModuleTerm@ATL@@YGJPAU_ATL_WIN_MODULE70@1@PAUHINSTANCE__@@@Z 004101f0 f i StdAfx.obj
 0001:0000f290       ?Term@CComCriticalSection@ATL@@QAEJXZ 00410290 f i StdAfx.obj
 0001:0000f2b0       ??1?$CSimpleArray@GV?$CSimpleArrayEqualHelper@G@ATL@@@ATL@@QAE@XZ 004102b0 f i StdAfx.obj
 0001:0000f2d0       ?GetSize@?$CSimpleArray@GV?$CSimpleArrayEqualHelper@G@ATL@@@ATL@@QBEHXZ 004102d0 f i StdAfx.obj
 0001:0000f2f0       ?RemoveAll@?$CSimpleArray@GV?$CSimpleArrayEqualHelper@G@ATL@@@ATL@@QAEXXZ 004102f0 f i StdAfx.obj
 0001:0000f350       ??A?$CSimpleArray@GV?$CSimpleArrayEqualHelper@G@ATL@@@ATL@@QAEAAGH@Z 00410350 f i StdAfx.obj
 0001:0000f3c0       ?_AtlRaiseException@ATL@@YAXKK@Z 004103c0 f i StdAfx.obj
 0001:0000f3e0       ?_GetBaseClass@CWaveRec@@KGPAUCRuntimeClass@@XZ 004103e0 f   WaveRec.obj
 0001:0000f3f0       ?GetThisClass@CWaveRec@@SGPAUCRuntimeClass@@XZ 004103f0 f   WaveRec.obj
 0001:0000f400       ?GetRuntimeClass@CWaveRec@@UBEPAUCRuntimeClass@@XZ 00410400 f   WaveRec.obj
 0001:0000f410       ??0CWaveRec@@QAE@PAVCWnd@@@Z 00410410 f   WaveRec.obj
 0001:0000f4e0       ??1CWaveRec@@UAE@XZ        004104e0 f   WaveRec.obj
 0001:0000f540       ?DoDataExchange@CWaveRec@@MAEXPAVCDataExchange@@@Z 00410540 f   WaveRec.obj
 0001:0000f580       ?GetThisMessageMap@CWaveRec@@KGPBUAFX_MSGMAP@@XZ 00410580 f   WaveRec.obj
 0001:0000f590       ?GetMessageMap@CWaveRec@@MBEPBUAFX_MSGMAP@@XZ 00410590 f   WaveRec.obj
 0001:0000f5a0       ?OnBnClickedRecStop@CWaveRec@@QAEXXZ 004105a0 f   WaveRec.obj
 0001:0000f6c0       ?OnBnClickedRecStart@CWaveRec@@QAEXXZ 004106c0 f   WaveRec.obj
 0001:0000f7c0       ?UpdateControls@CWaveRec@@MAEXXZ 004107c0 f   WaveRec.obj
 0001:0000f910       ?OnInitDialog@CWaveRec@@UAEHXZ 00410910 f   WaveRec.obj
 0001:0000f9c0       ?PostMessageStop@CWaveRec@@MAEXXZ 004109c0 f   WaveRec.obj
 0001:0000f9f0       ?PostMessageStart@CWaveRec@@MAEXXZ 004109f0 f   WaveRec.obj
 0001:0000fa20       ?PostMessageCancel@CWaveRec@@MAEXXZ 00410a20 f   WaveRec.obj
 0001:0000fa50       ?PostMessagePlay@CWaveRec@@MAEXXZ 00410a50 f   WaveRec.obj
 0001:0000fa80       ?OnBnClickedCancel@CWaveRec@@QAEXXZ 00410a80 f   WaveRec.obj
 0001:0000fb00       ?RenameWaveFile@CWaveRec@@IAEXXZ 00410b00 f   WaveRec.obj
 0001:0000fc50       ?GetWaveFileName@CWaveRec@@IAE_NXZ 00410c50 f   WaveRec.obj
 0001:0000fd60       ?OnTimer@CWaveRec@@QAEXI@Z 00410d60 f   WaveRec.obj
 0001:0000fe30       ?OnBnClickedRecPlay@CWaveRec@@QAEXXZ 00410e30 f   WaveRec.obj
 0001:0000ffb0       ?SppLoggerStop@CWaveRec@@MAEHXZ 00410fb0 f   WaveRec.obj
 0001:0000ffc0       ?SppLoggerPlay@CWaveRec@@MAEHPAD@Z 00410fc0 f   WaveRec.obj
 0001:0000ffe0       ?SppLoggerStart@CWaveRec@@MAEHPAD@Z 00410fe0 f   WaveRec.obj
 0001:00010000       ?SppLoggerStat@CWaveRec@@MAEHPAH@Z 00411000 f   WaveRec.obj
 0001:00010020       ?OnNcDestroy@CWaveRec@@QAEXXZ 00411020 f   WaveRec.obj
 0001:00010060       ??_ECWaveRec@@UAEPAXI@Z    00411060 f i WaveRec.obj
 0001:00010060       ??_GCWaveRec@@UAEPAXI@Z    00411060 f i WaveRec.obj
 0001:00010090       __tcsncpy                  00411090 f i WaveRec.obj
 0001:000100b0       _SppMessageBoxWithErrorCode 004110b0 f   smartpropoplus:SmartPropoPlus.obj
 0001:00010140       _SetLocationDialogWindow   00411140 f   smartpropoplus:SmartPropoPlus.obj
 0001:00010160       _GetLocationDialogWindow   00411160 f   smartpropoplus:SmartPropoPlus.obj
 0001:00010180       _SetSelectedFilter         00411180 f   smartpropoplus:SmartPropoPlus.obj
 0001:000101a0       _SetActiveMode             004111a0 f   smartpropoplus:SmartPropoPlus.obj
 0001:000101c0       _SetShiftAutoDetect        004111c0 f   smartpropoplus:SmartPropoPlus.obj
 0001:000101e0       _SetPositiveShift          004111e0 f   smartpropoplus:SmartPropoPlus.obj
 0001:00010200       _GetModulation             00411200 f   smartpropoplus:SmartPropoPlus.obj
 0001:00010220       _GetDebugLevel             00411220 f   smartpropoplus:SmartPropoPlus.obj
 0001:00010230       _ModeDisplayFromInternalName 00411230 f   smartpropoplus:SmartPropoPlus.obj
 0001:000102e0       _isBaseRegistryExist       004112e0 f   smartpropoplus:SmartPropoPlus.obj
 0001:00010330       _GetDefaultVolumeValue     00411330 f   smartpropoplus:SmartPropoPlus.obj
 0001:000103c0       _SetDefaultVolumeValue     004113c0 f   smartpropoplus:SmartPropoPlus.obj
 0001:000103e0       _GetCurrentAudioState      004113e0 f   smartpropoplus:SmartPropoPlus.obj
 0001:00010400       _SetCurrentAudioState      00411400 f   smartpropoplus:SmartPropoPlus.obj
 0001:00010420       _GetCurrentPpjoyState      00411420 f   smartpropoplus:SmartPropoPlus.obj
 0001:00010430       _SetCurrentPpjoyState      00411430 f   smartpropoplus:SmartPropoPlus.obj
 0001:00010450       _GetCurrentMixerDevice     00411450 f   smartpropoplus:SmartPropoPlus.obj
 0001:00010480       _GetCurrentInputLine       00411480 f   smartpropoplus:SmartPropoPlus.obj
 0001:000104a0       _GetWaveInParams           004114a0 f   smartpropoplus:SmartPropoPlus.obj
 0001:000104c0       _SetCurrentMixerDevice     004114c0 f   smartpropoplus:SmartPropoPlus.obj
 0001:000104e0       _SetCurrentInputLine       004114e0 f   smartpropoplus:SmartPropoPlus.obj
 0001:00010500       _GetAntiJitterState        00411500 f   smartpropoplus:SmartPropoPlus.obj
 0001:00010510       _SetAntiJitterState        00411510 f   smartpropoplus:SmartPropoPlus.obj
 0001:00010530       _GetSppConsoleFullPath     00411530 f   smartpropoplus:SmartPropoPlus.obj
 0001:00010550       _GetFmsFullPath            00411550 f   smartpropoplus:SmartPropoPlus.obj
 0001:00010660       _GetDefaultVolumeValueFromRegistry 00411660 f   smartpropoplus:SppRegistry.obj
 0001:00010730       _SetDefaultVolumeValueToRegistry 00411730 f   smartpropoplus:SppRegistry.obj
 0001:00010800       _GetCurrentAudioStateFromRegistry 00411800 f   smartpropoplus:SppRegistry.obj
 0001:00010890       _GetCurrentPpjoyStateFromRegistry 00411890 f   smartpropoplus:SppRegistry.obj
 0001:00010920       _CreateEmptyBaseRegistry   00411920 f   smartpropoplus:SppRegistry.obj
 0001:00010980       _CreateEmptyAudioRegistry  00411980 f   smartpropoplus:SppRegistry.obj
 0001:000109d0       _CreateDefaultSppRegistry  004119d0 f   smartpropoplus:SppRegistry.obj
 0001:00010a70       _CreateDefaultModRegistry  00411a70 f   smartpropoplus:SppRegistry.obj
 0001:00010ba0       _SetCurrentAudioStateToRegistry 00411ba0 f   smartpropoplus:SppRegistry.obj
 0001:00010c20       _SetCurrentPpjoyStateToRegistry 00411c20 f   smartpropoplus:SppRegistry.obj
 0001:00010ca0       _GetCurrentMixerDeviceFromRegistry 00411ca0 f   smartpropoplus:SppRegistry.obj
 0001:00010d70       _GetCurrentInputLineFromRegistry 00411d70 f   smartpropoplus:SppRegistry.obj
 0001:00010e00       _GetWaveInParamsFromRegistry 00411e00 f   smartpropoplus:SppRegistry.obj
 0001:00010f30       _SetCurrentMixerDeviceToRegistry 00411f30 f   smartpropoplus:SppRegistry.obj
 0001:00010fb0       _SetCurrentInputLineToRegistry 00411fb0 f   smartpropoplus:SppRegistry.obj
 0001:00011030       _SetActiveModeToRegistry   00412030 f   smartpropoplus:SppRegistry.obj
 0001:00011180       _SetShiftAutoDetectToRegistry 00412180 f   smartpropoplus:SppRegistry.obj
 0001:000111f0       _SetPositiveShiftToRegistry 004121f0 f   smartpropoplus:SppRegistry.obj
 0001:00011260       _isDebugEntryExist         00412260 f   smartpropoplus:SppRegistry.obj
 0001:000112f0       _GetDebugLevelFromRegistry 004122f0 f   smartpropoplus:SppRegistry.obj
 0001:000113f0       _GetModulationFromRegistry 004123f0 f   smartpropoplus:SppRegistry.obj
 0001:00011780       _isSppRegistryExist        00412780 f   smartpropoplus:SppRegistry.obj
 0001:000117d0       _isModRegistryUpdate       004127d0 f   smartpropoplus:SppRegistry.obj
 0001:000119a0       _UpdateModRegistry         004129a0 f   smartpropoplus:SppRegistry.obj
 0001:00011bb0       _isAudioRegistryExist      00412bb0 f   smartpropoplus:SppRegistry.obj
 0001:00011c00       _SetSelectedFilterNameToRegistry 00412c00 f   smartpropoplus:SppRegistry.obj
 0001:00011c80       _GetSelectedFilterNameFromRegistry 00412c80 f   smartpropoplus:SppRegistry.obj
 0001:00011d50       _GetLocationDialogWindowFromRegistry 00412d50 f   smartpropoplus:SppRegistry.obj
 0001:00011df0       _SetLocationDialogWindowToRegistry 00412df0 f   smartpropoplus:SppRegistry.obj
 0001:00011e70       _GetAntiJitterStateFromRegistry 00412e70 f   smartpropoplus:SppRegistry.obj
 0001:00011f00       _SetAntiJitterStateToRegistry 00412f00 f   smartpropoplus:SppRegistry.obj
 0001:00011f70       _GetSppConsoleFullPathFromRegistry 00412f70 f   smartpropoplus:SppRegistry.obj
 0001:00012110       _GetFmsFullPathFromRegistry 00413110 f   smartpropoplus:SppRegistry.obj
 0001:000121b2       _mixerGetLineControlsA@12  004131b2 f   winmm:WINMM.dll
 0001:000121b8       _mixerSetControlDetails@12 004131b8 f   winmm:WINMM.dll
 0001:000121be       _mixerGetControlDetailsA@12 004131be f   winmm:WINMM.dll
 0001:000121c4       _mixerGetLineInfoA@12      004131c4 f   winmm:WINMM.dll
 0001:000121ca       _waveInGetNumDevs@0        004131ca f   winmm:WINMM.dll
 0001:000121d0       _mixerGetNumDevs@0         004131d0 f   winmm:WINMM.dll
 0001:000121d6       _waveInClose@4             004131d6 f   winmm:WINMM.dll
 0001:000121dc       _mixerGetID@12             004131dc f   winmm:WINMM.dll
 0001:000121e2       _waveInOpen@24             004131e2 f   winmm:WINMM.dll
 0001:000121e8       _mixerGetDevCapsA@12       004131e8 f   winmm:WINMM.dll
 0001:000121ee       _mixerOpen@20              004131ee f   winmm:WINMM.dll
 0001:000121f4       _SppAudioHdrLoggerStop@0   004131f4 f   Wave2Joystick:Wave2Joystick.dll
 0001:000121fa       _SppAudioHdrLoggerStart@4  004131fa f   Wave2Joystick:Wave2Joystick.dll
 0001:00012200       _SppAudioHdrLoggerGetStat@4 00413200 f   Wave2Joystick:Wave2Joystick.dll
 0001:00012206       _SppPulseLoggerStop@0      00413206 f   Wave2Joystick:Wave2Joystick.dll
 0001:0001220c       _SppPulseLoggerStart@4     0041320c f   Wave2Joystick:Wave2Joystick.dll
 0001:00012212       _SppPulseLoggerGetStat@4   00413212 f   Wave2Joystick:Wave2Joystick.dll
 0001:00012218       _SppRawPulseLoggerStop@0   00413218 f   Wave2Joystick:Wave2Joystick.dll
 0001:0001221e       _SppRawPulseLoggerStart@4  0041321e f   Wave2Joystick:Wave2Joystick.dll
 0001:00012224       _SppRawPulseLoggerGetStat@4 00413224 f   Wave2Joystick:Wave2Joystick.dll
 0001:0001222a       _SppStart@0                0041322a f   Wave2Joystick:Wave2Joystick.dll
 0001:00012230       _SetFilterInterface@4      00413230 f   Wave2Joystick:Wave2Joystick.dll
 0001:00012236       _SppSetActiveAudioDevice@4 00413236 f   Wave2Joystick:Wave2Joystick.dll
 0001:0001223c       _GetWave2JoystickObject@0  0041323c f   Wave2Joystick:Wave2Joystick.dll
 0001:00012242       _SppSetModulation@4        00413242 f   Wave2Joystick:Wave2Joystick.dll
 0001:00012248       _SppSetShift@4             00413248 f   Wave2Joystick:Wave2Joystick.dll
 0001:0001224e       _SppStop@0                 0041324e f   Wave2Joystick:Wave2Joystick.dll
 0001:00012254       _StopInterfaces@0          00413254 f   Wave2Joystick:Wave2Joystick.dll
 0001:0001225a       _StopPPJoyInterface@4      0041325a f   Wave2Joystick:Wave2Joystick.dll
 0001:00012260       _StartPPJoyInterface@4     00413260 f   Wave2Joystick:Wave2Joystick.dll
 0001:00012266       _SppGetFilteredPos@4       00413266 f   Wave2Joystick:Wave2Joystick.dll
 0001:0001226c       _SppGetAudioLevel@4        0041326c f   Wave2Joystick:Wave2Joystick.dll
 0001:00012272       _TestPPJoyInterface@4      00413272 f   Wave2Joystick:Wave2Joystick.dll
 0001:00012278       _SppSetAntiJitter@4        00413278 f   Wave2Joystick:Wave2Joystick.dll
 0001:0001227e       _SppWaveLoggerGetStat@4    0041327e f   Wave2Joystick:Wave2Joystick.dll
 0001:00012284       _SppWaveLoggerStop@0       00413284 f   Wave2Joystick:Wave2Joystick.dll
 0001:0001228a       _SppWaveLoggerPlay@4       0041328a f   Wave2Joystick:Wave2Joystick.dll
 0001:00012290       _SppWaveLoggerStart@4      00413290 f   Wave2Joystick:Wave2Joystick.dll
 0001:000122a0       ??0CFilterIf@@QAE@XZ       004132a0 f   FilterIf:FilterIf.obj
 0001:000122e0       ??1CFilterIf@@QAE@XZ       004132e0 f   FilterIf:FilterIf.obj
 0001:00012300       ?Init@CFilterIf@@QAE_NXZ   00413300 f   FilterIf:FilterIf.obj
 0001:000123f0       ?GetNumberOfFilters@CFilterIf@@QAEHXZ 004133f0 f   FilterIf:FilterIf.obj
 0001:00012410       ?GetIndexOfSelected@CFilterIf@@QAEHXZ 00413410 f   FilterIf:FilterIf.obj
 0001:00012520       ?GetFilterName@CFilterIf@@QAEPADH@Z 00413520 f   FilterIf:FilterIf.obj
 0001:00012590       ?SetSelected@CFilterIf@@QAEHH@Z 00413590 f   FilterIf:FilterIf.obj
 0001:00012610       ?Run@CFilterIf@@IAEPAXPAXHH@Z 00413610 f   FilterIf:FilterIf.obj
 0001:00012680       ?Filter@CFilterIf@@QAEPAHPAH0HH@Z 00413680 f   FilterIf:FilterIf.obj
 0001:00012720       __tcscmp                   00413720 f i FilterIf:FilterIf.obj
 0001:00012748       ?GetThisMessageMap@CDialog@@KGPBUAFX_MSGMAP@@XZ 00413748 f   mfc71d:MFC71D.DLL
 0001:0001274e       ?PreInitDialog@CDialog@@MAEXXZ 0041374e f   mfc71d:MFC71D.DLL
 0001:00012754       ?OnCancel@CDialog@@MAEXXZ  00413754 f   mfc71d:MFC71D.DLL
 0001:0001275a       ?OnOK@CDialog@@MAEXXZ      0041375a f   mfc71d:MFC71D.DLL
 0001:00012760       ?OnSetFont@CDialog@@UAEXPAVCFont@@@Z 00413760 f   mfc71d:MFC71D.DLL
 0001:00012766       ?DoModal@CDialog@@UAEHXZ   00413766 f   mfc71d:MFC71D.DLL
 0001:0001276c       ?CreateIndirect@CDialog@@UAEHPBUDLGTEMPLATE@@PAVCWnd@@PAX@Z 0041376c f   mfc71d:MFC71D.DLL
 0001:00012772       ?CreateIndirect@CDialog@@UAEHPAXPAVCWnd@@@Z 00413772 f   mfc71d:MFC71D.DLL
 0001:00012778       ?Create@CDialog@@UAEHPBDPAVCWnd@@@Z 00413778 f   mfc71d:MFC71D.DLL
 0001:0001277e       ?Create@CDialog@@UAEHIPAVCWnd@@@Z 0041377e f   mfc71d:MFC71D.DLL
 0001:00012784       ?SetOccDialogInfo@CDialog@@MAEHPAU_AFX_OCC_DIALOG_INFO@@@Z 00413784 f   mfc71d:MFC71D.DLL
 0001:0001278a       ?CreateControlSite@CWnd@@MAEHPAVCOleControlContainer@@PAPAVCOleControlSite@@IABU_GUID@@@Z 0041378a f   mfc71d:MFC71D.DLL
 0001:00012790       ?CreateControlContainer@CWnd@@MAEHPAPAVCOleControlContainer@@@Z 00413790 f   mfc71d:MFC71D.DLL
 0001:00012796       ?IsFrameWnd@CWnd@@UBEHXZ   00413796 f   mfc71d:MFC71D.DLL
 0001:0001279c       ?CheckAutoCenter@CDialog@@UAEHXZ 0041379c f   mfc71d:MFC71D.DLL
 0001:000127a2       ?OnChildNotify@CWnd@@MAEHIIJPAJ@Z 004137a2 f   mfc71d:MFC71D.DLL
 0001:000127a8       ?PostNcDestroy@CWnd@@MAEXXZ 004137a8 f   mfc71d:MFC71D.DLL
 0001:000127ae       ?DefWindowProcA@CWnd@@MAEJIIJ@Z 004137ae f   mfc71d:MFC71D.DLL
 0001:000127b4       ?OnWndMsg@CWnd@@MAEHIIJPAJ@Z 004137b4 f   mfc71d:MFC71D.DLL
 0001:000127ba       ?WindowProc@CWnd@@MAEJIIJ@Z 004137ba f   mfc71d:MFC71D.DLL
 0001:000127c0       ?OnAmbientProperty@CWnd@@UAEHPAVCOleControlSite@@JPAUtagVARIANT@@@Z 004137c0 f   mfc71d:MFC71D.DLL
 0001:000127c6       ?PreTranslateMessage@CDialog@@UAEHPAUtagMSG@@@Z 004137c6 f   mfc71d:MFC71D.DLL
 0001:000127cc       ?EndModalState@CWnd@@UAEXXZ 004137cc f   mfc71d:MFC71D.DLL
 0001:000127d2       ?BeginModalState@CWnd@@UAEXXZ 004137d2 f   mfc71d:MFC71D.DLL
 0001:000127d8       ?GetSuperWndProcAddr@CWnd@@MAEPAP6GJPAUHWND__@@IIJ@ZXZ 004137d8 f   mfc71d:MFC71D.DLL
 0001:000127de       ?OnNotify@CWnd@@MAEHIJPAJ@Z 004137de f   mfc71d:MFC71D.DLL
 0001:000127e4       ?OnCommand@CWnd@@MAEHIJ@Z  004137e4 f   mfc71d:MFC71D.DLL
 0001:000127ea       ?CreateAccessibleProxy@CWnd@@UAEJIJPAJ@Z 004137ea f   mfc71d:MFC71D.DLL
 0001:000127f0       ?SetProxy@CWnd@@UAEJPAUIAccessibleProxy@@@Z 004137f0 f   mfc71d:MFC71D.DLL
 0001:00012800       ?accDoDefaultAction@CWnd@@UAEJUtagVARIANT@@@Z 00413800 f   mfc71d:MFC71D.DLL
 0001:00012806       ?accHitTest@CWnd@@UAEJJJPAUtagVARIANT@@@Z 00413806 f   mfc71d:MFC71D.DLL
 0001:0001280c       ?accNavigate@CWnd@@UAEJJUtagVARIANT@@PAU2@@Z 0041380c f   mfc71d:MFC71D.DLL
 0001:00012812       ?accLocation@CWnd@@UAEJPAJ000UtagVARIANT@@@Z 00413812 f   mfc71d:MFC71D.DLL
 0001:00012818       ?accSelect@CWnd@@UAEJJUtagVARIANT@@@Z 00413818 f   mfc71d:MFC71D.DLL
 0001:00012820       ?get_accSelection@CWnd@@UAEJPAUtagVARIANT@@@Z 00413820 f   mfc71d:MFC71D.DLL
 0001:00012826       ?get_accFocus@CWnd@@UAEJPAUtagVARIANT@@@Z 00413826 f   mfc71d:MFC71D.DLL
 0001:00012830       ?get_accState@CWnd@@UAEJUtagVARIANT@@PAU2@@Z 00413830 f   mfc71d:MFC71D.DLL
 0001:00012836       ?get_accRole@CWnd@@UAEJUtagVARIANT@@PAU2@@Z 00413836 f   mfc71d:MFC71D.DLL
 0001:00012840       ?get_accChild@CWnd@@UAEJUtagVARIANT@@PAPAUIDispatch@@@Z 00413840 f   mfc71d:MFC71D.DLL
 0001:00012846       ?get_accChildCount@CWnd@@UAEJPAJ@Z 00413846 f   mfc71d:MFC71D.DLL
 0001:0001284c       ?get_accParent@CWnd@@UAEJPAPAUIDispatch@@@Z 0041384c f   mfc71d:MFC71D.DLL
 0001:00012852       ?EnsureStdObj@CWnd@@UAEJXZ 00413852 f   mfc71d:MFC71D.DLL
 0001:00012858       ?EndModalLoop@CWnd@@UAEXH@Z 00413858 f   mfc71d:MFC71D.DLL
 0001:0001285e       ?ContinueModal@CWnd@@UAEHXZ 0041385e f   mfc71d:MFC71D.DLL
 0001:00012864       ?WinHelpInternal@CWnd@@UAEXKI@Z 00413864 f   mfc71d:MFC71D.DLL
 0001:0001286a       ?HtmlHelpA@CWnd@@UAEXKI@Z  0041386a f   mfc71d:MFC71D.DLL
 0001:00012870       ?WinHelpA@CWnd@@UAEXKI@Z   00413870 f   mfc71d:MFC71D.DLL
 0001:00012876       ?GetScrollBarCtrl@CWnd@@UBEPAVCScrollBar@@H@Z 00413876 f   mfc71d:MFC71D.DLL
 0001:0001287c       ?OnToolHitTest@CWnd@@UBEHVCPoint@@PAUtagTOOLINFOA@@@Z 0041387c f   mfc71d:MFC71D.DLL
 0001:00012882       ?CalcWindowRect@CWnd@@UAEXPAUtagRECT@@I@Z 00413882 f   mfc71d:MFC71D.DLL
 0001:00012888       ?PreCreateWindow@CWnd@@UAEHAAUtagCREATESTRUCTA@@@Z 00413888 f   mfc71d:MFC71D.DLL
 0001:0001288e       ?DestroyWindow@CWnd@@UAEHXZ 0041388e f   mfc71d:MFC71D.DLL
 0001:00012894       ?CreateEx@CWnd@@UAEHKPBD0KHHHHPAUHWND__@@PAUHMENU__@@PAX@Z 00413894 f   mfc71d:MFC71D.DLL
 0001:0001289a       ?CreateEx@CWnd@@UAEHKPBD0KABUtagRECT@@PAV1@IPAX@Z 0041389a f   mfc71d:MFC71D.DLL
 0001:000128a0       ?Create@CWnd@@UAEHPBD0KABUtagRECT@@PAV1@IPAUCCreateContext@@@Z 004138a0 f   mfc71d:MFC71D.DLL
 0001:000128a6       ?PreSubclassWindow@CWnd@@UAEXXZ 004138a6 f   mfc71d:MFC71D.DLL
 0001:000128ac       ?GetConnectionHook@CCmdTarget@@MAEPAUIConnectionPoint@@ABU_GUID@@@Z 004138ac f   mfc71d:MFC71D.DLL
 0001:000128b2       ?GetExtraConnectionPoints@CCmdTarget@@MAEHPAVCPtrArray@@@Z 004138b2 f   mfc71d:MFC71D.DLL
 0001:000128b8       ?GetInterfaceHook@CCmdTarget@@UAEPAUIUnknown@@PBX@Z 004138b8 f   mfc71d:MFC71D.DLL
 0001:000128be       ?OnCreateAggregates@CCmdTarget@@UAEHXZ 004138be f   mfc71d:MFC71D.DLL
 0001:000128c4       ?GetEventSinkMap@CCmdTarget@@MBEPBUAFX_EVENTSINKMAP@@XZ 004138c4 f   mfc71d:MFC71D.DLL
 0001:000128ca       ?GetInterfaceMap@CWnd@@MBEPBUAFX_INTERFACEMAP@@XZ 004138ca f   mfc71d:MFC71D.DLL
 0001:000128d0       ?GetConnectionMap@CCmdTarget@@MBEPBUAFX_CONNECTIONMAP@@XZ 004138d0 f   mfc71d:MFC71D.DLL
 0001:000128d6       ?GetDispatchMap@CCmdTarget@@MBEPBUAFX_DISPMAP@@XZ 004138d6 f   mfc71d:MFC71D.DLL
 0001:000128dc       ?GetCommandMap@CCmdTarget@@MBEPBUAFX_OLECMDMAP@@XZ 004138dc f   mfc71d:MFC71D.DLL
 0001:000128e2       ?GetTypeLib@CCmdTarget@@UAEJKPAPAUITypeLib@@@Z 004138e2 f   mfc71d:MFC71D.DLL
 0001:000128e8       ?GetTypeLibCache@CCmdTarget@@UAEPAVCTypeLibCache@@XZ 004138e8 f   mfc71d:MFC71D.DLL
 0001:000128ee       ?GetTypeInfoCount@CCmdTarget@@UAEIXZ 004138ee f   mfc71d:MFC71D.DLL
 0001:000128f4       ?GetDispatchIID@CCmdTarget@@UAEHPAU_GUID@@@Z 004138f4 f   mfc71d:MFC71D.DLL
 0001:000128fa       ?IsInvokeAllowed@CCmdTarget@@UAEHJ@Z 004138fa f   mfc71d:MFC71D.DLL
 0001:00012900       ?OnFinalRelease@CWnd@@UAEXXZ 00413900 f   mfc71d:MFC71D.DLL
 0001:00012906       ?OnCmdMsg@CDialog@@UAEHIHPAXPAUAFX_CMDHANDLERINFO@@@Z 00413906 f   mfc71d:MFC71D.DLL
 0001:0001290c       ?Dump@CDialog@@UBEXAAVCDumpContext@@@Z 0041390c f   mfc71d:MFC71D.DLL
 0001:00012912       ?AssertValid@CDialog@@UBEXXZ 00413912 f   mfc71d:MFC71D.DLL
 0001:00012918       ?Serialize@CObject@@UAEXAAVCArchive@@@Z 00413918 f   mfc71d:MFC71D.DLL
 0001:0001291e       ?GetRuntimeClass@CDialog@@UBEPAUCRuntimeClass@@XZ 0041391e f   mfc71d:MFC71D.DLL
 0001:00012924       ??1CDialog@@UAE@XZ         00413924 f   mfc71d:MFC71D.DLL
 0001:0001292a       ??0CDialog@@QAE@IPAVCWnd@@@Z 0041392a f   mfc71d:MFC71D.DLL
 0001:00012930       ??3CObject@@SGXPAX@Z       00413930 f   mfc71d:MFC71D.DLL
 0001:00012936       ??1CStatic@@UAE@XZ         00413936 f   mfc71d:MFC71D.DLL
 0001:0001293c       ??1?$CStringT@DV?$StrTraitMFC_DLL@DV?$ChTraitsCRT@D@ATL@@@@@ATL@@QAE@XZ 0041393c f   mfc71d:MFC71D.DLL
 0001:00012942       ??1CFont@@UAE@XZ           00413942 f   mfc71d:MFC71D.DLL
 0001:00012948       ?DoDataExchange@CWnd@@MAEXPAVCDataExchange@@@Z 00413948 f   mfc71d:MFC71D.DLL
 0001:0001294e       ?OnInitDialog@CDialog@@UAEHXZ 0041394e f   mfc71d:MFC71D.DLL
 0001:00012954       ??B?$CSimpleStringT@D$00@ATL@@QBEPBDXZ 00413954 f   mfc71d:MFC71D.DLL
 0001:0001295a       ?Format@?$CStringT@DV?$StrTraitMFC_DLL@DV?$ChTraitsCRT@D@ATL@@@@@ATL@@QAAXPBDZZ 0041395a f   mfc71d:MFC71D.DLL
 0001:00012960       ?GetDlgItem@CWnd@@QBEPAV1@H@Z 00413960 f   mfc71d:MFC71D.DLL
 0001:00012966       ??0?$CStringT@DV?$StrTraitMFC_DLL@DV?$ChTraitsCRT@D@ATL@@@@@ATL@@QAE@XZ 00413966 f   mfc71d:MFC71D.DLL
 0001:0001296c       ??0?$CStringT@DV?$StrTraitMFC_DLL@DV?$ChTraitsCRT@D@ATL@@@@@ATL@@QAE@PBD@Z 0041396c f   mfc71d:MFC71D.DLL
 0001:00012972       ?SetWindowTextA@CWnd@@QAEXPBD@Z 00413972 f   mfc71d:MFC71D.DLL
 0001:00012978       ?SubclassDlgItem@CWnd@@QAEHIPAV1@@Z 00413978 f   mfc71d:MFC71D.DLL
 0001:0001297e       ??3@YAXPAXPBDH@Z           0041397e f   mfc71d:MFC71D.DLL
 0001:00012984       ??2@YAPAXIPBDH@Z           00413984 f   mfc71d:MFC71D.DLL
 0001:0001298a       ??3@YAXPAX@Z               0041398a f   mfc71d:MFC71D.DLL
 0001:00012990       ??3CObject@@SGXPAXPBDH@Z   00413990 f   mfc71d:MFC71D.DLL
 0001:00012996       ??2CObject@@SGPAXIPBDH@Z   00413996 f   mfc71d:MFC71D.DLL
 0001:0001299c       ?GetRuntimeClass@CObject@@UBEPAUCRuntimeClass@@XZ 0041399c f   mfc71d:MFC71D.DLL
 0001:000129a2       ??0CObject@@IAE@XZ         004139a2 f   mfc71d:MFC71D.DLL
 0001:000129a8       ?AfxThrowInvalidArgException@@YGXXZ 004139a8 f   mfc71d:MFC71D.DLL
 0001:000129ae       ?AfxAssertFailedLine@@YGHPBDH@Z 004139ae f   mfc71d:MFC71D.DLL
 0001:000129b4       ?AfxAssertValidObject@@YGXPBVCObject@@PBDH@Z 004139b4 f   mfc71d:MFC71D.DLL
 0001:000129ba       ??1CObject@@UAE@XZ         004139ba f   mfc71d:MFC71D.DLL
 0001:000129c0       ??_V@YAXPAX@Z              004139c0 f   mfc71d:MFC71D.DLL
 0001:000129c6       ?ReadCount@CArchive@@QAEKXZ 004139c6 f   mfc71d:MFC71D.DLL
 0001:000129cc       ?WriteCount@CArchive@@QAEXK@Z 004139cc f   mfc71d:MFC71D.DLL
 0001:000129d2       ?IsStoring@CArchive@@QBEHXZ 004139d2 f   mfc71d:MFC71D.DLL
 0001:000129d8       ?GetDepth@CDumpContext@@QBEHXZ 004139d8 f   mfc71d:MFC71D.DLL
 0001:000129de       ??6CDumpContext@@QAEAAV0@H@Z 004139de f   mfc71d:MFC71D.DLL
 0001:000129e4       ??6CDumpContext@@QAEAAV0@PBD@Z 004139e4 f   mfc71d:MFC71D.DLL
 0001:000129ea       ?Dump@CObject@@UBEXAAVCDumpContext@@@Z 004139ea f   mfc71d:MFC71D.DLL
 0001:000129f0       ?AfxIsValidAddress@@YGHPBXIH@Z 004139f0 f   mfc71d:MFC71D.DLL
 0001:000129f6       ?AssertValid@CObject@@UBEXXZ 004139f6 f   mfc71d:MFC71D.DLL
 0001:000129fc       ??_U@YAPAXI@Z              004139fc f   mfc71d:MFC71D.DLL
 0001:00012a02       ??_U@YAPAXIPBDH@Z          00413a02 f   mfc71d:MFC71D.DLL
 0001:00012a08       ?Read@CArchive@@QAEIPAXI@Z 00413a08 f   mfc71d:MFC71D.DLL
 0001:00012a0e       ?Write@CArchive@@QAEXPBXI@Z 00413a0e f   mfc71d:MFC71D.DLL
 0001:00012a14       ??1CEdit@@UAE@XZ           00413a14 f   mfc71d:MFC71D.DLL
 0001:00012a1a       ??1CSliderCtrl@@UAE@XZ     00413a1a f   mfc71d:MFC71D.DLL
 0001:00012a20       ??0CEdit@@QAE@XZ           00413a20 f   mfc71d:MFC71D.DLL
 0001:00012a26       ??0CSliderCtrl@@QAE@XZ     00413a26 f   mfc71d:MFC71D.DLL
 0001:00012a2c       ?DDX_Control@@YGXPAVCDataExchange@@HAAVCWnd@@@Z 00413a2c f   mfc71d:MFC71D.DLL
 0001:00012a32       ?OnHScroll@CWnd@@IAEXIIPAVCScrollBar@@@Z 00413a32 f   mfc71d:MFC71D.DLL
 0001:00012a38       ?GetDlgCtrlID@CWnd@@QBEHXZ 00413a38 f   mfc71d:MFC71D.DLL
 0001:00012a3e       ?SetTicFreq@CSliderCtrl@@QAEXH@Z 00413a3e f   mfc71d:MFC71D.DLL
 0001:00012a44       ?SetPos@CSliderCtrl@@QAEXH@Z 00413a44 f   mfc71d:MFC71D.DLL
 0001:00012a4a       ?SetLimitText@CEdit@@QAEXI@Z 00413a4a f   mfc71d:MFC71D.DLL
 0001:00012a50       ?SetSel@CEdit@@QAEXHHH@Z   00413a50 f   mfc71d:MFC71D.DLL
 0001:00012a56       ?GetLength@?$CSimpleStringT@D$00@ATL@@QBEHXZ 00413a56 f   mfc71d:MFC71D.DLL
 0001:00012a5c       ?GetWindowTextA@CWnd@@QBEXAAV?$CStringT@DV?$StrTraitMFC_DLL@DV?$ChTraitsCRT@D@ATL@@@@@ATL@@@Z 00413a5c f   mfc71d:MFC71D.DLL
 0001:00012a62       ?GetThisMessageMap@CWnd@@KGPBUAFX_MSGMAP@@XZ 00413a62 f   mfc71d:MFC71D.DLL
 0001:00012a68       ?DrawItem@CStatic@@UAEXPAUtagDRAWITEMSTRUCT@@@Z 00413a68 f   mfc71d:MFC71D.DLL
 0001:00012a6e       ?Create@CStatic@@UAEHPBDKABUtagRECT@@PAVCWnd@@I@Z 00413a6e f   mfc71d:MFC71D.DLL
 0001:00012a74       ?SetOccDialogInfo@CWnd@@MAEHPAU_AFX_OCC_DIALOG_INFO@@@Z 00413a74 f   mfc71d:MFC71D.DLL
 0001:00012a7a       ?CheckAutoCenter@CWnd@@UAEHXZ 00413a7a f   mfc71d:MFC71D.DLL
 0001:00012a80       ?OnChildNotify@CStatic@@MAEHIIJPAJ@Z 00413a80 f   mfc71d:MFC71D.DLL
 0001:00012a86       ?PreTranslateMessage@CWnd@@UAEHPAUtagMSG@@@Z 00413a86 f   mfc71d:MFC71D.DLL
 0001:00012a8c       ?OnCmdMsg@CCmdTarget@@UAEHIHPAXPAUAFX_CMDHANDLERINFO@@@Z 00413a8c f   mfc71d:MFC71D.DLL
 0001:00012a92       ?Dump@CWnd@@UBEXAAVCDumpContext@@@Z 00413a92 f   mfc71d:MFC71D.DLL
 0001:00012a98       ?AssertValid@CWnd@@UBEXXZ  00413a98 f   mfc71d:MFC71D.DLL
 0001:00012a9e       ?GetRuntimeClass@CStatic@@UBEPAUCRuntimeClass@@XZ 00413a9e f   mfc71d:MFC71D.DLL
 0001:00012aa4       ??1CBrush@@UAE@XZ          00413aa4 f   mfc71d:MFC71D.DLL
 0001:00012aaa       ??1CPen@@UAE@XZ            00413aaa f   mfc71d:MFC71D.DLL
 0001:00012ab0       ??0CBrush@@QAE@XZ          00413ab0 f   mfc71d:MFC71D.DLL
 0001:00012ab6       ??0CPen@@QAE@XZ            00413ab6 f   mfc71d:MFC71D.DLL
 0001:00012abc       ??0CStatic@@QAE@XZ         00413abc f   mfc71d:MFC71D.DLL
 0001:00012ac2       ??0CClientDC@@QAE@PAVCWnd@@@Z 00413ac2 f   mfc71d:MFC71D.DLL
 0001:00012ac8       ??1CPaintDC@@UAE@XZ        00413ac8 f   mfc71d:MFC71D.DLL
 0001:00012ace       ??0CPaintDC@@QAE@PAVCWnd@@@Z 00413ace f   mfc71d:MFC71D.DLL
 0001:00012ad4       ?OnTimer@CWnd@@IAEXI@Z     00413ad4 f   mfc71d:MFC71D.DLL
 0001:00012ada       ?GetClientRect@CWnd@@QBEXPAUtagRECT@@@Z 00413ada f   mfc71d:MFC71D.DLL
 0001:00012ae0       ?KillTimer@CWnd@@QAEHI@Z   00413ae0 f   mfc71d:MFC71D.DLL
 0001:00012ae6       ?SetTimer@CWnd@@QAEIIIP6GXPAUHWND__@@IIK@Z@Z 00413ae6 f   mfc71d:MFC71D.DLL
 0001:00012aec       ?SelectObject@CDC@@QAEPAVCBrush@@PAV2@@Z 00413aec f   mfc71d:MFC71D.DLL
 0001:00012af2       ?SelectObject@CDC@@QAEPAVCPen@@PAV2@@Z 00413af2 f   mfc71d:MFC71D.DLL
 0001:00012af8       ?CreateSolidBrush@CBrush@@QAEHK@Z 00413af8 f   mfc71d:MFC71D.DLL
 0001:00012afe       ?CreatePen@CPen@@QAEHHHK@Z 00413afe f   mfc71d:MFC71D.DLL
 0001:00012b04       ?DeleteObject@CGdiObject@@QAEHXZ 00413b04 f   mfc71d:MFC71D.DLL
 0001:00012b0a       ?Ellipse@CDC@@QAEHHHHH@Z   00413b0a f   mfc71d:MFC71D.DLL
 0001:00012b10       ?Arc@CDC@@QAEHPBUtagRECT@@UtagPOINT@@1@Z 00413b10 f   mfc71d:MFC71D.DLL
 0001:00012b16       ?MoveTo@CDC@@QAE?AVCPoint@@UtagPOINT@@@Z 00413b16 f   mfc71d:MFC71D.DLL
 0001:00012b1c       ?Ellipse@CDC@@QAEHPBUtagRECT@@@Z 00413b1c f   mfc71d:MFC71D.DLL
 0001:00012b22       ?LineTo@CDC@@QAEHHH@Z      00413b22 f   mfc71d:MFC71D.DLL
 0001:00012b28       ?MoveTo@CDC@@QAE?AVCPoint@@HH@Z 00413b28 f   mfc71d:MFC71D.DLL
 0001:00012b2e       ?FillRect@CDC@@QAEXPBUtagRECT@@PAVCBrush@@@Z 00413b2e f   mfc71d:MFC71D.DLL
 0001:00012b34       ?EnableWindow@CWnd@@QAEHH@Z 00413b34 f   mfc71d:MFC71D.DLL
 0001:00012b3a       ?PostMessageA@CWnd@@QAEHIIJ@Z 00413b3a f   mfc71d:MFC71D.DLL
 0001:00012b40       ?GetParent@CWnd@@QBEPAV1@XZ 00413b40 f   mfc71d:MFC71D.DLL
 0001:00012b46       ?GetThisClass@CDialog@@SGPAUCRuntimeClass@@XZ 00413b46 f   mfc71d:MFC71D.DLL
 0001:00012b4c       ?GetCheck@CButton@@QBEHXZ  00413b4c f   mfc71d:MFC71D.DLL
 0001:00012b52       ?GetCurSel@CListBox@@QBEHXZ 00413b52 f   mfc71d:MFC71D.DLL
 0001:00012b58       ?GetCurSel@CComboBox@@QBEHXZ 00413b58 f   mfc71d:MFC71D.DLL
 0001:00012b5e       ?SetCheck@CButton@@QAEXH@Z 00413b5e f   mfc71d:MFC71D.DLL
 0001:00012b64       ?SetCurSel@CListBox@@QAEHH@Z 00413b64 f   mfc71d:MFC71D.DLL
 0001:00012b6a       ?SetCurSel@CComboBox@@QAEHH@Z 00413b6a f   mfc71d:MFC71D.DLL
 0001:00012b70       ?GetCount@CListBox@@QBEHXZ 00413b70 f   mfc71d:MFC71D.DLL
 0001:00012b76       ?GetCount@CComboBox@@QBEHXZ 00413b76 f   mfc71d:MFC71D.DLL
 0001:00012b7c       ?AfxGetApp@@YGPAVCWinApp@@XZ 00413b7c f   mfc71d:MFC71D.DLL
 0001:00012b82       ?GetBuffer@?$CSimpleStringT@D$00@ATL@@QAEPADXZ 00413b82 f   mfc71d:MFC71D.DLL
 0001:00012b88       ?IsEmpty@?$CSimpleStringT@D$00@ATL@@QBE_NXZ 00413b88 f   mfc71d:MFC71D.DLL
 0001:00012b8e       ?RedrawWindow@CWnd@@QAEHPBUtagRECT@@PAVCRgn@@I@Z 00413b8e f   mfc71d:MFC71D.DLL
 0001:00012b94       ?LineScroll@CEdit@@QAEXHH@Z 00413b94 f   mfc71d:MFC71D.DLL
 0001:00012b9a       ?GetLineCount@CEdit@@QBEHXZ 00413b9a f   mfc71d:MFC71D.DLL
 0001:00012ba0       ?GetText@CListBox@@QBEXHAAV?$CStringT@DV?$StrTraitMFC_DLL@DV?$ChTraitsCRT@D@ATL@@@@@ATL@@@Z 00413ba0 f   mfc71d:MFC71D.DLL
 0001:00012ba6       ??4?$CStringT@DV?$StrTraitMFC_DLL@DV?$ChTraitsCRT@D@ATL@@@@@ATL@@QAEAAV01@PBD@Z 00413ba6 f   mfc71d:MFC71D.DLL
 0001:00012bac       ?MoveWindow@CWnd@@QAEXPBUtagRECT@@H@Z 00413bac f   mfc71d:MFC71D.DLL
 0001:00012bb2       ?GetWindowRect@CWnd@@QBEXPAUtagRECT@@@Z 00413bb2 f   mfc71d:MFC71D.DLL
 0001:00012bb8       ?OnShowWindow@CWnd@@IAEXHI@Z 00413bb8 f   mfc71d:MFC71D.DLL
 0001:00012bbe       ??0?$CStringT@DV?$StrTraitMFC_DLL@DV?$ChTraitsCRT@D@ATL@@@@@ATL@@QAE@ABV01@@Z 00413bbe f   mfc71d:MFC71D.DLL
 0001:00012bc4       ?Concatenate@?$CSimpleStringT@D$00@ATL@@KAXAAV12@PBDH1H@Z 00413bc4 f   mfc71d:MFC71D.DLL
 0001:00012bca       ??0?$CStringT@DV?$StrTraitMFC_DLL@DV?$ChTraitsCRT@D@ATL@@@@@ATL@@QAE@PAUIAtlStringMgr@1@@Z 00413bca f   mfc71d:MFC71D.DLL
 0001:00012bd0       ?GetManager@?$CSimpleStringT@D$00@ATL@@QBEPAUIAtlStringMgr@2@XZ 00413bd0 f   mfc71d:MFC71D.DLL
 0001:00012bd6       ?OnHelp@CWinApp@@IAEXXZ    00413bd6 f   mfc71d:MFC71D.DLL
 0001:00012bdc       ?GetThisMessageMap@CWinApp@@KGPBUAFX_MSGMAP@@XZ 00413bdc f   mfc71d:MFC71D.DLL
 0001:00012be2       ?LoadSysPolicies@CWinApp@@UAEHXZ 00413be2 f   mfc71d:MFC71D.DLL
 0001:00012be8       ?LoadAppLangResourceDLL@CWinApp@@UAEPAUHINSTANCE__@@XZ 00413be8 f   mfc71d:MFC71D.DLL
 0001:00012bee       ?WinHelpInternal@CWinApp@@UAEXKI@Z 00413bee f   mfc71d:MFC71D.DLL
 0001:00012bf4       ?HtmlHelpA@CWinApp@@UAEXKI@Z 00413bf4 f   mfc71d:MFC71D.DLL
 0001:00012bfa       ?WinHelpA@CWinApp@@UAEXKI@Z 00413bfa f   mfc71d:MFC71D.DLL
 0001:00012c00       ?OnDDECommand@CWinApp@@UAEHPAD@Z 00413c00 f   mfc71d:MFC71D.DLL
 0001:00012c06       ?DoWaitCursor@CWinApp@@UAEXH@Z 00413c06 f   mfc71d:MFC71D.DLL
 0001:00012c0c       ?DoMessageBox@CWinApp@@UAEHPBDII@Z 00413c0c f   mfc71d:MFC71D.DLL
 0001:00012c12       ?SaveAllModified@CWinApp@@UAEHXZ 00413c12 f   mfc71d:MFC71D.DLL
 0001:00012c18       ?InitApplication@CWinApp@@UAEHXZ 00413c18 f   mfc71d:MFC71D.DLL
 0001:00012c1e       ?AddToRecentFileList@CWinApp@@UAEXPBD@Z 00413c1e f   mfc71d:MFC71D.DLL
 0001:00012c24       ?OpenDocumentFile@CWinApp@@UAEPAVCDocument@@PBD@Z 00413c24 f   mfc71d:MFC71D.DLL
 0001:00012c2a       ?Unregister@CWinApp@@UAEHXZ 00413c2a f   mfc71d:MFC71D.DLL
 0001:00012c30       ?Register@CWinApp@@UAEHXZ  00413c30 f   mfc71d:MFC71D.DLL
 0001:00012c36       ?InitLibId@CWinApp@@UAEXXZ 00413c36 f   mfc71d:MFC71D.DLL
 0001:00012c3c       ?Delete@CWinThread@@UAEXXZ 00413c3c f   mfc71d:MFC71D.DLL
 0001:00012c42       ?GetMainWnd@CWinThread@@UAEPAVCWnd@@XZ 00413c42 f   mfc71d:MFC71D.DLL
 0001:00012c48       ?ProcessMessageFilter@CWinThread@@UAEHHPAUtagMSG@@@Z 00413c48 f   mfc71d:MFC71D.DLL
 0001:00012c4e       ?ProcessWndProcException@CWinApp@@UAEJPAVCException@@PBUtagMSG@@@Z 00413c4e f   mfc71d:MFC71D.DLL
 0001:00012c54       ?ExitInstance@CWinApp@@UAEHXZ 00413c54 f   mfc71d:MFC71D.DLL
 0001:00012c5a       ?IsIdleMessage@CWinThread@@UAEHPAUtagMSG@@@Z 00413c5a f   mfc71d:MFC71D.DLL
 0001:00012c60       ?OnIdle@CWinApp@@UAEHJ@Z   00413c60 f   mfc71d:MFC71D.DLL
 0001:00012c66       ?PumpMessage@CWinThread@@UAEHXZ 00413c66 f   mfc71d:MFC71D.DLL
 0001:00012c6c       ?PreTranslateMessage@CWinThread@@UAEHPAUtagMSG@@@Z 00413c6c f   mfc71d:MFC71D.DLL
 0001:00012c72       ?Run@CWinApp@@UAEHXZ       00413c72 f   mfc71d:MFC71D.DLL
 0001:00012c78       ?GetInterfaceMap@CCmdTarget@@MBEPBUAFX_INTERFACEMAP@@XZ 00413c78 f   mfc71d:MFC71D.DLL
 0001:00012c7e       ?OnFinalRelease@CCmdTarget@@UAEXXZ 00413c7e f   mfc71d:MFC71D.DLL
 0001:00012c84       ?Dump@CWinApp@@UBEXAAVCDumpContext@@@Z 00413c84 f   mfc71d:MFC71D.DLL
 0001:00012c8a       ?AssertValid@CWinApp@@UBEXXZ 00413c8a f   mfc71d:MFC71D.DLL
 0001:00012c90       ?GetRuntimeClass@CWinApp@@UBEPAUCRuntimeClass@@XZ 00413c90 f   mfc71d:MFC71D.DLL
 0001:00012c96       ??0CWinApp@@QAE@PBD@Z      00413c96 f   mfc71d:MFC71D.DLL
 0001:00012c9c       ??1CWinApp@@UAE@XZ         00413c9c f   mfc71d:MFC71D.DLL
 0001:00012ca2       ??1CProgressCtrl@@UAE@XZ   00413ca2 f   mfc71d:MFC71D.DLL
 0001:00012ca8       ?LoadIconA@CWinApp@@QBEPAUHICON__@@I@Z 00413ca8 f   mfc71d:MFC71D.DLL
 0001:00012cae       ??0CProgressCtrl@@QAE@XZ   00413cae f   mfc71d:MFC71D.DLL
 0001:00012cb4       ?DDX_Check@@YGXPAVCDataExchange@@HAAH@Z 00413cb4 f   mfc71d:MFC71D.DLL
 0001:00012cba       ?SendMessageA@CWnd@@QAEJIIJ@Z 00413cba f   mfc71d:MFC71D.DLL
 0001:00012cc0       ?SetBkColor@CProgressCtrl@@QAEKK@Z 00413cc0 f   mfc71d:MFC71D.DLL
 0001:00012cc6       ?SetRange@CProgressCtrl@@QAEXFF@Z 00413cc6 f   mfc71d:MFC71D.DLL
 0001:00012ccc       ?LoadMenuA@CMenu@@QAEHI@Z  00413ccc f   mfc71d:MFC71D.DLL
 0001:00012cd2       ??0CMenu@@QAE@XZ           00413cd2 f   mfc71d:MFC71D.DLL
 0001:00012cd8       ?ModifyStyleEx@CWnd@@QAEHKKI@Z 00413cd8 f   mfc71d:MFC71D.DLL
 0001:00012cde       ?EnableToolTips@CWnd@@QAEHH@Z 00413cde f   mfc71d:MFC71D.DLL
[...]
   300 0001:00017556   301 0001:00017573   302 0001:00017582   303 0001:00017584
   304 0001:000175e4   308 0001:000175f0   310 0001:00017604   312 0001:0001760b
   313 0001:00017624   315 0001:0001762e   317 0001:00017652   319 0001:00017667
   320 0001:0001769c   321 0001:000176a5   322 0001:000176af   323 0001:000176b1
   326 0001:000176c3   328 0001:000176de   329 0001:00017714   330 0001:0001771d
   331 0001:00017727   332 0001:00017729   335 0001:0001773b   336 0001:00017765
   338 0001:00017769   339 0001:0001776f   340 0001:00017789   341 0001:0001778b
   343 0001:00017798   347 0001:000177b0   349 0001:000177c4   350 0001:000177cb
   351 0001:000177d5   352 0001:000177ef   354 0001:000177f9   356 0001:0001781d
   358 0001:00017832   359 0001:00017867   360 0001:00017870   361 0001:0001787a
   362 0001:0001787c   365 0001:0001788e   367 0001:000178a9   368 0001:000178df
   369 0001:000178e8   370 0001:000178f2   371 0001:000178f4   374 0001:00017906
   375 0001:00017930   377 0001:00017936   378 0001:0001793c   379 0001:00017956
   380 0001:00017958   383 0001:00017965   386 0001:00017980   387 0001:00017990
   390 0001:000179bd   391 0001:000179dc   392 0001:000179e0   394 0001:000179f3
   395 0001:00017a1b   398 0001:00017a1f   399 0001:00017a22   402 0001:00017a40
   403 0001:00017a46   404 0001:00017a4c   405 0001:00017a56   406 0001:00017a7e
   409 0001:00017a90   410 0001:00017a94   411 0001:00017a9a   412 0001:00017aa2
   415 0001:00017ab0   416 0001:00017ab6   418 0001:00017add   419 0001:00017ae3
   420 0001:00017b0f   421 0001:00017b1a   423 0001:00017b41   425 0001:00017b4b
   426 0001:00017b60   427 0001:00017b79   428 0001:00017b8a   429 0001:00017b9c
   430 0001:00017baf   431 0001:00017bc2   432 0001:00017bd5   434 0001:00017be6
   435 0001:00017beb   438 0001:00017c00   439 0001:00017c06   440 0001:00017c2d
   441 0001:00017c33   443 0001:00017c38   444 0001:00017c3e   446 0001:00017c6a
   447 0001:00017c7b   448 0001:00017c8d   449 0001:00017c93   451 0001:00017c98
   452 0001:00017cad   453 0001:00017cca   454 0001:00017cd9   455 0001:00017ceb
   456 0001:00017cf7   460 0001:00017d0f   461 0001:00017d1c   463 0001:00017d1e
   464 0001:00017d2b   466 0001:00017d2d   469 0001:00017d3a   472 0001:00017d40
   473 0001:00017d46   475 0001:00017d6d   476 0001:00017d73   478 0001:00017d9f
   479 0001:00017da8   480 0001:00017db7   481 0001:00017dbd   483 0001:00017dc2
   485 0001:00017dd3   486 0001:00017ddb   488 0001:00017df5   489 0001:00017dfb
   490 0001:00017e00   491 0001:00017e09   492 0001:00017e1b   494 0001:00017e1d
   495 0001:00017e23   497 0001:00017e28   498 0001:00017e3d   499 0001:00017e4b
   500 0001:00017e5a   503 0001:00017e77   504 0001:00017e84   506 0001:00017e86
   507 0001:00017e93   509 0001:00017e95   510 0001:00017ea2   512 0001:00017ea4
   515 0001:00017ec9   522 0001:00017ed0   523 0001:00017ed6   525 0001:00017eda
   526 0001:00017f07   527 0001:00017f10   529 0001:00017f19   530 0001:00017f26
   531 0001:00017f4d   533 0001:00017f61   534 0001:00017f88   536 0001:00017f92
   538 0001:00017f9f   539 0001:00017fb3   541 0001:00017fbd   542 0001:00017fc1
   547 0001:00017fc5   549 0001:00017ff6   551 0001:00017ffa   553 0001:00017ffc
   555 0001:0001801f   557 0001:00018023   558 0001:00018025   560 0001:00018038
   563 0001:0001803c   565 0001:00018044   566 0001:0001805a   571 0001:0001805e
   572 0001:00018060

Line numbers for C:\Program Files\Microsoft Visual Studio .NET 2003\Vc7\atlmfc\lib\atlsd.lib(f:\vs70builds\6030\vc\mfcatl\ship\atlmfc\include\atlbase.h) segment .text

   191 0001:00019230   192 0001:00019233   193 0001:0001923c   194 0001:00019240
   195 0001:0001924d   197 0001:00019260   198 0001:00019266   199 0001:0001926d
   200 0001:00019276   201 0001:0001927a   202 0001:00019293   203 0001:00019299
   204 0001:000192bb   205 0001:000192c1   206 0001:000192cd   207 0001:000192d0
   745 0001:000192e0   754 0001:000192e4   756 0001:00019320   288 0001:00019330
   289 0001:00019348   293 0001:00019350   294 0001:0001935b   296 0001:00019361
   299 0001:0001936a   303 0001:00019380   304 0001:00019387   306 0001:00019392
   308 0001:0001939a   328 0001:000193a0   329 0001:000193a7   330 0001:000193d3
   331 0001:000193dd   332 0001:000193e4   312 0001:00019410   315 0001:00019419
   316 0001:00019445   317 0001:00019452   319 0001:00019458   321 0001:0001945d
   323 0001:00019464   324 0001:00019466  2620 0001:0001c610

Line numbers for C:\Program Files\Microsoft Visual Studio .NET 2003\Vc7\atlmfc\lib\atlsd.lib(f:\vs70builds\6030\vc\mfcatl\ship\atlmfc\include\atlcore.h) segment .text

   129 0001:00019190   130 0001:000191b9   131 0001:000191c0   133 0001:000191c7
   136 0001:000191da   138 0001:000191ed   139 0001:000191f6   140 0001:000191fd
   141 0001:000191ff   143 0001:0001920d   144 0001:00019210   124 0001:000193f0
   125 0001:000193f7   126 0001:00019401   127 0001:00019403   119 0001:00019470
   120 0001:00019477   121 0001:00019481   122 0001:00019483

Line numbers for C:\Program Files\Microsoft Visual Studio .NET 2003\Vc7\atlmfc\lib\atlsd.lib(f:\vs70builds\6030\vc\mfcatl\ship\atlmfc\include\atlcomcli.h) segment .text

   248 0001:00018fb0   250 0001:00018fbf   126 0001:00018fd0   127 0001:00018fd7
   128 0001:00018fdf   129 0001:00018fef   142 0001:00019000   143 0001:00019007
   144 0001:00019030   145 0001:00019033   147 0001:00019040   148 0001:00019047
   149 0001:00019070   150 0001:00019075   248 0001:00019080   250 0001:0001908f
   126 0001:000190a0   127 0001:000190a7   128 0001:000190af   129 0001:000190bf
   142 0001:000190d0   143 0001:000190d7   144 0001:00019100   145 0001:00019103
   147 0001:00019110   148 0001:00019117   149 0001:00019140   150 0001:00019145
   107 0001:00019150   109 0001:00019157   110 0001:00019160   107 0001:00019170
   109 0001:00019177   110 0001:00019180

Line numbers for C:\Program Files\Microsoft Visual Studio .NET 2003\Vc7\atlmfc\lib\atlsd.lib(f:\vs70builds\6030\devtools\common\win32sdk\include\guiddef.h) segment .text

   151 0001:00018f50   156 0001:00018f54   157 0001:00018f9d

Line numbers for C:\Program Files\Microsoft Visual Studio .NET 2003\Vc7\atlmfc\lib\atlsd.lib(f:\vs70builds\6030\vc\mfcatl\ship\atlmfc\src\atl\atls\atlfuncs.cpp) segment .text

    31 0001:00018f00    28 0001:00018f00    32 0001:00018f04    33 0001:00018f07
    34 0001:00018f0b    35 0001:00018f0e

Line numbers for C:\Program Files\Microsoft Visual Studio .NET 2003\Vc7\atlmfc\lib\atlsd.lib(f:\vs70builds\6030\vc\mfcatl\ship\atlmfc\include\atlbase.inl) segment .text

    27 0001:000181f0    28 0001:000181f6    29 0001:000181fc    31 0001:00018206
    32 0001:0001820e    33 0001:00018216    34 0001:00018232    35 0001:00018238
    36 0001:0001825f    37 0001:00018265    38 0001:00018287    39 0001:000182a0
    42 0001:000182b0    43 0001:000182b6    44 0001:000182bc    46 0001:000182c6
    47 0001:000182ce    48 0001:000182d6    49 0001:000182f2    50 0001:000182f8
    51 0001:0001831f    52 0001:00018325    53 0001:00018343    54 0001:0001835c
    62 0001:00018370    63 0001:00018376    66 0001:0001837c    67 0001:0001838a
    68 0001:000183a2    69 0001:000183ac    71 0001:000183b8    72 0001:000183ba
    75 0001:000183c0    76 0001:000183c4    77 0001:000183e8    78 0001:000183ee
    80 0001:000183f5    81 0001:00018406    84 0001:0001840c    85 0001:00018429
    87 0001:0001842f    88 0001:0001843f    91 0001:00018448    92 0001:0001844b
    95 0001:00018460    96 0001:00018466    97 0001:0001848a    98 0001:00018490
   100 0001:00018497   101 0001:000184a0   102 0001:000184a7   105 0001:000184ad
   106 0001:000184bb   107 0001:000184d3   109 0001:000184e8   110 0001:000184eb
   116 0001:00018500   117 0001:00018506   118 0001:0001852a   119 0001:00018530
   120 0001:0001853a   121 0001:00018542   123 0001:0001854c   124 0001:00018552
   125 0001:0001855c   127 0001:00018565   129 0001:0001856c   131 0001:0001858f
   133 0001:0001859b   134 0001:000185a3   136 0001:000185ca   138 0001:000185d7
   139 0001:000185e8   140 0001:000185f3   142 0001:000185f9   143 0001:00018626
   144 0001:0001864b   146 0001:00018655   147 0001:0001865e   148 0001:0001867a
   149 0001:00018682   150 0001:0001868b   151 0001:000186a7   154 0001:000186a9
   156 0001:000186ae   157 0001:000186bc   158 0001:000186c3   159 0001:000186c6
   162 0001:000186d0   163 0001:000186d6   164 0001:000186fd   165 0001:00018703
   167 0001:0001870a   168 0001:00018711   170 0001:00018736   171 0001:0001873e
   172 0001:00018754   173 0001:00018756   174 0001:00018759   177 0001:00018760
   178 0001:00018766   179 0001:0001878d   180 0001:00018793   182 0001:0001879a
   183 0001:000187a1   185 0001:000187c6   186 0001:000187ce   187 0001:000187dc
   188 0001:000187de   189 0001:000187e1   192 0001:000187f0   196 0001:000187f6
   198 0001:00018803   200 0001:0001881b   201 0001:00018821   203 0001:0001882b
   204 0001:00018831   207 0001:00018836   210 0001:00018850   213 0001:0001885d
   214 0001:00018863   215 0001:00018876   216 0001:00018878   218 0001:0001888b
   220 0001:00018891   222 0001:0001889b   223 0001:000188a1   224 0001:000188ab
   225 0001:000188ad   228 0001:000188b7   229 0001:000188c7   230 0001:000188ce
   231 0001:000188d3   232 0001:000188d8   233 0001:000188da   240 0001:000188e0
   241 0001:000188e6   242 0001:0001890d   244 0001:00018934   245 0001:00018940
   248 0001:0001894a   249 0001:00018974   250 0001:0001897a   251 0001:00018984
   252 0001:0001898d   254 0001:0001899a   255 0001:000189a6   256 0001:000189b2
   257 0001:000189ba   259 0001:000189c1   261 0001:000189ce   262 0001:000189dc
   264 0001:000189fc   266 0001:00018a05   267 0001:00018a2c   268 0001:00018a38
   269 0001:00018a44   270 0001:00018a4c   275 0001:00018a50   276 0001:00018a6c
   277 0001:00018a7e   280 0001:00018a83   281 0001:00018a8c   282 0001:00018a91
   283 0001:00018a96   286 0001:00018aa0   287 0001:00018aa3   288 0001:00018aa8
   294 0001:00018ab0   295 0001:00018ab6   296 0001:00018abc   298 0001:00018ac8
   299 0001:00018af5   300 0001:00018b01   302 0001:00018b0d   303 0001:00018b15
   304 0001:00018b21   305 0001:00018b32   307 0001:00018b3e   308 0001:00018b6b
   309 0001:00018b90   311 0001:00018b9a   312 0001:00018ba6   313 0001:00018baf
   316 0001:00018bc0   317 0001:00018bc6   318 0001:00018bcc   320 0001:00018bd3
   321 0001:00018bda   322 0001:00018beb   324 0001:00018bf7   325 0001:00018c24
   326 0001:00018c49   328 0001:00018c5c   329 0001:00018c65   331 0001:00018c6b
   332 0001:00018c74   333 0001:00018c7b   335 0001:00018c81   337 0001:00018c8c
   338 0001:00018c92   339 0001:00018c9e   340 0001:00018ca0   341 0001:00018cac
   342 0001:00018cb4   344 0001:00018cb6   345 0001:00018cbc   346 0001:00018cc5
   348 0001:00018cc7   349 0001:00018cd8   352 0001:00018ce0   353 0001:00018ce6
   354 0001:00018cec   357 0001:00018cf6   358 0001:00018cfe   360 0001:00018d05
   362 0001:00018d0f   363 0001:00018d1d   365 0001:00018d23   366 0001:00018d50
   368 0001:00018d75   369 0001:00018d78   375 0001:00018d80   376 0001:00018d86
   377 0001:00018d8c   379 0001:00018d96   380 0001:00018d9d   381 0001:00018da4
   382 0001:00018db7   383 0001:00018dbd   384 0001:00018dc4   386 0001:00018dc9
   387 0001:00018dd1   388 0001:00018dda   389 0001:00018deb   390 0001:00018df6
   392 0001:00018dfc   393 0001:00018e08   395 0001:00018e11   397 0001:00018e13
   398 0001:00018e25   399 0001:00018e52   401 0001:00018e77   402 0001:00018e7f
   403 0001:00018e82   406 0001:00018e90   407 0001:00018e96   408 0001:00018e9c
   410 0001:00018ea8   411 0001:00018eb1   412 0001:00018eb8   414 0001:00018ebe
   415 0001:00018eca   416 0001:00018ed3   417 0001:00018ee5   418 0001:00018eeb
   419 0001:00018eed   420 0001:00018ef7

Line numbers for C:\Program Files\Microsoft Visual Studio .NET 2003\Vc7\atlmfc\lib\atlsd.lib(f:\vs70builds\6030\vc\mfcatl\ship\atlmfc\include\atlbase.h) segment .text

  2620 0001:0001c5d0

Line numbers for C:\Program Files\Microsoft Visual Studio .NET 2003\Vc7\atlmfc\lib\atlsd.lib(f:\vs70builds\6030\vc\mfcatl\ship\atlmfc\include\atltrace.h) segment .text

   196 0001:00016e30   197 0001:00016e40   198 0001:00016e53   199 0001:00016e69
    82 0001:00016e80    84 0001:00016e87    85 0001:00016ea0   131 0001:00016eb0

Line numbers for C:\Program Files\Microsoft Visual Studio .NET 2003\Vc7\atlmfc\lib\atlsd.lib(f:\vs70builds\6030\vc\mfcatl\ship\atlmfc\src\atl\atls\atltrace.cpp) segment .text

    22 0001:0001c270    23 0001:0001c290    24 0001:0001c2b0    25 0001:0001c2d0
    26 0001:0001c2f0    27 0001:0001c310    28 0001:0001c330    29 0001:0001c350
    30 0001:0001c370    31 0001:0001c390    32 0001:0001c3b0    33 0001:0001c3d0
    34 0001:0001c3f0    35 0001:0001c410    36 0001:0001c430    37 0001:0001c450
    38 0001:0001c470    39 0001:0001c490    40 0001:0001c4b0    41 0001:0001c4d0
    42 0001:0001c4f0    43 0001:0001c510    44 0001:0001c530    47 0001:0001c550
    48 0001:0001c570    49 0001:0001c590    50 0001:0001c5b0

Line numbers for C:\Program Files\Microsoft Visual Studio .NET 2003\Vc7\atlmfc\lib\atlsd.lib(f:\vs70builds\6030\vc\mfcatl\ship\atlmfc\include\atlbase.h) segment .text

  2620 0001:0001c1d0

Line numbers for C:\Program Files\Microsoft Visual Studio .NET 2003\Vc7\atlmfc\lib\atlsd.lib(f:\vs70builds\6030\vc\mfcatl\ship\atlmfc\include\atltypes.inl) segment .text

    22 0001:00015700    24 0001:00015710    26 0001:00015740    28 0001:00015760
    30 0001:00015780    31 0001:00015787    32 0001:00015797    33 0001:000157a6
    35 0001:000157b0    37 0001:000157f0    39 0001:00015830    41 0001:00015860
    43 0001:00015890    45 0001:000158b0    47 0001:000158e0    49 0001:00015910
    51 0001:00015940    53 0001:00015970    55 0001:000159a0    57 0001:000159e0
    61 0001:00015a20    63 0001:00015a30    65 0001:00015a60    67 0001:00015a80
    69 0001:00015aa0    70 0001:00015aa7    71 0001:00015ab7    72 0001:00015ac6
    74 0001:00015ad0    76 0001:00015b00    78 0001:00015b30    80 0001:00015b60
    82 0001:00015b80    84 0001:00015bc0    86 0001:00015c00    88 0001:00015c30
    90 0001:00015c60    92 0001:00015c90    94 0001:00015cc0    96 0001:00015cf0
    98 0001:00015d20   100 0001:00015d50   102 0001:00015d80   104 0001:00015db0
   106 0001:00015df0   110 0001:00015e30   112 0001:00015e40   114 0001:00015e80
   116 0001:00015ea0   118 0001:00015ec0   120 0001:00015f00   121 0001:00015f18
   123 0001:00015f40   125 0001:00015f60   127 0001:00015f80   129 0001:00015fc0
   131 0001:00015fd0   133 0001:00015ff0   135 0001:00016000   137 0001:00016020
   139 0001:00016060   141 0001:00016080   143 0001:000160b0   145 0001:000160c0
   147 0001:000160d0   149 0001:000160f0   151 0001:00016140   153 0001:00016160
   155 0001:00016190   157 0001:000161c0   159 0001:000161e0   161 0001:00016200
   163 0001:00016220   165 0001:00016240   167 0001:00016260   169 0001:00016290
   171 0001:000162c0   173 0001:000162e0   175 0001:00016300   177 0001:00016320
   179 0001:00016350   181 0001:00016380   183 0001:000163b0   185 0001:000163e0
   187 0001:00016400   189 0001:00016420   191 0001:00016440   193 0001:00016460
   195 0001:00016480   197 0001:000164a0   199 0001:000164c0   201 0001:000164e0
   203 0001:00016510   205 0001:00016540   207 0001:00016560   209 0001:00016580
   211 0001:000165a0   213 0001:00016600   215 0001:00016660   217 0001:000166c0
   219 0001:00016720   221 0001:00016770   223 0001:000167c0   224 0001:000167e3
   226 0001:00016810   227 0001:00016833   229 0001:00016860   232 0001:00016880
   234 0001:00016889   236 0001:00016896   237 0001:0001689e   238 0001:000168a9
   240 0001:000168b2   242 0001:000168c0   243 0001:000168c9   244 0001:000168d5
   246 0001:000168de   249 0001:000168f0   250 0001:000168f7   251 0001:00016918
   252 0001:0001693c   255 0001:00016950   256 0001:00016957   257 0001:00016973
   258 0001:00016991   261 0001:000169a0   262 0001:000169a7   263 0001:000169c8
   264 0001:000169ec   267 0001:00016a00   268 0001:00016a07   269 0001:00016a23
   270 0001:00016a41   273 0001:00016a50   278 0001:00016a57   279 0001:00016ab9

Line numbers for C:\Program Files\Microsoft Visual Studio .NET 2003\Vc7\atlmfc\lib\atlsd.lib(f:\vs70builds\6030\vc\mfcatl\ship\atlmfc\include\atlbase.h) segment .text

  2620 0001:0001c690

Line numbers for C:\Program Files\Microsoft Visual Studio .NET 2003\Vc7\atlmfc\lib\atlsd.lib(f:\vs70builds\6030\vc\mfcatl\ship\atlmfc\src\atl\atls\atltracemodulemanager.h) segment .text

    44 0001:0001b4c0    45 0001:0001b4ee

Line numbers for C:\Program Files\Microsoft Visual Studio .NET 2003\Vc7\atlmfc\lib\atlsd.lib(f:\vs70builds\6030\vc\mfcatl\ship\atlmfc\src\atl\atls\atltracemodulemanager.cpp) segment .text

    21 0001:0001b0a0    22 0001:0001b0c7    23 0001:0001b0d0    24 0001:0001b0dc
    27 0001:0001b0f0    28 0001:0001b10a    30 0001:0001b124    32 0001:0001b135
    34 0001:0001b15e    36 0001:0001b17c    37 0001:0001b183    40 0001:0001b210
    41 0001:0001b212    43 0001:0001b228    45 0001:0001b22e    46 0001:0001b24c
    47 0001:0001b26e    48 0001:0001b28e    49 0001:0001b29f    51 0001:0001b2bd
    52 0001:0001b2cc    53 0001:0001b2d9    54 0001:0001b2e5    59 0001:0001b300
    60 0001:0001b319    61 0001:0001b328    64 0001:0001b330    65 0001:0001b337
    66 0001:0001b34c    67 0001:0001b355    72 0001:0001b360    73 0001:0001b38a
    76 0001:0001b3a0    78 0001:0001b3a9    82 0001:0001b3ca    91 0001:0001b3d0
    92 0001:0001b47d    94 0001:0001b489    95 0001:0001b493    98 0001:0001b4a0
    99 0001:0001b4a7   100 0001:0001b4b6

Line numbers for C:\Program Files\Microsoft Visual Studio .NET 2003\Vc7\atlmfc\lib\atlsd.lib(f:\vs70builds\6030\vc\mfcatl\ship\atlmfc\include\atlbase.h) segment .text

  2620 0001:0001c250

Line numbers for C:\Program Files\Microsoft Visual Studio .NET 2003\Vc7\atlmfc\lib\atlsd.lib(f:\vs70builds\6030\vc\mfcatl\ship\atlmfc\include\atltrace.h) segment .text

    70 0001:00016c90    71 0001:00016caa    73 0001:00016cbf    76 0001:00016e10
    77 0001:00016e17    78 0001:00016e23

Line numbers for C:\Program Files\Microsoft Visual Studio .NET 2003\Vc7\atlmfc\lib\atlsd.lib(f:\vs70builds\6030\vc\mfcatl\ship\atlmfc\include\atlexcept.h) segment .text

    40 0001:00016c70    41 0001:00016c7f

Line numbers for C:\Program Files\Microsoft Visual Studio .NET 2003\Vc7\atlmfc\lib\atlsd.lib(f:\vs70builds\6030\vc\mfcatl\ship\atlmfc\include\atlsimpcoll.h) segment .text

    97 0001:00016b40    97 0001:00016b70   100 0001:00016d10   101 0001:00016d17
   102 0001:00016d1f   100 0001:00016d30   101 0001:00016d37   102 0001:00016d3f
   173 0001:00016d50   174 0001:00016d59   176 0001:00016d61   177 0001:00016d7e
   178 0001:00016d80   179 0001:00016d8e   181 0001:00016d97   182 0001:00016da1
   183 0001:00016dab   173 0001:00016db0   174 0001:00016db9   176 0001:00016dc1
   177 0001:00016dde   178 0001:00016de0   179 0001:00016dee   181 0001:00016df7
   182 0001:00016e01   183 0001:00016e0b

Line numbers for C:\Program Files\Microsoft Visual Studio .NET 2003\Vc7\atlmfc\lib\atlsd.lib(f:\vs70builds\6030\vc\mfcatl\ship\atlmfc\src\atl\atls\allocate.h) segment .text

    42 0001:00016ac0    43 0001:00016afb    46 0001:00016cd0    47 0001:00016cd7
    48 0001:00016ce1

Line numbers for C:\Program Files\Microsoft Visual Studio .NET 2003\Vc7\atlmfc\lib\atlsd.lib(f:\vs70builds\6030\vc\mfcatl\ship\atlmfc\src\atl\atls\externs.cpp) segment .text

    26 0001:00016ba0    30 0001:00016bb3    32 0001:00016bde    34 0001:00016bed
    37 0001:00016c16    39 0001:00016c33    42 0001:00016c5c    43 0001:00016c5e
    23 0001:0001c1f0    45 0001:0001c210    52 0001:0001c220
